# Compact oracle evidence for the three-fighter interception hostile projectiles.
# Raw source SHA-256: fc0f90e229e193f6c07f2983d119fbd9e8ec0a32c99a24007ff0140cb4b46373
# Source path addresses and opaque actor storage were reduced to gameplay operations.
elapsed=28496 source=076E action=set-cruise-speed pose=-9342,-3487,10090,33,157,0,30 target=-4906,1456,4933,229,36,230,23
elapsed=28496 source=076E action=contract pose=-9342,-3487,10090,33,157,0,63 target=-4906,1456,4933,229,36,230,23
elapsed=28496 source=076E action=contract pose=-9275,-3413,10011,33,157,0,63 target=-4906,1456,4933,229,36,230,23
elapsed=28496 source=076E action=contract pose=-9208,-3339,9932,33,157,0,63 target=-4906,1456,4933,229,36,230,23
elapsed=28496 source=076E action=face-immediate pose=-9141,-3264,9853,33,157,0,63 target=-4906,1456,4933,229,36,230,23
elapsed=28496 source=076E action=advance-homing pose=-9141,-3264,9853,33,157,0,63 target=-4906,1456,4933,229,36,230,23
elapsed=28501 source=076E action=contract pose=-9033,-3088,9729,33,157,0,63 target=-4929,1436,4955,229,34,229,23
elapsed=28501 source=076E action=contract pose=-8966,-3014,9650,33,157,0,63 target=-4929,1436,4955,229,34,229,23
elapsed=28501 source=076E action=contract pose=-8899,-2940,9571,33,157,0,63 target=-4929,1436,4955,229,34,229,23
elapsed=28501 source=076E action=face-immediate pose=-8832,-2866,9492,33,157,0,63 target=-4929,1436,4955,229,34,229,23
elapsed=28501 source=076E action=advance-homing pose=-8832,-2866,9492,33,157,0,63 target=-4929,1436,4955,229,34,229,23
elapsed=28506 source=076E action=contract pose=-8724,-2690,9368,33,157,0,63 target=-4950,1417,4976,229,32,228,22
elapsed=28506 source=076E action=contract pose=-8657,-2617,9289,33,157,0,63 target=-4950,1417,4976,229,32,228,22
elapsed=28506 source=076E action=contract pose=-8590,-2544,9210,33,157,0,63 target=-4950,1417,4976,229,32,228,22
elapsed=28506 source=076E action=face-immediate pose=-8523,-2471,9131,33,157,0,63 target=-4950,1417,4976,229,32,228,22
elapsed=28506 source=076E action=advance-homing pose=-8523,-2471,9131,33,157,0,63 target=-4950,1417,4976,229,32,228,22
elapsed=28511 source=076E action=contract pose=-8415,-2295,9007,33,157,0,63 target=-4971,1406,5000,229,30,228,22
elapsed=28511 source=076E action=contract pose=-8348,-2223,8927,33,157,0,63 target=-4971,1406,5000,229,30,228,22
elapsed=28511 source=076E action=contract pose=-8280,-2150,8847,33,157,0,63 target=-4971,1406,5000,229,30,228,22
elapsed=28511 source=076E action=face-immediate pose=-8213,-2078,8767,33,157,0,63 target=-4971,1406,5000,229,30,228,22
elapsed=28511 source=076E action=advance-homing pose=-8213,-2078,8767,33,157,0,63 target=-4971,1406,5000,229,30,228,22
elapsed=28516 source=076E action=contract pose=-8105,-1902,8643,33,157,0,63 target=-4990,1401,5024,229,28,227,21
elapsed=28516 source=076E action=contract pose=-8037,-1830,8563,33,157,0,63 target=-4990,1401,5024,229,28,227,21
elapsed=28516 source=076E action=contract pose=-7969,-1758,8483,33,157,0,63 target=-4990,1401,5024,229,28,227,21
elapsed=28517 source=076E action=face-immediate pose=-7901,-1686,8403,33,157,0,63 target=-4990,1401,5024,229,28,227,21
elapsed=28517 source=076E action=advance-homing pose=-7901,-1686,8403,32,157,0,63 target=-4990,1401,5024,229,28,227,21
elapsed=28521 source=076E action=contract pose=-7793,-1514,8275,32,157,0,63 target=-5007,1401,5048,231,26,227,21
elapsed=28521 source=076E action=contract pose=-7725,-1443,8195,32,157,0,63 target=-5007,1401,5048,231,26,227,21
elapsed=28522 source=076E action=contract pose=-7657,-1372,8115,32,157,0,63 target=-5007,1401,5048,231,26,227,21
elapsed=28522 source=076E action=face-immediate pose=-7589,-1301,8035,32,157,0,63 target=-5007,1401,5048,231,26,227,21
elapsed=28522 source=076E action=advance-homing pose=-7589,-1301,8035,32,157,0,63 target=-5007,1401,5048,231,26,227,21
elapsed=28527 source=076E action=contract pose=-7481,-1129,7907,32,157,0,63 target=-5021,1403,5071,232,24,226,20
elapsed=28527 source=076E action=contract pose=-7412,-1058,7827,32,157,0,63 target=-5021,1403,5071,232,24,226,20
elapsed=28527 source=076E action=contract pose=-7343,-987,7747,32,157,0,63 target=-5021,1403,5071,232,24,226,20
elapsed=28527 source=076E action=face-immediate pose=-7274,-916,7667,32,157,0,63 target=-5021,1403,5071,232,24,226,20
elapsed=28527 source=076E action=advance-homing pose=-7274,-916,7667,32,158,0,63 target=-5021,1403,5071,232,24,226,20
elapsed=28532 source=076E action=contract pose=-7162,-744,7543,32,158,0,63 target=-5034,1408,5094,233,22,226,20
elapsed=28532 source=076E action=contract pose=-7093,-674,7462,32,158,0,63 target=-5034,1408,5094,233,22,226,20
elapsed=28532 source=076E action=contract pose=-7024,-604,7381,32,158,0,63 target=-5034,1408,5094,233,22,226,20
elapsed=28533 source=076E action=face-immediate pose=-6955,-534,7301,32,158,0,63 target=-5034,1408,5094,233,22,226,20
elapsed=28533 source=076E action=advance-homing pose=-6955,-534,7301,31,158,0,63 target=-5034,1408,5094,233,22,226,20
elapsed=28538 source=076E action=contract pose=-6839,-366,7173,31,158,0,63 target=-5044,1415,5116,236,20,226,19
elapsed=28538 source=076E action=contract pose=-6770,-297,7092,31,158,0,63 target=-5044,1415,5116,236,20,226,19
elapsed=28538 source=076E action=contract pose=-6701,-228,7011,31,158,0,63 target=-5044,1415,5116,236,20,226,19
elapsed=28538 source=076E action=face-immediate pose=-6631,-159,6930,31,158,0,63 target=-5044,1415,5116,236,20,226,19
elapsed=28538 source=076E action=advance-homing pose=-6631,-159,6930,31,158,0,63 target=-5044,1415,5116,236,20,226,19
elapsed=28544 source=076E action=contract pose=-6515,9,6802,31,158,0,63 target=-5053,1424,5137,238,18,227,19
elapsed=28544 source=076E action=contract pose=-6445,77,6721,31,158,0,63 target=-5053,1424,5137,238,18,227,19
elapsed=28544 source=076E action=contract pose=-6375,145,6640,31,158,0,63 target=-5053,1424,5137,238,18,227,19
elapsed=28544 source=076E action=face-immediate pose=-6305,213,6559,31,158,0,63 target=-5053,1424,5137,238,18,227,19
elapsed=28544 source=076E action=advance-homing pose=-6305,213,6559,31,158,0,63 target=-5053,1424,5137,238,18,227,19
elapsed=28550 source=076E action=contract pose=-6189,381,6431,31,158,0,63 target=-5060,1434,5157,241,16,228,18
elapsed=28550 source=076E action=contract pose=-6118,447,6350,31,158,0,63 target=-5060,1434,5157,241,16,228,18
elapsed=28550 source=076E action=contract pose=-6047,513,6269,31,158,0,63 target=-5060,1434,5157,241,16,228,18
elapsed=28550 source=076E action=face-immediate pose=-5976,579,6188,31,158,0,63 target=-5060,1434,5157,241,16,228,18
elapsed=28550 source=076E action=advance-homing pose=-5976,579,6188,30,158,0,63 target=-5060,1434,5157,241,16,228,18
elapsed=28556 source=076E action=contract pose=-5856,743,6056,30,158,0,63 target=-5065,1443,5176,243,14,228,18
elapsed=28556 source=076E action=contract pose=-5783,807,5974,30,158,0,63 target=-5065,1443,5176,243,14,228,18
elapsed=28556 source=076E action=contract pose=-5710,871,5892,30,158,0,63 target=-5065,1443,5176,243,14,228,18
elapsed=28556 source=076E action=face-immediate pose=-5637,935,5810,30,158,0,63 target=-5065,1443,5176,243,14,228,18
elapsed=28556 source=076E action=advance-homing pose=-5637,935,5810,29,158,0,63 target=-5065,1443,5176,243,14,228,18
elapsed=28562 source=076E action=face-immediate pose=-5517,1095,5674,29,158,0,63 target=-5068,1452,5194,243,12,229,17
elapsed=28562 source=076E action=set-cruise-speed pose=-5517,1095,5674,27,159,0,63 target=-5068,1452,5194,243,12,229,17
elapsed=28563 source=076E action=advance-aim pose=-5517,1095,5674,27,159,0,63 target=-5068,1452,5194,243,12,229,17
elapsed=28570 source=076E action=advance-aim pose=-5389,1247,5538,27,159,0,63 target=-5070,1461,5211,243,10,229,17
elapsed=28570 source=076E action=face-smooth pose=-5261,1399,5402,27,159,0,63 target=-5070,1461,5211,243,10,229,17
elapsed=28577 source=076E action=advance-aim pose=-5261,1399,5402,24,160,0,63 target=-5072,1468,5226,243,8,230,16
elapsed=28584 source=076E action=advance-aim pose=-5121,1535,5262,24,160,0,63 target=-5073,1476,5239,243,6,230,16
elapsed=28591 source=076E action=advance-cruise pose=-4981,1671,5122,24,160,0,63 target=-5073,1484,5250,244,4,230,15
elapsed=28597 source=076E action=advance-cruise pose=-4841,1807,4982,24,160,0,63 target=-5073,1492,5261,246,2,230,15
elapsed=28602 source=076E action=advance-cruise pose=-4701,1943,4842,24,160,0,63 target=-5073,1500,5271,247,0,229,14
elapsed=28608 source=076E action=advance-cruise pose=-4561,2079,4702,24,160,0,63 target=-5073,1508,5280,249,4,236,14
elapsed=28613 source=076E action=advance-cruise pose=-4421,2215,4562,24,160,0,63 target=-5074,1516,5288,252,9,241,13
elapsed=28618 source=076E action=advance-cruise pose=-4281,2351,4422,24,160,0,63 target=-5076,1524,5296,254,13,246,13
elapsed=28623 source=076E action=advance-cruise pose=-4141,2487,4282,24,160,0,63 target=-5080,1529,5304,254,18,250,12
elapsed=28627 source=076E action=advance-cruise pose=-4001,2623,4142,24,160,0,63 target=-5085,1532,5313,0,22,253,12
elapsed=28631 source=076E action=advance-cruise pose=-3861,2759,4002,24,160,0,63 target=-5090,1533,5320,1,27,0,11
elapsed=28635 source=076E action=advance-cruise pose=-3721,2895,3862,24,160,0,63 target=-5096,1533,5326,1,31,2,11
elapsed=28639 source=076E action=advance-cruise pose=-3581,3031,3722,24,160,0,63 target=-5102,1533,5331,0,36,5,10
elapsed=28643 source=076E action=advance-cruise pose=-3441,3167,3582,24,160,0,63 target=-5109,1531,5335,254,40,6,10
elapsed=28647 source=076E action=advance-cruise pose=-3301,3303,3442,24,160,0,63 target=-5115,1529,5338,253,45,8,9
elapsed=28651 source=076E action=advance-cruise pose=-3161,3439,3302,24,160,0,63 target=-5122,1526,5340,251,49,9,9
elapsed=28655 source=076E action=advance-cruise pose=-3021,3575,3162,24,160,0,63 target=-5128,1523,5340,248,54,11,8
elapsed=28878 source=06F0 action=set-cruise-speed pose=-1259,2669,-388,247,51,0,30 target=-10373,1310,2729,5,77,254,30
elapsed=28878 source=06F0 action=contract pose=-1259,2669,-388,247,51,0,63 target=-10373,1310,2729,5,77,254,30
elapsed=28878 source=06F0 action=contract pose=-1379,2650,-348,247,51,0,63 target=-10373,1310,2729,5,77,254,30
elapsed=28878 source=06F0 action=contract pose=-1499,2632,-308,247,51,0,63 target=-10373,1310,2729,5,77,254,30
elapsed=28878 source=06F0 action=face-immediate pose=-1619,2614,-268,247,51,0,63 target=-10373,1310,2729,5,77,254,30
elapsed=28878 source=06F0 action=advance-homing pose=-1619,2614,-268,247,51,0,63 target=-10373,1310,2729,5,77,254,30
elapsed=28882 source=06F0 action=contract pose=-1843,2562,-196,247,51,0,63 target=-10478,1378,2696,5,77,253,30
elapsed=28882 source=06F0 action=contract pose=-1964,2545,-156,247,51,0,63 target=-10478,1378,2696,5,77,253,30
elapsed=28882 source=06F0 action=contract pose=-2084,2528,-117,247,51,0,63 target=-10478,1378,2696,5,77,253,30
elapsed=28882 source=06F0 action=face-immediate pose=-2204,2511,-78,247,51,0,63 target=-10478,1378,2696,5,77,253,30
elapsed=28882 source=06F0 action=advance-homing pose=-2204,2511,-78,248,51,0,63 target=-10478,1378,2696,5,77,253,30
elapsed=28886 source=06F0 action=contract pose=-2432,2467,-6,248,51,0,63 target=-10583,1446,2663,5,77,253,30
elapsed=28886 source=06F0 action=contract pose=-2553,2451,33,248,51,0,63 target=-10583,1446,2663,5,77,253,30
elapsed=28886 source=06F0 action=contract pose=-2674,2435,72,248,51,0,63 target=-10583,1446,2663,5,77,253,30
elapsed=28886 source=06F0 action=face-immediate pose=-2795,2419,111,248,51,0,63 target=-10583,1446,2663,5,77,253,30
elapsed=28886 source=06F0 action=advance-homing pose=-2795,2419,111,248,52,0,63 target=-10583,1446,2663,5,77,253,30
elapsed=28890 source=06F0 action=contract pose=-3023,2375,175,248,52,0,63 target=-10688,1514,2630,5,77,252,30
elapsed=28890 source=06F0 action=contract pose=-3145,2361,213,248,52,0,63 target=-10688,1514,2630,5,77,252,30
elapsed=28890 source=06F0 action=contract pose=-3266,2347,251,248,52,0,63 target=-10688,1514,2630,5,77,252,30
elapsed=28890 source=06F0 action=face-immediate pose=-3387,2333,289,248,52,0,63 target=-10688,1514,2630,5,77,252,30
elapsed=28890 source=06F0 action=advance-homing pose=-3387,2333,289,249,52,0,63 target=-10688,1514,2630,5,77,252,30
elapsed=28894 source=06F0 action=contract pose=-3615,2293,353,249,52,0,63 target=-10793,1582,2597,5,77,252,30
elapsed=28894 source=06F0 action=contract pose=-3737,2281,390,249,52,0,63 target=-10793,1582,2597,5,77,252,30
elapsed=28894 source=06F0 action=contract pose=-3859,2268,427,249,52,0,63 target=-10793,1582,2597,5,77,252,30
elapsed=28894 source=06F0 action=face-immediate pose=-3981,2255,464,249,52,0,63 target=-10793,1582,2597,5,77,252,30
elapsed=28894 source=06F0 action=advance-homing pose=-3981,2255,464,250,52,0,63 target=-10793,1582,2597,5,77,252,30
elapsed=28898 source=06F0 action=contract pose=-4209,2223,528,250,52,0,63 target=-10898,1650,2564,5,77,252,30
elapsed=28898 source=06F0 action=contract pose=-4331,2212,564,250,52,0,63 target=-10898,1650,2564,5,77,252,30
elapsed=28898 source=06F0 action=contract pose=-4453,2201,600,250,52,0,63 target=-10898,1650,2564,5,77,252,30
elapsed=28898 source=06F0 action=face-immediate pose=-4575,2190,636,250,52,0,63 target=-10898,1650,2564,5,77,252,30
elapsed=28898 source=06F0 action=advance-homing pose=-4575,2190,636,250,52,0,63 target=-10898,1650,2564,5,77,252,30
elapsed=28901 source=06F0 action=contract pose=-4803,2158,700,250,52,0,63 target=-11003,1718,2531,5,77,252,30
elapsed=28901 source=06F0 action=contract pose=-4925,2149,735,250,52,0,63 target=-11003,1718,2531,5,77,252,30
elapsed=28902 source=06F0 action=contract pose=-5047,2140,770,250,52,0,63 target=-11003,1718,2531,5,77,252,30
elapsed=28902 source=06F0 action=face-immediate pose=-5169,2131,805,250,52,0,63 target=-11003,1718,2531,5,77,252,30
elapsed=28902 source=06F0 action=advance-homing pose=-5169,2131,805,251,53,0,63 target=-11003,1718,2531,5,77,252,30
elapsed=28905 source=06F0 action=contract pose=-5405,2103,865,251,53,0,63 target=-11108,1786,2498,5,77,253,30
elapsed=28906 source=06F0 action=contract pose=-5528,2096,899,251,53,0,63 target=-11108,1786,2498,5,77,253,30
elapsed=28906 source=06F0 action=contract pose=-5651,2089,933,251,53,0,63 target=-11108,1786,2498,5,77,253,30
elapsed=28906 source=06F0 action=face-immediate pose=-5774,2082,967,251,53,0,63 target=-11108,1786,2498,5,77,253,30
elapsed=28906 source=06F0 action=advance-homing pose=-5774,2082,967,252,53,0,63 target=-11108,1786,2498,5,77,253,30
elapsed=28909 source=06F0 action=contract pose=-6010,2062,1027,252,53,0,63 target=-11210,1859,2466,5,77,253,30
elapsed=28909 source=06F0 action=contract pose=-6133,2057,1060,252,53,0,63 target=-11210,1859,2466,5,77,253,30
elapsed=28909 source=06F0 action=contract pose=-6256,2052,1093,252,53,0,63 target=-11210,1859,2466,5,77,253,30
elapsed=28909 source=06F0 action=face-immediate pose=-6379,2047,1126,252,53,0,63 target=-11210,1859,2466,5,77,253,30
elapsed=28910 source=06F0 action=advance-homing pose=-6379,2047,1126,253,53,0,63 target=-11210,1859,2466,5,77,253,30
elapsed=28913 source=06F0 action=contract pose=-6615,2031,1186,253,53,0,63 target=-11312,1932,2434,5,77,254,30
elapsed=28913 source=06F0 action=contract pose=-6739,2028,1218,253,53,0,63 target=-11312,1932,2434,5,77,254,30
elapsed=28913 source=06F0 action=contract pose=-6863,2025,1250,253,53,0,63 target=-11312,1932,2434,5,77,254,30
elapsed=28913 source=06F0 action=face-immediate pose=-6986,2022,1282,253,53,0,63 target=-11312,1932,2434,5,77,254,30
elapsed=28913 source=06F0 action=advance-homing pose=-6986,2022,1282,254,54,0,63 target=-11312,1932,2434,5,77,254,30
elapsed=28917 source=06F0 action=contract pose=-7222,2014,1334,254,54,0,63 target=-11426,1982,2398,5,77,254,30
elapsed=28917 source=06F0 action=contract pose=-7346,2012,1365,254,54,0,63 target=-11426,1982,2398,5,77,254,30
elapsed=28917 source=06F0 action=contract pose=-7470,2011,1396,254,54,0,63 target=-11426,1982,2398,5,77,254,30
elapsed=28917 source=06F0 action=face-immediate pose=-7594,2009,1427,254,54,0,63 target=-11426,1982,2398,5,77,254,30
elapsed=28918 source=06F0 action=advance-homing pose=-7594,2009,1427,255,55,0,63 target=-11426,1982,2398,5,77,254,30
elapsed=28921 source=06F0 action=contract pose=-7830,2005,1475,255,55,0,63 target=-11546,2010,2361,5,77,255,30
elapsed=28921 source=06F0 action=contract pose=-7954,2005,1504,255,55,0,63 target=-11546,2010,2361,5,77,255,30
elapsed=28921 source=06F0 action=contract pose=-8078,2005,1533,255,55,0,63 target=-11546,2010,2361,5,77,255,30
elapsed=28921 source=06F0 action=face-immediate pose=-8202,2005,1562,255,55,0,63 target=-11546,2010,2361,5,77,255,30
elapsed=28922 source=06F0 action=advance-homing pose=-8202,2005,1562,0,55,0,63 target=-11546,2010,2361,5,77,255,30
elapsed=28925 source=06F0 action=contract pose=-8438,2005,1610,0,55,0,63 target=-11669,2019,2323,3,77,0,30
elapsed=28925 source=06F0 action=contract pose=-8563,2005,1637,0,55,0,63 target=-11669,2019,2323,3,77,0,30
elapsed=28925 source=06F0 action=contract pose=-8688,2005,1664,0,55,0,63 target=-11669,2019,2323,3,77,0,30
elapsed=28925 source=06F0 action=face-immediate pose=-8813,2005,1691,0,55,0,63 target=-11669,2019,2323,3,77,0,30
elapsed=28925 source=06F0 action=advance-homing pose=-8813,2005,1691,0,56,0,63 target=-11669,2019,2323,3,77,0,30
elapsed=28929 source=06F0 action=contract pose=-9053,2005,1731,0,56,0,63 target=-11792,2010,2285,1,77,1,30
elapsed=28929 source=06F0 action=contract pose=-9178,2005,1756,0,56,0,63 target=-11792,2010,2285,1,77,1,30
elapsed=28929 source=06F0 action=contract pose=-9303,2005,1781,0,56,0,63 target=-11792,2010,2285,1,77,1,30
elapsed=28929 source=06F0 action=face-immediate pose=-9428,2005,1806,0,56,0,63 target=-11792,2010,2285,1,77,1,30
elapsed=28929 source=06F0 action=advance-homing pose=-9428,2005,1806,0,56,0,63 target=-11792,2010,2285,1,77,1,30
elapsed=28933 source=06F0 action=contract pose=-9668,2005,1846,0,56,0,63 target=-11916,1989,2253,254,75,255,30
elapsed=28933 source=06F0 action=contract pose=-9794,2004,1868,0,56,0,63 target=-11916,1989,2253,254,75,255,30
elapsed=28933 source=06F0 action=contract pose=-9920,2003,1890,0,56,0,63 target=-11916,1989,2253,254,75,255,30
elapsed=28933 source=06F0 action=face-immediate pose=-10046,2002,1912,0,56,0,63 target=-11916,1989,2253,254,75,255,30
elapsed=28933 source=06F0 action=advance-homing pose=-10046,2002,1912,255,57,0,63 target=-11916,1989,2253,254,75,255,30
elapsed=28937 source=06F0 action=contract pose=-10286,1998,1948,255,57,0,63 target=-12036,1952,2222,252,75,0,30
elapsed=28937 source=06F0 action=contract pose=-10412,1994,1967,255,57,0,63 target=-12036,1952,2222,252,75,0,30
elapsed=28937 source=06F0 action=contract pose=-10538,1990,1986,255,57,0,63 target=-12036,1952,2222,252,75,0,30
elapsed=28937 source=06F0 action=face-immediate pose=-10664,1986,2005,255,57,0,63 target=-12036,1952,2222,252,75,0,30
elapsed=28937 source=06F0 action=advance-homing pose=-10664,1986,2005,254,58,0,63 target=-12036,1952,2222,252,75,0,30
elapsed=28942 source=082B action=set-cruise-speed pose=-5575,-1321,1080,27,58,0,30 target=-12153,1906,2192,249,75,2,30
elapsed=28942 source=082B action=contract pose=-5575,-1321,1080,27,58,0,63 target=-12153,1906,2192,249,75,2,30
elapsed=28942 source=082B action=contract pose=-5689,-1266,1098,27,58,0,63 target=-12153,1906,2192,249,75,2,30
elapsed=28942 source=082B action=contract pose=-5803,-1211,1117,27,58,0,63 target=-12153,1906,2192,249,75,2,30
elapsed=28942 source=082B action=face-immediate pose=-5917,-1156,1136,27,58,0,63 target=-12153,1906,2192,249,75,2,30
elapsed=28942 source=082B action=advance-homing pose=-5917,-1156,1136,27,58,0,63 target=-12153,1906,2192,249,75,2,30
elapsed=28942 source=06F0 action=contract pose=-10904,1978,2033,254,58,0,63 target=-12153,1906,2192,249,75,2,30
elapsed=28942 source=06F0 action=contract pose=-11030,1970,2049,254,58,0,63 target=-12153,1906,2192,249,75,2,30
elapsed=28942 source=06F0 action=contract pose=-11156,1962,2065,254,58,0,63 target=-12153,1906,2192,249,75,2,30
elapsed=28942 source=06F0 action=face-immediate pose=-11282,1954,2081,254,58,0,63 target=-12153,1906,2192,249,75,2,30
elapsed=28942 source=06F0 action=advance-homing pose=-11282,1954,2081,252,59,0,63 target=-12153,1906,2192,249,75,2,30
elapsed=28946 source=082B action=contract pose=-6105,-1004,1160,27,58,0,63 target=-12267,1850,2172,247,72,255,30
elapsed=28946 source=082B action=contract pose=-6220,-952,1178,27,58,0,63 target=-12267,1850,2172,247,72,255,30
elapsed=28946 source=082B action=contract pose=-6335,-900,1196,27,58,0,63 target=-12267,1850,2172,247,72,255,30
elapsed=28946 source=082B action=face-immediate pose=-6450,-848,1214,27,58,0,63 target=-12267,1850,2172,247,72,255,30
elapsed=28946 source=082B action=advance-homing pose=-6450,-848,1214,26,58,0,63 target=-12267,1850,2172,247,72,255,30
elapsed=28946 source=06F0 action=face-immediate pose=-11526,1934,2105,252,59,0,63 target=-12267,1850,2172,247,72,255,30
elapsed=28946 source=06F0 action=set-cruise-speed pose=-11526,1934,2105,248,61,0,63 target=-12267,1850,2172,247,72,255,30
elapsed=28946 source=06F0 action=advance-aim pose=-11526,1934,2105,248,61,0,63 target=-12267,1850,2172,247,72,255,30
elapsed=28946 source=06F0 action=face-smooth pose=-11766,1890,2117,248,61,0,63 target=-12267,1850,2172,247,72,255,30
elapsed=28950 source=082B action=contract pose=-6642,-704,1238,26,58,0,63 target=-12377,1786,2152,244,72,1,30
elapsed=28950 source=082B action=contract pose=-6758,-654,1256,26,58,0,63 target=-12377,1786,2152,244,72,1,30
elapsed=28950 source=082B action=contract pose=-6874,-604,1274,26,58,0,63 target=-12377,1786,2152,244,72,1,30
elapsed=28950 source=082B action=face-immediate pose=-6990,-554,1292,26,58,0,63 target=-12377,1786,2152,244,72,1,30
elapsed=28951 source=082B action=advance-homing pose=-6990,-554,1292,24,58,0,63 target=-12377,1786,2152,244,72,1,30
elapsed=28951 source=06F0 action=advance-aim pose=-11766,1890,2117,249,60,0,63 target=-12377,1786,2152,244,72,1,30
elapsed=28955 source=082B action=contract pose=-7190,-418,1316,24,58,0,63 target=-12483,1713,2138,242,70,254,30
elapsed=28955 source=082B action=contract pose=-7308,-371,1334,24,58,0,63 target=-12483,1713,2138,242,70,254,30
elapsed=28955 source=082B action=contract pose=-7425,-324,1352,24,58,0,63 target=-12483,1713,2138,242,70,254,30
elapsed=28955 source=082B action=face-immediate pose=-7542,-277,1370,24,58,0,63 target=-12483,1713,2138,242,70,254,30
elapsed=28955 source=082B action=advance-homing pose=-7542,-277,1370,23,58,0,63 target=-12483,1713,2138,242,70,254,30
elapsed=28955 source=06F0 action=advance-aim pose=-12006,1850,2133,249,60,0,63 target=-12483,1713,2138,242,70,254,30
elapsed=28955 source=06F0 action=face-smooth pose=-12246,1810,2149,249,60,0,63 target=-12483,1713,2138,242,70,254,30
elapsed=28959 source=082B action=contract pose=-7742,-149,1394,23,58,0,63 target=-12587,1635,2124,239,70,255,30
elapsed=28959 source=082B action=contract pose=-7861,-106,1411,23,58,0,63 target=-12587,1635,2124,239,70,255,30
elapsed=28959 source=082B action=contract pose=-7980,-63,1428,23,58,0,63 target=-12587,1635,2124,239,70,255,30
elapsed=28959 source=082B action=face-immediate pose=-8099,-20,1445,23,58,0,63 target=-12587,1635,2124,239,70,255,30
elapsed=28959 source=082B action=advance-homing pose=-8099,-20,1445,21,58,0,63 target=-12587,1635,2124,239,70,255,30
elapsed=28959 source=06F0 action=advance-aim pose=-12246,1810,2149,245,61,0,63 target=-12587,1635,2124,239,70,255,30
elapsed=28963 source=082B action=contract pose=-8307,100,1469,21,58,0,63 target=-12688,1554,2111,237,70,0,30
elapsed=28963 source=082B action=contract pose=-8427,139,1486,21,58,0,63 target=-12688,1554,2111,237,70,0,30
elapsed=28963 source=082B action=contract pose=-8547,178,1503,21,58,0,63 target=-12688,1554,2111,237,70,0,30
elapsed=28963 source=082B action=face-immediate pose=-8667,217,1520,21,58,0,63 target=-12688,1554,2111,237,70,0,30
elapsed=28963 source=082B action=advance-homing pose=-8667,217,1520,20,59,0,63 target=-12688,1554,2111,237,70,0,30
elapsed=28963 source=06F0 action=advance-aim pose=-12482,1746,2161,245,61,0,63 target=-12688,1554,2111,237,70,0,30
elapsed=28967 source=082B action=contract pose=-8883,333,1544,20,59,0,63 target=-12786,1468,2105,234,67,252,30
elapsed=28967 source=082B action=contract pose=-9005,368,1561,20,59,0,63 target=-12786,1468,2105,234,67,252,30
elapsed=28967 source=082B action=contract pose=-9127,403,1578,20,59,0,63 target=-12786,1468,2105,234,67,252,30
elapsed=28967 source=082B action=face-immediate pose=-9249,438,1595,20,59,0,63 target=-12786,1468,2105,234,67,252,30
elapsed=28967 source=082B action=advance-homing pose=-9249,438,1595,17,59,0,63 target=-12786,1468,2105,234,67,252,30
elapsed=28967 source=06F0 action=advance-aim pose=-12718,1682,2173,245,61,0,63 target=-12786,1468,2105,234,67,252,30
elapsed=28971 source=082B action=contract pose=-9473,538,1619,17,59,0,63 target=-12879,1377,2100,232,67,253,30
elapsed=28971 source=082B action=contract pose=-9596,568,1636,17,59,0,63 target=-12879,1377,2100,232,67,253,30
elapsed=28971 source=082B action=contract pose=-9719,598,1653,17,59,0,63 target=-12879,1377,2100,232,67,253,30
elapsed=28971 source=082B action=face-immediate pose=-9842,628,1670,17,59,0,63 target=-12879,1377,2100,232,67,253,30
elapsed=28971 source=082B action=advance-homing pose=-9842,628,1670,15,59,0,63 target=-12879,1377,2100,232,67,253,30
elapsed=28972 source=06F0 action=advance-cruise pose=-12954,1618,2185,245,61,0,63 target=-12879,1377,2100,232,67,253,30
elapsed=28975 source=082B action=contract pose=-10070,716,1694,15,59,0,63 target=-12970,1284,2095,229,67,253,30
elapsed=28975 source=082B action=contract pose=-10194,740,1711,15,59,0,63 target=-12970,1284,2095,229,67,253,30
elapsed=28975 source=082B action=contract pose=-10318,764,1728,15,59,0,63 target=-12970,1284,2095,229,67,253,30
elapsed=28975 source=082B action=face-immediate pose=-10442,788,1745,15,59,0,63 target=-12970,1284,2095,229,67,253,30
elapsed=28975 source=082B action=advance-homing pose=-10442,788,1745,12,59,0,63 target=-12970,1284,2095,229,67,253,30
elapsed=28976 source=06F0 action=advance-cruise pose=-13190,1554,2197,245,61,0,63 target=-12970,1284,2095,229,67,253,30
elapsed=28979 source=082B action=contract pose=-10674,856,1769,12,59,0,63 target=-13062,1191,2095,227,64,250,30
elapsed=28979 source=082B action=contract pose=-10799,873,1785,12,59,0,63 target=-13062,1191,2095,227,64,250,30
elapsed=28979 source=082B action=contract pose=-10924,890,1802,12,59,0,63 target=-13062,1191,2095,227,64,250,30
elapsed=28980 source=082B action=face-immediate pose=-11049,907,1819,12,59,0,63 target=-13062,1191,2095,227,64,250,30
elapsed=28980 source=082B action=advance-homing pose=-11049,907,1819,9,59,0,63 target=-13062,1191,2095,227,64,250,30
elapsed=28980 source=06F0 action=advance-cruise pose=-13426,1490,2209,245,61,0,63 target=-13062,1191,2095,227,64,250,30
elapsed=28984 source=082B action=contract pose=-11285,959,1843,9,59,0,63 target=-13154,1098,2095,227,64,250,30
elapsed=28984 source=082B action=contract pose=-11411,968,1859,9,59,0,63 target=-13154,1098,2095,227,64,250,30
elapsed=28984 source=082B action=contract pose=-11537,977,1875,9,59,0,63 target=-13154,1098,2095,227,64,250,30
elapsed=28984 source=082B action=face-immediate pose=-11663,986,1892,9,59,0,63 target=-13154,1098,2095,227,64,250,30
elapsed=28984 source=082B action=advance-homing pose=-11663,986,1892,4,59,0,63 target=-13154,1098,2095,227,64,250,30
elapsed=28984 source=06F0 action=advance-cruise pose=-13662,1426,2221,245,61,0,63 target=-13154,1098,2095,227,64,250,30
elapsed=28989 source=082B action=contract pose=-11907,1006,1916,4,59,0,63 target=-13246,1005,2095,227,64,250,30
elapsed=28989 source=082B action=contract pose=-12034,1005,1932,4,59,0,63 target=-13246,1005,2095,227,64,250,30
elapsed=28989 source=082B action=contract pose=-12161,1005,1948,4,59,0,63 target=-13246,1005,2095,227,64,250,30
elapsed=28989 source=082B action=face-immediate pose=-12287,1005,1965,4,59,0,63 target=-13246,1005,2095,227,64,250,30
elapsed=28989 source=082B action=advance-homing pose=-12287,1005,1965,0,59,0,63 target=-13246,1005,2095,227,64,250,30
elapsed=28989 source=06F0 action=advance-cruise pose=-13898,1362,2233,245,61,0,63 target=-13246,1005,2095,227,64,250,30
elapsed=28993 source=082B action=face-immediate pose=-12531,1005,1989,0,59,0,63 target=-13337,912,2097,227,62,246,30
elapsed=28993 source=082B action=set-cruise-speed pose=-12531,1005,1989,248,59,0,63 target=-13337,912,2097,227,62,246,30
elapsed=28993 source=082B action=advance-aim pose=-12531,1005,1989,248,59,0,63 target=-13337,912,2097,227,62,246,30
elapsed=28994 source=06F0 action=advance-cruise pose=-14134,1298,2245,245,61,0,63 target=-13337,912,2097,227,62,246,30
elapsed=28998 source=082B action=advance-aim pose=-12771,961,2013,248,59,0,63 target=-13428,819,2099,227,62,246,30
elapsed=28998 source=082B action=face-smooth pose=-13011,917,2037,248,59,0,63 target=-13428,819,2099,227,62,246,30
elapsed=28998 source=06F0 action=advance-cruise pose=-14370,1234,2257,245,61,0,63 target=-13428,819,2099,227,62,246,30
elapsed=29003 source=082B action=advance-aim pose=-13011,917,2037,247,58,0,63 target=-13517,724,2109,227,59,244,30
elapsed=29003 source=06F0 action=advance-cruise pose=-14606,1170,2269,245,61,0,63 target=-13517,724,2109,227,59,244,30
elapsed=29008 source=082B action=advance-aim pose=-13243,865,2065,247,58,0,63 target=-13604,625,2117,227,59,244,30
elapsed=29008 source=082B action=face-smooth pose=-13475,813,2093,247,58,0,63 target=-13604,625,2117,227,59,244,30
elapsed=29008 source=06F0 action=advance-cruise pose=-14842,1106,2281,245,61,0,63 target=-13604,625,2117,227,59,244,30
elapsed=29013 source=082B action=advance-aim pose=-13475,813,2093,238,57,0,63 target=-13686,525,2132,226,56,242,30
elapsed=29013 source=06F0 action=advance-cruise pose=-15078,1042,2293,245,61,0,63 target=-13686,525,2132,226,56,242,30
elapsed=29017 source=082B action=advance-aim pose=-13691,709,2125,238,57,0,63 target=-13767,425,2153,223,53,239,30
elapsed=29017 source=06F0 action=advance-cruise pose=-15314,978,2305,245,61,0,63 target=-13767,425,2153,223,53,239,30
elapsed=29022 source=082B action=advance-cruise pose=-13907,605,2157,238,57,0,63 target=-13868,347,2179,221,53,240,30
elapsed=29022 source=06F0 action=advance-cruise pose=-15550,914,2317,245,61,0,63 target=-13868,347,2179,221,53,240,30
elapsed=29026 source=082B action=advance-cruise pose=-14123,501,2189,238,57,0,63 target=-13981,291,2209,219,53,241,30
elapsed=29026 source=06F0 action=advance-cruise pose=-15786,850,2329,245,61,0,63 target=-13981,291,2209,219,53,241,30
elapsed=29030 source=082B action=advance-cruise pose=-14339,397,2221,238,57,0,63 target=-14102,257,2240,218,53,242,30
elapsed=29030 source=06F0 action=advance-cruise pose=-16022,786,2341,245,61,0,63 target=-14102,257,2240,218,53,242,30
elapsed=29034 source=082B action=advance-cruise pose=-14555,293,2253,238,57,0,63 target=-14229,246,2262,217,56,248,30
elapsed=29034 source=06F0 action=advance-cruise pose=-16258,722,2353,245,61,0,63 target=-14229,246,2262,217,56,248,30
elapsed=29038 source=082B action=advance-cruise pose=-14771,189,2285,238,57,0,63 target=-14356,248,2284,217,56,249,30
elapsed=29042 source=082B action=advance-cruise pose=-14987,85,2317,238,57,0,63 target=-14484,266,2297,218,59,254,30
elapsed=29045 source=082B action=advance-cruise pose=-15203,-19,2349,238,57,0,63 target=-14609,297,2310,219,59,254,30
elapsed=29049 source=082B action=advance-cruise pose=-15419,-123,2381,238,57,0,63 target=-14730,340,2323,221,59,255,30
elapsed=29053 source=082B action=advance-cruise pose=-15635,-227,2413,238,57,0,63 target=-14849,392,2335,223,59,0,30
elapsed=29057 source=082B action=advance-cruise pose=-15851,-331,2445,238,57,0,63 target=-14964,453,2342,226,61,4,30
elapsed=29061 source=082B action=advance-cruise pose=-16067,-435,2477,238,57,0,63 target=-15074,521,2348,228,61,4,30
elapsed=29065 source=082B action=advance-cruise pose=-16283,-539,2509,238,57,0,63 target=-15182,594,2348,231,64,7,30
elapsed=29069 source=082B action=advance-cruise pose=-16499,-643,2541,238,57,0,63 target=-15287,672,2342,233,67,11,30
elapsed=29073 source=082B action=advance-cruise pose=-16715,-747,2573,238,57,0,63 target=-15387,755,2336,236,67,10,30
elapsed=29078 source=082B action=advance-cruise pose=-16931,-851,2605,238,57,0,63 target=-15485,841,2330,238,67,10,30
elapsed=29178 source=04B9 action=set-cruise-speed pose=-7307,734,2384,12,65,0,30 target=-17955,2604,2306,249,61,1,30
elapsed=29178 source=04B9 action=contract pose=-7307,734,2384,12,65,0,63 target=-17955,2604,2306,249,61,1,30
elapsed=29179 source=04B9 action=contract pose=-7433,755,2382,12,65,0,63 target=-17955,2604,2306,249,61,1,30
elapsed=29179 source=04B9 action=contract pose=-7559,776,2381,12,65,0,63 target=-17955,2604,2306,249,61,1,30
elapsed=29179 source=04B9 action=face-immediate pose=-7685,798,2379,12,65,0,63 target=-17955,2604,2306,249,61,1,30
elapsed=29179 source=04B9 action=advance-homing pose=-7685,798,2379,12,65,0,63 target=-17955,2604,2306,249,61,1,30
elapsed=29182 source=04B9 action=contract pose=-7917,866,2379,12,65,0,63 target=-18084,2602,2313,249,61,2,30
elapsed=29182 source=04B9 action=contract pose=-8043,887,2377,12,65,0,63 target=-18084,2602,2313,249,61,2,30
elapsed=29182 source=04B9 action=contract pose=-8169,908,2375,12,65,0,63 target=-18084,2602,2313,249,61,2,30
elapsed=29182 source=04B9 action=face-immediate pose=-8295,929,2373,12,65,0,63 target=-18084,2602,2313,249,61,2,30
elapsed=29183 source=04B9 action=advance-homing pose=-8295,929,2373,11,65,0,63 target=-18084,2602,2313,249,61,2,30
elapsed=29186 source=04B9 action=contract pose=-8531,993,2373,11,65,0,63 target=-18213,2600,2320,249,61,2,30
elapsed=29186 source=04B9 action=contract pose=-8657,1013,2372,11,65,0,63 target=-18213,2600,2320,249,61,2,30
elapsed=29186 source=04B9 action=contract pose=-8783,1033,2371,11,65,0,63 target=-18213,2600,2320,249,61,2,30
elapsed=29186 source=04B9 action=face-immediate pose=-8909,1053,2370,11,65,0,63 target=-18213,2600,2320,249,61,2,30
elapsed=29186 source=04B9 action=advance-homing pose=-8909,1053,2370,11,65,0,63 target=-18213,2600,2320,249,61,2,30
elapsed=29190 source=04B9 action=contract pose=-9145,1117,2370,11,65,0,63 target=-18342,2598,2327,249,61,3,30
elapsed=29190 source=04B9 action=contract pose=-9271,1137,2369,11,65,0,63 target=-18342,2598,2327,249,61,3,30
elapsed=29190 source=04B9 action=contract pose=-9397,1157,2368,11,65,0,63 target=-18342,2598,2327,249,61,3,30
elapsed=29190 source=04B9 action=face-immediate pose=-9523,1177,2367,11,65,0,63 target=-18342,2598,2327,249,61,3,30
elapsed=29190 source=04B9 action=advance-homing pose=-9523,1177,2367,11,65,0,63 target=-18342,2598,2327,249,61,3,30
elapsed=29194 source=04B9 action=contract pose=-9759,1241,2367,11,65,0,63 target=-18471,2596,2334,249,61,3,30
elapsed=29194 source=04B9 action=contract pose=-9886,1260,2366,11,65,0,63 target=-18471,2596,2334,249,61,3,30
elapsed=29194 source=04B9 action=contract pose=-10012,1279,2365,11,65,0,63 target=-18471,2596,2334,249,61,3,30
elapsed=29194 source=04B9 action=face-immediate pose=-10138,1298,2364,11,65,0,63 target=-18471,2596,2334,249,61,3,30
elapsed=29194 source=04B9 action=advance-homing pose=-10138,1298,2364,10,64,0,63 target=-18471,2596,2334,249,61,3,30
elapsed=29198 source=04B9 action=contract pose=-10374,1354,2364,10,64,0,63 target=-18601,2594,2334,249,64,7,30
elapsed=29198 source=04B9 action=contract pose=-10501,1372,2363,10,64,0,63 target=-18601,2594,2334,249,64,7,30
elapsed=29198 source=04B9 action=contract pose=-10628,1390,2362,10,64,0,63 target=-18601,2594,2334,249,64,7,30
elapsed=29198 source=04B9 action=face-immediate pose=-10755,1408,2361,10,64,0,63 target=-18601,2594,2334,249,64,7,30
elapsed=29198 source=04B9 action=advance-homing pose=-10755,1408,2361,10,64,0,63 target=-18601,2594,2334,249,64,7,30
elapsed=29202 source=04B9 action=contract pose=-10991,1464,2361,10,64,0,63 target=-18731,2592,2334,249,64,6,30
elapsed=29202 source=04B9 action=contract pose=-11118,1482,2360,10,64,0,63 target=-18731,2592,2334,249,64,6,30
elapsed=29202 source=04B9 action=contract pose=-11245,1500,2359,10,64,0,63 target=-18731,2592,2334,249,64,6,30
elapsed=29202 source=04B9 action=face-immediate pose=-11372,1518,2358,10,64,0,63 target=-18731,2592,2334,249,64,6,30
elapsed=29202 source=04B9 action=advance-homing pose=-11372,1518,2358,10,64,0,63 target=-18731,2592,2334,249,64,6,30
elapsed=29206 source=04B9 action=contract pose=-11608,1574,2358,10,64,0,63 target=-18861,2590,2334,249,64,5,30
elapsed=29206 source=04B9 action=contract pose=-11735,1591,2357,10,64,0,63 target=-18861,2590,2334,249,64,5,30
elapsed=29206 source=04B9 action=contract pose=-11862,1608,2356,10,64,0,63 target=-18861,2590,2334,249,64,5,30
elapsed=29206 source=04B9 action=face-immediate pose=-11989,1625,2355,10,64,0,63 target=-18861,2590,2334,249,64,5,30
elapsed=29206 source=04B9 action=advance-homing pose=-11989,1625,2355,9,64,0,63 target=-18861,2590,2334,249,64,5,30
elapsed=29210 source=04B9 action=contract pose=-12225,1677,2355,9,64,0,63 target=-18991,2588,2334,249,64,4,30
elapsed=29211 source=04B9 action=contract pose=-12352,1693,2354,9,64,0,63 target=-18991,2588,2334,249,64,4,30
elapsed=29211 source=04B9 action=contract pose=-12479,1709,2353,9,64,0,63 target=-18991,2588,2334,249,64,4,30
elapsed=29211 source=04B9 action=face-immediate pose=-12606,1725,2352,9,64,0,63 target=-18991,2588,2334,249,64,4,30
elapsed=29211 source=04B9 action=advance-homing pose=-12606,1725,2352,9,64,0,63 target=-18991,2588,2334,249,64,4,30
elapsed=29215 source=04B9 action=contract pose=-12842,1777,2352,9,64,0,63 target=-19121,2586,2334,249,64,3,30
elapsed=29215 source=04B9 action=contract pose=-12969,1793,2351,9,64,0,63 target=-19121,2586,2334,249,64,3,30
elapsed=29215 source=04B9 action=contract pose=-13096,1809,2350,9,64,0,63 target=-19121,2586,2334,249,64,3,30
elapsed=29215 source=04B9 action=face-immediate pose=-13223,1825,2349,9,64,0,63 target=-19121,2586,2334,249,64,3,30
elapsed=29215 source=04B9 action=advance-homing pose=-13223,1825,2349,9,64,0,63 target=-19121,2586,2334,249,64,3,30
elapsed=29219 source=04B9 action=contract pose=-13459,1877,2349,9,64,0,63 target=-19251,2584,2334,249,64,3,30
elapsed=29219 source=04B9 action=contract pose=-13586,1892,2348,9,64,0,63 target=-19251,2584,2334,249,64,3,30
elapsed=29219 source=04B9 action=contract pose=-13713,1907,2347,9,64,0,63 target=-19251,2584,2334,249,64,3,30
elapsed=29219 source=04B9 action=face-immediate pose=-13840,1922,2346,9,64,0,63 target=-19251,2584,2334,249,64,3,30
elapsed=29219 source=04B9 action=advance-homing pose=-13840,1922,2346,8,64,0,63 target=-19251,2584,2334,249,64,3,30
elapsed=29223 source=04B9 action=contract pose=-14080,1966,2346,8,64,0,63 target=-19381,2582,2334,249,64,2,30
elapsed=29223 source=04B9 action=contract pose=-14207,1980,2345,8,64,0,63 target=-19381,2582,2334,249,64,2,30
elapsed=29223 source=04B9 action=contract pose=-14334,1994,2344,8,64,0,63 target=-19381,2582,2334,249,64,2,30
elapsed=29223 source=04B9 action=face-immediate pose=-14461,2008,2343,8,64,0,63 target=-19381,2582,2334,249,64,2,30
elapsed=29223 source=04B9 action=advance-homing pose=-14461,2008,2343,8,64,0,63 target=-19381,2582,2334,249,64,2,30
elapsed=29227 source=04B9 action=contract pose=-14701,2052,2343,8,64,0,63 target=-19511,2580,2334,249,64,2,30
elapsed=29227 source=04B9 action=contract pose=-14828,2065,2342,8,64,0,63 target=-19511,2580,2334,249,64,2,30
elapsed=29227 source=04B9 action=contract pose=-14955,2078,2341,8,64,0,63 target=-19511,2580,2334,249,64,2,30
elapsed=29227 source=04B9 action=face-immediate pose=-15082,2091,2340,8,64,0,63 target=-19511,2580,2334,249,64,2,30
elapsed=29227 source=04B9 action=advance-homing pose=-15082,2091,2340,7,64,0,63 target=-19511,2580,2334,249,64,2,30
elapsed=29231 source=04B9 action=contract pose=-15322,2131,2340,7,64,0,63 target=-19641,2578,2334,249,64,1,30
elapsed=29231 source=04B9 action=contract pose=-15449,2143,2339,7,64,0,63 target=-19641,2578,2334,249,64,1,30
elapsed=29231 source=04B9 action=contract pose=-15576,2156,2338,7,64,0,63 target=-19641,2578,2334,249,64,1,30
elapsed=29231 source=04B9 action=face-immediate pose=-15703,2169,2337,7,64,0,63 target=-19641,2578,2334,249,64,1,30
elapsed=29231 source=04B9 action=advance-homing pose=-15703,2169,2337,7,64,0,63 target=-19641,2578,2334,249,64,1,30
elapsed=29235 source=04B9 action=contract pose=-15943,2209,2337,7,64,0,63 target=-19771,2576,2334,249,64,0,30
elapsed=29235 source=04B9 action=contract pose=-16070,2221,2336,7,64,0,63 target=-19771,2576,2334,249,64,0,30
elapsed=29235 source=04B9 action=contract pose=-16197,2233,2335,7,64,0,63 target=-19771,2576,2334,249,64,0,30
elapsed=29235 source=04B9 action=face-immediate pose=-16324,2245,2334,7,64,0,63 target=-19771,2576,2334,249,64,0,30
elapsed=29235 source=04B9 action=advance-homing pose=-16324,2245,2334,6,64,0,63 target=-19771,2576,2334,249,64,0,30
elapsed=29238 source=04B9 action=contract pose=-16564,2277,2334,6,64,0,63 target=-19901,2574,2334,249,64,255,30
elapsed=29239 source=04B9 action=contract pose=-16691,2288,2334,6,64,0,63 target=-19901,2574,2334,249,64,255,30
elapsed=29239 source=04B9 action=contract pose=-16818,2299,2334,6,64,0,63 target=-19901,2574,2334,249,64,255,30
elapsed=29239 source=04B9 action=face-immediate pose=-16945,2310,2334,6,64,0,63 target=-19901,2574,2334,249,64,255,30
elapsed=29239 source=04B9 action=advance-homing pose=-16945,2310,2334,6,64,0,63 target=-19901,2574,2334,249,64,255,30
elapsed=29243 source=06F0 action=set-cruise-speed pose=-11319,-720,1752,23,62,0,30 target=-20030,2556,2334,249,64,254,30
elapsed=29243 source=06F0 action=contract pose=-11319,-720,1752,23,62,0,63 target=-20030,2556,2334,249,64,254,30
elapsed=29243 source=06F0 action=contract pose=-11439,-676,1759,23,62,0,63 target=-20030,2556,2334,249,64,254,30
elapsed=29243 source=06F0 action=contract pose=-11559,-632,1766,23,62,0,63 target=-20030,2556,2334,249,64,254,30
elapsed=29243 source=06F0 action=face-immediate pose=-11679,-588,1773,23,62,0,63 target=-20030,2556,2334,249,64,254,30
elapsed=29243 source=06F0 action=advance-homing pose=-11679,-588,1773,23,62,0,63 target=-20030,2556,2334,249,64,254,30
elapsed=29243 source=04B9 action=contract pose=-17185,2342,2334,6,64,0,63 target=-20030,2556,2334,249,64,254,30
elapsed=29243 source=04B9 action=contract pose=-17312,2351,2334,6,64,0,63 target=-20030,2556,2334,249,64,254,30
elapsed=29243 source=04B9 action=contract pose=-17439,2360,2334,6,64,0,63 target=-20030,2556,2334,249,64,254,30
elapsed=29243 source=04B9 action=face-immediate pose=-17566,2369,2334,6,64,0,63 target=-20030,2556,2334,249,64,254,30
elapsed=29243 source=04B9 action=advance-homing pose=-17566,2369,2334,5,64,0,63 target=-20030,2556,2334,249,64,254,30
elapsed=29247 source=06F0 action=contract pose=-11883,-460,1777,23,62,0,63 target=-20156,2522,2334,249,64,254,30
elapsed=29247 source=06F0 action=contract pose=-12003,-418,1784,23,62,0,63 target=-20156,2522,2334,249,64,254,30
elapsed=29247 source=06F0 action=contract pose=-12123,-376,1791,23,62,0,63 target=-20156,2522,2334,249,64,254,30
elapsed=29247 source=06F0 action=face-immediate pose=-12243,-334,1798,23,62,0,63 target=-20156,2522,2334,249,64,254,30
elapsed=29247 source=06F0 action=advance-homing pose=-12243,-334,1798,22,62,0,63 target=-20156,2522,2334,249,64,254,30
elapsed=29247 source=04B9 action=contract pose=-17810,2397,2334,5,64,0,63 target=-20156,2522,2334,249,64,254,30
elapsed=29247 source=04B9 action=contract pose=-17937,2403,2334,5,64,0,63 target=-20156,2522,2334,249,64,254,30
elapsed=29247 source=04B9 action=contract pose=-18064,2409,2334,5,64,0,63 target=-20156,2522,2334,249,64,254,30
elapsed=29247 source=04B9 action=face-immediate pose=-18191,2415,2334,5,64,0,63 target=-20156,2522,2334,249,64,254,30
elapsed=29247 source=04B9 action=advance-homing pose=-18191,2415,2334,3,64,0,63 target=-20156,2522,2334,249,64,254,30
elapsed=29251 source=06F0 action=contract pose=-12451,-210,1802,22,62,0,63 target=-20278,2479,2334,248,64,253,30
elapsed=29251 source=06F0 action=contract pose=-12572,-169,1810,22,62,0,63 target=-20278,2479,2334,248,64,253,30
elapsed=29251 source=06F0 action=contract pose=-12693,-128,1818,22,62,0,63 target=-20278,2479,2334,248,64,253,30
elapsed=29251 source=06F0 action=face-immediate pose=-12814,-87,1826,22,62,0,63 target=-20278,2479,2334,248,64,253,30
elapsed=29251 source=06F0 action=advance-homing pose=-12814,-87,1826,21,62,0,63 target=-20278,2479,2334,248,64,253,30
elapsed=29252 source=04B9 action=contract pose=-18435,2431,2334,3,64,0,63 target=-20278,2479,2334,248,64,253,30
elapsed=29252 source=04B9 action=contract pose=-18563,2434,2334,3,64,0,63 target=-20278,2479,2334,248,64,253,30
elapsed=29252 source=04B9 action=contract pose=-18691,2437,2334,3,64,0,63 target=-20278,2479,2334,248,64,253,30
elapsed=29252 source=04B9 action=face-immediate pose=-18819,2440,2334,3,64,0,63 target=-20278,2479,2334,248,64,253,30
elapsed=29252 source=04B9 action=advance-homing pose=-18819,2440,2334,1,64,0,63 target=-20278,2479,2334,248,64,253,30
elapsed=29255 source=06F0 action=contract pose=-13026,33,1830,21,62,0,63 target=-20395,2423,2334,246,64,253,30
elapsed=29255 source=06F0 action=contract pose=-13148,72,1838,21,62,0,63 target=-20395,2423,2334,246,64,253,30
elapsed=29256 source=06F0 action=contract pose=-13269,110,1846,21,62,0,63 target=-20395,2423,2334,246,64,253,30
elapsed=29256 source=06F0 action=face-immediate pose=-13390,149,1854,21,62,0,63 target=-20395,2423,2334,246,64,253,30
elapsed=29256 source=06F0 action=advance-homing pose=-13390,149,1854,20,62,0,63 target=-20395,2423,2334,246,64,253,30
elapsed=29256 source=04B9 action=contract pose=-19063,2444,2334,1,64,0,63 target=-20395,2423,2334,246,64,253,30
elapsed=29256 source=04B9 action=contract pose=-19191,2441,2334,1,64,0,63 target=-20395,2423,2334,246,64,253,30
elapsed=29256 source=04B9 action=contract pose=-19319,2439,2334,1,64,0,63 target=-20395,2423,2334,246,64,253,30
elapsed=29256 source=04B9 action=face-immediate pose=-19447,2437,2334,1,64,0,63 target=-20395,2423,2334,246,64,253,30
elapsed=29256 source=04B9 action=advance-homing pose=-19447,2437,2334,255,64,0,63 target=-20395,2423,2334,246,64,253,30
elapsed=29260 source=06F0 action=contract pose=-13606,265,1858,20,62,0,63 target=-20511,2362,2334,243,64,252,30
elapsed=29260 source=06F0 action=contract pose=-13728,301,1866,20,62,0,63 target=-20511,2362,2334,243,64,252,30
elapsed=29260 source=06F0 action=contract pose=-13850,337,1874,20,62,0,63 target=-20511,2362,2334,243,64,252,30
elapsed=29260 source=06F0 action=face-immediate pose=-13972,373,1882,20,62,0,63 target=-20511,2362,2334,243,64,252,30
elapsed=29260 source=06F0 action=advance-homing pose=-13972,373,1882,19,62,0,63 target=-20511,2362,2334,243,64,252,30
elapsed=29260 source=04B9 action=face-immediate pose=-19691,2433,2334,255,64,0,63 target=-20511,2362,2334,243,64,252,30
elapsed=29260 source=04B9 action=set-cruise-speed pose=-19691,2433,2334,249,64,0,63 target=-20511,2362,2334,243,64,252,30
elapsed=29260 source=04B9 action=advance-aim pose=-19691,2433,2334,249,64,0,63 target=-20511,2362,2334,243,64,252,30
elapsed=29260 source=04B9 action=face-smooth pose=-19931,2393,2334,249,64,0,63 target=-20511,2362,2334,243,64,252,30
elapsed=29263 source=06F0 action=contract pose=-14188,485,1886,19,62,0,63 target=-20621,2293,2334,241,64,252,30
elapsed=29264 source=06F0 action=contract pose=-14311,519,1894,19,62,0,63 target=-20621,2293,2334,241,64,252,30
elapsed=29264 source=06F0 action=contract pose=-14434,553,1902,19,62,0,63 target=-20621,2293,2334,241,64,252,30
elapsed=29264 source=06F0 action=face-immediate pose=-14557,587,1910,19,62,0,63 target=-20621,2293,2334,241,64,252,30
elapsed=29264 source=06F0 action=advance-homing pose=-14557,587,1910,18,62,0,63 target=-20621,2293,2334,241,64,252,30
elapsed=29264 source=04B9 action=advance-aim pose=-19931,2393,2334,250,64,0,63 target=-20621,2293,2334,241,64,252,30
elapsed=29267 source=06F0 action=contract pose=-14777,691,1914,18,62,0,63 target=-20727,2217,2334,238,64,252,30
elapsed=29267 source=06F0 action=contract pose=-14901,722,1922,18,62,0,63 target=-20727,2217,2334,238,64,252,30
elapsed=29267 source=06F0 action=contract pose=-15025,753,1930,18,62,0,63 target=-20727,2217,2334,238,64,252,30
elapsed=29267 source=06F0 action=face-immediate pose=-15148,784,1938,18,62,0,63 target=-20727,2217,2334,238,64,252,30
elapsed=29267 source=06F0 action=advance-homing pose=-15148,784,1938,16,62,0,63 target=-20727,2217,2334,238,64,252,30
elapsed=29267 source=04B9 action=advance-aim pose=-20171,2361,2334,250,64,0,63 target=-20727,2217,2334,238,64,252,30
elapsed=29267 source=04B9 action=face-smooth pose=-20411,2329,2334,250,64,0,63 target=-20727,2217,2334,238,64,252,30
elapsed=29271 source=06F0 action=contract pose=-15372,876,1942,16,62,0,63 target=-20830,2136,2334,236,64,252,30
elapsed=29271 source=06F0 action=contract pose=-15496,904,1950,16,62,0,63 target=-20830,2136,2334,236,64,252,30
elapsed=29271 source=06F0 action=contract pose=-15620,932,1958,16,62,0,63 target=-20830,2136,2334,236,64,252,30
elapsed=29271 source=06F0 action=face-immediate pose=-15744,960,1966,16,62,0,63 target=-20830,2136,2334,236,64,252,30
elapsed=29271 source=06F0 action=advance-homing pose=-15744,960,1966,15,62,0,63 target=-20830,2136,2334,236,64,252,30
elapsed=29271 source=04B9 action=advance-aim pose=-20411,2329,2334,246,64,0,63 target=-20830,2136,2334,236,64,252,30
elapsed=29274 source=06F0 action=contract pose=-15972,1048,1970,15,62,0,63 target=-20929,2050,2334,233,64,253,30
elapsed=29274 source=06F0 action=contract pose=-16097,1073,1979,15,62,0,63 target=-20929,2050,2334,233,64,253,30
elapsed=29274 source=06F0 action=contract pose=-16222,1098,1988,15,62,0,63 target=-20929,2050,2334,233,64,253,30
elapsed=29274 source=06F0 action=face-immediate pose=-16347,1123,1997,15,62,0,63 target=-20929,2050,2334,233,64,253,30
elapsed=29274 source=06F0 action=advance-homing pose=-16347,1123,1997,13,62,0,63 target=-20929,2050,2334,233,64,253,30
elapsed=29274 source=04B9 action=advance-aim pose=-20647,2273,2334,246,64,0,63 target=-20929,2050,2334,233,64,253,30
elapsed=29275 source=04B9 action=face-smooth pose=-20883,2217,2334,246,64,0,63 target=-20929,2050,2334,233,64,253,30
elapsed=29278 source=06F0 action=contract pose=-16579,1199,2001,13,62,0,63 target=-21028,1964,2334,231,64,253,30
elapsed=29278 source=06F0 action=contract pose=-16705,1220,2010,13,62,0,63 target=-21028,1964,2334,231,64,253,30
elapsed=29278 source=06F0 action=contract pose=-16831,1241,2019,13,62,0,63 target=-21028,1964,2334,231,64,253,30
elapsed=29278 source=06F0 action=face-immediate pose=-16957,1262,2028,13,62,0,63 target=-21028,1964,2334,231,64,253,30
elapsed=29278 source=06F0 action=advance-homing pose=-16957,1262,2028,11,61,0,63 target=-21028,1964,2334,231,64,253,30
elapsed=29278 source=04B9 action=advance-aim pose=-20883,2217,2334,234,64,0,63 target=-21028,1964,2334,231,64,253,30
elapsed=29281 source=06F0 action=contract pose=-17193,1326,2040,11,61,0,63 target=-21127,1878,2334,231,64,254,30
elapsed=29281 source=06F0 action=contract pose=-17319,1343,2049,11,61,0,63 target=-21127,1878,2334,231,64,254,30
elapsed=29281 source=06F0 action=contract pose=-17445,1360,2058,11,61,0,63 target=-21127,1878,2334,231,64,254,30
elapsed=29282 source=06F0 action=face-immediate pose=-17571,1377,2067,11,61,0,63 target=-21127,1878,2334,231,64,254,30
elapsed=29282 source=06F0 action=advance-homing pose=-17571,1377,2067,9,61,0,63 target=-21127,1878,2334,231,64,254,30
elapsed=29282 source=04B9 action=advance-aim pose=-21091,2093,2334,234,64,0,63 target=-21127,1878,2334,231,64,254,30
elapsed=29285 source=06F0 action=contract pose=-17807,1429,2079,9,61,0,63 target=-21226,1792,2334,231,64,254,30
elapsed=29285 source=06F0 action=contract pose=-17934,1442,2088,9,61,0,63 target=-21226,1792,2334,231,64,254,30
elapsed=29285 source=06F0 action=contract pose=-18061,1455,2097,9,61,0,63 target=-21226,1792,2334,231,64,254,30
elapsed=29285 source=06F0 action=face-immediate pose=-18188,1468,2106,9,61,0,63 target=-21226,1792,2334,231,64,254,30
elapsed=29285 source=06F0 action=advance-homing pose=-18188,1468,2106,7,61,0,63 target=-21226,1792,2334,231,64,254,30
elapsed=29285 source=04B9 action=advance-cruise pose=-21299,1969,2334,234,64,0,63 target=-21226,1792,2334,231,64,254,30
elapsed=29289 source=06F0 action=contract pose=-18428,1508,2118,7,61,0,63 target=-21325,1706,2334,231,64,255,30
elapsed=29289 source=06F0 action=contract pose=-18555,1516,2127,7,61,0,63 target=-21325,1706,2334,231,64,255,30
elapsed=29289 source=06F0 action=contract pose=-18682,1524,2136,7,61,0,63 target=-21325,1706,2334,231,64,255,30
elapsed=29289 source=06F0 action=face-immediate pose=-18809,1532,2145,7,61,0,63 target=-21325,1706,2334,231,64,255,30
elapsed=29289 source=06F0 action=advance-homing pose=-18809,1532,2145,4,61,0,63 target=-21325,1706,2334,231,64,255,30
elapsed=29289 source=04B9 action=advance-cruise pose=-21507,1845,2334,234,64,0,63 target=-21325,1706,2334,231,64,255,30
elapsed=29292 source=06F0 action=contract pose=-19053,1552,2157,4,61,0,63 target=-21422,1618,2334,231,64,0,30
elapsed=29292 source=06F0 action=contract pose=-19180,1555,2166,4,61,0,63 target=-21422,1618,2334,231,64,0,30
elapsed=29292 source=06F0 action=contract pose=-19307,1558,2175,4,61,0,63 target=-21422,1618,2334,231,64,0,30
elapsed=29292 source=06F0 action=face-immediate pose=-19434,1561,2184,4,61,0,63 target=-21422,1618,2334,231,64,0,30
elapsed=29292 source=06F0 action=advance-homing pose=-19434,1561,2184,1,61,0,63 target=-21422,1618,2334,231,64,0,30
elapsed=29292 source=04B9 action=advance-cruise pose=-21715,1721,2334,234,64,0,63 target=-21422,1618,2334,231,64,0,30
elapsed=29296 source=06F0 action=contract pose=-19678,1565,2196,1,61,0,63 target=-21519,1530,2334,231,64,1,30
elapsed=29296 source=06F0 action=contract pose=-19805,1562,2205,1,61,0,63 target=-21519,1530,2334,231,64,1,30
elapsed=29296 source=06F0 action=contract pose=-19932,1559,2214,1,61,0,63 target=-21519,1530,2334,231,64,1,30
elapsed=29296 source=06F0 action=face-immediate pose=-20059,1556,2223,1,61,0,63 target=-21519,1530,2334,231,64,1,30
elapsed=29296 source=06F0 action=advance-homing pose=-20059,1556,2223,254,61,0,63 target=-21519,1530,2334,231,64,1,30
elapsed=29296 source=04B9 action=advance-cruise pose=-21923,1597,2334,234,64,0,63 target=-21519,1530,2334,231,64,1,30
elapsed=29300 source=06F0 action=contract pose=-20303,1548,2235,254,61,0,63 target=-21611,1437,2334,231,64,2,30
elapsed=29300 source=06F0 action=contract pose=-20430,1537,2244,254,61,0,63 target=-21611,1437,2334,231,64,2,30
elapsed=29300 source=06F0 action=contract pose=-20557,1526,2253,254,61,0,63 target=-21611,1437,2334,231,64,2,30
elapsed=29300 source=06F0 action=face-immediate pose=-20684,1515,2262,254,61,0,63 target=-21611,1437,2334,231,64,2,30
elapsed=29300 source=06F0 action=advance-homing pose=-20684,1515,2262,250,61,0,63 target=-21611,1437,2334,231,64,2,30
elapsed=29300 source=04B9 action=advance-cruise pose=-22131,1473,2334,234,64,0,63 target=-21611,1437,2334,231,64,2,30
elapsed=29304 source=0576 action=set-cruise-speed pose=-16542,-2516,2634,37,67,0,30 target=-21700,1342,2334,229,64,2,30
elapsed=29304 source=0576 action=contract pose=-16542,-2516,2634,37,67,0,63 target=-21700,1342,2334,229,64,2,30
elapsed=29304 source=0576 action=contract pose=-16645,-2440,2627,37,67,0,63 target=-21700,1342,2334,229,64,2,30
elapsed=29304 source=0576 action=contract pose=-16748,-2364,2621,37,67,0,63 target=-21700,1342,2334,229,64,2,30
elapsed=29304 source=0576 action=face-immediate pose=-16850,-2288,2614,37,67,0,63 target=-21700,1342,2334,229,64,2,30
elapsed=29305 source=0576 action=advance-homing pose=-16850,-2288,2614,37,67,0,63 target=-21700,1342,2334,229,64,2,30
elapsed=29305 source=06F0 action=face-immediate pose=-20924,1483,2274,250,61,0,63 target=-21700,1342,2334,229,64,2,30
elapsed=29305 source=06F0 action=set-cruise-speed pose=-20924,1483,2274,244,61,0,63 target=-21700,1342,2334,229,64,2,30
elapsed=29305 source=06F0 action=advance-aim pose=-20924,1483,2274,244,61,0,63 target=-21700,1342,2334,229,64,2,30
elapsed=29305 source=06F0 action=face-smooth pose=-21156,1415,2286,244,61,0,63 target=-21700,1342,2334,229,64,2,30
elapsed=29305 source=04B9 action=advance-cruise pose=-22339,1349,2334,234,64,0,63 target=-21700,1342,2334,229,64,2,30
elapsed=29309 source=0576 action=contract pose=-16998,-2092,2606,37,67,0,63 target=-21789,1247,2334,228,64,3,30
elapsed=29309 source=0576 action=contract pose=-17103,-2020,2599,37,67,0,63 target=-21789,1247,2334,228,64,3,30
elapsed=29309 source=0576 action=contract pose=-17208,-1948,2593,37,67,0,63 target=-21789,1247,2334,228,64,3,30
elapsed=29309 source=0576 action=face-immediate pose=-17313,-1876,2586,37,67,0,63 target=-21789,1247,2334,228,64,3,30
elapsed=29309 source=0576 action=advance-homing pose=-17313,-1876,2586,35,67,0,63 target=-21789,1247,2334,228,64,3,30
elapsed=29309 source=06F0 action=advance-aim pose=-21156,1415,2286,245,61,0,63 target=-21789,1247,2334,228,64,3,30
elapsed=29309 source=04B9 action=advance-cruise pose=-22547,1225,2334,234,64,0,63 target=-21789,1247,2334,228,64,3,30
elapsed=29314 source=0576 action=contract pose=-17469,-1688,2578,35,67,0,63 target=-21897,1174,2334,228,64,3,30
elapsed=29314 source=0576 action=contract pose=-17576,-1620,2571,35,67,0,63 target=-21897,1174,2334,228,64,3,30
elapsed=29314 source=0576 action=contract pose=-17683,-1551,2565,35,67,0,63 target=-21897,1174,2334,228,64,3,30
elapsed=29314 source=0576 action=face-immediate pose=-17790,-1482,2559,35,67,0,63 target=-21897,1174,2334,228,64,3,30
elapsed=29314 source=0576 action=advance-homing pose=-17790,-1482,2559,34,67,0,63 target=-21897,1174,2334,228,64,3,30
elapsed=29314 source=06F0 action=advance-aim pose=-21392,1351,2298,245,61,0,63 target=-21897,1174,2334,228,64,3,30
elapsed=29314 source=06F0 action=face-smooth pose=-21628,1287,2310,245,61,0,63 target=-21897,1174,2334,228,64,3,30
elapsed=29314 source=04B9 action=advance-cruise pose=-22755,1101,2334,234,64,0,63 target=-21897,1174,2334,228,64,3,30
elapsed=29318 source=0576 action=contract pose=-17954,-1298,2551,34,67,0,63 target=-22018,1124,2334,228,64,4,30
elapsed=29318 source=0576 action=contract pose=-18064,-1234,2545,34,67,0,63 target=-22018,1124,2334,228,64,4,30
elapsed=29318 source=0576 action=contract pose=-18174,-1170,2539,34,67,0,63 target=-22018,1124,2334,228,64,4,30
elapsed=29318 source=0576 action=face-immediate pose=-18284,-1105,2533,34,67,0,63 target=-22018,1124,2334,228,64,4,30
elapsed=29318 source=0576 action=advance-homing pose=-18284,-1105,2533,32,67,0,63 target=-22018,1124,2334,228,64,4,30
elapsed=29318 source=06F0 action=advance-aim pose=-21628,1287,2310,242,61,0,63 target=-22018,1124,2334,228,64,4,30
elapsed=29318 source=04B9 action=advance-cruise pose=-22963,977,2334,234,64,0,63 target=-22018,1124,2334,228,64,4,30
elapsed=29322 source=0576 action=contract pose=-18456,-933,2525,32,67,0,63 target=-22144,1096,2334,229,64,4,30
elapsed=29322 source=0576 action=contract pose=-18568,-872,2519,32,67,0,63 target=-22144,1096,2334,229,64,4,30
elapsed=29322 source=0576 action=contract pose=-18680,-811,2513,32,67,0,63 target=-22144,1096,2334,229,64,4,30
elapsed=29322 source=0576 action=face-immediate pose=-18792,-750,2507,32,67,0,63 target=-22144,1096,2334,229,64,4,30
elapsed=29323 source=0576 action=advance-homing pose=-18792,-750,2507,30,67,0,63 target=-22144,1096,2334,229,64,4,30
elapsed=29323 source=06F0 action=advance-aim pose=-21856,1207,2322,242,61,0,63 target=-22144,1096,2334,229,64,4,30
elapsed=29323 source=06F0 action=face-smooth pose=-22084,1127,2334,242,61,0,63 target=-22144,1096,2334,229,64,4,30
elapsed=29323 source=04B9 action=advance-cruise pose=-23171,853,2334,234,64,0,63 target=-22144,1096,2334,229,64,4,30
elapsed=29327 source=0576 action=contract pose=-18972,-586,2499,30,67,0,63 target=-22274,1087,2334,231,64,4,30
elapsed=29327 source=0576 action=contract pose=-19086,-529,2493,30,67,0,63 target=-22274,1087,2334,231,64,4,30
elapsed=29327 source=0576 action=contract pose=-19200,-472,2487,30,67,0,63 target=-22274,1087,2334,231,64,4,30
elapsed=29327 source=0576 action=face-immediate pose=-19314,-415,2481,30,67,0,63 target=-22274,1087,2334,231,64,4,30
elapsed=29327 source=0576 action=advance-homing pose=-19314,-415,2481,29,66,0,63 target=-22274,1087,2334,231,64,4,30
elapsed=29327 source=06F0 action=advance-aim pose=-22084,1127,2334,238,62,0,63 target=-22274,1087,2334,231,64,4,30
elapsed=29327 source=04B9 action=advance-cruise pose=-23379,729,2334,234,64,0,63 target=-22274,1087,2334,231,64,4,30
elapsed=29332 source=0576 action=contract pose=-19498,-255,2477,29,66,0,63 target=-22404,1092,2334,232,64,4,30
elapsed=29332 source=0576 action=contract pose=-19614,-202,2471,29,66,0,63 target=-22404,1092,2334,232,64,4,30
elapsed=29332 source=0576 action=contract pose=-19730,-149,2465,29,66,0,63 target=-22404,1092,2334,232,64,4,30
elapsed=29332 source=0576 action=face-immediate pose=-19846,-96,2459,29,66,0,63 target=-22404,1092,2334,232,64,4,30
elapsed=29332 source=0576 action=advance-homing pose=-19846,-96,2459,27,66,0,63 target=-22404,1092,2334,232,64,4,30
elapsed=29332 source=06F0 action=advance-cruise pose=-22304,1023,2338,238,62,0,63 target=-22404,1092,2334,232,64,4,30
elapsed=29332 source=04B9 action=advance-cruise pose=-23587,605,2334,234,64,0,63 target=-22404,1092,2334,232,64,4,30
elapsed=29336 source=0576 action=contract pose=-20038,56,2455,27,66,0,63 target=-22533,1113,2334,234,64,3,30
elapsed=29336 source=0576 action=contract pose=-20156,105,2449,27,66,0,63 target=-22533,1113,2334,234,64,3,30
elapsed=29336 source=0576 action=contract pose=-20273,154,2443,27,66,0,63 target=-22533,1113,2334,234,64,3,30
elapsed=29336 source=0576 action=face-immediate pose=-20390,203,2437,27,66,0,63 target=-22533,1113,2334,234,64,3,30
elapsed=29336 source=0576 action=advance-homing pose=-20390,203,2437,25,66,0,63 target=-22533,1113,2334,234,64,3,30
elapsed=29336 source=06F0 action=advance-cruise pose=-22524,919,2342,238,62,0,63 target=-22533,1113,2334,234,64,3,30
elapsed=29336 source=04B9 action=advance-cruise pose=-23795,481,2334,234,64,0,63 target=-22533,1113,2334,234,64,3,30
elapsed=29340 source=0576 action=contract pose=-20586,343,2433,25,66,0,63 target=-22658,1147,2331,237,66,6,30
elapsed=29340 source=0576 action=contract pose=-20705,388,2427,25,66,0,63 target=-22658,1147,2331,237,66,6,30
elapsed=29340 source=0576 action=contract pose=-20824,433,2421,25,66,0,63 target=-22658,1147,2331,237,66,6,30
elapsed=29340 source=0576 action=face-immediate pose=-20943,479,2415,25,66,0,63 target=-22658,1147,2331,237,66,6,30
elapsed=29340 source=0576 action=advance-homing pose=-20943,479,2415,23,66,0,63 target=-22658,1147,2331,237,66,6,30
elapsed=29340 source=06F0 action=advance-cruise pose=-22744,815,2346,238,62,0,63 target=-22658,1147,2331,237,66,6,30
elapsed=29340 source=04B9 action=advance-cruise pose=-24003,357,2334,234,64,0,63 target=-22658,1147,2331,237,66,6,30
elapsed=29344 source=0576 action=contract pose=-21147,607,2411,23,66,0,63 target=-22778,1193,2316,239,70,8,30
elapsed=29344 source=0576 action=contract pose=-21267,649,2404,23,66,0,63 target=-22778,1193,2316,239,70,8,30
elapsed=29344 source=0576 action=contract pose=-21387,691,2397,23,66,0,63 target=-22778,1193,2316,239,70,8,30
elapsed=29344 source=0576 action=face-immediate pose=-21507,734,2390,23,66,0,63 target=-22778,1193,2316,239,70,8,30
elapsed=29344 source=0576 action=advance-homing pose=-21507,734,2390,22,67,0,63 target=-22778,1193,2316,239,70,8,30
elapsed=29344 source=06F0 action=advance-cruise pose=-22964,711,2350,238,62,0,63 target=-22778,1193,2316,239,70,8,30
elapsed=29344 source=04B9 action=advance-cruise pose=-24211,233,2334,234,64,0,63 target=-22778,1193,2316,239,70,8,30
elapsed=29347 source=0576 action=contract pose=-21715,858,2378,22,67,0,63 target=-22893,1249,2301,242,70,7,30
elapsed=29348 source=0576 action=contract pose=-21836,897,2370,22,67,0,63 target=-22893,1249,2301,242,70,7,30
elapsed=29348 source=0576 action=contract pose=-21957,937,2362,22,67,0,63 target=-22893,1249,2301,242,70,7,30
elapsed=29348 source=0576 action=face-immediate pose=-22078,977,2354,22,67,0,63 target=-22893,1249,2301,242,70,7,30
elapsed=29348 source=0576 action=advance-homing pose=-22078,977,2354,20,67,0,63 target=-22893,1249,2301,242,70,7,30
elapsed=29348 source=06F0 action=advance-cruise pose=-23184,607,2354,238,62,0,63 target=-22893,1249,2301,242,70,7,30
elapsed=29351 source=0576 action=face-immediate pose=-22294,1093,2342,20,67,0,63 target=-23004,1313,2286,244,70,5,30
elapsed=29351 source=0576 action=set-cruise-speed pose=-22294,1093,2342,19,68,0,63 target=-23004,1313,2286,244,70,5,30
elapsed=29351 source=0576 action=advance-aim pose=-22294,1093,2342,19,68,0,63 target=-23004,1313,2286,244,70,5,30
elapsed=29352 source=06F0 action=advance-cruise pose=-23404,503,2358,238,62,0,63 target=-23004,1313,2286,244,70,5,30
elapsed=29355 source=0576 action=advance-aim pose=-22510,1205,2326,19,68,0,63 target=-23112,1382,2267,247,72,7,30
elapsed=29355 source=0576 action=face-smooth pose=-22726,1317,2310,19,68,0,63 target=-23112,1382,2267,247,72,7,30
elapsed=29355 source=06F0 action=advance-cruise pose=-23624,399,2362,238,62,0,63 target=-23112,1382,2267,247,72,7,30
elapsed=29358 source=0576 action=advance-aim pose=-22726,1317,2310,17,69,0,63 target=-23214,1458,2241,249,75,8,30
elapsed=29359 source=06F0 action=advance-cruise pose=-23844,295,2366,238,62,0,63 target=-23214,1458,2241,249,75,8,30
elapsed=29362 source=0576 action=advance-aim pose=-22950,1417,2286,17,69,0,63 target=-23310,1539,2206,252,79,9,30
elapsed=29362 source=0576 action=face-smooth pose=-23174,1517,2262,17,69,0,63 target=-23310,1539,2206,252,79,9,30
elapsed=29362 source=06F0 action=advance-cruise pose=-24064,191,2370,238,62,0,63 target=-23310,1539,2206,252,79,9,30
elapsed=29365 source=0576 action=advance-aim pose=-23174,1517,2262,15,71,0,63 target=-23400,1622,2164,254,82,11,30
elapsed=29365 source=06F0 action=advance-cruise pose=-24284,87,2374,238,62,0,63 target=-23400,1622,2164,254,82,11,30
elapsed=29369 source=0576 action=advance-aim pose=-23398,1605,2226,15,71,0,63 target=-23487,1710,2124,1,82,9,30
elapsed=29369 source=06F0 action=advance-cruise pose=-24504,-17,2378,238,62,0,63 target=-23487,1710,2124,1,82,9,30
elapsed=29373 source=0576 action=advance-cruise pose=-23622,1693,2190,15,71,0,63 target=-23567,1801,2080,3,85,11,30
elapsed=29373 source=06F0 action=advance-cruise pose=-24724,-121,2382,238,62,0,63 target=-23567,1801,2080,3,85,11,30
elapsed=29377 source=0576 action=advance-cruise pose=-23846,1781,2154,15,71,0,63 target=-23646,1894,2037,6,85,9,30
elapsed=29377 source=06F0 action=advance-cruise pose=-24944,-225,2386,238,62,0,63 target=-23646,1894,2037,6,85,9,30
elapsed=29381 source=0576 action=advance-cruise pose=-24070,1869,2118,15,71,0,63 target=-23720,1989,1989,8,88,11,30
elapsed=29381 source=06F0 action=advance-cruise pose=-25164,-329,2390,238,62,0,63 target=-23720,1989,1989,8,88,11,30
elapsed=29385 source=0576 action=advance-cruise pose=-24294,1957,2082,15,71,0,63 target=-23794,2084,1941,11,88,10,30
elapsed=29386 source=06F0 action=advance-cruise pose=-25384,-433,2394,238,62,0,63 target=-23794,2084,1941,11,88,10,30
elapsed=29390 source=0576 action=advance-cruise pose=-24518,2045,2046,15,71,0,63 target=-23865,2179,1889,11,90,12,30
elapsed=29394 source=0576 action=advance-cruise pose=-24742,2133,2010,15,71,0,63 target=-23936,2274,1837,11,90,11,30
elapsed=29398 source=0576 action=advance-cruise pose=-24966,2221,1974,15,71,0,63 target=-24004,2369,1781,11,92,13,30
elapsed=29403 source=0576 action=advance-cruise pose=-25190,2309,1938,15,71,0,63 target=-24070,2464,1723,11,94,15,30
elapsed=29406 source=0576 action=advance-cruise pose=-25414,2397,1902,15,71,0,63 target=-24151,2537,1652,11,94,13,30
elapsed=29410 source=0576 action=advance-cruise pose=-25638,2485,1866,15,71,0,63 target=-24241,2587,1572,11,94,13,30
elapsed=29414 source=0576 action=advance-cruise pose=-25862,2573,1830,15,71,0,63 target=-24335,2615,1488,10,94,13,30
elapsed=29417 source=0576 action=advance-cruise pose=-26086,2661,1794,15,71,0,63 target=-24431,2624,1403,7,94,13,30
elapsed=29421 source=0576 action=advance-cruise pose=-26310,2749,1758,15,71,0,63 target=-24527,2615,1318,5,94,13,30
elapsed=29424 source=0576 action=advance-cruise pose=-26534,2837,1722,15,71,0,63 target=-24622,2591,1234,2,94,12,30
elapsed=29428 source=0576 action=advance-cruise pose=-26758,2925,1686,15,71,0,63 target=-24720,2554,1158,0,91,8,30
elapsed=29893 source=082B action=set-cruise-speed pose=-25522,-2613,-4757,33,57,0,30 target=32128,2873,-3262,254,184,32,20
elapsed=29893 source=082B action=contract pose=-25522,-2613,-4757,33,57,0,63 target=32128,2873,-3262,254,184,32,20
elapsed=29893 source=082B action=contract pose=-25626,-2542,-4738,33,57,0,63 target=32128,2873,-3262,254,184,32,20
elapsed=29893 source=082B action=contract pose=-25730,-2471,-4719,33,57,0,63 target=32128,2873,-3262,254,184,32,20
elapsed=29893 source=082B action=face-immediate pose=-25834,-2399,-4700,33,57,0,63 target=32128,2873,-3262,254,184,32,20
elapsed=29893 source=082B action=advance-homing pose=-25834,-2399,-4700,33,57,0,63 target=32128,2873,-3262,254,184,32,20
elapsed=29897 source=082B action=contract pose=-25998,-2223,-4676,33,57,0,63 target=32214,2872,-3271,254,186,32,21
elapsed=29897 source=082B action=contract pose=-26102,-2152,-4657,33,57,0,63 target=32214,2872,-3271,254,186,32,21
elapsed=29897 source=082B action=contract pose=-26206,-2081,-4638,33,57,0,63 target=32214,2872,-3271,254,186,32,21
elapsed=29897 source=082B action=face-immediate pose=-26310,-2010,-4619,33,57,0,63 target=32214,2872,-3271,254,186,32,21
elapsed=29897 source=082B action=advance-homing pose=-26310,-2010,-4619,33,57,0,63 target=32214,2872,-3271,254,186,32,21
elapsed=29901 source=082B action=contract pose=-26474,-1834,-4595,33,57,0,63 target=32305,2871,-3278,254,188,31,22
elapsed=29901 source=082B action=contract pose=-26578,-1763,-4576,33,57,0,63 target=32305,2871,-3278,254,188,31,22
elapsed=29901 source=082B action=contract pose=-26682,-1692,-4556,33,57,0,63 target=32305,2871,-3278,254,188,31,22
elapsed=29901 source=082B action=face-immediate pose=-26786,-1621,-4536,33,57,0,63 target=32305,2871,-3278,254,188,31,22
elapsed=29901 source=082B action=advance-homing pose=-26786,-1621,-4536,33,57,0,63 target=32305,2871,-3278,254,188,31,22
elapsed=29905 source=082B action=contract pose=-26950,-1445,-4512,33,57,0,63 target=32400,2870,-3285,254,188,27,23
elapsed=29905 source=082B action=contract pose=-27054,-1374,-4492,33,57,0,63 target=32400,2870,-3285,254,188,27,23
elapsed=29905 source=082B action=contract pose=-27158,-1303,-4472,33,57,0,63 target=32400,2870,-3285,254,188,27,23
elapsed=29905 source=082B action=face-immediate pose=-27262,-1232,-4452,33,57,0,63 target=32400,2870,-3285,254,188,27,23
elapsed=29905 source=082B action=advance-homing pose=-27262,-1232,-4452,33,57,0,63 target=32400,2870,-3285,254,188,27,23
elapsed=29909 source=082B action=contract pose=-27426,-1056,-4428,33,57,0,63 target=32499,2869,-3292,254,188,23,24
elapsed=29909 source=082B action=contract pose=-27530,-985,-4408,33,57,0,63 target=32499,2869,-3292,254,188,23,24
elapsed=29910 source=082B action=contract pose=-27634,-914,-4388,33,57,0,63 target=32499,2869,-3292,254,188,23,24
elapsed=29910 source=082B action=face-immediate pose=-27738,-843,-4368,33,57,0,63 target=32499,2869,-3292,254,188,23,24
elapsed=29910 source=082B action=advance-homing pose=-27738,-843,-4368,33,56,0,63 target=32499,2869,-3292,254,188,23,24
elapsed=29914 source=082B action=contract pose=-27902,-667,-4340,33,56,0,63 target=32602,2868,-3299,254,188,19,25
elapsed=29914 source=082B action=contract pose=-28005,-595,-4319,33,56,0,63 target=32602,2868,-3299,254,188,19,25
elapsed=29914 source=082B action=contract pose=-28108,-523,-4298,33,56,0,63 target=32602,2868,-3299,254,188,19,25
elapsed=29914 source=082B action=face-immediate pose=-28211,-451,-4277,33,56,0,63 target=32602,2868,-3299,254,188,19,25
elapsed=29914 source=082B action=advance-homing pose=-28211,-451,-4277,33,56,0,63 target=32602,2868,-3299,254,188,19,25
elapsed=29919 source=082B action=contract pose=-28375,-275,-4249,33,56,0,63 target=32708,2866,-3307,254,188,17,26
elapsed=29919 source=082B action=contract pose=-28478,-203,-4228,33,56,0,63 target=32708,2866,-3307,254,188,17,26
elapsed=29919 source=082B action=contract pose=-28581,-131,-4207,33,56,0,63 target=32708,2866,-3307,254,188,17,26
elapsed=29919 source=082B action=face-immediate pose=-28684,-59,-4186,33,56,0,63 target=32708,2866,-3307,254,188,17,26
elapsed=29919 source=082B action=advance-homing pose=-28684,-59,-4186,34,56,0,63 target=32708,2866,-3307,254,188,17,26
elapsed=29923 source=082B action=contract pose=-28844,125,-4158,34,56,0,63 target=-32719,2864,-3315,254,188,14,27
elapsed=29923 source=082B action=contract pose=-28947,197,-4136,34,56,0,63 target=-32719,2864,-3315,254,188,14,27
elapsed=29923 source=082B action=contract pose=-29050,269,-4114,34,56,0,63 target=-32719,2864,-3315,254,188,14,27
elapsed=29923 source=082B action=face-immediate pose=-29153,341,-4092,34,56,0,63 target=-32719,2864,-3315,254,188,14,27
elapsed=29923 source=082B action=advance-homing pose=-29153,341,-4092,34,56,0,63 target=-32719,2864,-3315,254,188,14,27
elapsed=29927 source=082B action=contract pose=-29313,525,-4064,34,56,0,63 target=-32607,2862,-3323,254,188,12,28
elapsed=29927 source=082B action=contract pose=-29416,597,-4042,34,56,0,63 target=-32607,2862,-3323,254,188,12,28
elapsed=29927 source=082B action=contract pose=-29519,669,-4020,34,56,0,63 target=-32607,2862,-3323,254,188,12,28
elapsed=29927 source=082B action=face-immediate pose=-29622,741,-3998,34,56,0,63 target=-32607,2862,-3323,254,188,12,28
elapsed=29927 source=082B action=advance-homing pose=-29622,741,-3998,33,56,0,63 target=-32607,2862,-3323,254,188,12,28
elapsed=29931 source=082B action=contract pose=-29786,917,-3970,33,56,0,63 target=-32506,2848,-3337,254,185,6,28
elapsed=29931 source=082B action=contract pose=-29888,989,-3947,33,56,0,63 target=-32506,2848,-3337,254,185,6,28
elapsed=29931 source=082B action=contract pose=-29990,1061,-3924,33,56,0,63 target=-32506,2848,-3337,254,185,6,28
elapsed=29931 source=082B action=face-immediate pose=-30092,1133,-3901,33,56,0,63 target=-32506,2848,-3337,254,185,6,28
elapsed=29931 source=082B action=advance-homing pose=-30092,1133,-3901,33,55,0,63 target=-32506,2848,-3337,254,185,6,28
elapsed=29935 source=082B action=contract pose=-30252,1309,-3869,33,55,0,63 target=-32418,2826,-3357,254,182,1,27
elapsed=29935 source=082B action=contract pose=-30355,1380,-3845,33,55,0,63 target=-32418,2826,-3357,254,182,1,27
elapsed=29935 source=082B action=contract pose=-30458,1451,-3821,33,55,0,63 target=-32418,2826,-3357,254,182,1,27
elapsed=29935 source=082B action=face-immediate pose=-30561,1522,-3797,33,55,0,63 target=-32418,2826,-3357,254,182,1,27
elapsed=29935 source=082B action=advance-homing pose=-30561,1522,-3797,33,55,0,63 target=-32418,2826,-3357,254,182,1,27
elapsed=29939 source=082B action=contract pose=-30721,1698,-3765,33,55,0,63 target=-32343,2798,-3382,253,178,253,27
elapsed=29939 source=082B action=contract pose=-30825,1768,-3741,33,55,0,63 target=-32343,2798,-3382,253,178,253,27
elapsed=29939 source=082B action=contract pose=-30929,1838,-3717,33,55,0,63 target=-32343,2798,-3382,253,178,253,27
elapsed=29939 source=082B action=face-immediate pose=-31033,1908,-3693,33,55,0,63 target=-32343,2798,-3382,253,178,253,27
elapsed=29939 source=082B action=advance-homing pose=-31033,1908,-3693,32,55,0,63 target=-32343,2798,-3382,253,178,253,27
elapsed=29942 source=082B action=contract pose=-31197,2080,-3657,32,55,0,63 target=-32279,2767,-3410,251,175,250,26
elapsed=29942 source=082B action=contract pose=-31303,2146,-3633,32,55,0,63 target=-32279,2767,-3410,251,175,250,26
elapsed=29942 source=082B action=contract pose=-31409,2212,-3609,32,55,0,63 target=-32279,2767,-3410,251,175,250,26
elapsed=29942 source=082B action=face-immediate pose=-31515,2279,-3585,32,55,0,63 target=-32279,2767,-3410,251,175,250,26
elapsed=29942 source=082B action=advance-homing pose=-31515,2279,-3585,31,55,0,63 target=-32279,2767,-3410,251,175,250,26
elapsed=29946 source=082B action=face-immediate pose=-31683,2447,-3549,31,55,0,63 target=-32224,2734,-3440,248,171,248,26
elapsed=29946 source=082B action=set-cruise-speed pose=-31683,2447,-3549,28,56,0,63 target=-32224,2734,-3440,248,171,248,26
elapsed=29946 source=082B action=advance-aim pose=-31683,2447,-3549,28,56,0,63 target=-32224,2734,-3440,248,171,248,26
elapsed=29946 source=082B action=face-smooth pose=-31867,2603,-3517,28,56,0,63 target=-32224,2734,-3440,248,171,248,26
elapsed=29950 source=082B action=advance-aim pose=-31867,2603,-3517,27,56,0,63 target=-32180,2699,-3471,246,167,245,25
elapsed=29953 source=082B action=advance-aim pose=-32055,2755,-3485,27,56,0,63 target=-32144,2664,-3502,243,163,244,25
elapsed=29957 source=082B action=advance-cruise pose=-32243,2907,-3453,27,56,0,63 target=-32116,2630,-3533,241,158,242,24
elapsed=29961 source=082B action=advance-cruise pose=-32431,3059,-3421,27,56,0,63 target=-32094,2596,-3564,238,154,241,24
elapsed=29964 source=082B action=advance-cruise pose=-32619,3211,-3389,27,56,0,63 target=-32077,2564,-3593,236,150,240,23
elapsed=29968 source=082B action=advance-cruise pose=32729,3363,-3357,27,56,0,63 target=-32065,2533,-3621,233,145,240,23
elapsed=29972 source=082B action=advance-cruise pose=32541,3515,-3325,27,56,0,63 target=-32057,2504,-3647,231,141,240,22
elapsed=29976 source=082B action=advance-cruise pose=32353,3667,-3293,27,56,0,63 target=-32053,2476,-3673,228,136,239,22
elapsed=29980 source=082B action=advance-cruise pose=32165,3819,-3261,27,56,0,63 target=-32053,2449,-3696,226,132,239,21
elapsed=29985 source=082B action=advance-cruise pose=31977,3971,-3229,27,56,0,63 target=-32053,2423,-3718,223,127,238,21
elapsed=29989 source=082B action=advance-cruise pose=31789,4123,-3197,27,56,0,63 target=-32054,2405,-3743,223,123,238,20
elapsed=29994 source=082B action=advance-cruise pose=31601,4275,-3165,27,56,0,63 target=-32058,2393,-3770,222,119,237,20
elapsed=29998 source=082B action=advance-cruise pose=31413,4427,-3133,27,56,0,63 target=-32065,2387,-3796,222,114,236,19
elapsed=30003 source=082B action=advance-cruise pose=31225,4579,-3101,27,56,0,63 target=-32075,2385,-3819,222,110,235,19
elapsed=30007 source=082B action=advance-cruise pose=31037,4731,-3069,27,56,0,63 target=-32087,2385,-3840,222,105,233,18
elapsed=30011 source=082B action=advance-cruise pose=30849,4883,-3037,27,56,0,63 target=-32100,2388,-3859,223,101,232,18
elapsed=30015 source=082B action=advance-cruise pose=30661,5035,-3005,27,56,0,63 target=-32114,2392,-3873,226,96,230,17
elapsed=30336 source=0576 action=set-cruise-speed pose=-26216,2,6922,13,99,0,30 target=32731,2410,-708,2,238,242,18
elapsed=30336 source=0576 action=contract pose=-26216,2,6922,13,99,0,63 target=32731,2410,-708,2,238,242,18
elapsed=30336 source=0576 action=contract pose=-26298,31,6827,13,99,0,63 target=32731,2410,-708,2,238,242,18
elapsed=30336 source=0576 action=contract pose=-26380,60,6732,13,99,0,63 target=32731,2410,-708,2,238,242,18
elapsed=30336 source=0576 action=face-immediate pose=-26462,89,6638,13,99,0,63 target=32731,2410,-708,2,238,242,18
elapsed=30336 source=0576 action=advance-homing pose=-26462,89,6638,13,99,0,63 target=32731,2410,-708,2,238,242,18
elapsed=30340 source=0576 action=contract pose=-26610,165,6462,13,99,0,63 target=32745,2418,-684,2,234,240,18
elapsed=30340 source=0576 action=contract pose=-26692,194,6368,13,99,0,63 target=32745,2418,-684,2,234,240,18
elapsed=30340 source=0576 action=contract pose=-26774,223,6273,13,99,0,63 target=32745,2418,-684,2,234,240,18
elapsed=30340 source=0576 action=face-immediate pose=-26856,252,6178,13,99,0,63 target=32745,2418,-684,2,234,240,18
elapsed=30340 source=0576 action=advance-homing pose=-26856,252,6178,13,99,0,63 target=32745,2418,-684,2,234,240,18
elapsed=30344 source=0576 action=contract pose=-27004,328,6002,13,99,0,63 target=32759,2421,-663,1,232,238,17
elapsed=30344 source=0576 action=contract pose=-27086,357,5908,13,99,0,63 target=32759,2421,-663,1,232,238,17
elapsed=30344 source=0576 action=contract pose=-27168,386,5814,13,99,0,63 target=32759,2421,-663,1,232,238,17
elapsed=30344 source=0576 action=face-immediate pose=-27250,415,5720,13,99,0,63 target=32759,2421,-663,1,232,238,17
elapsed=30344 source=0576 action=advance-homing pose=-27250,415,5720,13,99,0,63 target=32759,2421,-663,1,232,238,17
elapsed=30348 source=0576 action=contract pose=-27398,491,5544,13,99,0,63 target=-32763,2424,-643,0,230,236,17
elapsed=30348 source=0576 action=contract pose=-27480,520,5450,13,99,0,63 target=-32763,2424,-643,0,230,236,17
elapsed=30348 source=0576 action=contract pose=-27562,549,5356,13,99,0,63 target=-32763,2424,-643,0,230,236,17
elapsed=30348 source=0576 action=face-immediate pose=-27644,578,5262,13,99,0,63 target=-32763,2424,-643,0,230,236,17
elapsed=30348 source=0576 action=advance-homing pose=-27644,578,5262,13,99,0,63 target=-32763,2424,-643,0,230,236,17
elapsed=30352 source=0576 action=contract pose=-27792,654,5086,13,99,0,63 target=-32752,2424,-623,0,234,242,16
elapsed=30352 source=0576 action=contract pose=-27874,683,4992,13,99,0,63 target=-32752,2424,-623,0,234,242,16
elapsed=30352 source=0576 action=contract pose=-27956,711,4898,13,99,0,63 target=-32752,2424,-623,0,234,242,16
elapsed=30352 source=0576 action=face-immediate pose=-28038,740,4804,13,99,0,63 target=-32752,2424,-623,0,234,242,16
elapsed=30352 source=0576 action=advance-homing pose=-28038,740,4804,13,99,0,63 target=-32752,2424,-623,0,234,242,16
elapsed=30357 source=0576 action=contract pose=-28186,816,4628,13,99,0,63 target=-32745,2422,-602,254,239,246,16
elapsed=30357 source=0576 action=contract pose=-28268,844,4534,13,99,0,63 target=-32745,2422,-602,254,239,246,16
elapsed=30357 source=0576 action=contract pose=-28350,872,4440,13,99,0,63 target=-32745,2422,-602,254,239,246,16
elapsed=30357 source=0576 action=face-immediate pose=-28432,900,4346,13,99,0,63 target=-32745,2422,-602,254,239,246,16
elapsed=30357 source=0576 action=advance-homing pose=-28432,900,4346,13,99,0,63 target=-32745,2422,-602,254,239,246,16
elapsed=30361 source=0576 action=contract pose=-28580,976,4170,13,99,0,63 target=-32741,2417,-582,253,243,250,15
elapsed=30361 source=0576 action=contract pose=-28662,1004,4076,13,99,0,63 target=-32741,2417,-582,253,243,250,15
elapsed=30361 source=0576 action=contract pose=-28744,1032,3982,13,99,0,63 target=-32741,2417,-582,253,243,250,15
elapsed=30361 source=0576 action=face-immediate pose=-28826,1060,3888,13,99,0,63 target=-32741,2417,-582,253,243,250,15
elapsed=30361 source=0576 action=advance-homing pose=-28826,1060,3888,13,99,0,63 target=-32741,2417,-582,253,243,250,15
elapsed=30366 source=0576 action=contract pose=-28974,1136,3712,13,99,0,63 target=-32740,2411,-563,251,248,253,15
elapsed=30366 source=0576 action=contract pose=-29057,1163,3618,13,99,0,63 target=-32740,2411,-563,251,248,253,15
elapsed=30366 source=0576 action=contract pose=-29140,1190,3524,13,99,0,63 target=-32740,2411,-563,251,248,253,15
elapsed=30366 source=0576 action=face-immediate pose=-29223,1217,3430,13,99,0,63 target=-32740,2411,-563,251,248,253,15
elapsed=30366 source=0576 action=advance-homing pose=-29223,1217,3430,13,99,0,63 target=-32740,2411,-563,251,248,253,15
elapsed=30370 source=0576 action=contract pose=-29371,1293,3254,13,99,0,63 target=-32740,2404,-547,248,252,0,14
elapsed=30370 source=0576 action=contract pose=-29454,1320,3160,13,99,0,63 target=-32740,2404,-547,248,252,0,14
elapsed=30370 source=0576 action=contract pose=-29537,1347,3066,13,99,0,63 target=-32740,2404,-547,248,252,0,14
elapsed=30370 source=0576 action=face-immediate pose=-29620,1374,2972,13,99,0,63 target=-32740,2404,-547,248,252,0,14
elapsed=30370 source=0576 action=advance-homing pose=-29620,1374,2972,12,99,0,63 target=-32740,2404,-547,248,252,0,14
elapsed=30375 source=0576 action=contract pose=-29768,1442,2796,12,99,0,63 target=-32740,2396,-532,246,1,3,14
elapsed=30375 source=0576 action=contract pose=-29851,1468,2703,12,99,0,63 target=-32740,2396,-532,246,1,3,14
elapsed=30375 source=0576 action=contract pose=-29934,1494,2610,12,99,0,63 target=-32740,2396,-532,246,1,3,14
elapsed=30375 source=0576 action=face-immediate pose=-30017,1520,2517,12,99,0,63 target=-32740,2396,-532,246,1,3,14
elapsed=30375 source=0576 action=advance-homing pose=-30017,1520,2517,12,99,0,63 target=-32740,2396,-532,246,1,3,14
elapsed=30379 source=0576 action=contract pose=-30165,1588,2341,12,99,0,63 target=-32740,2388,-519,243,5,5,13
elapsed=30379 source=0576 action=contract pose=-30249,1613,2248,12,99,0,63 target=-32740,2388,-519,243,5,5,13
elapsed=30379 source=0576 action=contract pose=-30333,1638,2155,12,99,0,63 target=-32740,2388,-519,243,5,5,13
elapsed=30379 source=0576 action=face-immediate pose=-30417,1663,2062,12,99,0,63 target=-32740,2388,-519,243,5,5,13
elapsed=30379 source=0576 action=advance-homing pose=-30417,1663,2062,12,99,0,63 target=-32740,2388,-519,243,5,5,13
elapsed=30383 source=0576 action=contract pose=-30565,1731,1886,12,99,0,63 target=-32742,2379,-508,241,10,8,13
elapsed=30383 source=0576 action=contract pose=-30649,1755,1793,12,99,0,63 target=-32742,2379,-508,241,10,8,13
elapsed=30383 source=0576 action=contract pose=-30734,1779,1700,12,99,0,63 target=-32742,2379,-508,241,10,8,13
elapsed=30383 source=0576 action=face-immediate pose=-30818,1804,1607,12,99,0,63 target=-32742,2379,-508,241,10,8,13
elapsed=30383 source=0576 action=advance-homing pose=-30818,1804,1607,11,99,0,63 target=-32742,2379,-508,241,10,8,13
elapsed=30387 source=0576 action=contract pose=-30970,1868,1431,11,99,0,63 target=-32748,2361,-488,238,14,10,15
elapsed=30387 source=0576 action=contract pose=-31055,1891,1339,11,99,0,63 target=-32748,2361,-488,238,14,10,15
elapsed=30387 source=0576 action=contract pose=-31140,1914,1247,11,99,0,63 target=-32748,2361,-488,238,14,10,15
elapsed=30387 source=0576 action=face-immediate pose=-31225,1937,1155,11,99,0,63 target=-32748,2361,-488,238,14,10,15
elapsed=30387 source=0576 action=advance-homing pose=-31225,1937,1155,11,98,0,63 target=-32748,2361,-488,238,14,10,15
elapsed=30391 source=0576 action=contract pose=-31381,2001,983,11,98,0,63 target=-32762,2335,-461,236,19,13,16
elapsed=30391 source=0576 action=contract pose=-31468,2021,892,11,98,0,63 target=-32762,2335,-461,236,19,13,16
elapsed=30391 source=0576 action=contract pose=-31555,2042,801,11,98,0,63 target=-32762,2335,-461,236,19,13,16
elapsed=30391 source=0576 action=face-immediate pose=-31642,2063,710,11,98,0,63 target=-32762,2335,-461,236,19,13,16
elapsed=30391 source=0576 action=advance-homing pose=-31642,2063,710,9,97,0,63 target=-32762,2335,-461,236,19,13,16
elapsed=30395 source=0576 action=contract pose=-31802,2115,542,9,97,0,63 target=32756,2301,-429,233,23,14,17
elapsed=30395 source=0576 action=contract pose=-31892,2131,453,9,97,0,63 target=32756,2301,-429,233,23,14,17
elapsed=30395 source=0576 action=contract pose=-31982,2148,364,9,97,0,63 target=32756,2301,-429,233,23,14,17
elapsed=30395 source=0576 action=face-immediate pose=-32072,2165,275,9,97,0,63 target=32756,2301,-429,233,23,14,17
elapsed=30395 source=0576 action=advance-homing pose=-32072,2165,275,8,96,0,63 target=32756,2301,-429,233,23,14,17
elapsed=30399 source=0576 action=face-immediate pose=-32236,2209,111,8,96,0,63 target=32738,2278,-393,231,19,10,17
elapsed=30399 source=0576 action=set-cruise-speed pose=-32236,2209,111,5,94,0,63 target=32738,2278,-393,231,19,10,17
elapsed=30399 source=0576 action=advance-aim pose=-32236,2209,111,5,94,0,63 target=32738,2278,-393,231,19,10,17
elapsed=30399 source=0576 action=face-smooth pose=-32416,2237,-49,5,94,0,63 target=32738,2278,-393,231,19,10,17
elapsed=30402 source=0576 action=advance-aim pose=-32416,2237,-49,4,94,0,63 target=32726,2264,-356,228,14,6,16
elapsed=30406 source=0576 action=advance-cruise pose=-32596,2257,-209,4,94,0,63 target=31824,-3886,6593,227,6,3,16
