# Compact oracle evidence for the final pursuer sortie hostile projectiles.
# Raw source SHA-256: 228ee4e077820e0eebd4ba60f4348e817e96e34868b8e7cc319a56a5bbfc9853
# Source path addresses and opaque actor storage were reduced to gameplay operations.
elapsed=134159 source=04F8 action=set-cruise-speed pose=3252,-3268,7664,24,122,0,30 target=2092,0,192,0,189,0,23
elapsed=134159 source=04F8 action=contract pose=3252,-3268,7664,24,122,0,63 target=2092,0,192,0,189,0,23
elapsed=134159 source=04F8 action=contract pose=3233,-3218,7548,24,122,0,63 target=2092,0,192,0,189,0,23
elapsed=134159 source=04F8 action=contract pose=3214,-3168,7432,24,122,0,63 target=2092,0,192,0,189,0,23
elapsed=134159 source=04F8 action=face-immediate pose=3195,-3118,7316,24,122,0,63 target=2092,0,192,0,189,0,23
elapsed=134159 source=04F8 action=advance-homing pose=3195,-3118,7316,24,122,0,63 target=2092,0,192,0,189,0,23
elapsed=134162 source=04F8 action=contract pose=3171,-2982,7116,24,122,0,63 target=2113,0,192,0,189,255,23
elapsed=134162 source=04F8 action=contract pose=3153,-2933,6999,24,122,0,63 target=2113,0,192,0,189,255,23
elapsed=134162 source=04F8 action=contract pose=3135,-2884,6883,24,122,0,63 target=2113,0,192,0,189,255,23
elapsed=134162 source=04F8 action=face-immediate pose=3117,-2835,6766,24,122,0,63 target=2113,0,192,0,189,255,23
elapsed=134162 source=04F8 action=advance-homing pose=3117,-2835,6766,24,122,0,63 target=2113,0,192,0,189,255,23
elapsed=134166 source=04F8 action=contract pose=3093,-2699,6566,24,122,0,63 target=2134,0,192,0,189,254,23
elapsed=134166 source=04F8 action=contract pose=3075,-2650,6449,24,122,0,63 target=2134,0,192,0,189,254,23
elapsed=134166 source=04F8 action=contract pose=3057,-2601,6332,24,122,0,63 target=2134,0,192,0,189,254,23
elapsed=134166 source=04F8 action=face-immediate pose=3039,-2552,6215,24,122,0,63 target=2134,0,192,0,189,254,23
elapsed=134166 source=04F8 action=advance-homing pose=3039,-2552,6215,24,122,0,63 target=2134,0,192,0,189,254,23
elapsed=134169 source=04F8 action=contract pose=3015,-2416,6015,24,122,0,63 target=2155,0,192,0,189,254,23
elapsed=134169 source=04F8 action=contract pose=2997,-2368,5898,24,122,0,63 target=2155,0,192,0,189,254,23
elapsed=134169 source=04F8 action=contract pose=2979,-2320,5781,24,122,0,63 target=2155,0,192,0,189,254,23
elapsed=134169 source=04F8 action=face-immediate pose=2961,-2272,5664,24,122,0,63 target=2155,0,192,0,189,254,23
elapsed=134169 source=04F8 action=advance-homing pose=2961,-2272,5664,24,123,0,63 target=2155,0,192,0,189,254,23
elapsed=134173 source=04F8 action=contract pose=2941,-2136,5464,24,123,0,63 target=2176,0,192,0,189,253,23
elapsed=134173 source=04F8 action=contract pose=2923,-2089,5347,24,123,0,63 target=2176,0,192,0,189,253,23
elapsed=134173 source=04F8 action=contract pose=2905,-2042,5230,24,123,0,63 target=2176,0,192,0,189,253,23
elapsed=134173 source=04F8 action=face-immediate pose=2887,-1995,5112,24,123,0,63 target=2176,0,192,0,189,253,23
elapsed=134173 source=04F8 action=advance-homing pose=2887,-1995,5112,23,123,0,63 target=2176,0,192,0,189,253,23
elapsed=134176 source=04F8 action=contract pose=2867,-1867,4908,23,123,0,63 target=2197,0,192,0,189,253,23
elapsed=134176 source=04F8 action=contract pose=2850,-1821,4790,23,123,0,63 target=2197,0,192,0,189,253,23
elapsed=134176 source=04F8 action=contract pose=2833,-1775,4672,23,123,0,63 target=2197,0,192,0,189,253,23
elapsed=134176 source=04F8 action=face-immediate pose=2816,-1729,4554,23,123,0,63 target=2197,0,192,0,189,253,23
elapsed=134176 source=04F8 action=advance-homing pose=2816,-1729,4554,23,123,0,63 target=2197,0,192,0,189,253,23
elapsed=134179 source=04F8 action=contract pose=2796,-1601,4350,23,123,0,63 target=2218,0,192,0,189,252,23
elapsed=134179 source=04F8 action=contract pose=2779,-1556,4232,23,123,0,63 target=2218,0,192,0,189,252,23
elapsed=134180 source=04F8 action=contract pose=2762,-1511,4114,23,123,0,63 target=2218,0,192,0,189,252,23
elapsed=134180 source=04F8 action=face-immediate pose=2745,-1466,3996,23,123,0,63 target=2218,0,192,0,189,252,23
elapsed=134180 source=04F8 action=advance-homing pose=2745,-1466,3996,22,123,0,63 target=2218,0,192,0,189,252,23
elapsed=134183 source=04F8 action=contract pose=2725,-1342,3788,22,123,0,63 target=2239,0,192,0,189,252,23
elapsed=134183 source=04F8 action=contract pose=2708,-1298,3669,22,123,0,63 target=2239,0,192,0,189,252,23
elapsed=134183 source=04F8 action=contract pose=2691,-1254,3550,22,123,0,63 target=2239,0,192,0,189,252,23
elapsed=134183 source=04F8 action=face-immediate pose=2675,-1210,3431,22,123,0,63 target=2239,0,192,0,189,252,23
elapsed=134183 source=04F8 action=advance-homing pose=2675,-1210,3431,22,123,0,63 target=2239,0,192,0,189,252,23
elapsed=134187 source=0672 action=set-cruise-speed pose=3052,-2112,5868,22,123,0,30 target=2260,0,192,0,189,252,23
elapsed=134187 source=0672 action=contract pose=3052,-2112,5868,22,123,0,63 target=2260,0,192,0,189,252,23
elapsed=134187 source=0672 action=contract pose=3035,-2069,5749,22,123,0,63 target=2260,0,192,0,189,252,23
elapsed=134187 source=0672 action=contract pose=3018,-2026,5630,22,123,0,63 target=2260,0,192,0,189,252,23
elapsed=134187 source=0672 action=face-immediate pose=3001,-1982,5511,22,123,0,63 target=2260,0,192,0,189,252,23
elapsed=134187 source=0672 action=advance-homing pose=3001,-1982,5511,22,123,0,63 target=2260,0,192,0,189,252,23
elapsed=134187 source=04F8 action=contract pose=2655,-1086,3223,22,123,0,63 target=2260,0,192,0,189,252,23
elapsed=134187 source=04F8 action=contract pose=2639,-1044,3104,22,123,0,63 target=2260,0,192,0,189,252,23
elapsed=134187 source=04F8 action=contract pose=2623,-1002,2985,22,123,0,63 target=2260,0,192,0,189,252,23
elapsed=134187 source=04F8 action=face-immediate pose=2607,-960,2866,22,123,0,63 target=2260,0,192,0,189,252,23
elapsed=134187 source=04F8 action=advance-homing pose=2607,-960,2866,21,123,0,63 target=2260,0,192,0,189,252,23
elapsed=134190 source=0672 action=contract pose=2981,-1858,5303,22,123,0,63 target=2281,0,192,0,189,252,23
elapsed=134191 source=0672 action=contract pose=2964,-1815,5184,22,123,0,63 target=2281,0,192,0,189,252,23
elapsed=134191 source=0672 action=contract pose=2947,-1772,5065,22,123,0,63 target=2281,0,192,0,189,252,23
elapsed=134191 source=0672 action=face-immediate pose=2930,-1729,4946,22,123,0,63 target=2281,0,192,0,189,252,23
elapsed=134191 source=0672 action=advance-homing pose=2930,-1729,4946,21,123,0,63 target=2281,0,192,0,189,252,23
elapsed=134191 source=04F8 action=contract pose=2583,-840,2654,21,123,0,63 target=2281,0,192,0,189,252,23
elapsed=134191 source=04F8 action=contract pose=2568,-800,2534,21,123,0,63 target=2281,0,192,0,189,252,23
elapsed=134191 source=04F8 action=contract pose=2553,-760,2414,21,123,0,63 target=2281,0,192,0,189,252,23
elapsed=134191 source=04F8 action=face-immediate pose=2538,-720,2294,21,123,0,63 target=2281,0,192,0,189,252,23
elapsed=134191 source=04F8 action=advance-homing pose=2538,-720,2294,20,124,0,63 target=2281,0,192,0,189,252,23
elapsed=134194 source=0672 action=contract pose=2906,-1609,4734,21,123,0,63 target=2302,0,192,0,189,253,23
elapsed=134194 source=0672 action=contract pose=2890,-1567,4614,21,123,0,63 target=2302,0,192,0,189,253,23
elapsed=134194 source=0672 action=contract pose=2874,-1525,4494,21,123,0,63 target=2302,0,192,0,189,253,23
elapsed=134194 source=0672 action=face-immediate pose=2858,-1483,4374,21,123,0,63 target=2302,0,192,0,189,253,23
elapsed=134194 source=0672 action=advance-homing pose=2858,-1483,4374,21,123,0,63 target=2302,0,192,0,189,253,23
elapsed=134194 source=04F8 action=contract pose=2522,-604,2078,20,124,0,63 target=2302,0,192,0,189,253,23
elapsed=134195 source=04F8 action=contract pose=2507,-566,1957,20,124,0,63 target=2302,0,192,0,189,253,23
elapsed=134195 source=04F8 action=contract pose=2492,-528,1836,20,124,0,63 target=2302,0,192,0,189,253,23
elapsed=134195 source=04F8 action=face-immediate pose=2478,-490,1715,20,124,0,63 target=2302,0,192,0,189,253,23
elapsed=134195 source=04F8 action=advance-homing pose=2478,-490,1715,19,124,0,63 target=2302,0,192,0,189,253,23
elapsed=134198 source=0672 action=contract pose=2834,-1363,4162,21,123,0,63 target=2323,0,192,0,189,253,23
elapsed=134198 source=0672 action=contract pose=2818,-1323,4042,21,123,0,63 target=2323,0,192,0,189,253,23
elapsed=134198 source=0672 action=contract pose=2802,-1283,3922,21,123,0,63 target=2323,0,192,0,189,253,23
elapsed=134198 source=0672 action=face-immediate pose=2786,-1242,3802,21,123,0,63 target=2323,0,192,0,189,253,23
elapsed=134198 source=0672 action=advance-homing pose=2786,-1242,3802,20,123,0,63 target=2323,0,192,0,189,253,23
elapsed=134198 source=04F8 action=contract pose=2462,-378,1499,19,124,0,63 target=2323,0,192,0,189,253,23
elapsed=134198 source=04F8 action=contract pose=2449,-343,1377,19,124,0,63 target=2323,0,192,0,189,253,23
elapsed=134198 source=04F8 action=contract pose=2436,-308,1255,19,124,0,63 target=2323,0,192,0,189,253,23
elapsed=134198 source=04F8 action=face-immediate pose=2423,-273,1133,19,124,0,63 target=2323,0,192,0,189,253,23
elapsed=134198 source=04F8 action=advance-homing pose=2423,-273,1133,18,124,0,63 target=2323,0,192,0,189,253,23
elapsed=134202 source=0672 action=contract pose=2762,-1126,3586,20,123,0,63 target=2344,0,192,0,189,254,23
elapsed=134202 source=0672 action=contract pose=2747,-1087,3465,20,123,0,63 target=2344,0,192,0,189,254,23
elapsed=134202 source=0672 action=contract pose=2732,-1048,3345,20,123,0,63 target=2344,0,192,0,189,254,23
elapsed=134202 source=0672 action=face-immediate pose=2717,-1009,3224,20,123,0,63 target=2344,0,192,0,189,254,23
elapsed=134202 source=0672 action=advance-homing pose=2717,-1009,3224,20,124,0,63 target=2344,0,192,0,189,254,23
elapsed=134202 source=04F8 action=face-immediate pose=2407,-169,913,18,124,0,63 target=2344,0,192,0,189,254,23
elapsed=134202 source=04F8 action=set-cruise-speed pose=2407,-169,913,15,125,0,63 target=2344,0,192,0,189,254,23
elapsed=134202 source=04F8 action=advance-aim pose=2407,-169,913,15,125,0,63 target=2344,0,192,0,189,254,23
elapsed=134202 source=04F8 action=face-smooth pose=2395,-81,685,15,125,0,63 target=2344,0,192,0,189,254,23
elapsed=134206 source=0672 action=contract pose=2701,-893,3008,20,124,0,63 target=2365,0,192,0,189,254,23
elapsed=134206 source=0672 action=contract pose=2686,-855,2887,20,124,0,63 target=2365,0,192,0,189,254,23
elapsed=134206 source=0672 action=contract pose=2671,-817,2766,20,124,0,63 target=2365,0,192,0,189,254,23
elapsed=134206 source=0672 action=face-immediate pose=2656,-779,2645,20,124,0,63 target=2365,0,192,0,189,254,23
elapsed=134206 source=0672 action=advance-homing pose=2656,-779,2645,19,124,0,63 target=2365,0,192,0,189,254,23
elapsed=134206 source=04F8 action=advance-aim pose=2395,-81,685,14,124,0,63 target=2365,0,192,0,189,254,23
elapsed=134209 source=0672 action=contract pose=2640,-667,2429,19,124,0,63 target=2386,0,192,0,189,255,23
elapsed=134209 source=0672 action=contract pose=2626,-631,2307,19,124,0,63 target=2386,0,192,0,189,255,23
elapsed=134209 source=0672 action=contract pose=2612,-595,2185,19,124,0,63 target=2386,0,192,0,189,255,23
elapsed=134209 source=0672 action=face-immediate pose=2598,-559,2063,19,124,0,63 target=2386,0,192,0,189,255,23
elapsed=134209 source=0672 action=advance-homing pose=2598,-559,2063,18,124,0,63 target=2386,0,192,0,189,255,23
elapsed=134209 source=04F8 action=advance-aim pose=2379,-1,457,14,124,0,63 target=2386,0,192,0,189,255,23
elapsed=134209 source=04F8 action=face-smooth pose=2363,79,229,14,124,0,63 target=2386,0,192,0,189,255,23
elapsed=134213 source=0672 action=contract pose=2582,-455,1843,18,124,0,63 target=2407,0,192,0,189,0,23
elapsed=134213 source=0672 action=contract pose=2569,-422,1721,18,124,0,63 target=2407,0,192,0,189,0,23
elapsed=134213 source=0672 action=contract pose=2556,-389,1599,18,124,0,63 target=2407,0,192,0,189,0,23
elapsed=134213 source=0672 action=face-immediate pose=2543,-356,1477,18,124,0,63 target=2407,0,192,0,189,0,23
elapsed=134213 source=0672 action=advance-homing pose=2543,-356,1477,17,124,0,63 target=2407,0,192,0,189,0,23
elapsed=134213 source=04F8 action=advance-aim pose=2363,79,229,254,130,0,63 target=2407,0,192,0,189,0,23
elapsed=134217 source=06B1 action=set-cruise-speed pose=2872,-1088,3984,17,124,0,30 target=2428,0,192,0,189,1,23
elapsed=134217 source=06B1 action=contract pose=2872,-1088,3984,17,124,0,63 target=2428,0,192,0,189,1,23
elapsed=134217 source=06B1 action=contract pose=2857,-1054,3862,17,124,0,63 target=2428,0,192,0,189,1,23
elapsed=134217 source=06B1 action=contract pose=2842,-1020,3740,17,124,0,63 target=2428,0,192,0,189,1,23
elapsed=134217 source=06B1 action=face-immediate pose=2827,-986,3618,17,124,0,63 target=2428,0,192,0,189,1,23
elapsed=134217 source=06B1 action=advance-homing pose=2827,-986,3618,17,124,0,63 target=2428,0,192,0,189,1,23
elapsed=134217 source=0672 action=contract pose=2527,-256,1253,17,124,0,63 target=2428,0,192,0,189,1,23
elapsed=134217 source=0672 action=contract pose=2515,-227,1129,17,124,0,63 target=2428,0,192,0,189,1,23
elapsed=134217 source=0672 action=contract pose=2503,-198,1006,17,124,0,63 target=2428,0,192,0,189,1,23
elapsed=134217 source=0672 action=face-immediate pose=2491,-169,883,17,124,0,63 target=2428,0,192,0,189,1,23
elapsed=134218 source=0672 action=advance-homing pose=2491,-169,883,15,125,0,63 target=2428,0,192,0,189,1,23
elapsed=134218 source=04F8 action=advance-cruise pose=2367,71,-15,254,130,0,63 target=2428,0,192,0,189,1,23
elapsed=134221 source=06B1 action=contract pose=2811,-886,3394,17,124,0,63 target=2449,0,192,0,189,2,23
elapsed=134221 source=06B1 action=contract pose=2797,-853,3272,17,124,0,63 target=2449,0,192,0,189,2,23
elapsed=134221 source=06B1 action=contract pose=2783,-820,3150,17,124,0,63 target=2449,0,192,0,189,2,23
elapsed=134221 source=06B1 action=face-immediate pose=2769,-787,3028,17,124,0,63 target=2449,0,192,0,189,2,23
elapsed=134221 source=06B1 action=advance-homing pose=2769,-787,3028,17,124,0,63 target=2449,0,192,0,189,2,23
elapsed=134221 source=0672 action=face-immediate pose=2479,-81,655,15,125,0,63 target=2449,0,192,0,189,2,23
elapsed=134221 source=0672 action=set-cruise-speed pose=2479,-81,655,11,126,0,63 target=2449,0,192,0,189,2,23
elapsed=134221 source=0672 action=advance-aim pose=2479,-81,655,11,126,0,63 target=2449,0,192,0,189,2,23
elapsed=134222 source=04F8 action=advance-cruise pose=2371,63,-259,254,130,0,63 target=2449,0,192,0,189,2,23
elapsed=134225 source=06B1 action=contract pose=2753,-687,2804,17,124,0,63 target=2470,0,192,0,189,2,23
elapsed=134225 source=06B1 action=contract pose=2739,-655,2681,17,124,0,63 target=2470,0,192,0,189,2,23
elapsed=134225 source=06B1 action=contract pose=2725,-623,2558,17,124,0,63 target=2470,0,192,0,189,2,23
elapsed=134225 source=06B1 action=face-immediate pose=2711,-591,2435,17,124,0,63 target=2470,0,192,0,189,2,23
elapsed=134225 source=06B1 action=advance-homing pose=2711,-591,2435,16,124,0,63 target=2470,0,192,0,189,2,23
elapsed=134225 source=0672 action=advance-aim pose=2475,-17,419,11,126,0,63 target=2470,0,192,0,189,2,23
elapsed=134225 source=04F8 action=advance-cruise pose=2375,55,-503,254,130,0,63 target=2470,0,192,0,189,2,23
elapsed=134229 source=06B1 action=contract pose=2695,-499,2211,16,124,0,63 target=2491,0,192,0,189,3,23
elapsed=134229 source=06B1 action=contract pose=2682,-469,2088,16,124,0,63 target=2491,0,192,0,189,3,23
elapsed=134229 source=06B1 action=contract pose=2669,-439,1965,16,124,0,63 target=2491,0,192,0,189,3,23
elapsed=134229 source=06B1 action=face-immediate pose=2656,-409,1842,16,124,0,63 target=2491,0,192,0,189,3,23
elapsed=134229 source=06B1 action=advance-homing pose=2656,-409,1842,15,125,0,63 target=2491,0,192,0,189,3,23
elapsed=134229 source=0672 action=advance-cruise pose=2471,47,183,11,126,0,63 target=2491,0,192,0,189,3,23
elapsed=134229 source=04F8 action=advance-cruise pose=2379,47,-747,254,130,0,63 target=2491,0,192,0,189,3,23
elapsed=134233 source=06B1 action=contract pose=2644,-321,1614,15,125,0,63 target=2512,0,192,0,189,3,23
elapsed=134233 source=06B1 action=contract pose=2632,-294,1490,15,125,0,63 target=2512,0,192,0,189,3,23
elapsed=134233 source=06B1 action=contract pose=2620,-267,1366,15,125,0,63 target=2512,0,192,0,189,3,23
elapsed=134233 source=06B1 action=face-immediate pose=2608,-239,1242,15,125,0,63 target=2512,0,192,0,189,3,23
elapsed=134233 source=06B1 action=advance-homing pose=2608,-239,1242,14,125,0,63 target=2512,0,192,0,189,3,23
elapsed=134233 source=04F8 action=advance-cruise pose=2383,39,-991,254,130,0,63 target=2512,0,192,0,189,3,23
elapsed=134236 source=06B1 action=face-immediate pose=2596,-159,1014,14,125,0,63 target=2533,0,192,0,189,4,23
elapsed=134236 source=06B1 action=set-cruise-speed pose=2596,-159,1014,12,125,0,63 target=2533,0,192,0,189,4,23
elapsed=134236 source=06B1 action=advance-aim pose=2596,-159,1014,12,125,0,63 target=2533,0,192,0,189,4,23
elapsed=134236 source=04F8 action=advance-cruise pose=2387,31,-1235,254,130,0,63 target=2533,0,192,0,189,4,23
elapsed=134239 source=06B1 action=advance-aim pose=2584,-91,782,12,125,0,63 target=2554,0,192,0,189,4,23
elapsed=134240 source=06B1 action=face-smooth pose=2572,-23,550,12,125,0,63 target=2554,0,192,0,189,4,23
elapsed=134240 source=04F8 action=advance-cruise pose=2391,23,-1479,254,130,0,63 target=2554,0,192,0,189,4,23
elapsed=134243 source=06B1 action=advance-aim pose=2572,-23,550,10,126,0,63 target=2575,0,192,0,189,4,23
elapsed=134243 source=04F8 action=advance-cruise pose=2395,15,-1723,254,130,0,63 target=2575,0,192,0,189,4,23
elapsed=134246 source=06B1 action=advance-aim pose=2568,33,314,10,126,0,63 target=2596,0,192,0,189,4,23
elapsed=134246 source=04F8 action=advance-cruise pose=2399,7,-1967,254,130,0,63 target=2596,0,192,0,189,4,23
elapsed=134250 source=06B1 action=advance-cruise pose=2564,89,78,10,126,0,63 target=2617,0,192,0,189,3,23
elapsed=134250 source=04F8 action=advance-cruise pose=2403,-1,-2211,254,130,0,63 target=2617,0,192,0,189,3,23
elapsed=134253 source=04F8 action=advance-cruise pose=2407,-9,-2455,254,130,0,63 target=2638,0,192,0,189,3,23
elapsed=134256 source=04F8 action=advance-cruise pose=2411,-17,-2699,254,130,0,63 target=2659,0,192,0,189,2,23
elapsed=134259 source=04F8 action=advance-cruise pose=2415,-25,-2943,254,130,0,63 target=2680,0,192,0,189,2,23
elapsed=134263 source=04F8 action=advance-cruise pose=2419,-33,-3187,254,130,0,63 target=2701,0,192,0,189,1,23
elapsed=134266 source=04F8 action=advance-cruise pose=2423,-41,-3431,254,130,0,63 target=2722,0,192,0,189,0,23
