# Compact Mesen oracle evidence for the final pursuer duel.
# Raw source SHA-256: aa08aa6c14fc12849e535c9f28606f8cd3a8abb5f7625d76d2bebce1e42990d2
# return_retail_frame=893
# map_ready_retail_frame=895
retail_frame=0 camera=0,0,0,0,0,0 player=1325,0,566,0,206,253,23 wingmate=10029,0,3638,0,206,253,23 rival=- projectiles=-
retail_frame=4 camera=0,0,0,0,0,0 player=1325,0,566,0,206,253,23 wingmate=10029,0,3638,0,206,253,23 rival=- projectiles=-
retail_frame=8 camera=0,0,0,0,0,0 player=1325,0,566,0,206,253,23 wingmate=10029,0,3638,0,206,253,23 rival=- projectiles=-
retail_frame=12 camera=0,0,0,0,0,0 player=1325,0,566,0,206,253,23 wingmate=10029,0,3638,0,206,253,23 rival=- projectiles=-
retail_frame=16 camera=0,0,0,0,0,0 player=1325,0,566,0,206,253,23 wingmate=10029,0,3638,0,206,253,23 rival=- projectiles=-
retail_frame=20 camera=0,0,0,0,0,0 player=1325,0,566,0,206,253,23 wingmate=10029,0,3638,0,206,253,23 rival=- projectiles=-
retail_frame=24 camera=0,0,0,0,0,0 player=1325,0,566,0,206,253,23 wingmate=10029,0,3638,0,206,253,23 rival=- projectiles=-
retail_frame=28 camera=0,0,0,0,0,0 player=1325,0,566,0,206,253,23 wingmate=10029,0,3638,0,206,253,23 rival=- projectiles=-
retail_frame=32 camera=0,0,0,0,0,0 player=1325,0,566,0,206,253,23 wingmate=10029,0,3638,0,206,253,23 rival=- projectiles=-
retail_frame=36 camera=0,0,0,0,0,0 player=1325,0,566,0,206,253,23 wingmate=10029,0,3638,0,206,253,23 rival=- projectiles=-
retail_frame=40 camera=0,0,0,0,0,0 player=148,0,192,0,192,0,0 wingmate=140,0,192,0,0,0,0 rival=- projectiles=-
retail_frame=44 camera=0,0,0,0,0,0 player=148,0,192,0,192,0,0 wingmate=140,0,192,0,0,0,0 rival=- projectiles=-
retail_frame=48 camera=0,0,0,0,0,0 player=148,0,192,0,192,0,0 wingmate=140,0,192,0,0,0,0 rival=- projectiles=-
retail_frame=52 camera=0,0,0,0,0,0 player=148,0,192,0,192,0,0 wingmate=140,0,192,0,0,0,0 rival=- projectiles=-
retail_frame=56 camera=0,0,0,0,0,0 player=148,0,192,0,192,0,0 wingmate=140,0,192,0,0,0,0 rival=0,0,0,0,0,0,0 projectiles=-
retail_frame=60 camera=0,0,0,0,0,0 player=148,0,192,0,192,0,0 wingmate=140,0,192,0,0,0,0 rival=0,0,0,0,0,0,0 projectiles=-
retail_frame=64 camera=0,0,0,0,0,0 player=148,0,192,0,192,0,0 wingmate=140,0,192,0,0,0,0 rival=0,0,0,0,0,0,0 projectiles=-
retail_frame=68 camera=-32666,-32734,-32576,144,36,0 player=148,0,192,0,192,0,0 wingmate=140,0,192,0,0,0,0 rival=0,0,0,0,0,0,0 projectiles=-
retail_frame=72 camera=-32689,-32717,-32576,144,36,0 player=148,0,192,0,192,0,0 wingmate=140,0,192,0,0,0,0 rival=0,0,0,0,0,0,0 projectiles=-
retail_frame=76 camera=-32735,-32683,-32576,144,36,0 player=148,0,192,0,192,0,0 wingmate=140,0,192,0,0,0,0 rival=0,0,0,0,0,0,0 projectiles=-
retail_frame=80 camera=-32758,-32666,-32576,144,36,0 player=148,0,192,0,192,0,0 wingmate=140,0,192,0,0,0,0 rival=0,0,0,0,0,0,0 projectiles=-
retail_frame=84 camera=32755,-32649,-32576,144,36,0 player=148,0,192,0,192,0,0 wingmate=140,0,192,0,0,0,0 rival=0,0,0,0,0,0,0 projectiles=-
retail_frame=88 camera=32709,-32615,-32576,144,36,0 player=148,0,192,0,192,0,0 wingmate=140,0,192,0,0,0,0 rival=0,0,0,0,0,0,0 projectiles=-
retail_frame=92 camera=32686,-32598,-32576,144,36,0 player=148,0,192,0,192,0,0 wingmate=140,0,192,0,0,0,0 rival=0,0,0,0,0,0,0 projectiles=-
retail_frame=96 camera=32663,-32581,-32576,144,36,0 player=148,0,192,0,192,0,0 wingmate=140,0,192,0,0,0,0 rival=0,0,0,0,0,0,0 projectiles=-
retail_frame=100 camera=32617,-32547,-32576,144,36,0 player=148,0,192,0,192,0,0 wingmate=140,0,192,0,0,0,0 rival=0,0,0,0,0,0,0 projectiles=-
retail_frame=104 camera=32594,-32530,-32576,144,36,0 player=148,0,192,0,192,0,0 wingmate=140,0,192,0,0,0,0 rival=0,0,0,0,0,0,0 projectiles=-
retail_frame=108 camera=32571,-32513,-32576,144,36,0 player=148,0,192,0,192,0,0 wingmate=140,0,192,0,0,0,0 rival=0,0,0,0,0,0,0 projectiles=-
retail_frame=112 camera=32525,-32479,-32576,144,36,0 player=148,0,192,0,192,0,0 wingmate=140,0,192,0,0,0,0 rival=0,0,0,0,0,0,0 projectiles=-
retail_frame=116 camera=32502,-32462,-32576,144,36,0 player=148,0,192,0,192,0,0 wingmate=140,0,192,0,0,0,0 rival=0,0,0,0,0,0,0 projectiles=-
retail_frame=120 camera=32479,-32445,-32576,144,36,0 player=148,0,192,0,192,0,0 wingmate=140,0,192,0,0,0,0 rival=0,0,0,0,0,0,0 projectiles=-
retail_frame=124 camera=32433,-32411,-32576,144,36,0 player=148,0,192,0,192,0,0 wingmate=140,0,192,0,0,0,0 rival=0,0,0,0,0,0,0 projectiles=-
retail_frame=128 camera=32410,-32394,-32576,144,36,0 player=148,0,192,0,192,0,0 wingmate=140,0,192,0,0,0,0 rival=0,0,0,0,0,0,0 projectiles=-
retail_frame=132 camera=32364,-32360,-32576,144,36,0 player=148,0,192,0,192,0,0 wingmate=140,0,192,0,0,0,0 rival=0,0,0,0,0,0,0 projectiles=-
retail_frame=136 camera=32341,-32343,-32576,144,36,0 player=148,0,192,0,192,0,0 wingmate=140,0,192,0,0,0,0 rival=0,0,0,0,0,0,0 projectiles=-
retail_frame=140 camera=32318,-32326,-32576,144,36,0 player=148,0,192,0,192,0,0 wingmate=140,0,192,0,0,0,0 rival=0,0,0,0,0,0,0 projectiles=-
retail_frame=144 camera=32272,-32292,-32576,144,36,0 player=148,0,192,0,192,0,0 wingmate=140,0,192,0,0,0,0 rival=0,0,0,0,0,0,0 projectiles=-
retail_frame=148 camera=32249,-32275,-32576,144,36,0 player=148,0,192,0,192,0,0 wingmate=140,0,192,0,0,0,0 rival=0,0,0,0,0,0,0 projectiles=-
retail_frame=152 camera=32226,-32258,-32576,144,36,0 player=148,0,192,0,192,0,0 wingmate=140,0,192,0,0,0,0 rival=0,0,0,0,0,0,0 projectiles=-
retail_frame=156 camera=32180,-32224,-32576,144,36,0 player=148,0,192,0,192,0,0 wingmate=140,0,192,0,0,0,0 rival=0,0,0,0,0,0,0 projectiles=-
retail_frame=160 camera=32157,-32207,-32576,144,36,0 player=148,0,192,0,192,0,0 wingmate=140,0,192,0,0,0,0 rival=0,0,0,0,0,0,0 projectiles=-
retail_frame=164 camera=32134,-32190,-32576,144,36,0 player=148,0,192,0,192,0,0 wingmate=140,0,192,0,0,0,0 rival=0,0,0,0,0,0,0 projectiles=-
retail_frame=168 camera=32088,-32156,-32576,144,36,0 player=148,0,192,0,192,0,0 wingmate=140,0,192,0,0,0,0 rival=0,0,0,0,0,0,0 projectiles=-
retail_frame=172 camera=32065,-32139,-32576,144,36,0 player=148,0,192,0,192,0,0 wingmate=140,0,192,0,0,0,0 rival=0,0,0,0,0,0,0 projectiles=-
retail_frame=176 camera=32042,-32122,-32576,128,6,0 player=148,0,192,0,192,0,0 wingmate=140,0,192,0,0,0,0 rival=0,0,0,0,0,0,0 projectiles=-
retail_frame=180 camera=31996,-32088,-32576,128,242,0 player=148,0,192,0,192,0,0 wingmate=140,0,192,0,0,0,0 rival=0,0,0,0,0,0,0 projectiles=-
retail_frame=184 camera=31973,-32071,-32576,120,242,0 player=148,0,192,0,192,0,0 wingmate=140,0,192,0,0,0,0 rival=0,0,0,0,0,0,0 projectiles=-
retail_frame=188 camera=31950,-32054,-32576,120,212,0 player=148,0,192,0,192,0,0 wingmate=140,0,192,0,0,0,0 rival=0,0,0,0,0,0,0 projectiles=-
retail_frame=192 camera=31904,-32020,-32576,104,182,0 player=148,0,192,0,192,0,0 wingmate=140,0,192,0,0,0,0 rival=0,0,0,0,0,0,0 projectiles=-
retail_frame=196 camera=31881,-32003,-32576,104,182,0 player=148,0,192,0,192,0,0 wingmate=140,0,192,0,0,0,0 rival=0,0,0,0,0,0,0 projectiles=-
retail_frame=200 camera=31858,-31986,-32576,104,162,0 player=148,0,192,0,192,0,0 wingmate=140,0,192,0,0,0,0 rival=0,0,0,0,0,0,0 projectiles=-
retail_frame=204 camera=31812,-31952,-32576,88,112,0 player=148,0,192,0,192,0,0 wingmate=140,0,192,0,0,0,0 rival=0,0,0,0,0,0,0 projectiles=-
retail_frame=208 camera=31789,-31935,-32576,80,82,0 player=148,0,192,0,192,0,0 wingmate=140,0,192,0,0,0,0 rival=0,0,0,0,0,0,0 projectiles=-
retail_frame=212 camera=31766,-31918,-32576,64,62,0 player=148,0,192,0,192,0,0 wingmate=140,0,192,0,0,0,0 rival=0,0,0,0,0,0,0 projectiles=-
retail_frame=216 camera=31720,-31884,-32576,40,238,0 player=148,0,192,0,192,0,0 wingmate=140,0,192,0,0,0,0 rival=0,0,0,0,0,0,0 projectiles=-
retail_frame=220 camera=31697,-31867,-32576,32,188,0 player=148,0,192,0,192,0,0 wingmate=140,0,192,0,0,0,0 rival=0,0,0,0,0,0,0 projectiles=-
retail_frame=224 camera=31674,-31850,-32576,8,118,0 player=148,0,192,0,192,0,0 wingmate=140,0,192,0,0,0,0 rival=0,0,0,0,0,0,0 projectiles=-
retail_frame=228 camera=31628,-31816,-32576,224,214,0 player=148,0,192,0,192,0,0 wingmate=140,0,192,0,0,0,0 rival=0,0,0,0,0,0,0 projectiles=-
retail_frame=232 camera=31605,-31799,-32576,192,114,0 player=148,0,192,0,192,0,0 wingmate=140,0,192,0,0,0,0 rival=0,0,0,0,0,0,0 projectiles=-
retail_frame=236 camera=31582,-31782,-32576,168,14,0 player=148,0,192,0,192,0,0 wingmate=140,0,192,0,0,0,0 rival=0,0,0,0,0,0,0 projectiles=-
retail_frame=240 camera=31536,-31748,-32576,80,236,0 player=148,0,192,0,192,0,0 wingmate=140,0,192,0,0,0,0 rival=0,0,0,0,0,0,0 projectiles=-
retail_frame=244 camera=31513,-31731,-32576,16,36,0 player=148,0,192,0,192,0,0 wingmate=140,0,192,0,0,0,0 rival=0,0,0,0,0,0,0 projectiles=-
retail_frame=248 camera=31490,-31714,-32576,216,82,0 player=148,0,192,0,192,0,0 wingmate=140,0,192,0,0,0,0 rival=0,0,0,0,0,0,0 projectiles=-
retail_frame=252 camera=31444,-31680,-32576,64,34,0 player=148,0,192,0,192,0,0 wingmate=140,0,192,0,0,0,0 rival=0,0,0,0,0,0,0 projectiles=-
retail_frame=256 camera=31421,-31663,-32576,176,216,0 player=148,0,192,0,192,0,0 wingmate=140,0,192,0,0,0,0 rival=0,0,0,0,0,0,0 projectiles=-
retail_frame=260 camera=31398,-31646,-32576,64,92,0 player=148,0,192,0,192,0,0 wingmate=140,0,192,0,0,0,0 rival=0,0,0,0,0,0,0 projectiles=-
retail_frame=264 camera=31352,-31612,-32576,56,80,0 player=148,0,192,0,192,0,0 wingmate=140,0,192,0,0,0,0 rival=0,0,0,0,0,0,0 projectiles=-
retail_frame=268 camera=31329,-31595,-32576,192,242,0 player=148,0,192,0,192,0,0 wingmate=140,0,192,0,0,0,0 rival=0,0,0,0,0,0,0 projectiles=-
retail_frame=272 camera=31306,-31578,-32576,128,228,0 player=148,0,192,0,192,0,0 wingmate=140,0,192,0,0,0,0 rival=0,0,0,0,0,0,0 projectiles=-
retail_frame=276 camera=31260,-31544,-32576,144,130,0 player=148,0,192,0,192,0,0 wingmate=140,0,192,0,0,0,0 rival=0,0,0,0,0,0,0 projectiles=-
retail_frame=280 camera=31237,-31527,-32576,224,36,0 player=148,0,192,0,192,0,0 wingmate=140,0,192,0,0,0,0 rival=0,0,0,0,0,0,0 projectiles=-
retail_frame=284 camera=31214,-31510,-32576,32,148,0 player=148,0,192,0,192,0,0 wingmate=140,0,192,0,0,0,0 rival=0,0,0,0,0,0,0 projectiles=-
retail_frame=288 camera=31168,-31476,-32576,200,56,0 player=148,0,192,0,192,0,0 wingmate=140,0,192,0,0,0,0 rival=0,0,0,0,0,0,0 projectiles=-
retail_frame=292 camera=31145,-31459,-32576,112,8,0 player=148,0,192,0,192,0,0 wingmate=140,0,192,0,0,0,0 rival=0,0,0,0,0,0,0 projectiles=-
retail_frame=296 camera=31122,-31442,-32576,224,246,0 player=148,0,192,0,192,0,0 wingmate=140,0,192,0,0,0,0 rival=0,0,0,0,0,0,0 projectiles=-
retail_frame=300 camera=31076,-31408,-32576,144,206,0 player=148,0,192,0,192,0,0 wingmate=140,0,192,0,0,0,0 rival=0,0,0,0,0,0,0 projectiles=-
retail_frame=304 camera=31053,-31391,-32576,168,194,0 player=148,0,192,0,192,0,0 wingmate=140,0,192,0,0,0,0 rival=0,0,0,0,0,0,0 projectiles=-
retail_frame=308 camera=31030,-31374,-32576,48,132,0 player=148,0,192,0,192,0,0 wingmate=140,0,192,0,0,0,0 rival=0,0,0,0,0,0,0 projectiles=-
retail_frame=312 camera=30984,-31340,-32576,64,174,0 player=148,0,192,0,192,0,0 wingmate=140,0,192,0,0,0,0 rival=0,0,0,0,0,0,0 projectiles=-
retail_frame=316 camera=30961,-31323,-32576,152,92,0 player=148,0,192,0,192,0,0 wingmate=140,0,192,0,0,0,0 rival=0,0,0,0,0,0,0 projectiles=-
retail_frame=320 camera=30938,-31306,-32576,40,60,0 player=148,0,192,0,192,0,0 wingmate=140,0,192,0,0,0,0 rival=0,0,0,0,0,0,0 projectiles=-
retail_frame=324 camera=30892,-31272,-32576,16,216,0 player=148,0,192,0,192,0,0 wingmate=140,0,192,0,0,0,0 rival=- projectiles=-
retail_frame=328 camera=30869,-31255,-32576,160,178,0 player=148,0,192,0,192,0,0 wingmate=140,0,192,0,0,0,0 rival=0,0,0,0,0,0,0 projectiles=-
retail_frame=332 camera=30846,-31238,-32576,160,168,0 player=148,0,192,0,192,0,0 wingmate=140,0,192,0,0,0,0 rival=0,0,0,0,0,0,0 projectiles=-
retail_frame=336 camera=30800,-31204,-32576,176,198,0 player=148,0,192,0,192,0,0 wingmate=140,0,192,0,0,0,0 rival=0,0,0,0,0,0,0 projectiles=-
retail_frame=340 camera=30777,-31187,-32576,104,124,0 player=148,0,192,0,192,0,0 wingmate=140,0,192,0,0,0,0 rival=0,0,0,0,0,0,0 projectiles=-
retail_frame=344 camera=30754,-31170,-32576,56,140,0 player=148,0,192,0,192,0,0 wingmate=140,0,192,0,0,0,0 rival=0,0,0,0,0,0,0 projectiles=-
retail_frame=348 camera=30708,-31136,-32576,248,56,0 player=148,0,192,0,192,0,0 wingmate=140,0,192,0,0,0,0 rival=0,0,0,0,0,0,0 projectiles=-
retail_frame=352 camera=30685,-31119,-32576,240,212,0 player=148,0,192,0,192,0,0 wingmate=140,0,192,0,0,0,0 rival=0,0,0,0,0,0,0 projectiles=-
retail_frame=356 camera=30662,-31102,-32576,216,112,0 player=148,0,192,0,192,0,0 wingmate=140,0,192,0,0,0,0 rival=0,0,0,0,0,0,0 projectiles=-
retail_frame=360 camera=30616,-31068,-32576,192,218,0 player=148,0,192,0,192,0,0 wingmate=140,0,192,0,0,0,0 rival=0,0,0,0,0,0,0 projectiles=-
retail_frame=364 camera=30593,-31051,-32576,176,168,0 player=148,0,192,0,192,0,0 wingmate=140,0,192,0,0,0,0 rival=0,0,0,0,0,0,0 projectiles=-
retail_frame=368 camera=30570,-31034,-32576,168,118,0 player=148,0,192,0,192,0,0 wingmate=140,0,192,0,0,0,0 rival=0,0,0,0,0,0,0 projectiles=-
retail_frame=372 camera=30524,-31000,-32576,152,18,0 player=148,0,192,0,192,0,0 wingmate=140,0,192,0,0,0,0 rival=0,0,0,0,0,0,0 projectiles=-
retail_frame=376 camera=30501,-30983,-32576,152,244,0 player=148,0,192,0,192,0,0 wingmate=140,0,192,0,0,0,0 rival=0,0,0,0,0,0,0 projectiles=-
retail_frame=380 camera=30478,-30966,-32576,136,224,0 player=148,0,192,0,192,0,0 wingmate=140,0,192,0,0,0,0 rival=0,0,0,0,0,0,0 projectiles=-
retail_frame=384 camera=30432,-30932,-32576,128,174,0 player=148,0,192,0,192,0,0 wingmate=140,0,192,0,0,0,0 rival=0,0,0,0,0,0,0 projectiles=-
retail_frame=388 camera=30409,-30915,-32576,128,144,0 player=148,0,192,0,192,0,0 wingmate=140,0,192,0,0,0,0 rival=0,0,0,0,0,0,0 projectiles=-
retail_frame=392 camera=30386,-30898,-32576,112,124,0 player=148,0,192,0,192,0,0 wingmate=140,0,192,0,0,0,0 rival=0,0,0,0,0,0,0 projectiles=-
retail_frame=396 camera=30363,-30881,-32576,128,94,192 player=148,0,192,0,188,254,0 wingmate=9236,0,-1984,0,182,254,0 rival=0,0,0,0,0,0,0 projectiles=-
retail_frame=400 camera=60,-19,200,0,96,0 player=148,0,192,0,181,249,1 wingmate=8724,0,-3520,0,175,249,1 rival=0,0,0,0,0,0,0 projectiles=-
retail_frame=404 camera=76,-19,202,0,64,0 player=148,0,192,0,185,254,2 wingmate=76,-19,202,251,185,254,2 rival=10148,0,8192,23,78,5,1 projectiles=-
retail_frame=408 camera=89,-18,197,0,32,0 player=148,0,192,0,189,2,2 wingmate=89,-18,197,251,189,2,2 rival=10148,4,8192,25,80,9,2 projectiles=-
retail_frame=412 camera=106,-16,194,0,32,0 player=150,0,192,251,189,4,4 wingmate=9238,-1024,-448,251,189,4,4 rival=10136,16,8192,27,84,15,4 projectiles=-
retail_frame=416 camera=125,-14,193,0,32,0 player=154,0,192,252,189,4,6 wingmate=9242,-896,-448,252,189,4,6 rival=10124,28,8188,28,86,18,5 projectiles=-
retail_frame=420 camera=127,-13,192,0,32,0 player=160,0,192,252,189,4,8 wingmate=9248,-896,-448,252,189,0,8 rival=10112,40,8180,29,88,20,6 projectiles=-
retail_frame=424 camera=158,-11,192,0,32,0 player=175,0,192,253,189,3,10 wingmate=9263,-640,-448,253,189,0,10 rival=10084,76,8160,31,92,24,8 projectiles=-
retail_frame=428 camera=168,-10,192,0,32,0 player=184,0,192,253,189,3,11 wingmate=9272,-640,-448,253,189,0,11 rival=10068,100,8148,32,94,26,9 projectiles=-
retail_frame=432 camera=179,-9,192,0,32,0 player=194,0,192,254,189,2,12 wingmate=9282,-384,-448,254,189,0,12 rival=10052,128,8132,33,96,27,10 projectiles=-
retail_frame=436 camera=204,-8,192,0,32,0 player=217,0,192,254,189,1,14 wingmate=9305,-384,-448,254,189,0,14 rival=10020,196,8092,35,100,29,12 projectiles=-
retail_frame=440 camera=218,-8,192,0,32,0 player=230,0,192,254,189,0,15 wingmate=9318,-384,-448,254,189,0,15 rival=10004,232,8068,36,102,30,13 projectiles=-
retail_frame=444 camera=233,-8,192,0,32,0 player=244,0,192,254,189,255,16 wingmate=9332,-384,-448,254,189,0,16 rival=9988,272,8044,37,104,31,14 projectiles=-
retail_frame=448 camera=266,-7,192,0,32,0 player=275,0,192,255,189,254,18 wingmate=9363,-128,-448,255,189,0,18 rival=9948,356,7980,29,104,23,16 projectiles=-
retail_frame=452 camera=284,-6,192,0,32,0 player=292,0,192,255,189,253,19 wingmate=9380,-128,-448,255,189,0,19 rival=9920,388,7936,21,102,16,17 projectiles=-
retail_frame=456 camera=303,-5,192,0,32,0 player=310,0,192,255,189,253,20 wingmate=9398,-128,-448,255,189,0,20 rival=9880,408,7888,14,100,9,18 projectiles=-
retail_frame=460 camera=325,-4,192,0,32,0 player=349,0,192,255,189,252,22 wingmate=9437,-128,-448,255,189,0,22 rival=9788,420,7792,2,96,254,20 projectiles=-
retail_frame=464 camera=333,-4,192,0,32,0 player=370,0,192,255,189,252,23 wingmate=9458,-128,-448,255,189,0,23 rival=9732,416,7744,253,94,250,21 projectiles=-
retail_frame=468 camera=340,-4,193,0,32,0 player=391,0,192,255,189,252,23 wingmate=9479,-128,-448,255,189,0,23 rival=9672,404,7696,249,92,246,22 projectiles=-
retail_frame=472 camera=354,-3,194,0,32,0 player=433,0,192,255,189,253,23 wingmate=9521,-128,-448,255,189,0,23 rival=9604,384,7648,245,90,243,23 projectiles=-
retail_frame=476 camera=362,-3,195,0,32,0 player=454,0,192,255,189,254,23 wingmate=9542,-128,-448,255,189,0,23 rival=9460,320,7560,239,86,237,25 projectiles=-
retail_frame=480 camera=369,-3,196,0,32,0 player=475,0,192,255,189,254,23 wingmate=9563,-128,-448,255,189,0,23 rival=9384,276,7524,237,84,235,26 projectiles=-
retail_frame=484 camera=373,-1,197,124,192,0 player=517,0,192,255,189,0,23 wingmate=496,0,192,1,0,0,23 rival=9304,224,7488,235,82,233,27 projectiles=-
retail_frame=488 camera=395,0,197,58,144,0 player=538,0,192,255,189,1,23 wingmate=9626,-128,-448,255,189,0,23 rival=9144,104,7428,231,78,230,29 projectiles=-
retail_frame=492 camera=417,1,197,25,120,0 player=559,0,192,255,189,2,23 wingmate=9647,-128,-448,255,189,0,23 rival=9056,36,7404,230,76,229,30 projectiles=-
retail_frame=496 camera=439,2,197,136,108,0 player=580,0,192,255,189,3,23 wingmate=9668,-128,-448,255,189,0,23 rival=8968,-36,7384,229,74,228,31 projectiles=-
retail_frame=500 camera=483,4,197,220,99,0 player=622,0,192,255,189,3,23 wingmate=9710,-128,-448,255,189,0,23 rival=8876,-116,7368,228,72,227,32 projectiles=-
retail_frame=504 camera=504,5,197,234,98,0 player=643,0,192,255,189,4,23 wingmate=9731,-128,-448,255,189,0,23 rival=8684,-288,7348,226,68,225,34 projectiles=-
retail_frame=508 camera=525,6,197,241,97,0 player=664,0,192,255,189,4,23 wingmate=9752,-128,-448,255,189,0,23 rival=8588,-380,7348,225,66,224,35 projectiles=-
retail_frame=512 camera=546,7,197,244,96,0 player=685,0,192,255,189,4,23 wingmate=9773,-128,-448,255,189,0,23 rival=8492,-480,7348,224,64,223,36 projectiles=-
retail_frame=516 camera=567,8,197,246,96,0 player=706,0,192,255,189,3,23 wingmate=9794,-128,-448,255,189,3,23 rival=8396,-584,7348,223,62,222,37 projectiles=-
retail_frame=520 camera=609,10,197,248,96,0 player=748,0,192,255,189,3,23 wingmate=9836,-128,-448,255,189,0,23 rival=8204,-808,7364,221,58,220,39 projectiles=-
retail_frame=524 camera=630,11,197,248,96,0 player=769,0,192,255,189,2,23 wingmate=9857,-128,-448,255,189,0,23 rival=8112,-928,7380,220,56,219,40 projectiles=-
retail_frame=528 camera=651,12,197,248,96,0 player=790,0,192,255,189,2,23 wingmate=9878,-128,-448,255,189,0,23 rival=8020,-1056,7400,219,54,218,41 projectiles=-
retail_frame=532 camera=672,13,197,248,96,0 player=811,0,192,255,189,1,23 wingmate=9899,-128,-448,255,189,0,23 rival=7932,-1188,7424,218,52,217,42 projectiles=-
retail_frame=536 camera=714,15,203,240,116,0 player=853,0,192,255,189,255,23 wingmate=832,0,192,4,255,0,23 rival=7844,-1324,7452,217,50,216,43 projectiles=-
retail_frame=540 camera=735,16,206,224,50,0 player=874,0,192,255,189,254,23 wingmate=9962,-128,-448,255,189,0,23 rival=7676,-1612,7520,216,46,216,45 projectiles=-
retail_frame=544 camera=757,17,208,208,225,0 player=895,0,192,255,189,254,23 wingmate=9983,-128,-448,255,189,0,23 rival=7592,-1760,7564,216,44,216,46 projectiles=-
retail_frame=548 camera=778,18,211,192,176,0 player=916,0,192,255,189,253,23 wingmate=10004,-128,-448,255,189,0,23 rival=7508,-1912,7612,216,42,216,47 projectiles=-
retail_frame=552 camera=800,19,214,184,144,0 player=937,0,192,255,189,253,23 wingmate=10025,-128,-448,255,189,0,23 rival=7424,-2068,7668,216,40,216,48 projectiles=-
retail_frame=556 camera=843,20,220,158,76,0 player=979,0,192,255,189,252,23 wingmate=10067,-128,-448,255,189,0,23 rival=7260,-2392,7792,216,36,216,50 projectiles=-
retail_frame=560 camera=865,20,222,155,6,0 player=1000,0,192,255,189,252,23 wingmate=10088,-128,-448,255,189,0,23 rival=7180,-2556,7864,216,34,216,51 projectiles=-
retail_frame=564 camera=887,20,225,146,235,0 player=1021,0,192,255,189,252,23 wingmate=10109,-128,-448,255,189,0,23 rival=7104,-2724,7940,216,32,216,52 projectiles=-
retail_frame=568 camera=909,20,228,141,205,0 player=1042,0,192,0,189,253,23 wingmate=10258,0,-448,0,189,0,23 rival=7028,-2896,8020,216,30,216,53 projectiles=-
retail_frame=572 camera=953,20,234,138,167,0 player=1084,0,192,0,189,254,23 wingmate=10300,0,-448,0,189,0,23 rival=6956,-3072,8108,216,28,216,54 projectiles=-
retail_frame=576 camera=975,20,237,125,139,0 player=1105,0,192,0,189,254,23 wingmate=10321,0,-448,0,189,0,23 rival=6824,-3432,8296,216,24,216,56 projectiles=-
retail_frame=580 camera=997,20,239,119,93,0 player=1126,0,192,0,189,255,23 wingmate=10342,0,-448,0,189,0,23 rival=6764,-3616,8400,216,22,216,57 projectiles=-
retail_frame=584 camera=1020,20,242,116,62,0 player=1147,0,192,0,189,0,23 wingmate=10363,0,-448,0,189,0,23 rival=6708,-3804,8508,216,20,216,58 projectiles=-
retail_frame=588 camera=1063,20,247,101,231,0 player=1189,0,192,0,189,2,23 wingmate=1168,0,192,0,172,0,23 rival=6656,-3996,8620,216,18,216,59 projectiles=-
retail_frame=592 camera=1086,20,250,99,203,0 player=1210,0,192,0,189,2,23 wingmate=10426,0,-448,0,189,0,23 rival=6540,-4224,8876,216,18,225,69 projectiles=-
retail_frame=596 camera=1109,20,252,98,165,0 player=1231,0,192,0,189,3,23 wingmate=10447,0,-448,0,189,0,23 rival=6480,-4228,9008,216,18,228,70 projectiles=-
retail_frame=600 camera=1131,20,254,97,114,0 player=1252,0,192,0,189,3,23 wingmate=10468,0,-448,0,189,0,23 rival=6420,-4000,9140,216,18,231,70 projectiles=-
retail_frame=604 camera=1154,20,257,96,89,0 player=1273,0,192,0,189,4,23 wingmate=10489,0,-448,0,189,0,23 rival=6360,-4000,9272,216,18,234,70 projectiles=-
retail_frame=608 camera=1177,20,260,96,84,0 player=1294,0,192,0,189,4,23 wingmate=10510,0,-448,0,189,0,23 rival=6300,-4000,9404,216,18,236,70 projectiles=-
retail_frame=612 camera=1222,20,265,96,33,0 player=1336,0,192,0,189,4,23 wingmate=1315,0,192,0,165,0,23 rival=6240,-4000,9536,216,18,238,70 projectiles=-
retail_frame=616 camera=1245,20,267,96,8,0 player=1357,0,192,0,189,3,23 wingmate=10573,0,-448,0,189,0,23 rival=6120,-4228,9800,216,18,242,70 projectiles=-
retail_frame=620 camera=1267,20,268,96,180,0 player=1378,0,192,0,189,3,23 wingmate=10594,0,-448,0,189,0,23 rival=6060,-4000,9932,216,18,243,70 projectiles=-
retail_frame=624 camera=1290,20,271,96,146,0 player=1399,0,192,0,189,2,23 wingmate=10615,0,-448,0,189,0,23 rival=6000,-4000,10064,216,18,244,70 projectiles=-
retail_frame=628 camera=1314,20,273,104,137,0 player=1420,0,192,0,189,2,23 wingmate=10636,0,-448,0,189,0,23 rival=5940,-4000,10196,216,18,245,70 projectiles=-
retail_frame=632 camera=1360,20,277,122,90,0 player=1462,0,192,0,189,0,23 wingmate=1441,0,192,0,159,0,23 rival=5880,-4000,10328,216,18,246,70 projectiles=-
retail_frame=636 camera=1383,20,280,117,93,0 player=1483,0,192,0,189,255,23 wingmate=10699,0,-448,0,189,0,23 rival=5760,-4228,10592,216,18,248,70 projectiles=-
retail_frame=640 camera=1407,20,282,126,94,0 player=1504,0,192,0,189,254,23 wingmate=10720,0,-448,0,189,0,23 rival=5700,-4000,10724,216,18,249,70 projectiles=-
retail_frame=644 camera=1429,20,283,131,23,0 player=1525,0,192,0,189,254,23 wingmate=10741,0,-448,0,189,0,23 rival=5640,-4000,10856,216,18,250,70 projectiles=-
retail_frame=648 camera=1452,20,285,133,235,0 player=1567,0,192,0,189,253,23 wingmate=1450,-2,197,0,189,253,23 rival=5580,-4000,10988,216,18,251,70 projectiles=-
retail_frame=652 camera=1499,20,288,139,198,0 player=1588,0,192,0,189,252,23 wingmate=10804,0,-448,0,189,0,23 rival=5460,-4228,11252,216,18,253,70 projectiles=-
retail_frame=656 camera=1523,20,290,138,195,0 player=1609,0,192,0,189,252,23 wingmate=10825,0,-448,0,189,0,23 rival=5400,-4000,11384,216,18,254,70 projectiles=-
retail_frame=660 camera=1547,20,292,137,209,0 player=1630,0,192,0,189,252,23 wingmate=10846,0,-448,0,189,0,23 rival=5340,-4000,11516,216,18,255,70 projectiles=-
retail_frame=664 camera=1570,20,293,144,168,0 player=1651,0,192,0,189,252,23 wingmate=10867,0,-448,0,189,0,23 rival=5280,-4000,11648,216,18,0,70 projectiles=-
retail_frame=668 camera=1617,20,297,142,142,0 player=1693,0,192,0,189,253,23 wingmate=1672,0,192,0,148,0,23 rival=5132,-4000,11736,221,42,0,70 projectiles=-
retail_frame=672 camera=1640,20,297,147,79,0 player=1714,0,192,0,189,254,23 wingmate=10930,0,-448,0,189,0,23 rival=4736,-4172,11704,228,74,0,70 projectiles=-
retail_frame=676 camera=1664,20,298,161,47,0 player=1735,0,192,0,189,254,23 wingmate=10951,0,-448,0,189,0,23 rival=4544,-4000,11600,231,85,0,70 projectiles=-
retail_frame=680 camera=1660,-3,197,0,32,0 player=1777,0,192,0,189,0,23 wingmate=0,0,197,0,189,0,23 rival=4372,-4000,11452,234,93,0,70 projectiles=-
retail_frame=684 camera=1735,20,302,171,251,0 player=1798,0,192,0,189,1,23 wingmate=11014,0,-448,0,189,0,23 rival=4220,-4000,11272,236,99,0,70 projectiles=-
retail_frame=688 camera=1759,20,303,173,237,0 player=1819,0,192,0,189,2,23 wingmate=11035,0,-448,0,189,0,23 rival=3972,-4000,10852,240,108,0,70 projectiles=-
retail_frame=692 camera=1744,-2,197,0,32,0 player=1861,0,192,0,189,3,23 wingmate=0,0,0,0,140,3,23 rival=3872,-4000,10620,242,111,0,70 projectiles=-
retail_frame=696 camera=1831,20,306,195,237,0 player=1882,0,192,0,189,3,23 wingmate=11098,0,-448,0,189,0,23 rival=3708,-4076,10136,244,115,0,70 projectiles=-
retail_frame=700 camera=1854,20,307,201,198,0 player=1903,0,192,0,189,4,23 wingmate=11119,0,-448,0,189,0,23 rival=3636,-4000,9888,245,116,0,70 projectiles=-
retail_frame=704 camera=1878,20,307,216,171,0 player=1945,0,192,0,189,4,23 wingmate=1828,1,197,0,189,4,23 rival=3568,-4000,9632,253,117,0,70 projectiles=-
retail_frame=708 camera=1926,20,309,236,174,0 player=1966,0,192,0,189,4,23 wingmate=11182,0,-448,0,189,0,23 rival=3508,-3984,9372,3,118,0,70 projectiles=-
retail_frame=712 camera=1950,20,309,254,175,0 player=1987,0,192,0,189,3,23 wingmate=11203,0,-448,0,189,0,23 rival=3408,-3856,8864,12,120,0,70 projectiles=-
retail_frame=716 camera=1973,20,310,0,32,0 player=2029,0,192,0,189,2,23 wingmate=1912,2,197,0,189,2,23 rival=3368,-3760,8616,15,121,0,70 projectiles=-
retail_frame=720 camera=2021,20,310,26,103,0 player=2050,0,192,0,189,2,23 wingmate=11266,0,-448,0,189,0,23 rival=3308,-3528,8132,19,122,0,70 projectiles=-
retail_frame=724 camera=2045,20,310,37,83,0 player=2071,0,192,0,189,1,23 wingmate=11287,0,-448,0,189,0,23 rival=3280,-3400,7896,20,122,0,70 projectiles=-
retail_frame=728 camera=2069,20,310,62,81,0 player=2092,0,192,0,189,0,23 wingmate=11308,0,-448,0,189,0,23 rival=3252,-3268,7664,21,122,0,70 projectiles=04F8,3171,-2982,7116,24,122,0,63
retail_frame=732 camera=2092,20,311,83,32,0 player=2113,0,192,0,189,255,23 wingmate=11329,0,-448,0,189,0,23 rival=3224,-3128,7436,22,122,0,70 projectiles=04F8,3093,-2699,6566,24,122,0,63
retail_frame=736 camera=2115,20,310,17,56,0 player=2155,0,192,0,189,254,23 wingmate=2038,1,197,0,189,254,23 rival=3196,-2984,7212,23,122,0,70 projectiles=04F8,3015,-2416,6015,24,122,0,63
retail_frame=740 camera=2163,20,310,72,170,0 player=2176,0,192,0,189,253,23 wingmate=2155,0,192,0,189,0,23 rival=3172,-2832,6992,24,123,0,70 projectiles=04F8,2941,-2136,5464,24,123,0,63
retail_frame=744 camera=2187,20,310,188,77,0 player=2197,0,192,0,189,253,23 wingmate=11413,0,-448,0,189,0,23 rival=3148,-2680,6772,24,123,0,70 projectiles=04F8,2867,-1867,4908,23,123,0,63
retail_frame=748 camera=2211,20,310,34,79,0 player=2218,0,192,0,189,252,23 wingmate=11434,0,-448,0,189,0,23 rival=3100,-2392,6324,23,123,0,70 projectiles=04F8,2779,-1556,4232,23,123,0,63
retail_frame=752 camera=2234,20,309,117,176,0 player=2239,0,192,0,189,252,23 wingmate=11455,0,-448,0,189,0,23 rival=3076,-2252,6096,22,123,0,70 projectiles=04F8,2655,-1086,3223,22,123,0,63
retail_frame=756 camera=2258,20,309,166,152,0 player=2260,0,192,0,189,252,23 wingmate=11476,0,-448,0,189,0,23 rival=3052,-2112,5868,22,123,0,70 projectiles=0672,2981,-1858,5303,22,123,0,63;04F8,2583,-840,2654,21,123,0,63
retail_frame=760 camera=2282,20,308,191,244,0 player=2281,0,192,0,189,252,23 wingmate=11497,0,-448,0,189,0,23 rival=3028,-1972,5640,22,123,0,70 projectiles=0672,2906,-1609,4734,21,123,0,63;04F8,2522,-604,2078,20,124,0,63
retail_frame=764 camera=2306,20,307,211,186,0 player=2302,0,192,0,189,253,23 wingmate=11518,0,-448,0,189,0,23 rival=3004,-1840,5408,21,123,0,70 projectiles=0672,2834,-1363,4162,21,123,0,63;04F8,2462,-378,1499,19,124,0,63
retail_frame=768 camera=2330,20,307,221,237,0 player=2323,0,192,0,189,253,23 wingmate=11539,0,-448,0,189,0,23 rival=2980,-1708,5176,21,123,0,70 projectiles=0672,2762,-1126,3586,20,123,0,63;04F8,2407,-169,913,18,124,0,63
retail_frame=772 camera=2353,20,306,219,87,0 player=2344,0,192,0,189,254,23 wingmate=-11,41,-116,0,189,0,23 rival=2952,-1580,4940,20,123,0,70 projectiles=0672,2701,-893,3008,20,124,0,63;04F8,2395,-81,685,14,124,0,63
retail_frame=776 camera=2377,20,305,233,236,0 player=2386,0,192,0,189,255,23 wingmate=-11,41,-116,0,189,255,23 rival=2932,-1452,4704,20,124,0,70 projectiles=0672,2640,-667,2429,19,124,0,63;04F8,2379,-1,457,14,124,0,63
retail_frame=780 camera=2401,20,304,232,190,0 player=2407,0,192,0,189,0,23 wingmate=5,-5,-123,0,189,0,23 rival=2912,-1328,4464,19,124,0,70 projectiles=0672,2582,-455,1843,18,124,0,63;04F8,2363,79,229,254,130,0,63
retail_frame=784 camera=2449,20,302,244,200,0 player=2428,0,192,0,189,1,23 wingmate=11644,0,-448,0,189,0,23 rival=2892,-1204,4224,19,124,0,70 projectiles=0672,2527,-256,1253,17,124,0,63;04F8,2367,71,-15,254,130,0,63
retail_frame=788 camera=2449,20,302,244,200,0 player=2428,0,192,0,189,1,23 wingmate=11644,0,-448,0,189,0,23 rival=2872,-1088,3984,18,124,0,70 projectiles=06B1,2811,-886,3394,17,124,0,63;0672,2479,-81,655,15,125,0,63;04F8,2371,63,-259,254,130,0,63
retail_frame=792 camera=2473,20,301,246,244,0 player=2449,0,192,0,189,2,23 wingmate=-5,32,-119,0,189,0,23 rival=2852,-980,3740,17,124,0,70 projectiles=06B1,2753,-687,2804,17,124,0,63;0672,2475,-17,419,11,126,0,63;04F8,2375,55,-503,254,130,0,63
retail_frame=796 camera=2496,20,300,247,58,0 player=2491,0,192,0,189,3,23 wingmate=2374,-3,197,0,189,3,23 rival=2820,-824,3388,17,124,0,100 projectiles=06B1,2695,-499,2211,16,124,0,63;0672,2471,47,183,11,126,0,63;04F8,2379,47,-747,254,130,0,63
retail_frame=800 camera=2544,20,297,248,133,0 player=2512,0,192,0,189,3,23 wingmate=2491,0,192,0,109,0,23 rival=2772,-648,3048,19,122,251,100 projectiles=06B1,2644,-321,1614,15,125,0,63;0672,2467,111,-53,11,126,0,63;04F8,2383,39,-991,254,130,0,63
retail_frame=804 camera=2567,20,297,248,86,0 player=2533,0,192,0,189,4,23 wingmate=11749,0,-448,0,189,0,23 rival=2712,-456,2720,21,120,247,100 projectiles=06B1,2596,-159,1014,14,125,0,63;04F8,2387,31,-1235,254,130,0,63
retail_frame=808 camera=2591,20,295,248,219,0 player=2554,0,192,0,189,4,23 wingmate=11770,0,-448,0,189,0,23 rival=2548,-20,2100,25,116,241,100 projectiles=06B1,2572,-23,550,12,125,0,63;04F8,2391,23,-1479,254,130,0,63
retail_frame=812 camera=2614,20,293,248,86,0 player=2575,0,192,0,189,4,23 wingmate=-5,29,-120,0,189,0,23 rival=2448,212,1808,26,114,238,100 projectiles=06B1,2568,33,314,10,126,0,63;04F8,2399,7,-1967,254,130,0,63
retail_frame=816 camera=2637,20,292,248,227,0 player=2596,0,192,0,189,4,23 wingmate=-5,29,-120,0,189,0,23 rival=2336,452,1524,27,112,236,100 projectiles=06B1,2564,89,78,10,126,0,63;04F8,2403,-1,-2211,254,130,0,63
retail_frame=820 camera=2661,20,290,248,114,0 player=2638,0,192,0,189,3,23 wingmate=11833,0,-448,0,189,3,23 rival=2208,700,1252,28,110,234,100 projectiles=06B1,2560,145,-158,10,126,0,63;04F8,2407,-9,-2455,254,130,0,63
retail_frame=824 camera=2708,20,287,252,197,0 player=2659,0,192,0,189,2,23 wingmate=11875,0,-448,0,189,0,23 rival=2072,956,992,29,108,232,100 projectiles=04F8,2411,-17,-2699,254,130,0,63
retail_frame=828 camera=2732,20,285,2,99,0 player=2680,0,192,0,189,2,23 wingmate=11896,0,-448,0,189,0,23 rival=1776,1488,516,31,104,229,100 projectiles=04F8,2419,-33,-3187,254,130,0,63
retail_frame=832 camera=2755,20,283,5,18,0 player=2701,0,192,0,189,1,23 wingmate=11917,0,-448,0,189,0,23 rival=1616,1764,300,32,102,228,100 projectiles=04F8,2423,-41,-3431,254,130,0,63
retail_frame=836 camera=2801,20,280,255,32,0 player=2743,0,192,0,189,255,23 wingmate=2722,0,192,0,98,0,23 rival=1448,2048,96,33,100,227,100 projectiles=04F8,2427,-49,-3675,254,130,0,63
retail_frame=840 camera=2824,20,277,2,45,0 player=2764,0,192,0,189,254,23 wingmate=11980,0,-448,0,189,0,23 rival=1100,2640,-272,35,96,225,100 projectiles=-
retail_frame=844 camera=2847,20,275,5,247,0 player=2785,0,192,0,189,254,23 wingmate=12001,0,-448,0,189,0,23 rival=920,2944,-436,36,94,224,100 projectiles=-
retail_frame=848 camera=2894,20,271,7,130,0 player=2827,0,192,0,189,253,23 wingmate=12043,0,-448,0,189,0,23 rival=552,3572,-716,38,90,222,100 projectiles=-
retail_frame=852 camera=2917,20,268,8,65,0 player=2848,0,192,0,189,252,23 wingmate=12064,0,-448,0,189,0,23 rival=368,3892,-836,39,88,221,100 projectiles=-
retail_frame=856 camera=2939,20,267,8,17,0 player=2869,0,192,0,189,252,23 wingmate=12085,0,-448,0,189,0,23 rival=188,4000,-944,40,86,220,100 projectiles=-
retail_frame=860 camera=2985,20,262,8,173,0 player=2911,0,192,0,189,252,23 wingmate=12127,0,-448,0,189,0,23 rival=0,4000,-1044,40,84,219,100 projectiles=-
retail_frame=864 camera=3007,20,260,8,127,0 player=2932,0,192,0,189,253,23 wingmate=12148,0,-448,0,189,0,23 rival=-388,4000,-1212,40,80,217,100 projectiles=-
retail_frame=868 camera=2857,-3,197,0,32,0 player=2974,0,192,0,189,254,23 wingmate=2857,-3,197,0,189,254,23 rival=-648,4000,-1332,30,82,226,100 projectiles=-
retail_frame=872 camera=3075,20,252,8,224,0 player=2995,0,192,0,189,254,23 wingmate=12211,0,-448,0,189,0,23 rival=-1248,4140,-1668,15,86,241,100 projectiles=-
retail_frame=876 camera=3098,20,250,8,184,0 player=3016,0,192,0,189,255,23 wingmate=12232,0,-448,0,189,0,23 rival=-1560,4000,-1872,9,88,247,100 projectiles=-
retail_frame=880 camera=2941,-4,197,0,32,0 player=3058,0,192,0,189,1,23 wingmate=2941,-4,197,0,189,1,23 rival=-1868,4000,-2100,3,90,253,100 projectiles=-
retail_frame=884 camera=3164,20,242,0,67,0 player=3079,0,192,0,189,2,23 wingmate=12295,0,-448,0,189,0,23 rival=-2164,3984,-2344,254,92,2,100 projectiles=-
retail_frame=888 camera=3187,20,239,4,26,0 player=3100,0,192,0,189,2,23 wingmate=12316,0,-448,0,189,0,23 rival=-2712,3836,-2864,246,96,10,100 projectiles=-
retail_frame=892 camera=3209,20,237,6,5,0 player=3121,0,192,0,189,3,23 wingmate=12337,0,-448,0,189,0,23 rival=-2956,3716,-3136,243,98,13,100 projectiles=-
