# Compact oracle evidence for the post-opening first-sortie fighter task.
# Raw source SHA-256: 2e11c1bed181b3b6c4d2f913e537e51223ef567c01de7da211665a5853f496c6
# Each row was recovered by exact typed-pose and post-tick random-state replay.
# cadence=before,between-upper-slice-1,between-upper-slice-2,between-fighters,after
frame=2452 actions=Complete cadence=0,0,0,0,2 random=116,148,245,5
frame=2456 actions=Complete cadence=0,0,0,0,2 random=81,143,165,193
frame=2460 actions=Complete cadence=0,0,0,0,2 random=199,70,42,208
frame=2464 actions=ThreeQuarterWave cadence=0,0,0,0,2 random=162,61,231,96
frame=2468 actions=ApplyWave cadence=0,0,0,0,1 random=122,100,125,28
frame=2472 actions=Complete cadence=0,0,0,0,2 random=213,235,82,215
frame=2476 actions=Complete cadence=0,0,0,0,2 random=191,255,104,169
frame=2480 actions=Complete cadence=0,0,0,0,2 random=60,45,215,41
frame=2484 actions=Complete cadence=0,0,0,0,1 random=209,14,55,13
frame=2488 actions=Complete cadence=0,0,0,0,2 random=50,234,94,224
frame=2492 actions=Complete cadence=0,0,0,0,2 random=200,141,165,157
frame=2496 actions=Complete cadence=0,0,0,0,2 random=55,243,93,102
frame=2500 actions=Complete cadence=0,0,0,0,2 random=87,3,30,159
frame=2504 actions=Complete cadence=0,0,0,0,2 random=224,234,180,30
frame=2508 actions=Complete cadence=0,0,0,0,2 random=166,76,11,233
frame=2512 actions=Complete cadence=0,0,0,0,2 random=242,100,22,177
frame=2516 actions=Wait cadence=0,0,0,0,2 random=52,69,206,7
frame=2520 actions=Complete cadence=0,0,0,0,2 random=217,245,213,189
frame=2524 actions=Complete cadence=0,0,0,0,2 random=190,146,132,52
frame=2528 actions=Complete cadence=0,0,0,0,2 random=186,136,225,110
frame=2532 actions=Complete cadence=0,0,0,0,2 random=155,244,163,194
frame=2536 actions=Complete cadence=0,0,0,0,1 random=164,166,2,64
frame=2540 actions=Complete cadence=0,0,0,0,2 random=75,24,29,98
frame=2544 actions=Complete cadence=0,0,0,0,1 random=103,50,21,179
frame=2548 actions=Complete cadence=0,0,0,0,1 random=4,52,31,108
frame=2552 actions=Complete cadence=0,0,0,0,1 random=63,207,175,67
frame=2556 actions=Complete cadence=0,0,0,0,1 random=60,111,191,123
frame=2560 actions=Complete cadence=0,0,0,0,1 random=84,204,12,145
frame=2564 actions=Complete cadence=0,0,0,0,1 random=148,135,122,233
frame=2568 actions=Complete cadence=0,0,0,0,1 random=19,12,146,168
frame=2572 actions=PrepareMovement,FinishPreparedAndBeginMovement cadence=0,0,0,0,1 random=183,6,116,203
frame=2576 actions=MovementContinuation,Complete cadence=0,0,0,0,1 random=185,176,60,113
frame=2580 actions=Wait cadence=0,0,0,0,4 random=98,240,132,139
frame=2584 actions=Complete cadence=0,0,0,0,0 random=254,113,236,96
frame=2588 actions=Complete cadence=0,0,0,0,1 random=65,140,160,63
frame=2592 actions=Complete cadence=0,0,0,0,1 random=146,180,19,212
frame=2596 actions=Complete cadence=0,0,0,0,1 random=98,221,201,245
frame=2600 actions=Complete cadence=0,0,0,0,1 random=97,132,186,196
frame=2604 actions=Complete cadence=0,0,0,0,0 random=97,132,186,196
frame=2608 actions=Complete cadence=0,0,0,0,1 random=251,220,33,93
frame=2612 actions=Complete cadence=0,0,0,0,1 random=164,30,253,159
frame=2616 actions=Complete cadence=0,0,0,0,1 random=67,133,136,232
frame=2620 actions=Complete cadence=0,0,0,0,1 random=8,189,52,76
frame=2624 actions=Complete cadence=0,0,0,0,1 random=192,74,21,201
frame=2628 actions=Complete cadence=0,0,0,0,1 random=214,117,96,151
frame=2632 actions=Complete cadence=0,0,0,0,1 random=146,96,0,105
frame=2636 actions=Complete cadence=0,0,0,0,1 random=53,49,49,200
frame=2640 actions=Complete cadence=0,0,0,0,1 random=212,3,210,9
frame=2644 actions=Complete cadence=0,0,0,0,1 random=32,208,254,244
frame=2648 actions=Complete cadence=0,0,0,0,2 random=4,234,153,62
frame=2652 actions=Complete cadence=0,0,0,0,1 random=60,25,127,64
frame=2656 actions=Complete cadence=0,0,0,0,1 random=38,34,163,98
frame=2660 actions=Complete cadence=0,0,0,0,1 random=214,3,96,253
frame=2664 actions=Complete cadence=0,0,0,0,1 random=158,210,114,117
frame=2668 actions=Complete cadence=0,0,0,0,1 random=68,203,88,227
frame=2672 actions=Complete cadence=0,0,0,0,1 random=247,120,31,60
frame=2676 actions=Complete cadence=0,0,0,0,1 random=44,126,95,35
frame=2680 actions=Wait cadence=0,0,0,0,1 random=254,173,77,42
frame=2684 actions=Complete cadence=0,0,0,0,1 random=218,80,3,217
frame=2688 actions=Complete cadence=0,0,0,0,1 random=210,137,134,173
frame=2692 actions=Complete cadence=0,0,0,0,1 random=66,72,194,20
frame=2696 actions=Complete cadence=0,0,0,0,1 random=224,249,54,34
frame=2700 actions=Complete cadence=0,0,0,0,1 random=173,230,175,141
frame=2704 actions=Complete cadence=0,0,0,0,1 random=219,198,22,137
frame=2708 actions=Complete cadence=0,0,0,0,1 random=153,20,254,116
frame=2712 actions=Complete cadence=0,0,0,0,2 random=227,243,108,91
frame=2716 actions=Complete cadence=0,0,0,0,0 random=68,239,130,39
frame=2720 actions=Complete cadence=0,0,0,0,1 random=101,84,209,169
frame=2724 actions=Complete cadence=0,0,0,0,1 random=47,16,63,149
frame=2728 actions=Complete cadence=0,0,0,0,1 random=26,30,223,73
frame=2732 actions=Complete cadence=0,0,0,0,1 random=183,251,27,210
frame=2736 actions=Complete cadence=0,0,0,0,1 random=21,187,159,205
frame=2740 actions=Complete cadence=0,0,0,0,1 random=213,89,185,235
frame=2744 actions=PrepareMovement,FinishPreparedAndBeginMovement cadence=0,0,0,0,1 random=0,123,194,214
frame=2748 actions=MovementContinuation,PrepareWave cadence=0,0,0,0,1 random=233,132,193,234
frame=2752 actions=ApplyWave,QuarterWave cadence=0,0,0,0,3 random=194,213,14,1
frame=2756 actions=ApplyWave,Complete cadence=0,0,0,0,1 random=26,236,221,220
frame=2760 actions=Complete cadence=0,0,0,0,1 random=87,45,79,114
frame=2764 actions=Complete cadence=0,0,0,0,1 random=16,41,218,103
frame=2768 actions=Complete cadence=0,0,0,0,1 random=147,230,11,164
frame=2772 actions=Complete cadence=0,0,0,0,1 random=104,172,160,252
frame=2776 actions=Complete cadence=0,0,0,0,1 random=181,187,26,30
frame=2780 actions=Complete cadence=0,0,0,0,1 random=11,249,222,192
frame=2784 actions=Complete cadence=0,0,0,0,2 random=74,83,33,176
frame=2788 actions=Complete cadence=0,0,0,0,2 random=15,227,14,234
frame=2792 actions=Complete cadence=0,0,0,0,1 random=34,43,28,50
frame=2796 actions=Complete cadence=0,0,0,0,2 random=135,142,180,12
frame=2800 actions=Complete cadence=0,0,0,0,1 random=176,248,67,55
frame=2804 actions=Complete,AdvanceCurrentMovement,SplitWave cadence=0,0,0,0,1 random=140,183,115,60
frame=2808 actions=ApplyWave,Complete cadence=0,0,0,0,1 random=152,212,96,36
frame=2812 actions=Complete cadence=0,0,0,0,1 random=166,195,98,62
frame=2816 actions=Complete cadence=0,0,0,0,1 random=155,226,127,65
frame=2820 actions=Complete cadence=0,0,0,0,1 random=91,184,56,247
frame=2824 actions=Complete cadence=0,0,0,0,1 random=22,162,105,114
frame=2828 actions=Complete cadence=0,0,0,0,1 random=128,115,9,151
frame=2832 actions=Complete cadence=0,0,0,0,2 random=132,222,219,111
frame=2836 actions=Complete cadence=0,0,0,0,0 random=55,47,102,12
frame=2840 actions=Complete cadence=0,0,0,0,2 random=194,85,180,31
frame=2844 actions=Complete cadence=0,0,0,0,1 random=214,108,184,152
frame=2848 actions=Complete,AdvanceCurrentMovement,Complete cadence=0,0,0,0,1 random=66,105,177,24
frame=2852 actions=Complete cadence=0,0,0,0,1 random=204,216,38,14
frame=2856 actions=Complete cadence=0,0,0,0,1 random=242,243,204,190
frame=2860 actions=Complete cadence=0,0,0,0,1 random=128,254,49,115
frame=2864 actions=Complete cadence=0,0,0,0,2 random=81,217,137,173
frame=2868 actions=Complete cadence=0,0,0,0,1 random=238,119,237,63
frame=2872 actions=Complete,AdvanceCurrentMovement,Complete cadence=0,0,0,0,1 random=91,118,137,73
frame=2876 actions=Complete cadence=0,0,0,0,1 random=182,228,90,17
frame=2880 actions=Complete cadence=0,0,0,0,1 random=175,209,118,101
frame=2884 actions=Complete cadence=0,0,0,0,1 random=82,221,102,1
frame=2888 actions=Complete cadence=0,0,0,0,2 random=114,69,56,44
frame=2892 actions=Complete cadence=0,0,0,0,1 random=85,44,244,199
frame=2896 actions=Complete,AdvanceCurrentMovement,Complete cadence=0,0,0,0,1 random=22,40,52,108
frame=2900 actions=Complete cadence=0,0,0,0,1 random=54,237,184,76
frame=2904 actions=Complete cadence=0,0,0,0,1 random=12,72,143,66
frame=2908 actions=Complete cadence=0,0,0,0,1 random=228,195,51,241
frame=2912 actions=Complete cadence=0,0,0,0,2 random=245,245,7,12
frame=2916 actions=Complete cadence=0,0,0,0,1 random=246,255,247,235
frame=2920 actions=PrepareMovement,FinishPreparedAndBeginMovement cadence=0,0,0,0,1 random=28,246,254,18
frame=2924 actions=Complete cadence=0,0,0,0,1 random=247,37,38,19
frame=2928 actions=Complete cadence=0,0,0,0,1 random=161,209,171,152
frame=2932 actions=Complete cadence=0,0,0,0,1 random=233,207,35,139
frame=2936 actions=Complete cadence=0,0,0,0,2 random=133,103,113,6
frame=2940 actions=PrepareMovement,FinishPreparedAndBeginMovement cadence=0,0,0,0,1 random=32,29,172,165
frame=2944 actions=MovementContinuation,PitchContinuation,CompleteAfterEarlyAltitude cadence=0,0,0,0,1 random=246,140,54,134
frame=2948 actions=Complete cadence=0,0,0,0,1 random=182,105,51,173
frame=2952 actions=Complete cadence=0,0,0,0,1 random=181,76,25,108
frame=2956 actions=Complete cadence=0,0,0,0,1 random=45,104,79,227
frame=2960 actions=Complete cadence=0,0,0,0,1 random=99,196,116,145
frame=2964 actions=Complete cadence=0,0,0,0,1 random=52,158,41,152
frame=2968 actions=Complete cadence=0,0,0,0,2 random=42,8,157,201
frame=2972 actions=Complete cadence=0,0,0,0,1 random=143,33,132,186
frame=2976 actions=PrepareMovement,FinishPreparedAndBeginMovement cadence=0,0,0,0,1 random=159,109,233,46
frame=2980 actions=MovementContinuation,Complete cadence=0,0,0,0,3 random=207,35,35,60
frame=2984 actions=Complete cadence=0,0,0,0,1 random=125,171,136,76
frame=2988 actions=Complete cadence=0,0,0,0,1 random=126,209,72,252
frame=2992 actions=Complete cadence=0,0,0,0,1 random=232,172,99,103
frame=2996 actions=Complete cadence=0,0,0,0,1 random=136,59,216,112
frame=3000 actions=Complete cadence=0,0,0,0,3 random=95,12,82,155
frame=3004 actions=Complete cadence=0,0,0,0,0 random=95,12,82,155
frame=3008 actions=Complete cadence=0,0,0,0,1 random=5,82,0,101
frame=3012 actions=Complete cadence=0,0,0,0,2 random=78,148,226,149
frame=3016 actions=Complete cadence=0,0,0,0,1 random=242,185,214,64
frame=3020 actions=Complete cadence=0,0,0,0,1 random=47,56,98,33
frame=3024 actions=Complete cadence=0,0,0,0,1 random=67,246,147,114
frame=3028 actions=Complete cadence=0,0,0,0,1 random=2,76,184,69
frame=3032 actions=Complete,AdvanceCurrentMovement,Complete cadence=0,0,0,0,1 random=180,181,252,182
frame=3036 actions=Complete cadence=0,0,0,0,1 random=150,254,1,75
frame=3040 actions=Complete cadence=0,0,0,0,1 random=180,151,149,74
frame=3044 actions=Complete cadence=0,0,0,0,1 random=136,28,135,60
frame=3048 actions=Complete cadence=0,0,0,0,1 random=31,107,228,167
frame=3052 actions=Complete cadence=0,0,0,0,1 random=7,179,206,38
frame=3056 actions=Complete cadence=0,0,0,0,1 random=86,83,132,93
frame=3060 actions=Complete cadence=0,0,0,0,1 random=202,2,126,32
frame=3064 actions=Complete cadence=0,0,0,0,2 random=246,45,224,187
frame=3068 actions=PrepareWave cadence=0,0,0,0,1 random=54,200,232,44
frame=3072 actions=ApplyWave cadence=0,0,0,0,1 random=33,109,132,87
frame=3076 actions=Complete cadence=0,0,0,0,1 random=181,179,46,215
frame=3080 actions=Complete cadence=0,0,0,0,1 random=69,1,211,251
frame=3084 actions=Complete cadence=0,0,0,0,1 random=46,67,112,116
frame=3088 actions=Complete cadence=0,0,0,0,1 random=215,234,121,5
frame=3092 actions=Complete cadence=0,0,0,0,1 random=150,236,114,109
frame=3096 actions=Complete cadence=0,0,0,0,1 random=50,169,54,201
frame=3100 actions=Complete cadence=0,0,0,0,1 random=85,136,81,136
frame=3104 actions=Complete cadence=0,0,0,0,1 random=156,204,122,242
frame=3108 actions=Complete,AdvanceCurrentMovement,TurnOnly cadence=0,0,0,0,1 random=197,207,84,98
frame=3112 actions=MovementContinuation cadence=0,0,0,0,1 random=121,245,160,62
frame=3116 actions=Complete cadence=0,0,0,0,1 random=42,131,226,163
frame=3120 actions=Complete cadence=0,0,0,0,1 random=245,166,195,31
frame=3124 actions=Complete cadence=0,0,0,0,1 random=118,78,139,107
frame=3128 actions=Complete cadence=0,0,0,0,2 random=11,146,246,197
frame=3132 actions=Complete cadence=0,0,0,0,0 random=11,146,246,197
frame=3136 actions=Complete cadence=0,0,0,0,1 random=175,120,129,187
frame=3140 actions=Complete cadence=0,0,0,0,1 random=73,54,181,249
frame=3144 actions=Complete cadence=0,0,0,0,3 random=10,37,124,54
frame=3148 actions=Complete cadence=0,0,0,0,1 random=39,228,103,49
frame=3152 actions=Complete cadence=0,0,0,0,1 random=129,66,218,168
frame=3156 actions=Complete cadence=0,0,0,0,1 random=57,62,100,187
frame=3160 actions=Complete cadence=0,0,0,0,1 random=160,250,149,218
frame=3164 actions=Complete cadence=0,0,0,0,1 random=148,165,15,53
frame=3168 actions=Complete cadence=0,0,0,0,1 random=21,238,222,169
frame=3172 actions=Complete cadence=0,0,0,0,1 random=135,38,71,157
frame=3176 actions=Complete cadence=0,0,0,0,1 random=244,96,25,124
frame=3180 actions=Complete cadence=0,0,0,0,1 random=9,147,122,254
frame=3184 actions=Complete cadence=0,0,0,0,1 random=241,117,250,251
frame=3188 actions=Complete cadence=0,0,0,0,1 random=147,123,129,133
frame=3192 actions=Complete cadence=0,0,0,0,1 random=125,23,150,16
frame=3196 actions=Wait cadence=0,0,0,0,3 random=202,47,35,214
frame=3200 actions=Complete cadence=0,0,0,0,0 random=214,154,119,161
frame=3204 actions=Complete cadence=0,0,0,0,1 random=76,59,196,34
frame=3208 actions=Complete cadence=0,0,0,0,1 random=221,16,76,41
frame=3212 actions=Complete cadence=0,0,0,0,1 random=122,204,128,87
frame=3216 actions=Complete cadence=0,0,0,0,1 random=90,173,44,213
frame=3220 actions=Complete cadence=0,0,0,0,1 random=79,172,127,170
frame=3224 actions=PrepareMovement,FinishPreparedAndBeginMovement cadence=0,0,0,0,1 random=40,162,34,120
frame=3228 actions=MovementContinuation,Complete cadence=0,0,0,0,1 random=193,133,98,234
frame=3232 actions=Complete cadence=0,0,0,0,1 random=44,59,217,238
frame=3236 actions=Complete cadence=0,0,0,0,1 random=251,240,22,40
frame=3240 actions=Complete cadence=0,0,0,0,1 random=208,10,244,203
frame=3244 actions=Complete cadence=0,0,0,0,1 random=53,197,209,5
frame=3248 actions=Complete cadence=0,0,0,0,1 random=98,111,157,151
frame=3252 actions=Complete cadence=0,0,0,0,1 random=90,242,84,189
frame=3256 actions=Complete cadence=0,0,0,0,2 random=49,146,128,43
frame=3260 actions=Complete cadence=0,0,0,0,1 random=192,158,29,242
frame=3264 actions=Complete cadence=0,0,0,0,1 random=81,33,4,18
frame=3268 actions=Complete cadence=0,0,0,0,1 random=200,47,43,25
frame=3272 actions=Complete cadence=0,0,0,0,1 random=140,152,109,84
frame=3276 actions=Complete cadence=0,0,0,0,1 random=165,243,133,49
frame=3280 actions=Complete cadence=0,0,0,0,1 random=84,177,43,250
frame=3284 actions=Complete cadence=0,0,0,0,1 random=39,162,118,124
frame=3288 actions=Complete cadence=0,0,0,0,1 random=105,132,13,145
frame=3292 actions=Complete cadence=0,0,0,0,1 random=220,228,214,69
frame=3296 actions=Complete cadence=0,0,0,0,1 random=254,247,32,219
frame=3300 actions=Complete cadence=0,0,0,0,1 random=12,6,230,10
frame=3304 actions=Complete cadence=0,0,0,0,1 random=8,5,31,20
frame=3308 actions=Complete cadence=0,0,0,0,2 random=75,195,224,17
frame=3312 actions=Complete cadence=0,0,0,0,1 random=73,135,166,148
frame=3316 actions=Complete cadence=0,0,0,0,1 random=60,193,26,134
frame=3320 actions=Complete cadence=0,0,0,0,2 random=75,33,194,232
frame=3324 actions=Complete cadence=0,0,0,0,0 random=240,8,161,34
frame=3328 actions=Complete cadence=0,0,0,0,2 random=172,76,5,225
frame=3332 actions=Complete cadence=0,0,0,0,1 random=204,95,90,121
frame=3336 actions=Complete cadence=0,0,0,0,1 random=204,108,18,153
frame=3340 actions=Complete cadence=0,0,0,0,1 random=231,95,77,180
frame=3344 actions=Complete cadence=0,0,0,0,1 random=158,135,58,134
frame=3348 actions=Complete cadence=0,0,0,0,1 random=183,22,220,85
frame=3352 actions=Complete cadence=0,0,0,0,1 random=183,160,196,110
frame=3356 actions=AltitudeAndTurnOnly,FinishPreparedAndBeginMovement cadence=0,0,0,0,1 random=43,22,82,227
frame=3360 actions=Complete,CompleteAfterEarlyAltitude cadence=0,0,0,0,1 random=178,20,194,222
frame=3364 actions=Complete cadence=0,0,0,0,1 random=73,157,219,252
frame=3368 actions=Complete cadence=0,0,0,0,1 random=136,171,207,210
frame=3372 actions=Complete cadence=0,0,0,0,1 random=177,220,12,58
frame=3376 actions=Complete cadence=0,0,0,0,1 random=220,212,199,141
frame=3380 actions=Complete cadence=0,0,0,0,1 random=213,7,64,178
frame=3384 actions=Complete cadence=0,0,0,0,1 random=5,205,141,219
frame=3388 actions=Complete cadence=0,0,0,0,2 random=81,143,230,24
frame=3392 actions=Complete cadence=0,0,0,0,1 random=112,193,218,193
frame=3396 actions=Complete,AdvanceCurrentMovement,Complete cadence=0,0,0,0,1 random=161,174,211,17
frame=3400 actions=Complete cadence=0,0,0,0,1 random=108,242,30,13
frame=3404 actions=Complete cadence=0,0,0,0,1 random=225,121,90,77
frame=3408 actions=Complete cadence=0,0,0,0,1 random=222,103,13,192
frame=3412 actions=Complete cadence=0,0,0,0,1 random=202,118,105,169
frame=3416 actions=Complete cadence=0,0,0,0,2 random=128,34,56,247
frame=3420 actions=PrepareMovement,FinishPreparedAndBeginMovement cadence=0,0,0,0,1 random=173,93,37,46
frame=3424 actions=Complete cadence=0,0,0,0,1 random=78,79,42,252
frame=3428 actions=Complete cadence=0,0,0,0,1 random=136,254,211,215
frame=3432 actions=Complete cadence=0,0,0,0,3 random=233,23,3,204
frame=3436 actions=Complete cadence=0,0,0,0,2 random=92,71,120,117
frame=3440 actions=MovementContinuation,CompleteAfterEarlyAltitude cadence=0,0,0,0,1 random=40,181,25,243
frame=3444 actions=Complete,AdvanceCurrentMovement,PrepareWave cadence=0,0,0,0,1 random=60,114,88,101
frame=3448 actions=ApplyWave,Complete cadence=0,0,0,0,1 random=207,201,112,11
frame=3452 actions=Complete cadence=0,0,0,0,1 random=186,5,149,137
frame=3456 actions=Complete cadence=0,0,0,0,1 random=219,180,31,150
frame=3460 actions=Complete cadence=0,0,0,0,1 random=149,38,7,113
frame=3464 actions=Complete cadence=0,0,0,0,2 random=50,241,137,147
frame=3468 actions=Complete,AdvanceCurrentMovement,Complete cadence=0,0,0,0,1 random=240,64,182,34
frame=3472 actions=Complete cadence=0,0,0,0,1 random=230,175,249,214
frame=3476 actions=Complete cadence=0,0,0,0,1 random=127,54,61,102
frame=3480 actions=Complete cadence=0,0,0,0,1 random=37,72,11,165
frame=3484 actions=Complete cadence=0,0,0,0,2 random=38,41,88,44
frame=3488 actions=Complete,AdvanceCurrentMovement,Complete cadence=0,0,0,0,1 random=81,252,163,119
frame=3492 actions=Complete cadence=0,0,0,0,1 random=231,84,176,56
frame=3496 actions=Complete cadence=0,0,0,0,1 random=194,146,226,169
frame=3500 actions=Complete cadence=0,0,0,0,1 random=224,47,77,163
frame=3504 actions=Complete cadence=0,0,0,0,2 random=43,46,203,10
frame=3508 actions=Complete,AdvanceCurrentMovement,Complete cadence=0,0,0,0,1 random=251,252,48,38
frame=3512 actions=Complete cadence=0,0,0,0,1 random=172,254,205,167
frame=3516 actions=Complete cadence=0,0,0,0,1 random=139,173,223,55
frame=3520 actions=Complete cadence=0,0,0,0,1 random=58,221,253,197
frame=3524 actions=Complete cadence=0,0,0,0,2 random=172,0,162,9
frame=3528 actions=Complete,AdvanceCurrentMovement,Complete cadence=0,0,0,0,1 random=84,171,9,0
frame=3532 actions=Complete cadence=0,0,0,0,1 random=74,168,158,158
frame=3536 actions=Complete cadence=0,0,0,0,1 random=25,161,2,100
frame=3540 actions=Complete cadence=0,0,0,0,1 random=247,119,116,16
frame=3544 actions=Complete cadence=0,0,0,0,3 random=136,244,124,0
frame=3548 actions=Complete,AdvanceCurrentMovement,Complete cadence=0,0,0,0,0 random=142,147,22,22
frame=3552 actions=Complete cadence=0,0,0,0,1 random=63,250,227,205
frame=3556 actions=Complete cadence=0,0,0,0,1 random=82,68,96,146
frame=3560 actions=Complete cadence=0,0,0,0,1 random=200,13,173,26
frame=3564 actions=Complete cadence=0,0,0,0,2 random=67,111,97,110
frame=3568 actions=Complete,AdvanceCurrentMovement,Complete cadence=0,0,0,0,1 random=192,211,113,3
frame=3572 actions=Complete cadence=0,0,0,0,1 random=183,236,122,119
frame=3576 actions=Complete cadence=0,0,0,0,1 random=32,202,79,216
frame=3580 actions=Complete cadence=0,0,0,0,1 random=12,85,5,45
frame=3584 actions=Complete cadence=0,0,0,0,2 random=20,192,15,140
frame=3588 actions=Complete,AdvanceCurrentMovement,Complete cadence=0,0,0,0,1 random=162,83,67,183
frame=3592 actions=Complete cadence=0,0,0,0,1 random=177,78,11,84
frame=3596 actions=Complete cadence=0,0,0,0,1 random=82,98,87,3
frame=3600 actions=Complete cadence=0,0,0,0,1 random=66,239,151,148
frame=3604 actions=Complete cadence=0,0,0,0,2 random=205,144,214,176
frame=3608 actions=Complete,AdvanceCurrentMovement,Complete cadence=0,0,0,0,1 random=231,60,102,181
frame=3612 actions=Complete cadence=0,0,0,0,1 random=167,170,68,143
frame=3616 actions=Complete cadence=0,0,0,0,1 random=129,252,183,40
frame=3620 actions=Complete cadence=0,0,0,0,1 random=34,132,204,163
frame=3624 actions=Complete cadence=0,0,0,0,2 random=100,108,155,110
frame=3628 actions=Complete,AdvanceCurrentMovement,Complete cadence=0,0,0,0,1 random=136,247,91,237
frame=3632 actions=Complete cadence=0,0,0,0,1 random=190,144,52,71
frame=3636 actions=Complete cadence=0,0,0,0,1 random=243,45,249,177
frame=3640 actions=Complete cadence=0,0,0,0,1 random=39,197,204,26
frame=3644 actions=PrepareMovement,FinishPreparedAndBeginMovement cadence=0,0,0,0,2 random=143,240,91,226
frame=3648 actions=MovementContinuation,Complete cadence=0,0,0,0,3 random=80,140,157,14
frame=3652 actions=Complete cadence=0,0,0,0,2 random=87,251,29,87
frame=3656 actions=Depart cadence=0,0,0,0,1 random=142,91,61,230
