# Generated by tools/sf2/generate_fortuna_kick_gunner.py.
# Raw trace SHA-256: b5589d2c08691a923f21d5ad60667cf01e61263e47152330d03ef5f5ff06a559
# Source object identities and path addresses were removed after reduction.
guardian retail_frame=0 phase=waiting position=1280,100,-1280 yaw=0 speed=0 velocity=0,0,0 durability=70
guardian retail_frame=237 phase=floor_descent position=1280,0,-1280 yaw=0 speed=0 velocity=0,0,0 durability=70
guardian retail_frame=243 phase=floor_descent position=1280,-100,-1280 yaw=0 speed=0 velocity=0,0,0 durability=70
guardian retail_frame=249 phase=long_dive position=1280,-300,-1247 yaw=0 speed=35 velocity=0,0,33 durability=70
guardian retail_frame=255 phase=long_dive position=1280,-381,-1214 yaw=0 speed=35 velocity=0,0,33 durability=70
guardian retail_frame=261 phase=long_dive position=1280,-445,-1181 yaw=0 speed=35 velocity=0,0,33 durability=70
guardian retail_frame=267 phase=long_dive position=1280,-494,-1148 yaw=0 speed=35 velocity=0,0,33 durability=70
guardian retail_frame=271 phase=long_dive position=1280,-530,-1115 yaw=0 speed=35 velocity=0,0,33 durability=70
guardian retail_frame=279 phase=long_dive position=1280,-555,-1082 yaw=0 speed=35 velocity=0,0,33 durability=70
guardian retail_frame=287 phase=long_dive position=1280,-571,-1049 yaw=0 speed=35 velocity=0,0,33 durability=70
guardian retail_frame=291 phase=long_dive position=1280,-580,-1016 yaw=0 speed=35 velocity=0,0,33 durability=70
guardian retail_frame=299 phase=long_dive position=1280,-584,-983 yaw=0 speed=35 velocity=0,0,33 durability=70
guardian retail_frame=303 phase=long_dive position=1280,-585,-950 yaw=0 speed=35 velocity=0,0,33 durability=70
guardian retail_frame=311 phase=long_dive position=1280,-584,-917 yaw=0 speed=35 velocity=0,0,33 durability=70
guardian retail_frame=315 phase=long_dive position=1280,-580,-884 yaw=0 speed=35 velocity=0,0,33 durability=70
guardian retail_frame=323 phase=long_dive position=1280,-571,-851 yaw=0 speed=35 velocity=0,0,33 durability=70
guardian retail_frame=327 phase=long_dive position=1280,-555,-818 yaw=0 speed=35 velocity=0,0,33 durability=70
guardian retail_frame=335 phase=long_dive position=1280,-530,-785 yaw=0 speed=35 velocity=0,0,33 durability=70
guardian retail_frame=339 phase=long_dive position=1280,-494,-752 yaw=0 speed=35 velocity=0,0,33 durability=70
guardian retail_frame=347 phase=long_dive position=1280,-445,-719 yaw=0 speed=35 velocity=0,0,33 durability=70
guardian retail_frame=351 phase=long_dive position=1280,-381,-686 yaw=0 speed=35 velocity=0,0,33 durability=70
guardian retail_frame=359 phase=long_dive position=1280,-300,-653 yaw=0 speed=35 velocity=0,0,33 durability=70
guardian retail_frame=363 phase=long_dive position=1280,-100,-653 yaw=0 speed=0 velocity=0,0,0 durability=70
guardian retail_frame=371 phase=surface_bob position=1280,-92,-653 yaw=0 speed=0 velocity=0,0,0 durability=70
guardian retail_frame=379 phase=surface_bob position=1280,-80,-653 yaw=0 speed=0 velocity=0,0,0 durability=70
guardian retail_frame=383 phase=surface_bob position=1280,-76,-653 yaw=0 speed=0 velocity=0,0,0 durability=70
guardian retail_frame=391 phase=surface_bob position=1280,-80,-653 yaw=0 speed=0 velocity=0,0,0 durability=70
guardian retail_frame=395 phase=surface_bob position=1280,-100,-653 yaw=0 speed=0 velocity=0,0,0 durability=70
guardian retail_frame=467 phase=attack_preparation_bob position=1280,-92,-653 yaw=0 speed=0 velocity=0,0,0 durability=70
guardian retail_frame=471 phase=attack_preparation_bob position=1280,-80,-653 yaw=0 speed=0 velocity=0,0,0 durability=70
guardian retail_frame=479 phase=attack_preparation_bob position=1280,-76,-653 yaw=0 speed=0 velocity=0,0,0 durability=70
guardian retail_frame=483 phase=attack_preparation_bob position=1280,-80,-653 yaw=0 speed=0 velocity=0,0,0 durability=70
guardian retail_frame=491 phase=attack_preparation_bob position=1280,-100,-653 yaw=0 speed=0 velocity=0,0,0 durability=70
guardian retail_frame=499 phase=attack_leap position=1280,-198,-630 yaw=9 speed=25 velocity=0,0,23 durability=70
guardian retail_frame=503 phase=attack_leap position=1280,-270,-607 yaw=16 speed=25 velocity=0,0,23 durability=70
guardian retail_frame=511 phase=attack_leap position=1280,-320,-584 yaw=21 speed=25 velocity=0,0,23 durability=70
guardian retail_frame=519 phase=attack_leap position=1280,-352,-561 yaw=25 speed=25 velocity=0,0,23 durability=70
guardian retail_frame=523 phase=attack_leap position=1280,-370,-538 yaw=28 speed=25 velocity=0,0,23 durability=70
guardian retail_frame=531 phase=attack_leap position=1280,-378,-515 yaw=30 speed=25 velocity=0,0,23 durability=70
guardian retail_frame=539 phase=attack_leap position=1280,-380,-492 yaw=32 speed=25 velocity=0,0,23 durability=70
guardian retail_frame=543 phase=attack_leap position=1280,-378,-469 yaw=34 speed=25 velocity=0,0,23 durability=70
guardian retail_frame=551 phase=attack_leap position=1280,-370,-446 yaw=35 speed=25 velocity=0,0,23 durability=70
guardian retail_frame=559 phase=attack_leap position=1280,-352,-423 yaw=36 speed=25 velocity=0,0,23 durability=70
guardian retail_frame=563 phase=attack_leap position=1280,-320,-400 yaw=37 speed=25 velocity=0,0,23 durability=70
guardian retail_frame=571 phase=attack_leap position=1280,-270,-377 yaw=38 speed=25 velocity=0,0,23 durability=70
guardian retail_frame=579 phase=attack_leap position=1280,-198,-354 yaw=39 speed=25 velocity=0,0,23 durability=70
guardian retail_frame=587 phase=attack_leap position=1280,-100,-354 yaw=40 speed=0 velocity=0,0,0 durability=70
guardian retail_frame=591 phase=attack_recovery_bob position=1280,-92,-354 yaw=40 speed=0 velocity=0,0,0 durability=70
guardian retail_frame=599 phase=attack_recovery_bob position=1280,-80,-354 yaw=40 speed=0 velocity=0,0,0 durability=70
guardian retail_frame=607 phase=attack_recovery_bob position=1280,-76,-354 yaw=40 speed=0 velocity=0,0,0 durability=70
guardian retail_frame=611 phase=attack_recovery_bob position=1280,-80,-354 yaw=40 speed=0 velocity=0,0,0 durability=70
guardian retail_frame=619 phase=attack_recovery_bob position=1280,-100,-354 yaw=40 speed=0 velocity=0,0,0 durability=70
mount retail_frame=647 position=1238,-100,-327 parent_offset=-42,0,27 yaw=40 durability=10
summary attack_count=5 shots_per_attack=1
