# Compact oracle evidence for the Leon pressure encounter hostile projectiles.
# Raw source SHA-256: 7d3cd1804e55447f0456eb359eba8a96b87a039073e53812223f5a46ade49bd4
# Source path addresses and opaque actor storage were reduced to gameplay operations.
elapsed=74427 source=04B9 action=set-cruise-speed pose=1256,-3748,8793,7,95,0,30 target=-3619,-2922,4327,251,32,3,23
elapsed=74428 source=04B9 action=contract pose=1256,-3748,8793,7,95,0,63 target=-3619,-2922,4327,251,32,3,23
elapsed=74428 source=04B9 action=contract pose=1162,-3733,8707,7,95,0,63 target=-3619,-2922,4327,251,32,3,23
elapsed=74428 source=04B9 action=contract pose=1068,-3718,8621,7,95,0,63 target=-3619,-2922,4327,251,32,3,23
elapsed=74428 source=04B9 action=face-immediate pose=974,-3703,8535,7,95,0,63 target=-3619,-2922,4327,251,32,3,23
elapsed=74428 source=04B9 action=advance-homing pose=974,-3703,8535,7,95,0,63 target=-3619,-2922,4327,251,32,3,23
elapsed=74431 source=04B9 action=contract pose=806,-3663,8371,7,95,0,63 target=-3694,-2917,4402,251,32,1,23
elapsed=74431 source=04B9 action=contract pose=711,-3648,8287,7,95,0,63 target=-3694,-2917,4402,251,32,1,23
elapsed=74431 source=04B9 action=contract pose=616,-3633,8203,7,95,0,63 target=-3694,-2917,4402,251,32,1,23
elapsed=74431 source=04B9 action=face-immediate pose=521,-3618,8119,7,95,0,63 target=-3694,-2917,4402,251,32,1,23
elapsed=74431 source=04B9 action=advance-homing pose=521,-3618,8119,7,94,0,63 target=-3694,-2917,4402,251,32,1,23
elapsed=74435 source=04B9 action=contract pose=345,-3578,7959,7,94,0,63 target=-3769,-2912,4477,251,32,255,23
elapsed=74435 source=04B9 action=contract pose=248,-3563,7877,7,94,0,63 target=-3769,-2912,4477,251,32,255,23
elapsed=74435 source=04B9 action=contract pose=151,-3548,7795,7,94,0,63 target=-3769,-2912,4477,251,32,255,23
elapsed=74435 source=04B9 action=face-immediate pose=54,-3533,7713,7,94,0,63 target=-3769,-2912,4477,251,32,255,23
elapsed=74435 source=04B9 action=advance-homing pose=54,-3533,7713,7,93,0,63 target=-3769,-2912,4477,251,32,255,23
elapsed=74439 source=04B9 action=contract pose=-126,-3493,7557,7,93,0,63 target=-3844,-2907,4552,251,32,254,23
elapsed=74439 source=04B9 action=contract pose=-225,-3478,7477,7,93,0,63 target=-3844,-2907,4552,251,32,254,23
elapsed=74439 source=04B9 action=contract pose=-324,-3463,7397,7,93,0,63 target=-3844,-2907,4552,251,32,254,23
elapsed=74439 source=04B9 action=face-immediate pose=-423,-3448,7317,7,93,0,63 target=-3844,-2907,4552,251,32,254,23
elapsed=74439 source=04B9 action=advance-homing pose=-423,-3448,7317,7,92,0,63 target=-3844,-2907,4552,251,32,254,23
elapsed=74443 source=04B9 action=contract pose=-607,-3408,7165,7,92,0,63 target=-3923,-2902,4624,251,34,0,23
elapsed=74443 source=04B9 action=contract pose=-708,-3393,7088,7,92,0,63 target=-3923,-2902,4624,251,34,0,23
elapsed=74443 source=04B9 action=contract pose=-809,-3378,7011,7,92,0,63 target=-3923,-2902,4624,251,34,0,23
elapsed=74443 source=04B9 action=face-immediate pose=-910,-3363,6934,7,92,0,63 target=-3923,-2902,4624,251,34,0,23
elapsed=74443 source=04B9 action=advance-homing pose=-910,-3363,6934,7,91,0,63 target=-3923,-2902,4624,251,34,0,23
elapsed=74447 source=04B9 action=contract pose=-1098,-3323,6786,7,91,0,63 target=-4002,-2897,4696,251,34,255,23
elapsed=74447 source=04B9 action=contract pose=-1201,-3309,6712,7,91,0,63 target=-4002,-2897,4696,251,34,255,23
elapsed=74447 source=04B9 action=contract pose=-1304,-3294,6638,7,91,0,63 target=-4002,-2897,4696,251,34,255,23
elapsed=74447 source=04B9 action=face-immediate pose=-1407,-3279,6564,7,91,0,63 target=-4002,-2897,4696,251,34,255,23
elapsed=74447 source=04B9 action=advance-homing pose=-1407,-3279,6564,7,90,0,63 target=-4002,-2897,4696,251,34,255,23
elapsed=74450 source=04B9 action=contract pose=-1599,-3239,6424,7,90,0,63 target=-4081,-2892,4768,251,34,253,23
elapsed=74451 source=04B9 action=contract pose=-1705,-3225,6353,7,90,0,63 target=-4081,-2892,4768,251,34,253,23
elapsed=74451 source=04B9 action=contract pose=-1811,-3211,6282,7,90,0,63 target=-4081,-2892,4768,251,34,253,23
elapsed=74451 source=04B9 action=face-immediate pose=-1917,-3197,6211,7,90,0,63 target=-4081,-2892,4768,251,34,253,23
elapsed=74451 source=04B9 action=advance-homing pose=-1917,-3197,6211,6,88,0,63 target=-4081,-2892,4768,251,34,253,23
elapsed=74454 source=04B9 action=contract pose=-2113,-3165,6079,6,88,0,63 target=-4163,-2887,4836,251,36,0,23
elapsed=74454 source=04B9 action=contract pose=-2222,-3151,6013,6,88,0,63 target=-4163,-2887,4836,251,36,0,23
elapsed=74454 source=04B9 action=contract pose=-2331,-3137,5947,6,88,0,63 target=-4163,-2887,4836,251,36,0,23
elapsed=74454 source=04B9 action=face-immediate pose=-2439,-3123,5881,6,88,0,63 target=-4163,-2887,4836,251,36,0,23
elapsed=74454 source=04B9 action=advance-homing pose=-2439,-3123,5881,6,87,0,63 target=-4163,-2887,4836,251,36,0,23
elapsed=74458 source=05B5 action=set-cruise-speed pose=-396,-3420,7489,6,88,0,30 target=-4245,-2882,4904,251,36,255,23
elapsed=74458 source=05B5 action=contract pose=-396,-3420,7489,6,88,0,63 target=-4245,-2882,4904,251,36,255,23
elapsed=74458 source=05B5 action=contract pose=-501,-3406,7418,6,88,0,63 target=-4245,-2882,4904,251,36,255,23
elapsed=74458 source=05B5 action=contract pose=-606,-3392,7347,6,88,0,63 target=-4245,-2882,4904,251,36,255,23
elapsed=74458 source=05B5 action=face-immediate pose=-711,-3378,7276,6,88,0,63 target=-4245,-2882,4904,251,36,255,23
elapsed=74459 source=05B5 action=advance-homing pose=-711,-3378,7276,6,88,0,63 target=-4245,-2882,4904,251,36,255,23
elapsed=74459 source=04B9 action=contract pose=-2639,-3091,5757,6,87,0,63 target=-4245,-2882,4904,251,36,255,23
elapsed=74459 source=04B9 action=contract pose=-2751,-3077,5697,6,87,0,63 target=-4245,-2882,4904,251,36,255,23
elapsed=74459 source=04B9 action=contract pose=-2863,-3063,5637,6,87,0,63 target=-4245,-2882,4904,251,36,255,23
elapsed=74459 source=04B9 action=face-immediate pose=-2975,-3049,5577,6,87,0,63 target=-4245,-2882,4904,251,36,255,23
elapsed=74459 source=04B9 action=advance-homing pose=-2975,-3049,5577,6,84,0,63 target=-4245,-2882,4904,251,36,255,23
elapsed=74462 source=05B5 action=contract pose=-907,-3346,7144,6,88,0,63 target=-4331,-2877,4967,251,38,2,23
elapsed=74462 source=05B5 action=contract pose=-1014,-3332,7076,6,88,0,63 target=-4331,-2877,4967,251,38,2,23
elapsed=74463 source=05B5 action=contract pose=-1121,-3318,7008,6,88,0,63 target=-4331,-2877,4967,251,38,2,23
elapsed=74463 source=05B5 action=face-immediate pose=-1228,-3304,6940,6,88,0,63 target=-4331,-2877,4967,251,38,2,23
elapsed=74463 source=05B5 action=advance-homing pose=-1228,-3304,6940,6,87,0,63 target=-4331,-2877,4967,251,38,2,23
elapsed=74463 source=04B9 action=contract pose=-3187,-3017,5465,6,84,0,63 target=-4331,-2877,4967,251,38,2,23
elapsed=74463 source=04B9 action=contract pose=-3303,-3003,5414,6,84,0,63 target=-4331,-2877,4967,251,38,2,23
elapsed=74463 source=04B9 action=contract pose=-3419,-2989,5363,6,84,0,63 target=-4331,-2877,4967,251,38,2,23
elapsed=74463 source=04B9 action=face-immediate pose=-3535,-2975,5312,6,84,0,63 target=-4331,-2877,4967,251,38,2,23
elapsed=74463 source=04B9 action=advance-homing pose=-3535,-2975,5312,6,81,0,63 target=-4331,-2877,4967,251,38,2,23
elapsed=74466 source=05B5 action=contract pose=-1428,-3272,6816,6,87,0,63 target=-4417,-2872,5030,251,38,2,23
elapsed=74466 source=05B5 action=contract pose=-1537,-3258,6751,6,87,0,63 target=-4417,-2872,5030,251,38,2,23
elapsed=74467 source=05B5 action=contract pose=-1646,-3244,6686,6,87,0,63 target=-4417,-2872,5030,251,38,2,23
elapsed=74467 source=05B5 action=face-immediate pose=-1755,-3230,6621,6,87,0,63 target=-4417,-2872,5030,251,38,2,23
elapsed=74467 source=05B5 action=advance-homing pose=-1755,-3230,6621,6,86,0,63 target=-4417,-2872,5030,251,38,2,23
elapsed=74467 source=04B9 action=face-immediate pose=-3755,-2943,5216,6,81,0,63 target=-4417,-2872,5030,251,38,2,23
elapsed=74467 source=04B9 action=set-cruise-speed pose=-3755,-2943,5216,6,75,0,63 target=-4417,-2872,5030,251,38,2,23
elapsed=74467 source=04B9 action=advance-aim pose=-3755,-2943,5216,6,75,0,63 target=-4417,-2872,5030,251,38,2,23
elapsed=74467 source=04B9 action=face-smooth pose=-3987,-2911,5156,6,75,0,63 target=-4417,-2872,5030,251,38,2,23
elapsed=74471 source=05B5 action=contract pose=-1959,-3198,6501,6,86,0,63 target=-4505,-2867,5089,251,40,5,23
elapsed=74471 source=05B5 action=contract pose=-2070,-3184,6439,6,86,0,63 target=-4505,-2867,5089,251,40,5,23
elapsed=74471 source=05B5 action=contract pose=-2181,-3170,6377,6,86,0,63 target=-4505,-2867,5089,251,40,5,23
elapsed=74471 source=05B5 action=face-immediate pose=-2292,-3156,6315,6,86,0,63 target=-4505,-2867,5089,251,40,5,23
elapsed=74471 source=05B5 action=advance-homing pose=-2292,-3156,6315,6,85,0,63 target=-4505,-2867,5089,251,40,5,23
elapsed=74471 source=04B9 action=advance-aim pose=-3987,-2911,5156,5,76,0,63 target=-4505,-2867,5089,251,40,5,23
elapsed=74475 source=05B5 action=contract pose=-2500,-3124,6199,6,85,0,63 target=-4593,-2862,5148,251,40,5,23
elapsed=74475 source=05B5 action=contract pose=-2613,-3110,6142,6,85,0,63 target=-4593,-2862,5148,251,40,5,23
elapsed=74475 source=05B5 action=contract pose=-2726,-3096,6085,6,85,0,63 target=-4593,-2862,5148,251,40,5,23
elapsed=74475 source=05B5 action=face-immediate pose=-2839,-3082,6028,6,85,0,63 target=-4593,-2862,5148,251,40,5,23
elapsed=74475 source=05B5 action=advance-homing pose=-2839,-3082,6028,6,83,0,63 target=-4593,-2862,5148,251,40,5,23
elapsed=74475 source=04B9 action=advance-aim pose=-4219,-2883,5092,5,76,0,63 target=-4593,-2862,5148,251,40,5,23
elapsed=74479 source=05B5 action=contract pose=-3051,-3050,5920,6,83,0,63 target=-4684,-2857,5202,251,42,7,23
elapsed=74479 source=05B5 action=contract pose=-3167,-3037,5869,6,83,0,63 target=-4684,-2857,5202,251,42,7,23
elapsed=74479 source=05B5 action=contract pose=-3283,-3024,5818,6,83,0,63 target=-4684,-2857,5202,251,42,7,23
elapsed=74480 source=05B5 action=face-immediate pose=-3399,-3011,5767,6,83,0,63 target=-4684,-2857,5202,251,42,7,23
elapsed=74480 source=05B5 action=advance-homing pose=-3399,-3011,5767,6,81,0,63 target=-4684,-2857,5202,251,42,7,23
elapsed=74480 source=04B9 action=advance-aim pose=-4451,-2855,5028,5,76,0,63 target=-4684,-2857,5202,251,42,7,23
elapsed=74483 source=05B5 action=contract pose=-3619,-2979,5671,6,81,0,63 target=-4766,-2853,5251,251,42,7,23
elapsed=74483 source=05B5 action=contract pose=-3738,-2966,5627,6,81,0,63 target=-4766,-2853,5251,251,42,7,23
elapsed=74483 source=05B5 action=contract pose=-3857,-2953,5583,6,81,0,63 target=-4766,-2853,5251,251,42,7,23
elapsed=74483 source=05B5 action=face-immediate pose=-3976,-2940,5539,6,81,0,63 target=-4766,-2853,5251,251,42,7,23
elapsed=74483 source=05B5 action=advance-homing pose=-3976,-2940,5539,6,79,0,63 target=-4766,-2853,5251,251,42,7,23
elapsed=74483 source=04B9 action=advance-cruise pose=-4683,-2827,4964,5,76,0,63 target=-4766,-2853,5251,251,42,7,23
elapsed=74487 source=05B5 action=face-immediate pose=-4200,-2908,5455,6,79,0,63 target=-4844,-2849,5291,251,44,10,22
elapsed=74487 source=05B5 action=set-cruise-speed pose=-4200,-2908,5455,5,75,0,63 target=-4844,-2849,5291,251,44,10,22
elapsed=74487 source=05B5 action=advance-aim pose=-4200,-2908,5455,5,75,0,63 target=-4844,-2849,5291,251,44,10,22
elapsed=74488 source=04B9 action=advance-cruise pose=-4915,-2799,4900,5,76,0,63 target=-4844,-2849,5291,251,44,10,22
elapsed=74491 source=05B5 action=advance-aim pose=-4436,-2880,5395,5,75,0,63 target=-4916,-2846,5327,251,44,10,23
elapsed=74491 source=05B5 action=face-smooth pose=-4672,-2852,5335,5,75,0,63 target=-4916,-2846,5327,251,44,10,23
elapsed=74491 source=04B9 action=advance-cruise pose=-5147,-2771,4836,5,76,0,63 target=-4916,-2846,5327,251,44,10,23
elapsed=74495 source=05B5 action=advance-aim pose=-4672,-2852,5335,4,73,0,63 target=-4982,-2843,5354,251,47,13,22
elapsed=74495 source=04B9 action=advance-cruise pose=-5379,-2743,4772,5,76,0,63 target=-4982,-2843,5354,251,47,13,22
elapsed=74498 source=05B5 action=advance-aim pose=-4908,-2832,5287,4,73,0,63 target=-5043,-2832,5380,251,47,12,23
elapsed=74499 source=04B9 action=advance-cruise pose=-5611,-2715,4708,5,76,0,63 target=-5043,-2832,5380,251,47,12,23
elapsed=74502 source=05B5 action=advance-cruise pose=-5144,-2812,5239,4,73,0,63 target=-5098,-2816,5404,251,47,12,23
elapsed=74503 source=04B9 action=advance-cruise pose=-5843,-2687,4644,5,76,0,63 target=-5098,-2816,5404,251,47,12,23
elapsed=74507 source=05B5 action=advance-cruise pose=-5380,-2792,5191,4,73,0,63 target=-5147,-2797,5425,252,47,11,23
elapsed=74507 source=04B9 action=advance-cruise pose=-6075,-2659,4580,5,76,0,63 target=-5147,-2797,5425,252,47,11,23
elapsed=74510 source=05B5 action=advance-cruise pose=-5616,-2772,5143,4,73,0,63 target=-5192,-2775,5444,254,47,11,23
elapsed=74511 source=04B9 action=advance-cruise pose=-6307,-2631,4516,5,76,0,63 target=-5192,-2775,5444,254,47,11,23
elapsed=74514 source=05B5 action=advance-cruise pose=-5852,-2752,5095,4,73,0,63 target=-5232,-2752,5460,1,47,10,23
elapsed=74514 source=04B9 action=advance-cruise pose=-6539,-2603,4452,5,76,0,63 target=-5232,-2752,5460,1,47,10,23
elapsed=74518 source=05B5 action=advance-cruise pose=-6088,-2732,5047,4,73,0,63 target=-5268,-2726,5475,3,47,9,23
elapsed=74518 source=04B9 action=advance-cruise pose=-6771,-2575,4388,5,76,0,63 target=-5268,-2726,5475,3,47,9,23
elapsed=74521 source=05B5 action=advance-cruise pose=-6324,-2712,4999,4,73,0,63 target=-5299,-2700,5491,6,43,5,23
elapsed=74521 source=04B9 action=advance-cruise pose=-7003,-2547,4324,5,76,0,63 target=-5299,-2700,5491,6,43,5,23
elapsed=74525 source=05B5 action=advance-cruise pose=-6560,-2692,4951,4,73,0,63 target=-5324,-2675,5508,8,39,249,22
elapsed=74525 source=04B9 action=advance-cruise pose=-7235,-2519,4260,5,76,0,63 target=-5324,-2675,5508,8,39,249,22
elapsed=74528 source=05B5 action=advance-cruise pose=-6796,-2672,4903,4,73,0,63 target=-5346,-2651,5527,11,35,247,22
elapsed=74528 source=04B9 action=advance-cruise pose=-7467,-2491,4196,5,76,0,63 target=-5346,-2651,5527,11,35,247,22
elapsed=74532 source=05B5 action=advance-cruise pose=-7032,-2652,4855,4,73,0,63 target=-5364,-2627,5545,13,32,244,21
elapsed=74532 source=04B9 action=advance-cruise pose=-7699,-2463,4132,5,76,0,63 target=-5364,-2627,5545,13,32,244,21
elapsed=74536 source=05B5 action=advance-cruise pose=-7268,-2632,4807,4,73,0,63 target=-5379,-2603,5563,16,28,242,21
elapsed=74536 source=04B9 action=advance-cruise pose=-7931,-2435,4068,5,76,0,63 target=-5379,-2603,5563,16,28,242,21
elapsed=74540 source=05B5 action=advance-cruise pose=-7504,-2612,4759,4,73,0,63 target=-5389,-2581,5581,18,24,240,20
elapsed=74543 source=05B5 action=advance-cruise pose=-7740,-2592,4711,4,73,0,63 target=-5398,-2558,5599,21,20,238,20
elapsed=74547 source=05B5 action=advance-cruise pose=-7976,-2572,4663,4,73,0,63 target=-5403,-2537,5617,23,15,236,19
elapsed=74550 source=05B5 action=advance-cruise pose=-8212,-2552,4615,4,73,0,63 target=-5406,-2516,5634,26,10,235,19
elapsed=74554 source=05B5 action=advance-cruise pose=-8448,-2532,4567,4,73,0,63 target=-5407,-2496,5649,28,8,235,18
elapsed=74938 source=05B5 action=set-cruise-speed pose=-3768,-3796,6513,2,193,0,30 target=3461,-3537,6691,1,193,254,23
elapsed=74938 source=05B5 action=contract pose=-3768,-3796,6513,2,193,0,63 target=3461,-3537,6691,1,193,254,23
elapsed=74938 source=05B5 action=contract pose=-3641,-3792,6515,2,193,0,63 target=3461,-3537,6691,1,193,254,23
elapsed=74938 source=05B5 action=contract pose=-3515,-3788,6518,2,193,0,63 target=3461,-3537,6691,1,193,254,23
elapsed=74938 source=05B5 action=face-immediate pose=-3388,-3784,6521,2,193,0,63 target=3461,-3537,6691,1,193,254,23
elapsed=74938 source=05B5 action=advance-homing pose=-3388,-3784,6521,2,193,0,63 target=3461,-3537,6691,1,193,254,23
elapsed=74942 source=05B5 action=contract pose=-3144,-3776,6521,2,193,0,63 target=3568,-3537,6692,1,193,254,23
elapsed=74942 source=05B5 action=contract pose=-3017,-3772,6524,2,193,0,63 target=3568,-3537,6692,1,193,254,23
elapsed=74942 source=05B5 action=contract pose=-2890,-3768,6527,2,193,0,63 target=3568,-3537,6692,1,193,254,23
elapsed=74942 source=05B5 action=face-immediate pose=-2764,-3764,6530,2,193,0,63 target=3568,-3537,6692,1,193,254,23
elapsed=74942 source=05B5 action=advance-homing pose=-2764,-3764,6530,2,193,0,63 target=3568,-3537,6692,1,193,254,23
elapsed=74946 source=05B5 action=contract pose=-2520,-3756,6530,2,193,0,63 target=3675,-3537,6693,1,193,255,23
elapsed=74946 source=05B5 action=contract pose=-2393,-3752,6533,2,193,0,63 target=3675,-3537,6693,1,193,255,23
elapsed=74946 source=05B5 action=contract pose=-2266,-3748,6536,2,193,0,63 target=3675,-3537,6693,1,193,255,23
elapsed=74946 source=05B5 action=face-immediate pose=-2140,-3744,6539,2,193,0,63 target=3675,-3537,6693,1,193,255,23
elapsed=74946 source=05B5 action=advance-homing pose=-2140,-3744,6539,2,193,0,63 target=3675,-3537,6693,1,193,255,23
elapsed=74949 source=05B5 action=contract pose=-1896,-3736,6539,2,193,0,63 target=3782,-3537,6694,1,193,255,23
elapsed=74949 source=05B5 action=contract pose=-1769,-3732,6542,2,193,0,63 target=3782,-3537,6694,1,193,255,23
elapsed=74949 source=05B5 action=contract pose=-1642,-3728,6545,2,193,0,63 target=3782,-3537,6694,1,193,255,23
elapsed=74949 source=05B5 action=face-immediate pose=-1515,-3724,6548,2,193,0,63 target=3782,-3537,6694,1,193,255,23
elapsed=74950 source=05B5 action=advance-homing pose=-1515,-3724,6548,2,194,0,63 target=3782,-3537,6694,1,193,255,23
elapsed=74953 source=05B5 action=contract pose=-1271,-3716,6552,2,194,0,63 target=3889,-3537,6695,1,193,0,23
elapsed=74953 source=05B5 action=contract pose=-1145,-3712,6555,2,194,0,63 target=3889,-3537,6695,1,193,0,23
elapsed=74953 source=05B5 action=contract pose=-1018,-3708,6558,2,194,0,63 target=3889,-3537,6695,1,193,0,23
elapsed=74953 source=05B5 action=face-immediate pose=-892,-3704,6561,2,194,0,63 target=3889,-3537,6695,1,193,0,23
elapsed=74953 source=05B5 action=advance-homing pose=-892,-3704,6561,2,194,0,63 target=3889,-3537,6695,1,193,0,23
elapsed=74957 source=05B5 action=contract pose=-648,-3696,6565,2,194,0,63 target=3996,-3537,6696,1,193,0,23
elapsed=74957 source=05B5 action=contract pose=-521,-3692,6568,2,194,0,63 target=3996,-3537,6696,1,193,0,23
elapsed=74957 source=05B5 action=contract pose=-394,-3688,6571,2,194,0,63 target=3996,-3537,6696,1,193,0,23
elapsed=74957 source=05B5 action=face-immediate pose=-267,-3684,6574,2,194,0,63 target=3996,-3537,6696,1,193,0,23
elapsed=74957 source=05B5 action=advance-homing pose=-267,-3684,6574,2,194,0,63 target=3996,-3537,6696,1,193,0,23
elapsed=74961 source=05B5 action=contract pose=-23,-3676,6578,2,194,0,63 target=4103,-3537,6697,1,193,0,23
elapsed=74961 source=05B5 action=contract pose=103,-3672,6581,2,194,0,63 target=4103,-3537,6697,1,193,0,23
elapsed=74961 source=05B5 action=contract pose=229,-3668,6584,2,194,0,63 target=4103,-3537,6697,1,193,0,23
elapsed=74961 source=05B5 action=face-immediate pose=356,-3664,6587,2,194,0,63 target=4103,-3537,6697,1,193,0,23
elapsed=74961 source=05B5 action=advance-homing pose=356,-3664,6587,2,194,0,63 target=4103,-3537,6697,1,193,0,23
elapsed=74964 source=05B5 action=contract pose=600,-3656,6591,2,194,0,63 target=4210,-3537,6698,1,193,9,23
elapsed=74964 source=05B5 action=contract pose=727,-3652,6594,2,194,0,63 target=4210,-3537,6698,1,193,9,23
elapsed=74964 source=05B5 action=contract pose=853,-3648,6597,2,194,0,63 target=4210,-3537,6698,1,193,9,23
elapsed=74964 source=05B5 action=face-immediate pose=979,-3644,6600,2,194,0,63 target=4210,-3537,6698,1,193,9,23
elapsed=74964 source=05B5 action=advance-homing pose=979,-3644,6600,2,194,0,63 target=4210,-3537,6698,1,193,9,23
elapsed=74969 source=0633 action=set-cruise-speed pose=-1656,-3708,6529,1,194,0,30 target=4317,-3537,6699,1,193,7,23
elapsed=74969 source=0633 action=contract pose=-1656,-3708,6529,1,194,0,63 target=4317,-3537,6699,1,193,7,23
elapsed=74969 source=0633 action=contract pose=-1530,-3705,6532,1,194,0,63 target=4317,-3537,6699,1,193,7,23
elapsed=74969 source=0633 action=contract pose=-1403,-3702,6535,1,194,0,63 target=4317,-3537,6699,1,193,7,23
elapsed=74969 source=0633 action=face-immediate pose=-1276,-3699,6538,1,194,0,63 target=4317,-3537,6699,1,193,7,23
elapsed=74969 source=0633 action=advance-homing pose=-1276,-3699,6538,1,194,0,63 target=4317,-3537,6699,1,193,7,23
elapsed=74969 source=05B5 action=contract pose=1223,-3636,6604,2,194,0,63 target=4317,-3537,6699,1,193,7,23
elapsed=74969 source=05B5 action=contract pose=1349,-3632,6607,2,194,0,63 target=4317,-3537,6699,1,193,7,23
elapsed=74969 source=05B5 action=contract pose=1476,-3629,6610,2,194,0,63 target=4317,-3537,6699,1,193,7,23
elapsed=74969 source=05B5 action=face-immediate pose=1602,-3625,6613,2,194,0,63 target=4317,-3537,6699,1,193,7,23
elapsed=74969 source=05B5 action=advance-homing pose=1602,-3625,6613,2,194,0,63 target=4317,-3537,6699,1,193,7,23
elapsed=74973 source=0633 action=contract pose=-1032,-3695,6542,1,194,0,63 target=4424,-3537,6700,1,193,6,23
elapsed=74973 source=0633 action=contract pose=-905,-3692,6545,1,194,0,63 target=4424,-3537,6700,1,193,6,23
elapsed=74973 source=0633 action=contract pose=-778,-3689,6548,1,194,0,63 target=4424,-3537,6700,1,193,6,23
elapsed=74973 source=0633 action=face-immediate pose=-651,-3686,6551,1,194,0,63 target=4424,-3537,6700,1,193,6,23
elapsed=74973 source=0633 action=advance-homing pose=-651,-3686,6551,2,194,0,63 target=4424,-3537,6700,1,193,6,23
elapsed=74973 source=05B5 action=contract pose=1846,-3617,6617,2,194,0,63 target=4424,-3537,6700,1,193,6,23
elapsed=74973 source=05B5 action=contract pose=1972,-3614,6621,2,194,0,63 target=4424,-3537,6700,1,193,6,23
elapsed=74973 source=05B5 action=contract pose=2098,-3611,6625,2,194,0,63 target=4424,-3537,6700,1,193,6,23
elapsed=74973 source=05B5 action=face-immediate pose=2225,-3607,6629,2,194,0,63 target=4424,-3537,6700,1,193,6,23
elapsed=74973 source=05B5 action=advance-homing pose=2225,-3607,6629,2,194,0,63 target=4424,-3537,6700,1,193,6,23
elapsed=74976 source=0633 action=contract pose=-407,-3678,6555,2,194,0,63 target=4531,-3537,6701,1,193,4,23
elapsed=74977 source=0633 action=contract pose=-280,-3675,6558,2,194,0,63 target=4531,-3537,6701,1,193,4,23
elapsed=74977 source=0633 action=contract pose=-153,-3672,6561,2,194,0,63 target=4531,-3537,6701,1,193,4,23
elapsed=74977 source=0633 action=face-immediate pose=-26,-3669,6564,2,194,0,63 target=4531,-3537,6701,1,193,4,23
elapsed=74977 source=0633 action=advance-homing pose=-26,-3669,6564,1,194,0,63 target=4531,-3537,6701,1,193,4,23
elapsed=74977 source=05B5 action=contract pose=2469,-3599,6633,2,194,0,63 target=4531,-3537,6701,1,193,4,23
elapsed=74977 source=05B5 action=contract pose=2595,-3596,6637,2,194,0,63 target=4531,-3537,6701,1,193,4,23
elapsed=74977 source=05B5 action=contract pose=2721,-3593,6641,2,194,0,63 target=4531,-3537,6701,1,193,4,23
elapsed=74977 source=05B5 action=face-immediate pose=2848,-3590,6645,2,194,0,63 target=4531,-3537,6701,1,193,4,23
elapsed=74977 source=05B5 action=advance-homing pose=2848,-3590,6645,2,194,0,63 target=4531,-3537,6701,1,193,4,23
elapsed=74981 source=0633 action=contract pose=218,-3665,6568,1,194,0,63 target=4638,-3537,6702,1,193,3,23
elapsed=74981 source=0633 action=contract pose=345,-3662,6571,1,194,0,63 target=4638,-3537,6702,1,193,3,23
elapsed=74981 source=0633 action=contract pose=472,-3659,6574,1,194,0,63 target=4638,-3537,6702,1,193,3,23
elapsed=74981 source=0633 action=face-immediate pose=598,-3656,6577,1,194,0,63 target=4638,-3537,6702,1,193,3,23
elapsed=74981 source=0633 action=advance-homing pose=598,-3656,6577,2,194,0,63 target=4638,-3537,6702,1,193,3,23
elapsed=74981 source=05B5 action=contract pose=3092,-3582,6649,2,194,0,63 target=4638,-3537,6702,1,193,3,23
elapsed=74981 source=05B5 action=contract pose=3218,-3579,6653,2,194,0,63 target=4638,-3537,6702,1,193,3,23
elapsed=74981 source=05B5 action=contract pose=3344,-3576,6657,2,194,0,63 target=4638,-3537,6702,1,193,3,23
elapsed=74981 source=05B5 action=face-immediate pose=3470,-3573,6661,2,194,0,63 target=4638,-3537,6702,1,193,3,23
elapsed=74981 source=05B5 action=advance-homing pose=3470,-3573,6661,2,194,0,63 target=4638,-3537,6702,1,193,3,23
elapsed=74985 source=0633 action=contract pose=842,-3648,6581,2,194,0,63 target=4745,-3537,6703,1,193,1,23
elapsed=74985 source=0633 action=contract pose=969,-3645,6584,2,194,0,63 target=4745,-3537,6703,1,193,1,23
elapsed=74985 source=0633 action=contract pose=1096,-3642,6587,2,194,0,63 target=4745,-3537,6703,1,193,1,23
elapsed=74985 source=0633 action=face-immediate pose=1223,-3639,6591,2,194,0,63 target=4745,-3537,6703,1,193,1,23
elapsed=74985 source=0633 action=advance-homing pose=1223,-3639,6591,1,194,0,63 target=4745,-3537,6703,1,193,1,23
elapsed=74985 source=05B5 action=contract pose=3714,-3565,6665,2,194,0,63 target=4745,-3537,6703,1,193,1,23
elapsed=74985 source=05B5 action=contract pose=3840,-3562,6669,2,194,0,63 target=4745,-3537,6703,1,193,1,23
elapsed=74985 source=05B5 action=contract pose=3967,-3559,6673,2,194,0,63 target=4745,-3537,6703,1,193,1,23
elapsed=74985 source=05B5 action=face-immediate pose=4094,-3556,6677,2,194,0,63 target=4745,-3537,6703,1,193,1,23
elapsed=74985 source=05B5 action=advance-homing pose=4094,-3556,6677,1,194,0,63 target=4745,-3537,6703,1,193,1,23
elapsed=74989 source=0633 action=contract pose=1467,-3635,6595,1,194,0,63 target=4852,-3537,6704,1,193,0,23
elapsed=74989 source=0633 action=contract pose=1593,-3632,6599,1,194,0,63 target=4852,-3537,6704,1,193,0,23
elapsed=74989 source=0633 action=contract pose=1719,-3629,6603,1,194,0,63 target=4852,-3537,6704,1,193,0,23
elapsed=74989 source=0633 action=face-immediate pose=1846,-3626,6607,1,194,0,63 target=4852,-3537,6704,1,193,0,23
elapsed=74989 source=0633 action=advance-homing pose=1846,-3626,6607,2,194,0,63 target=4852,-3537,6704,1,193,0,23
elapsed=74989 source=05B5 action=face-immediate pose=4338,-3552,6681,1,194,0,63 target=4852,-3537,6704,1,193,0,23
elapsed=74990 source=05B5 action=set-cruise-speed pose=4338,-3552,6681,1,194,0,63 target=4852,-3537,6704,1,193,0,23
elapsed=74990 source=05B5 action=advance-aim pose=4338,-3552,6681,1,194,0,63 target=4852,-3537,6704,1,193,0,23
elapsed=74993 source=0633 action=contract pose=2090,-3618,6611,2,194,0,63 target=4959,-3537,6705,1,193,255,23
elapsed=74993 source=0633 action=contract pose=2216,-3615,6615,2,194,0,63 target=4959,-3537,6705,1,193,255,23
elapsed=74993 source=0633 action=contract pose=2343,-3612,6619,2,194,0,63 target=4959,-3537,6705,1,193,255,23
elapsed=74993 source=0633 action=face-immediate pose=2470,-3609,6623,2,194,0,63 target=4959,-3537,6705,1,193,255,23
elapsed=74993 source=0633 action=advance-homing pose=2470,-3609,6623,1,194,0,63 target=4959,-3537,6705,1,193,255,23
elapsed=74993 source=05B5 action=advance-aim pose=4582,-3548,6685,1,194,0,63 target=4959,-3537,6705,1,193,255,23
elapsed=74993 source=05B5 action=face-smooth pose=4826,-3544,6689,1,194,0,63 target=4959,-3537,6705,1,193,255,23
elapsed=74997 source=0633 action=contract pose=2714,-3605,6627,1,194,0,63 target=5066,-3537,6706,1,193,254,23
elapsed=74997 source=0633 action=contract pose=2840,-3602,6631,1,194,0,63 target=5066,-3537,6706,1,193,254,23
elapsed=74997 source=0633 action=contract pose=2966,-3599,6635,1,194,0,63 target=5066,-3537,6706,1,193,254,23
elapsed=74997 source=0633 action=face-immediate pose=3092,-3596,6639,1,194,0,63 target=5066,-3537,6706,1,193,254,23
elapsed=74997 source=0633 action=advance-homing pose=3092,-3596,6639,2,194,0,63 target=5066,-3537,6706,1,193,254,23
elapsed=74997 source=05B5 action=advance-aim pose=4826,-3544,6689,2,195,0,63 target=5066,-3537,6706,1,193,254,23
elapsed=75002 source=04B9 action=set-cruise-speed pose=456,-3676,6577,2,194,0,30 target=5173,-3537,6707,1,193,254,23
elapsed=75002 source=04B9 action=contract pose=456,-3676,6577,2,194,0,63 target=5173,-3537,6707,1,193,254,23
elapsed=75002 source=04B9 action=contract pose=582,-3673,6580,2,194,0,63 target=5173,-3537,6707,1,193,254,23
elapsed=75002 source=04B9 action=contract pose=709,-3670,6583,2,194,0,63 target=5173,-3537,6707,1,193,254,23
elapsed=75002 source=04B9 action=face-immediate pose=836,-3667,6586,2,194,0,63 target=5173,-3537,6707,1,193,254,23
elapsed=75002 source=04B9 action=advance-homing pose=836,-3667,6586,2,194,0,63 target=5173,-3537,6707,1,193,254,23
elapsed=75002 source=0633 action=contract pose=3336,-3588,6643,2,194,0,63 target=5173,-3537,6707,1,193,254,23
elapsed=75002 source=0633 action=contract pose=3462,-3585,6647,2,194,0,63 target=5173,-3537,6707,1,193,254,23
elapsed=75002 source=0633 action=contract pose=3589,-3582,6651,2,194,0,63 target=5173,-3537,6707,1,193,254,23
elapsed=75002 source=0633 action=face-immediate pose=3715,-3579,6655,2,194,0,63 target=5173,-3537,6707,1,193,254,23
elapsed=75002 source=0633 action=advance-homing pose=3715,-3579,6655,1,194,0,63 target=5173,-3537,6707,1,193,254,23
elapsed=75002 source=05B5 action=advance-cruise pose=5070,-3536,6701,2,195,0,63 target=5173,-3537,6707,1,193,254,23
elapsed=75007 source=04B9 action=contract pose=1080,-3659,6590,2,194,0,63 target=5280,-3537,6708,1,193,244,23
elapsed=75007 source=04B9 action=contract pose=1207,-3656,6593,2,194,0,63 target=5280,-3537,6708,1,193,244,23
elapsed=75007 source=04B9 action=contract pose=1334,-3653,6596,2,194,0,63 target=5280,-3537,6708,1,193,244,23
elapsed=75007 source=04B9 action=face-immediate pose=1461,-3650,6599,2,194,0,63 target=5280,-3537,6708,1,193,244,23
elapsed=75007 source=04B9 action=advance-homing pose=1461,-3650,6599,2,194,0,63 target=5280,-3537,6708,1,193,244,23
elapsed=75007 source=0633 action=contract pose=3959,-3575,6659,1,194,0,63 target=5280,-3537,6708,1,193,244,23
elapsed=75007 source=0633 action=contract pose=4085,-3572,6663,1,194,0,63 target=5280,-3537,6708,1,193,244,23
elapsed=75007 source=0633 action=contract pose=4211,-3569,6667,1,194,0,63 target=5280,-3537,6708,1,193,244,23
elapsed=75007 source=0633 action=face-immediate pose=4337,-3566,6671,1,194,0,63 target=5280,-3537,6708,1,193,244,23
elapsed=75007 source=0633 action=advance-homing pose=4337,-3566,6671,2,194,0,63 target=5280,-3537,6708,1,193,244,23
elapsed=75007 source=05B5 action=advance-cruise pose=5314,-3528,6713,2,195,0,63 target=5280,-3537,6708,1,193,244,23
elapsed=75011 source=04B9 action=contract pose=1705,-3642,6603,2,194,0,63 target=5387,-3537,6709,1,193,246,23
elapsed=75011 source=04B9 action=contract pose=1832,-3639,6606,2,194,0,63 target=5387,-3537,6709,1,193,246,23
elapsed=75011 source=04B9 action=contract pose=1958,-3636,6609,2,194,0,63 target=5387,-3537,6709,1,193,246,23
elapsed=75011 source=04B9 action=face-immediate pose=2085,-3633,6612,2,194,0,63 target=5387,-3537,6709,1,193,246,23
elapsed=75011 source=04B9 action=advance-homing pose=2085,-3633,6612,1,194,0,63 target=5387,-3537,6709,1,193,246,23
elapsed=75011 source=0633 action=face-immediate pose=4581,-3558,6675,2,194,0,63 target=5387,-3537,6709,1,193,246,23
elapsed=75011 source=0633 action=set-cruise-speed pose=4581,-3558,6675,1,194,0,63 target=5387,-3537,6709,1,193,246,23
elapsed=75011 source=0633 action=advance-aim pose=4581,-3558,6675,1,194,0,63 target=5387,-3537,6709,1,193,246,23
elapsed=75011 source=0633 action=face-smooth pose=4825,-3554,6679,1,194,0,63 target=5387,-3537,6709,1,193,246,23
elapsed=75012 source=05B5 action=advance-cruise pose=5558,-3520,6725,2,195,0,63 target=5387,-3537,6709,1,193,246,23
elapsed=75016 source=04B9 action=contract pose=2329,-3629,6616,1,194,0,63 target=5494,-3537,6710,1,193,247,23
elapsed=75016 source=04B9 action=contract pose=2456,-3626,6619,1,194,0,63 target=5494,-3537,6710,1,193,247,23
elapsed=75016 source=04B9 action=contract pose=2583,-3623,6622,1,194,0,63 target=5494,-3537,6710,1,193,247,23
elapsed=75016 source=04B9 action=face-immediate pose=2709,-3620,6625,1,194,0,63 target=5494,-3537,6710,1,193,247,23
elapsed=75016 source=04B9 action=advance-homing pose=2709,-3620,6625,2,194,0,63 target=5494,-3537,6710,1,193,247,23
elapsed=75016 source=0633 action=advance-aim pose=4825,-3554,6679,2,195,0,63 target=5494,-3537,6710,1,193,247,23
elapsed=75016 source=05B5 action=advance-cruise pose=5802,-3512,6737,2,195,0,63 target=5494,-3537,6710,1,193,247,23
elapsed=75020 source=04B9 action=contract pose=2953,-3612,6629,2,194,0,63 target=5601,-3537,6711,1,193,249,23
elapsed=75020 source=04B9 action=contract pose=3080,-3609,6632,2,194,0,63 target=5601,-3537,6711,1,193,249,23
elapsed=75020 source=04B9 action=contract pose=3206,-3606,6635,2,194,0,63 target=5601,-3537,6711,1,193,249,23
elapsed=75020 source=04B9 action=face-immediate pose=3332,-3603,6639,2,194,0,63 target=5601,-3537,6711,1,193,249,23
elapsed=75021 source=04B9 action=advance-homing pose=3332,-3603,6639,1,194,0,63 target=5601,-3537,6711,1,193,249,23
elapsed=75021 source=0633 action=advance-aim pose=5069,-3546,6691,2,195,0,63 target=5601,-3537,6711,1,193,249,23
elapsed=75021 source=0633 action=face-smooth pose=5313,-3538,6703,2,195,0,63 target=5601,-3537,6711,1,193,249,23
elapsed=75021 source=05B5 action=advance-cruise pose=6046,-3504,6749,2,195,0,63 target=5601,-3537,6711,1,193,249,23
elapsed=75025 source=04B9 action=contract pose=3576,-3599,6643,1,194,0,63 target=5708,-3537,6712,1,193,251,23
elapsed=75025 source=04B9 action=contract pose=3702,-3596,6647,1,194,0,63 target=5708,-3537,6712,1,193,251,23
elapsed=75025 source=04B9 action=contract pose=3828,-3593,6651,1,194,0,63 target=5708,-3537,6712,1,193,251,23
elapsed=75025 source=04B9 action=face-immediate pose=3954,-3590,6655,1,194,0,63 target=5708,-3537,6712,1,193,251,23
elapsed=75025 source=04B9 action=advance-homing pose=3954,-3590,6655,2,194,0,63 target=5708,-3537,6712,1,193,251,23
elapsed=75025 source=0633 action=advance-aim pose=5313,-3538,6703,1,194,0,63 target=5708,-3537,6712,1,193,251,23
elapsed=75026 source=05B5 action=advance-cruise pose=6290,-3496,6761,2,195,0,63 target=5708,-3537,6712,1,193,251,23
elapsed=75030 source=04B9 action=contract pose=4198,-3582,6659,2,194,0,63 target=5815,-3537,6713,1,193,253,23
elapsed=75030 source=04B9 action=contract pose=4325,-3579,6663,2,194,0,63 target=5815,-3537,6713,1,193,253,23
elapsed=75030 source=04B9 action=contract pose=4451,-3576,6667,2,194,0,63 target=5815,-3537,6713,1,193,253,23
elapsed=75030 source=04B9 action=face-immediate pose=4577,-3573,6671,2,194,0,63 target=5815,-3537,6713,1,193,253,23
elapsed=75030 source=04B9 action=advance-homing pose=4577,-3573,6671,1,194,0,63 target=5815,-3537,6713,1,193,253,23
elapsed=75030 source=0633 action=advance-aim pose=5557,-3534,6707,1,194,0,63 target=5815,-3537,6713,1,193,253,23
elapsed=75030 source=0633 action=face-smooth pose=5801,-3530,6711,1,194,0,63 target=5815,-3537,6713,1,193,253,23
elapsed=75030 source=05B5 action=advance-cruise pose=6534,-3488,6773,2,195,0,63 target=5815,-3537,6713,1,193,253,23
elapsed=75035 source=04B9 action=contract pose=4821,-3569,6675,1,194,0,63 target=5922,-3537,6714,1,193,255,23
elapsed=75035 source=04B9 action=contract pose=4947,-3566,6679,1,194,0,63 target=5922,-3537,6714,1,193,255,23
elapsed=75035 source=04B9 action=contract pose=5073,-3563,6683,1,194,0,63 target=5922,-3537,6714,1,193,255,23
elapsed=75035 source=04B9 action=face-immediate pose=5200,-3560,6687,1,194,0,63 target=5922,-3537,6714,1,193,255,23
elapsed=75035 source=04B9 action=advance-homing pose=5200,-3560,6687,2,194,0,63 target=5922,-3537,6714,1,193,255,23
elapsed=75035 source=0633 action=advance-aim pose=5801,-3530,6711,250,195,0,63 target=5922,-3537,6714,1,193,255,23
elapsed=75036 source=05B5 action=advance-cruise pose=6778,-3480,6785,2,195,0,63 target=5922,-3537,6714,1,193,255,23
elapsed=75040 source=04B9 action=face-immediate pose=5444,-3552,6691,2,194,0,63 target=6018,-3537,6714,1,193,0,23
elapsed=75040 source=04B9 action=set-cruise-speed pose=5444,-3552,6691,1,194,0,63 target=6018,-3537,6714,1,193,0,23
elapsed=75041 source=04B9 action=advance-aim pose=5444,-3552,6691,1,194,0,63 target=6018,-3537,6714,1,193,0,23
elapsed=75041 source=04B9 action=face-smooth pose=5688,-3548,6695,1,194,0,63 target=6018,-3537,6714,1,193,0,23
elapsed=75041 source=0633 action=advance-cruise pose=6041,-3562,6723,250,195,0,63 target=6018,-3537,6714,1,193,0,23
elapsed=75041 source=05B5 action=advance-cruise pose=7022,-3472,6797,2,195,0,63 target=6018,-3537,6714,1,193,0,23
elapsed=75045 source=04B9 action=advance-aim pose=5688,-3548,6695,2,195,0,63 target=6105,-3537,6714,1,193,2,23
elapsed=75045 source=0633 action=advance-cruise pose=6281,-3594,6735,250,195,0,63 target=6105,-3537,6714,1,193,2,23
elapsed=75045 source=05B5 action=advance-cruise pose=7266,-3464,6809,2,195,0,63 target=6105,-3537,6714,1,193,2,23
elapsed=75050 source=04B9 action=advance-aim pose=5932,-3540,6707,2,195,0,63 target=6186,-3537,6714,1,193,3,23
elapsed=75050 source=04B9 action=face-smooth pose=6176,-3532,6719,2,195,0,63 target=6186,-3537,6714,1,193,3,23
elapsed=75050 source=0633 action=advance-cruise pose=6521,-3626,6747,250,195,0,63 target=6186,-3537,6714,1,193,3,23
elapsed=75050 source=05B5 action=advance-cruise pose=7510,-3456,6821,2,195,0,63 target=6186,-3537,6714,1,193,3,23
elapsed=75055 source=04B9 action=advance-aim pose=6176,-3532,6719,251,190,0,63 target=6260,-3537,6714,1,193,230,23
elapsed=75055 source=0633 action=advance-cruise pose=6761,-3658,6759,250,195,0,63 target=6260,-3537,6714,1,193,230,23
elapsed=75056 source=05B5 action=advance-cruise pose=7754,-3448,6833,2,195,0,63 target=6260,-3537,6714,1,193,230,23
elapsed=75060 source=04B9 action=advance-cruise pose=6420,-3560,6715,251,190,0,63 target=6328,-3537,6714,1,193,233,23
elapsed=75060 source=0633 action=advance-cruise pose=7001,-3690,6771,250,195,0,63 target=6328,-3537,6714,1,193,233,23
elapsed=75060 source=05B5 action=advance-cruise pose=7998,-3440,6845,2,195,0,63 target=6328,-3537,6714,1,193,233,23
elapsed=75065 source=04B9 action=advance-cruise pose=6664,-3588,6711,251,190,0,63 target=6390,-3537,6714,0,193,236,23
elapsed=75065 source=0633 action=advance-cruise pose=7241,-3722,6783,250,195,0,63 target=6390,-3537,6714,0,193,236,23
elapsed=75065 source=05B5 action=advance-cruise pose=8242,-3432,6857,2,195,0,63 target=6390,-3537,6714,0,193,236,23
elapsed=75070 source=04B9 action=advance-cruise pose=6908,-3616,6707,251,190,0,63 target=6447,-3537,6714,254,193,239,23
elapsed=75070 source=0633 action=advance-cruise pose=7481,-3754,6795,250,195,0,63 target=6447,-3537,6714,254,193,239,23
elapsed=75070 source=05B5 action=advance-cruise pose=8486,-3424,6869,2,195,0,63 target=6447,-3537,6714,254,193,239,23
elapsed=75075 source=04B9 action=advance-cruise pose=7152,-3644,6703,251,190,0,63 target=6499,-3537,6714,253,193,240,23
elapsed=75075 source=0633 action=advance-cruise pose=7721,-3786,6807,250,195,0,63 target=6499,-3537,6714,253,193,240,23
elapsed=75079 source=04B9 action=advance-cruise pose=7396,-3672,6699,251,190,0,63 target=6547,-3537,6715,251,195,245,23
elapsed=75079 source=0633 action=advance-cruise pose=7961,-3818,6819,250,195,0,63 target=6547,-3537,6715,251,195,245,23
elapsed=75084 source=04B9 action=advance-cruise pose=7640,-3700,6695,251,190,0,63 target=6590,-3537,6720,248,199,249,22
elapsed=75084 source=0633 action=advance-cruise pose=8201,-3850,6831,250,195,0,63 target=6590,-3537,6720,248,199,249,22
elapsed=75089 source=04B9 action=advance-cruise pose=7884,-3728,6691,251,190,0,63 target=6628,-3537,6729,246,203,253,22
elapsed=75089 source=0633 action=advance-cruise pose=8441,-3882,6843,250,195,0,63 target=6628,-3537,6729,246,203,253,22
elapsed=75093 source=04B9 action=advance-cruise pose=8128,-3756,6687,251,190,0,63 target=6662,-3537,6739,243,206,255,21
elapsed=75094 source=0633 action=advance-cruise pose=8681,-3914,6855,250,195,0,63 target=6662,-3537,6739,243,206,255,21
elapsed=75097 source=04B9 action=advance-cruise pose=8372,-3784,6683,251,190,0,63 target=6692,-3537,6753,241,210,1,21
elapsed=75097 source=0633 action=advance-cruise pose=8921,-3946,6867,250,195,0,63 target=6692,-3537,6753,241,210,1,21
elapsed=75102 source=04B9 action=advance-cruise pose=8616,-3812,6679,251,190,0,63 target=6719,-3537,6769,238,214,3,20
elapsed=75102 source=0633 action=advance-cruise pose=9161,-3978,6879,250,195,0,63 target=6719,-3537,6769,238,214,3,20
elapsed=75106 source=04B9 action=advance-cruise pose=8860,-3840,6675,251,190,0,63 target=6743,-3537,6786,238,218,4,20
elapsed=75106 source=0633 action=advance-cruise pose=9401,-4010,6891,250,195,0,63 target=6743,-3537,6786,238,218,4,20
elapsed=75110 source=04B9 action=advance-cruise pose=9104,-3868,6671,251,190,0,63 target=6763,-3540,6805,238,223,6,19
elapsed=75115 source=04B9 action=advance-cruise pose=9348,-3896,6667,251,190,0,63 target=6781,-3540,6826,237,227,7,19
elapsed=75120 source=04B9 action=advance-cruise pose=9592,-3924,6663,251,190,0,63 target=6795,-3538,6847,237,231,9,18
elapsed=75124 source=04B9 action=advance-cruise pose=9836,-3952,6659,251,190,0,63 target=6807,-3533,6869,238,233,10,18
