# Compact oracle evidence for Leon's extended duel hostile projectiles.
# Raw source SHA-256: 9a4fe73d90bf8254bdbdfa57d2df0d098753b359443808c5ff460301383da601
# Source path addresses and opaque actor storage were reduced to gameplay operations.
elapsed=64080 source=04F8 action=set-cruise-speed pose=3031,-2776,7802,24,119,0,30 target=1585,0,1490,0,223,0,23
elapsed=64080 source=04F8 action=contract pose=3031,-2776,7802,24,119,0,63 target=1585,0,1490,0,223,0,23
elapsed=64080 source=04F8 action=contract pose=3004,-2726,7687,24,119,0,63 target=1585,0,1490,0,223,0,23
elapsed=64080 source=04F8 action=contract pose=2977,-2676,7572,24,119,0,63 target=1585,0,1490,0,223,0,23
elapsed=64080 source=04F8 action=face-immediate pose=2950,-2626,7457,24,119,0,63 target=1585,0,1490,0,223,0,23
elapsed=64080 source=04F8 action=advance-homing pose=2950,-2626,7457,24,119,0,63 target=1585,0,1490,0,223,0,23
elapsed=64084 source=04F8 action=contract pose=2910,-2490,7261,24,119,0,63 target=1600,0,1504,0,223,255,23
elapsed=64084 source=04F8 action=contract pose=2883,-2441,7146,24,119,0,63 target=1600,0,1504,0,223,255,23
elapsed=64084 source=04F8 action=contract pose=2856,-2392,7031,24,119,0,63 target=1600,0,1504,0,223,255,23
elapsed=64084 source=04F8 action=face-immediate pose=2829,-2343,6916,24,119,0,63 target=1600,0,1504,0,223,255,23
elapsed=64084 source=04F8 action=advance-homing pose=2829,-2343,6916,23,119,0,63 target=1600,0,1504,0,223,255,23
elapsed=64088 source=04F8 action=contract pose=2789,-2215,6716,23,119,0,63 target=1615,0,1518,0,223,254,23
elapsed=64088 source=04F8 action=contract pose=2762,-2167,6601,23,119,0,63 target=1615,0,1518,0,223,254,23
elapsed=64088 source=04F8 action=contract pose=2736,-2119,6486,23,119,0,63 target=1615,0,1518,0,223,254,23
elapsed=64088 source=04F8 action=face-immediate pose=2709,-2071,6371,23,119,0,63 target=1615,0,1518,0,223,254,23
elapsed=64088 source=04F8 action=advance-homing pose=2709,-2071,6371,23,120,0,63 target=1615,0,1518,0,223,254,23
elapsed=64091 source=04F8 action=contract pose=2673,-1943,6171,23,120,0,63 target=1630,0,1532,0,223,254,23
elapsed=64091 source=04F8 action=contract pose=2646,-1895,6055,23,120,0,63 target=1630,0,1532,0,223,254,23
elapsed=64091 source=04F8 action=contract pose=2620,-1847,5939,23,120,0,63 target=1630,0,1532,0,223,254,23
elapsed=64092 source=04F8 action=face-immediate pose=2594,-1799,5823,23,120,0,63 target=1630,0,1532,0,223,254,23
elapsed=64092 source=04F8 action=advance-homing pose=2594,-1799,5823,23,120,0,63 target=1630,0,1532,0,223,254,23
elapsed=64095 source=04F8 action=contract pose=2558,-1671,5623,23,120,0,63 target=1645,0,1546,0,223,253,23
elapsed=64095 source=04F8 action=contract pose=2532,-1624,5507,23,120,0,63 target=1645,0,1546,0,223,253,23
elapsed=64095 source=04F8 action=contract pose=2506,-1577,5391,23,120,0,63 target=1645,0,1546,0,223,253,23
elapsed=64095 source=04F8 action=face-immediate pose=2480,-1530,5275,23,120,0,63 target=1645,0,1546,0,223,253,23
elapsed=64095 source=04F8 action=advance-homing pose=2480,-1530,5275,22,120,0,63 target=1645,0,1546,0,223,253,23
elapsed=64099 source=04F8 action=contract pose=2444,-1406,5071,22,120,0,63 target=1660,0,1560,0,223,253,23
elapsed=64099 source=04F8 action=contract pose=2418,-1360,4955,22,120,0,63 target=1660,0,1560,0,223,253,23
elapsed=64099 source=04F8 action=contract pose=2392,-1314,4839,22,120,0,63 target=1660,0,1560,0,223,253,23
elapsed=64099 source=04F8 action=face-immediate pose=2366,-1268,4723,22,120,0,63 target=1660,0,1560,0,223,253,23
elapsed=64099 source=04F8 action=advance-homing pose=2366,-1268,4723,22,120,0,63 target=1660,0,1560,0,223,253,23
elapsed=64102 source=04F8 action=contract pose=2330,-1144,4519,22,120,0,63 target=1675,0,1574,0,223,252,23
elapsed=64103 source=04F8 action=contract pose=2304,-1099,4402,22,120,0,63 target=1675,0,1574,0,223,252,23
elapsed=64103 source=04F8 action=contract pose=2278,-1054,4285,22,120,0,63 target=1675,0,1574,0,223,252,23
elapsed=64103 source=04F8 action=face-immediate pose=2252,-1009,4168,22,120,0,63 target=1675,0,1574,0,223,252,23
elapsed=64103 source=04F8 action=advance-homing pose=2252,-1009,4168,22,120,0,63 target=1675,0,1574,0,223,252,23
elapsed=64106 source=04F8 action=contract pose=2216,-885,3964,22,120,0,63 target=1690,0,1588,0,223,252,23
elapsed=64106 source=04F8 action=contract pose=2190,-842,3847,22,120,0,63 target=1690,0,1588,0,223,252,23
elapsed=64106 source=04F8 action=contract pose=2164,-799,3730,22,120,0,63 target=1690,0,1588,0,223,252,23
elapsed=64106 source=04F8 action=face-immediate pose=2138,-756,3613,22,120,0,63 target=1690,0,1588,0,223,252,23
elapsed=64106 source=04F8 action=advance-homing pose=2138,-756,3613,21,120,0,63 target=1690,0,1588,0,223,252,23
elapsed=64111 source=04B9 action=set-cruise-speed pose=2703,-1640,6014,21,120,0,30 target=1705,0,1602,0,223,252,23
elapsed=64111 source=04B9 action=contract pose=2703,-1640,6014,21,120,0,63 target=1705,0,1602,0,223,252,23
elapsed=64111 source=04B9 action=contract pose=2676,-1597,5897,21,120,0,63 target=1705,0,1602,0,223,252,23
elapsed=64111 source=04B9 action=contract pose=2649,-1554,5780,21,120,0,63 target=1705,0,1602,0,223,252,23
elapsed=64111 source=04B9 action=face-immediate pose=2622,-1511,5663,21,120,0,63 target=1705,0,1602,0,223,252,23
elapsed=64111 source=04B9 action=advance-homing pose=2622,-1511,5663,21,120,0,63 target=1705,0,1602,0,223,252,23
elapsed=64111 source=04F8 action=contract pose=2102,-636,3405,21,120,0,63 target=1705,0,1602,0,223,252,23
elapsed=64111 source=04F8 action=contract pose=2076,-595,3287,21,120,0,63 target=1705,0,1602,0,223,252,23
elapsed=64111 source=04F8 action=contract pose=2050,-554,3169,21,120,0,63 target=1705,0,1602,0,223,252,23
elapsed=64111 source=04F8 action=face-immediate pose=2024,-513,3051,21,120,0,63 target=1705,0,1602,0,223,252,23
elapsed=64111 source=04F8 action=advance-homing pose=2024,-513,3051,20,120,0,63 target=1705,0,1602,0,223,252,23
elapsed=64115 source=04B9 action=contract pose=2586,-1391,5455,21,120,0,63 target=1720,0,1616,0,223,252,23
elapsed=64115 source=04B9 action=contract pose=2559,-1349,5337,21,120,0,63 target=1720,0,1616,0,223,252,23
elapsed=64115 source=04B9 action=contract pose=2532,-1307,5220,21,120,0,63 target=1720,0,1616,0,223,252,23
elapsed=64115 source=04B9 action=face-immediate pose=2505,-1265,5102,21,120,0,63 target=1720,0,1616,0,223,252,23
elapsed=64115 source=04B9 action=advance-homing pose=2505,-1265,5102,20,120,0,63 target=1720,0,1616,0,223,252,23
elapsed=64115 source=04F8 action=contract pose=1988,-397,2839,20,120,0,63 target=1720,0,1616,0,223,252,23
elapsed=64115 source=04F8 action=contract pose=1962,-359,2720,20,120,0,63 target=1720,0,1616,0,223,252,23
elapsed=64115 source=04F8 action=contract pose=1936,-321,2601,20,120,0,63 target=1720,0,1616,0,223,252,23
elapsed=64115 source=04F8 action=face-immediate pose=1910,-283,2482,20,120,0,63 target=1720,0,1616,0,223,252,23
elapsed=64115 source=04F8 action=advance-homing pose=1910,-283,2482,19,120,0,63 target=1720,0,1616,0,223,252,23
elapsed=64119 source=04B9 action=contract pose=2469,-1149,4890,20,120,0,63 target=1735,0,1630,0,223,253,23
elapsed=64119 source=04B9 action=contract pose=2442,-1108,4772,20,120,0,63 target=1735,0,1630,0,223,253,23
elapsed=64119 source=04B9 action=contract pose=2415,-1067,4654,20,120,0,63 target=1735,0,1630,0,223,253,23
elapsed=64119 source=04B9 action=face-immediate pose=2388,-1026,4536,20,120,0,63 target=1735,0,1630,0,223,253,23
elapsed=64119 source=04B9 action=advance-homing pose=2388,-1026,4536,20,120,0,63 target=1735,0,1630,0,223,253,23
elapsed=64119 source=04F8 action=face-immediate pose=1874,-171,2270,19,120,0,63 target=1735,0,1630,0,223,253,23
elapsed=64119 source=04F8 action=set-cruise-speed pose=1874,-171,2270,15,120,0,63 target=1735,0,1630,0,223,253,23
elapsed=64119 source=04F8 action=advance-aim pose=1874,-171,2270,15,120,0,63 target=1735,0,1630,0,223,253,23
elapsed=64119 source=04F8 action=face-smooth pose=1834,-83,2046,15,120,0,63 target=1735,0,1630,0,223,253,23
elapsed=64123 source=04B9 action=contract pose=2352,-910,4324,20,120,0,63 target=1750,0,1644,0,223,253,23
elapsed=64123 source=04B9 action=contract pose=2325,-871,4206,20,120,0,63 target=1750,0,1644,0,223,253,23
elapsed=64123 source=04B9 action=contract pose=2298,-832,4088,20,120,0,63 target=1750,0,1644,0,223,253,23
elapsed=64123 source=04B9 action=face-immediate pose=2271,-792,3970,20,120,0,63 target=1750,0,1644,0,223,253,23
elapsed=64123 source=04B9 action=advance-homing pose=2271,-792,3970,19,120,0,63 target=1750,0,1644,0,223,253,23
elapsed=64123 source=04F8 action=advance-aim pose=1834,-83,2046,14,119,0,63 target=1750,0,1644,0,223,253,23
elapsed=64127 source=04B9 action=contract pose=2235,-680,3758,19,120,0,63 target=1765,0,1658,0,223,254,23
elapsed=64127 source=04B9 action=contract pose=2208,-642,3639,19,120,0,63 target=1765,0,1658,0,223,254,23
elapsed=64127 source=04B9 action=contract pose=2181,-604,3520,19,120,0,63 target=1765,0,1658,0,223,254,23
elapsed=64127 source=04B9 action=face-immediate pose=2154,-566,3401,19,120,0,63 target=1765,0,1658,0,223,254,23
elapsed=64127 source=04B9 action=advance-homing pose=2154,-566,3401,18,120,0,63 target=1765,0,1658,0,223,254,23
elapsed=64127 source=04F8 action=advance-aim pose=1786,-3,1826,14,119,0,63 target=1765,0,1658,0,223,254,23
elapsed=64131 source=04B9 action=contract pose=2118,-462,3185,18,120,0,63 target=1780,0,1672,0,223,224,23
elapsed=64131 source=04B9 action=contract pose=2091,-426,3066,18,120,0,63 target=1780,0,1672,0,223,224,23
elapsed=64131 source=04B9 action=contract pose=2064,-390,2947,18,120,0,63 target=1780,0,1672,0,223,224,23
elapsed=64131 source=04B9 action=face-immediate pose=2037,-354,2828,18,120,0,63 target=1780,0,1672,0,223,224,23
elapsed=64131 source=04B9 action=advance-homing pose=2037,-354,2828,17,120,0,63 target=1780,0,1672,0,223,224,23
elapsed=64131 source=04F8 action=advance-cruise pose=1738,77,1606,14,119,0,63 target=1780,0,1672,0,223,224,23
elapsed=64135 source=04B9 action=face-immediate pose=2001,-254,2608,17,120,0,63 target=1795,0,1686,0,223,228,23
elapsed=64135 source=04B9 action=set-cruise-speed pose=2001,-254,2608,16,120,0,63 target=1795,0,1686,0,223,228,23
elapsed=64135 source=04B9 action=advance-aim pose=2001,-254,2608,16,120,0,63 target=1795,0,1686,0,223,228,23
elapsed=64135 source=04B9 action=face-smooth pose=1961,-162,2388,16,120,0,63 target=1795,0,1686,0,223,228,23
elapsed=64139 source=04B9 action=advance-aim pose=1961,-162,2388,15,119,0,63 target=1810,0,1700,0,223,232,23
elapsed=64142 source=04B9 action=advance-aim pose=1917,-74,2168,15,119,0,63 target=1825,0,1714,0,223,236,23
elapsed=64142 source=04B9 action=face-smooth pose=1873,14,1948,15,119,0,63 target=1825,0,1714,0,223,236,23
elapsed=64146 source=04B9 action=advance-aim pose=1873,14,1948,11,120,0,63 target=1840,0,1728,0,223,239,23
elapsed=64150 source=04B9 action=advance-cruise pose=1833,78,1716,11,120,0,63 target=1855,0,1742,0,223,241,23
elapsed=64153 source=04B9 action=advance-cruise pose=1793,142,1484,11,120,0,63 target=1870,0,1756,0,223,244,23
elapsed=64157 source=04B9 action=advance-cruise pose=1753,206,1252,11,120,0,63 target=1885,0,1770,0,223,245,23
elapsed=64160 source=04B9 action=advance-cruise pose=1713,270,1020,11,120,0,63 target=1900,0,1784,0,223,247,23
elapsed=64164 source=04B9 action=advance-cruise pose=1673,334,788,11,120,0,63 target=1915,0,1798,0,223,248,23
elapsed=64167 source=04B9 action=advance-cruise pose=1633,398,556,11,120,0,63 target=1930,0,1812,0,223,249,23
elapsed=64170 source=04B9 action=advance-cruise pose=1593,462,324,11,120,0,63 target=1945,0,1826,0,223,250,23
elapsed=64173 source=04B9 action=advance-cruise pose=1553,526,92,11,120,0,63 target=1960,0,1840,0,223,250,23
elapsed=64176 source=04B9 action=advance-cruise pose=1513,590,-140,11,120,0,63 target=1975,0,1854,0,223,251,23
elapsed=64180 source=04B9 action=advance-cruise pose=1473,654,-372,11,120,0,63 target=1990,0,1868,0,223,251,23
elapsed=64183 source=04B9 action=advance-cruise pose=1433,718,-604,11,120,0,63 target=2005,0,1882,0,223,252,23
elapsed=64186 source=04B9 action=advance-cruise pose=1393,782,-836,11,120,0,63 target=2020,0,1896,0,223,252,23
elapsed=64189 source=04B9 action=advance-cruise pose=1353,846,-1068,11,120,0,63 target=2035,0,1910,0,223,252,23
elapsed=64193 source=04B9 action=advance-cruise pose=1313,910,-1300,11,120,0,63 target=2050,0,1924,0,223,252,23
elapsed=64196 source=04B9 action=advance-cruise pose=1273,974,-1532,11,120,0,63 target=2065,0,1938,0,223,252,23
elapsed=64502 source=04F8 action=set-cruise-speed pose=-1305,-2532,-1334,21,224,0,30 target=3505,0,3282,0,223,252,23
elapsed=64502 source=04F8 action=contract pose=-1305,-2532,-1334,21,224,0,63 target=3505,0,3282,0,223,252,23
elapsed=64502 source=04F8 action=contract pose=-1220,-2487,-1252,21,224,0,63 target=3505,0,3282,0,223,252,23
elapsed=64502 source=04F8 action=contract pose=-1135,-2442,-1170,21,224,0,63 target=3505,0,3282,0,223,252,23
elapsed=64502 source=04F8 action=face-immediate pose=-1050,-2397,-1088,21,224,0,63 target=3505,0,3282,0,223,252,23
elapsed=64502 source=04F8 action=advance-homing pose=-1050,-2397,-1088,21,224,0,63 target=3505,0,3282,0,223,252,23
elapsed=64506 source=04F8 action=contract pose=-906,-2277,-944,21,224,0,63 target=3520,0,3296,0,223,252,23
elapsed=64506 source=04F8 action=contract pose=-820,-2233,-862,21,224,0,63 target=3520,0,3296,0,223,252,23
elapsed=64506 source=04F8 action=contract pose=-734,-2189,-780,21,224,0,63 target=3520,0,3296,0,223,252,23
elapsed=64506 source=04F8 action=face-immediate pose=-648,-2145,-698,21,224,0,63 target=3520,0,3296,0,223,252,23
elapsed=64506 source=04F8 action=advance-homing pose=-648,-2145,-698,20,224,0,63 target=3520,0,3296,0,223,252,23
elapsed=64510 source=04F8 action=contract pose=-500,-2029,-550,20,224,0,63 target=3535,0,3310,0,223,253,23
elapsed=64510 source=04F8 action=contract pose=-414,-1986,-468,20,224,0,63 target=3535,0,3310,0,223,253,23
elapsed=64510 source=04F8 action=contract pose=-328,-1943,-386,20,224,0,63 target=3535,0,3310,0,223,253,23
elapsed=64510 source=04F8 action=face-immediate pose=-242,-1900,-304,20,224,0,63 target=3535,0,3310,0,223,253,23
elapsed=64510 source=04F8 action=advance-homing pose=-242,-1900,-304,20,223,0,63 target=3535,0,3310,0,223,253,23
elapsed=64514 source=04F8 action=contract pose=-90,-1784,-160,20,223,0,63 target=3550,0,3324,0,223,253,23
elapsed=64514 source=04F8 action=contract pose=-4,-1742,-78,20,223,0,63 target=3550,0,3324,0,223,253,23
elapsed=64514 source=04F8 action=contract pose=82,-1700,4,20,223,0,63 target=3550,0,3324,0,223,253,23
elapsed=64514 source=04F8 action=face-immediate pose=168,-1658,86,20,223,0,63 target=3550,0,3324,0,223,253,23
elapsed=64514 source=04F8 action=advance-homing pose=168,-1658,86,19,224,0,63 target=3550,0,3324,0,223,253,23
elapsed=64518 source=04F8 action=contract pose=316,-1546,234,19,224,0,63 target=3565,0,3338,0,223,254,23
elapsed=64518 source=04F8 action=contract pose=402,-1505,317,19,224,0,63 target=3565,0,3338,0,223,254,23
elapsed=64518 source=04F8 action=contract pose=488,-1464,400,19,224,0,63 target=3565,0,3338,0,223,254,23
elapsed=64518 source=04F8 action=face-immediate pose=574,-1423,483,19,224,0,63 target=3565,0,3338,0,223,254,23
elapsed=64518 source=04F8 action=advance-homing pose=574,-1423,483,19,223,0,63 target=3565,0,3338,0,223,254,23
elapsed=64521 source=04F8 action=contract pose=726,-1311,631,19,223,0,63 target=3580,0,3352,0,223,254,23
elapsed=64522 source=04F8 action=contract pose=813,-1271,714,19,223,0,63 target=3580,0,3352,0,223,254,23
elapsed=64522 source=04F8 action=contract pose=900,-1231,797,19,223,0,63 target=3580,0,3352,0,223,254,23
elapsed=64522 source=04F8 action=face-immediate pose=987,-1191,880,19,223,0,63 target=3580,0,3352,0,223,254,23
elapsed=64522 source=04F8 action=advance-homing pose=987,-1191,880,18,223,0,63 target=3580,0,3352,0,223,254,23
elapsed=64525 source=04F8 action=contract pose=1143,-1087,1028,18,223,0,63 target=3595,0,3366,0,223,255,23
elapsed=64525 source=04F8 action=contract pose=1230,-1049,1111,18,223,0,63 target=3595,0,3366,0,223,255,23
elapsed=64525 source=04F8 action=contract pose=1317,-1011,1194,18,223,0,63 target=3595,0,3366,0,223,255,23
elapsed=64525 source=04F8 action=face-immediate pose=1404,-973,1277,18,223,0,63 target=3595,0,3366,0,223,255,23
elapsed=64525 source=04F8 action=advance-homing pose=1404,-973,1277,18,223,0,63 target=3595,0,3366,0,223,255,23
elapsed=64529 source=04F8 action=contract pose=1560,-869,1425,18,223,0,63 target=3610,0,3380,0,223,0,23
elapsed=64529 source=04F8 action=contract pose=1647,-832,1508,18,223,0,63 target=3610,0,3380,0,223,0,23
elapsed=64529 source=04F8 action=contract pose=1734,-795,1591,18,223,0,63 target=3610,0,3380,0,223,0,23
elapsed=64529 source=04F8 action=face-immediate pose=1821,-758,1674,18,223,0,63 target=3610,0,3380,0,223,0,23
elapsed=64529 source=04F8 action=advance-homing pose=1821,-758,1674,17,223,0,63 target=3610,0,3380,0,223,0,23
elapsed=64534 source=05F4 action=set-cruise-speed pose=59,-1544,-14,17,223,0,30 target=3625,0,3394,0,223,1,23
elapsed=64534 source=05F4 action=contract pose=59,-1544,-14,17,223,0,63 target=3625,0,3394,0,223,1,23
elapsed=64534 source=05F4 action=contract pose=146,-1507,69,17,223,0,63 target=3625,0,3394,0,223,1,23
elapsed=64534 source=05F4 action=contract pose=233,-1470,152,17,223,0,63 target=3625,0,3394,0,223,1,23
elapsed=64534 source=05F4 action=face-immediate pose=320,-1432,235,17,223,0,63 target=3625,0,3394,0,223,1,23
elapsed=64534 source=05F4 action=advance-homing pose=320,-1432,235,17,223,0,63 target=3625,0,3394,0,223,1,23
elapsed=64534 source=04F8 action=contract pose=1977,-658,1826,17,223,0,63 target=3625,0,3394,0,223,1,23
elapsed=64534 source=04F8 action=contract pose=2065,-623,1910,17,223,0,63 target=3625,0,3394,0,223,1,23
elapsed=64534 source=04F8 action=contract pose=2153,-588,1994,17,223,0,63 target=3625,0,3394,0,223,1,23
elapsed=64534 source=04F8 action=face-immediate pose=2241,-553,2078,17,223,0,63 target=3625,0,3394,0,223,1,23
elapsed=64534 source=04F8 action=advance-homing pose=2241,-553,2078,16,223,0,63 target=3625,0,3394,0,223,1,23
elapsed=64538 source=05F4 action=contract pose=476,-1332,387,17,223,0,63 target=3640,0,3408,0,223,2,23
elapsed=64538 source=05F4 action=contract pose=563,-1296,471,17,223,0,63 target=3640,0,3408,0,223,2,23
elapsed=64538 source=05F4 action=contract pose=650,-1260,554,17,223,0,63 target=3640,0,3408,0,223,2,23
elapsed=64538 source=05F4 action=face-immediate pose=737,-1223,638,17,223,0,63 target=3640,0,3408,0,223,2,23
elapsed=64538 source=05F4 action=advance-homing pose=737,-1223,638,17,223,0,63 target=3640,0,3408,0,223,2,23
elapsed=64538 source=04F8 action=contract pose=2401,-461,2230,16,223,0,63 target=3640,0,3408,0,223,2,23
elapsed=64538 source=04F8 action=contract pose=2489,-428,2314,16,223,0,63 target=3640,0,3408,0,223,2,23
elapsed=64538 source=04F8 action=contract pose=2577,-395,2398,16,223,0,63 target=3640,0,3408,0,223,2,23
elapsed=64538 source=04F8 action=face-immediate pose=2665,-362,2482,16,223,0,63 target=3640,0,3408,0,223,2,23
elapsed=64538 source=04F8 action=advance-homing pose=2665,-362,2482,15,223,0,63 target=3640,0,3408,0,223,2,23
elapsed=64542 source=05F4 action=contract pose=893,-1123,790,17,223,0,63 target=3655,0,3422,0,223,2,23
elapsed=64542 source=05F4 action=contract pose=981,-1088,874,17,223,0,63 target=3655,0,3422,0,223,2,23
elapsed=64542 source=05F4 action=contract pose=1069,-1053,958,17,223,0,63 target=3655,0,3422,0,223,2,23
elapsed=64542 source=05F4 action=face-immediate pose=1157,-1018,1042,17,223,0,63 target=3655,0,3422,0,223,2,23
elapsed=64542 source=05F4 action=advance-homing pose=1157,-1018,1042,16,223,0,63 target=3655,0,3422,0,223,2,23
elapsed=64542 source=04F8 action=contract pose=2825,-274,2634,15,223,0,63 target=3655,0,3422,0,223,2,23
elapsed=64542 source=04F8 action=contract pose=2914,-245,2719,15,223,0,63 target=3655,0,3422,0,223,2,23
elapsed=64542 source=04F8 action=contract pose=3003,-216,2804,15,223,0,63 target=3655,0,3422,0,223,2,23
elapsed=64542 source=04F8 action=face-immediate pose=3092,-187,2889,15,223,0,63 target=3655,0,3422,0,223,2,23
elapsed=64542 source=04F8 action=advance-homing pose=3092,-187,2889,14,223,0,63 target=3655,0,3422,0,223,2,23
elapsed=64546 source=05F4 action=contract pose=1317,-926,1194,16,223,0,63 target=3670,0,3436,0,223,3,23
elapsed=64546 source=05F4 action=contract pose=1405,-892,1278,16,223,0,63 target=3670,0,3436,0,223,3,23
elapsed=64546 source=05F4 action=contract pose=1493,-858,1362,16,223,0,63 target=3670,0,3436,0,223,3,23
elapsed=64546 source=05F4 action=face-immediate pose=1581,-824,1446,16,223,0,63 target=3670,0,3436,0,223,3,23
elapsed=64546 source=05F4 action=advance-homing pose=1581,-824,1446,16,223,0,63 target=3670,0,3436,0,223,3,23
elapsed=64546 source=04F8 action=face-immediate pose=3252,-107,3045,14,223,0,63 target=3670,0,3436,0,223,3,23
elapsed=64546 source=04F8 action=set-cruise-speed pose=3252,-107,3045,11,223,0,63 target=3670,0,3436,0,223,3,23
elapsed=64547 source=04F8 action=advance-aim pose=3252,-107,3045,11,223,0,63 target=3670,0,3436,0,223,3,23
elapsed=64550 source=05F4 action=contract pose=1741,-732,1598,16,223,0,63 target=3685,0,3450,0,223,3,23
elapsed=64551 source=05F4 action=contract pose=1829,-699,1682,16,223,0,63 target=3685,0,3450,0,223,3,23
elapsed=64551 source=05F4 action=contract pose=1917,-666,1766,16,223,0,63 target=3685,0,3450,0,223,3,23
elapsed=64551 source=05F4 action=face-immediate pose=2005,-633,1850,16,223,0,63 target=3685,0,3450,0,223,3,23
elapsed=64551 source=05F4 action=advance-homing pose=2005,-633,1850,15,223,0,63 target=3685,0,3450,0,223,3,23
elapsed=64551 source=04F8 action=advance-aim pose=3416,-43,3205,11,223,0,63 target=3685,0,3450,0,223,3,23
elapsed=64551 source=04F8 action=face-smooth pose=3580,21,3365,11,223,0,63 target=3685,0,3450,0,223,3,23
elapsed=64555 source=05F4 action=contract pose=2165,-545,2002,15,223,0,63 target=3700,0,3464,0,223,4,23
elapsed=64555 source=05F4 action=contract pose=2254,-514,2086,15,223,0,63 target=3700,0,3464,0,223,4,23
elapsed=64555 source=05F4 action=contract pose=2343,-483,2170,15,223,0,63 target=3700,0,3464,0,223,4,23
elapsed=64555 source=05F4 action=face-immediate pose=2432,-452,2254,15,223,0,63 target=3700,0,3464,0,223,4,23
elapsed=64555 source=05F4 action=advance-homing pose=2432,-452,2254,15,223,0,63 target=3700,0,3464,0,223,4,23
elapsed=64555 source=04F8 action=advance-aim pose=3580,21,3365,6,222,0,63 target=3700,0,3464,0,223,4,23
elapsed=64559 source=05F4 action=contract pose=2592,-364,2406,15,223,0,63 target=3715,0,3478,0,223,4,23
elapsed=64559 source=05F4 action=contract pose=2681,-336,2491,15,223,0,63 target=3715,0,3478,0,223,4,23
elapsed=64559 source=05F4 action=contract pose=2770,-307,2576,15,223,0,63 target=3715,0,3478,0,223,4,23
elapsed=64559 source=05F4 action=face-immediate pose=2859,-278,2661,15,223,0,63 target=3715,0,3478,0,223,4,23
elapsed=64559 source=05F4 action=advance-homing pose=2859,-278,2661,13,223,0,63 target=3715,0,3478,0,223,4,23
elapsed=64559 source=04F8 action=advance-cruise pose=3756,53,3525,6,222,0,63 target=3715,0,3478,0,223,4,23
elapsed=64563 source=05F4 action=face-immediate pose=3023,-202,2817,13,223,0,63 target=3730,0,3492,0,223,4,23
elapsed=64563 source=05F4 action=set-cruise-speed pose=3023,-202,2817,12,223,0,63 target=3730,0,3492,0,223,4,23
elapsed=64563 source=05F4 action=advance-aim pose=3023,-202,2817,12,223,0,63 target=3730,0,3492,0,223,4,23
elapsed=64563 source=04F8 action=advance-cruise pose=3932,85,3685,6,222,0,63 target=3730,0,3492,0,223,4,23
elapsed=64567 source=05F4 action=advance-aim pose=3187,-134,2973,12,223,0,63 target=3745,0,3506,0,223,4,23
elapsed=64567 source=05F4 action=face-smooth pose=3351,-66,3129,12,223,0,63 target=3745,0,3506,0,223,4,23
elapsed=64567 source=04F8 action=advance-cruise pose=4108,117,3845,6,222,0,63 target=3745,0,3506,0,223,4,23
elapsed=64571 source=05F4 action=advance-aim pose=3351,-66,3129,11,223,0,63 target=3760,0,3520,0,223,3,23
elapsed=64571 source=04F8 action=advance-cruise pose=4284,149,4005,6,222,0,63 target=3760,0,3520,0,223,3,23
elapsed=64575 source=05F4 action=advance-aim pose=3515,-2,3289,11,223,0,63 target=3775,0,3534,0,223,3,23
elapsed=64575 source=05F4 action=face-smooth pose=3679,62,3449,11,223,0,63 target=3775,0,3534,0,223,3,23
elapsed=64575 source=04F8 action=advance-cruise pose=4460,181,4165,6,222,0,63 target=3775,0,3534,0,223,3,23
elapsed=64579 source=05F4 action=advance-aim pose=3679,62,3449,2,222,0,63 target=3790,0,3548,0,223,2,23
elapsed=64579 source=04F8 action=advance-cruise pose=4636,213,4325,6,222,0,63 target=3790,0,3548,0,223,2,23
elapsed=64583 source=05F4 action=advance-cruise pose=3859,70,3609,2,222,0,63 target=3805,0,3562,0,223,2,23
elapsed=64583 source=04F8 action=advance-cruise pose=4812,245,4485,6,222,0,63 target=3805,0,3562,0,223,2,23
elapsed=64587 source=05F4 action=advance-cruise pose=4039,78,3769,2,222,0,63 target=3820,0,3576,0,223,1,23
elapsed=64587 source=04F8 action=advance-cruise pose=4988,277,4645,6,222,0,63 target=3820,0,3576,0,223,1,23
elapsed=64591 source=05F4 action=advance-cruise pose=4219,86,3929,2,222,0,63 target=3835,0,3590,0,223,0,23
elapsed=64591 source=04F8 action=advance-cruise pose=5164,309,4805,6,222,0,63 target=3835,0,3590,0,223,0,23
elapsed=64595 source=05F4 action=advance-cruise pose=4399,94,4089,2,222,0,63 target=3850,0,3604,0,223,255,23
elapsed=64595 source=04F8 action=advance-cruise pose=5340,341,4965,6,222,0,63 target=3850,0,3604,0,223,255,23
elapsed=64598 source=05F4 action=advance-cruise pose=4579,102,4249,2,222,0,63 target=3865,0,3618,0,223,254,23
elapsed=64599 source=04F8 action=advance-cruise pose=5516,373,5125,6,222,0,63 target=3865,0,3618,0,223,254,23
elapsed=64602 source=05F4 action=advance-cruise pose=4759,110,4409,2,222,0,63 target=3880,0,3632,0,223,254,23
elapsed=64602 source=04F8 action=advance-cruise pose=5692,405,5285,6,222,0,63 target=3880,0,3632,0,223,254,23
elapsed=64606 source=05F4 action=advance-cruise pose=4939,118,4569,2,222,0,63 target=3895,0,3646,0,223,253,23
elapsed=64606 source=04F8 action=advance-cruise pose=5868,437,5445,6,222,0,63 target=3895,0,3646,0,223,253,23
elapsed=64610 source=05F4 action=advance-cruise pose=5119,126,4729,2,222,0,63 target=3910,0,3660,0,223,253,23
elapsed=64610 source=04F8 action=advance-cruise pose=6044,469,5605,6,222,0,63 target=3910,0,3660,0,223,253,23
elapsed=64614 source=05F4 action=advance-cruise pose=5299,134,4889,2,222,0,63 target=3925,0,3674,0,223,252,23
elapsed=64614 source=04F8 action=advance-cruise pose=6220,501,5765,6,222,0,63 target=3925,0,3674,0,223,252,23
elapsed=64618 source=05F4 action=advance-cruise pose=5479,142,5049,2,222,0,63 target=3940,0,3688,0,223,252,23
elapsed=64621 source=05F4 action=advance-cruise pose=5659,150,5209,2,222,0,63 target=3955,0,3702,0,223,252,23
elapsed=64625 source=05F4 action=advance-cruise pose=5839,158,5369,2,222,0,63 target=3970,0,3716,0,223,252,23
elapsed=64629 source=05F4 action=advance-cruise pose=6019,166,5529,2,222,0,63 target=3985,0,3730,0,223,253,23
elapsed=64632 source=05F4 action=advance-cruise pose=6199,174,5689,2,222,0,63 target=4000,0,3744,0,223,253,23
elapsed=64636 source=05F4 action=advance-cruise pose=6379,182,5849,2,222,0,63 target=4015,0,3758,0,223,254,23
elapsed=64953 source=04F8 action=set-cruise-speed pose=8019,2600,10862,233,111,0,30 target=5425,0,5074,0,223,1,23
elapsed=64953 source=04F8 action=contract pose=8019,2600,10862,233,111,0,63 target=5425,0,5074,0,223,1,23
elapsed=64953 source=04F8 action=contract pose=7970,2551,10754,233,111,0,63 target=5425,0,5074,0,223,1,23
elapsed=64953 source=04F8 action=contract pose=7921,2502,10646,233,111,0,63 target=5425,0,5074,0,223,1,23
elapsed=64953 source=04F8 action=face-immediate pose=7872,2453,10538,233,111,0,63 target=5425,0,5074,0,223,1,23
elapsed=64953 source=04F8 action=advance-homing pose=7872,2453,10538,233,111,0,63 target=5425,0,5074,0,223,1,23
elapsed=64957 source=04F8 action=contract pose=7792,2325,10350,233,111,0,63 target=5440,0,5088,0,223,2,23
elapsed=64957 source=04F8 action=contract pose=7743,2277,10242,233,111,0,63 target=5440,0,5088,0,223,2,23
elapsed=64957 source=04F8 action=contract pose=7694,2229,10134,233,111,0,63 target=5440,0,5088,0,223,2,23
elapsed=64957 source=04F8 action=face-immediate pose=7645,2181,10026,233,111,0,63 target=5440,0,5088,0,223,2,23
elapsed=64958 source=04F8 action=advance-homing pose=7645,2181,10026,233,111,0,63 target=5440,0,5088,0,223,2,23
elapsed=64961 source=04F8 action=contract pose=7565,2053,9838,233,111,0,63 target=5455,0,5102,0,223,2,23
elapsed=64961 source=04F8 action=contract pose=7516,2005,9729,233,111,0,63 target=5455,0,5102,0,223,2,23
elapsed=64962 source=04F8 action=contract pose=7467,1957,9620,233,111,0,63 target=5455,0,5102,0,223,2,23
elapsed=64962 source=04F8 action=face-immediate pose=7418,1910,9511,233,111,0,63 target=5455,0,5102,0,223,2,23
elapsed=64962 source=04F8 action=advance-homing pose=7418,1910,9511,234,112,0,63 target=5455,0,5102,0,223,2,23
elapsed=64966 source=04F8 action=contract pose=7342,1786,9319,234,112,0,63 target=5470,0,5116,0,223,3,23
elapsed=64966 source=04F8 action=contract pose=7293,1739,9210,234,112,0,63 target=5470,0,5116,0,223,3,23
elapsed=64966 source=04F8 action=contract pose=7244,1692,9101,234,112,0,63 target=5470,0,5116,0,223,3,23
elapsed=64966 source=04F8 action=face-immediate pose=7195,1645,8992,234,112,0,63 target=5470,0,5116,0,223,3,23
elapsed=64966 source=04F8 action=advance-homing pose=7195,1645,8992,234,112,0,63 target=5470,0,5116,0,223,3,23
elapsed=64970 source=04F8 action=contract pose=7119,1521,8800,234,112,0,63 target=5485,0,5130,0,223,3,23
elapsed=64970 source=04F8 action=contract pose=7070,1475,8691,234,112,0,63 target=5485,0,5130,0,223,3,23
elapsed=64970 source=04F8 action=contract pose=7021,1429,8582,234,112,0,63 target=5485,0,5130,0,223,3,23
elapsed=64970 source=04F8 action=face-immediate pose=6972,1383,8473,234,112,0,63 target=5485,0,5130,0,223,3,23
elapsed=64970 source=04F8 action=advance-homing pose=6972,1383,8473,235,112,0,63 target=5485,0,5130,0,223,3,23
elapsed=64974 source=04F8 action=contract pose=6896,1263,8281,235,112,0,63 target=5500,0,5144,0,223,4,23
elapsed=64974 source=04F8 action=contract pose=6847,1219,8171,235,112,0,63 target=5500,0,5144,0,223,4,23
elapsed=64974 source=04F8 action=contract pose=6798,1175,8061,235,112,0,63 target=5500,0,5144,0,223,4,23
elapsed=64974 source=04F8 action=face-immediate pose=6749,1130,7951,235,112,0,63 target=5500,0,5144,0,223,4,23
elapsed=64974 source=04F8 action=advance-homing pose=6749,1130,7951,235,112,0,63 target=5500,0,5144,0,223,4,23
elapsed=64978 source=04F8 action=contract pose=6673,1010,7759,235,112,0,63 target=5515,0,5158,0,223,4,23
elapsed=64978 source=04F8 action=contract pose=6624,967,7649,235,112,0,63 target=5515,0,5158,0,223,4,23
elapsed=64978 source=04F8 action=contract pose=6575,924,7539,235,112,0,63 target=5515,0,5158,0,223,4,23
elapsed=64978 source=04F8 action=face-immediate pose=6526,881,7429,235,112,0,63 target=5515,0,5158,0,223,4,23
elapsed=64978 source=04F8 action=advance-homing pose=6526,881,7429,236,112,0,63 target=5515,0,5158,0,223,4,23
elapsed=64982 source=04F8 action=contract pose=6446,765,7233,236,112,0,63 target=5530,0,5172,0,223,4,23
elapsed=64982 source=04F8 action=contract pose=6397,724,7122,236,112,0,63 target=5530,0,5172,0,223,4,23
elapsed=64982 source=04F8 action=contract pose=6348,683,7011,236,112,0,63 target=5530,0,5172,0,223,4,23
elapsed=64982 source=04F8 action=face-immediate pose=6299,642,6900,236,112,0,63 target=5530,0,5172,0,223,4,23
elapsed=64982 source=04F8 action=advance-homing pose=6299,642,6900,236,112,0,63 target=5530,0,5172,0,223,4,23
elapsed=64987 source=05B5 action=set-cruise-speed pose=7319,1500,9158,236,111,0,30 target=5545,0,5186,0,223,4,23
elapsed=64987 source=05B5 action=contract pose=7319,1500,9158,236,111,0,63 target=5545,0,5186,0,223,4,23
elapsed=64987 source=05B5 action=contract pose=7269,1458,9048,236,111,0,63 target=5545,0,5186,0,223,4,23
elapsed=64987 source=05B5 action=contract pose=7219,1416,8938,236,111,0,63 target=5545,0,5186,0,223,4,23
elapsed=64987 source=05B5 action=face-immediate pose=7170,1374,8828,236,111,0,63 target=5545,0,5186,0,223,4,23
elapsed=64987 source=05B5 action=advance-homing pose=7170,1374,8828,236,111,0,63 target=5545,0,5186,0,223,4,23
elapsed=64987 source=04F8 action=contract pose=6219,526,6704,236,112,0,63 target=5545,0,5186,0,223,4,23
elapsed=64987 source=04F8 action=contract pose=6169,487,6593,236,112,0,63 target=5545,0,5186,0,223,4,23
elapsed=64987 source=04F8 action=contract pose=6119,448,6482,236,112,0,63 target=5545,0,5186,0,223,4,23
elapsed=64987 source=04F8 action=face-immediate pose=6069,409,6371,236,112,0,63 target=5545,0,5186,0,223,4,23
elapsed=64987 source=04F8 action=advance-homing pose=6069,409,6371,238,112,0,63 target=5545,0,5186,0,223,4,23
elapsed=64991 source=05B5 action=contract pose=7086,1258,8632,236,111,0,63 target=5560,0,5200,0,223,3,23
elapsed=64991 source=05B5 action=contract pose=7036,1217,8521,236,111,0,63 target=5560,0,5200,0,223,3,23
elapsed=64991 source=05B5 action=contract pose=6986,1176,8410,236,111,0,63 target=5560,0,5200,0,223,3,23
elapsed=64991 source=05B5 action=face-immediate pose=6936,1135,8299,236,111,0,63 target=5560,0,5200,0,223,3,23
elapsed=64991 source=05B5 action=advance-homing pose=6936,1135,8299,237,112,0,63 target=5560,0,5200,0,223,3,23
elapsed=64991 source=04F8 action=contract pose=5989,305,6171,238,112,0,63 target=5560,0,5200,0,223,3,23
elapsed=64991 source=04F8 action=contract pose=5939,269,6059,238,112,0,63 target=5560,0,5200,0,223,3,23
elapsed=64991 source=04F8 action=contract pose=5889,233,5947,238,112,0,63 target=5560,0,5200,0,223,3,23
elapsed=64992 source=04F8 action=face-immediate pose=5839,198,5835,238,112,0,63 target=5560,0,5200,0,223,3,23
elapsed=64992 source=04F8 action=advance-homing pose=5839,198,5835,239,112,0,63 target=5560,0,5200,0,223,3,23
elapsed=64996 source=05B5 action=contract pose=6856,1023,8099,237,112,0,63 target=5575,0,5214,0,223,3,23
elapsed=64996 source=05B5 action=contract pose=6806,983,7988,237,112,0,63 target=5575,0,5214,0,223,3,23
elapsed=64996 source=05B5 action=contract pose=6756,943,7877,237,112,0,63 target=5575,0,5214,0,223,3,23
elapsed=64996 source=05B5 action=face-immediate pose=6706,903,7766,237,112,0,63 target=5575,0,5214,0,223,3,23
elapsed=64996 source=05B5 action=advance-homing pose=6706,903,7766,237,112,0,63 target=5575,0,5214,0,223,3,23
elapsed=64996 source=04F8 action=face-immediate pose=5759,98,5631,239,112,0,63 target=5575,0,5214,0,223,3,23
elapsed=64996 source=04F8 action=set-cruise-speed pose=5759,98,5631,243,112,0,63 target=5575,0,5214,0,223,3,23
elapsed=64996 source=04F8 action=advance-aim pose=5759,98,5631,243,112,0,63 target=5575,0,5214,0,223,3,23
elapsed=64996 source=04F8 action=face-smooth pose=5675,22,5419,243,112,0,63 target=5575,0,5214,0,223,3,23
elapsed=65000 source=05B5 action=contract pose=6626,791,7566,237,112,0,63 target=5590,0,5228,0,223,2,23
elapsed=65000 source=05B5 action=contract pose=6576,753,7454,237,112,0,63 target=5590,0,5228,0,223,2,23
elapsed=65001 source=05B5 action=contract pose=6526,715,7342,237,112,0,63 target=5590,0,5228,0,223,2,23
elapsed=65001 source=05B5 action=face-immediate pose=6476,677,7230,237,112,0,63 target=5590,0,5228,0,223,2,23
elapsed=65001 source=05B5 action=advance-homing pose=6476,677,7230,238,112,0,63 target=5590,0,5228,0,223,2,23
elapsed=65001 source=04F8 action=advance-aim pose=5675,22,5419,244,111,0,63 target=5590,0,5228,0,223,2,23
elapsed=65005 source=05B5 action=contract pose=6396,573,7030,238,112,0,63 target=5605,0,5242,0,223,32,23
elapsed=65005 source=05B5 action=contract pose=6346,537,6918,238,112,0,63 target=5605,0,5242,0,223,32,23
elapsed=65005 source=05B5 action=contract pose=6296,501,6806,238,112,0,63 target=5605,0,5242,0,223,32,23
elapsed=65005 source=05B5 action=face-immediate pose=6246,465,6694,238,112,0,63 target=5605,0,5242,0,223,32,23
elapsed=65005 source=05B5 action=advance-homing pose=6246,465,6694,239,112,0,63 target=5605,0,5242,0,223,32,23
elapsed=65005 source=04F8 action=advance-cruise pose=5583,-46,5207,244,111,0,63 target=5605,0,5242,0,223,32,23
elapsed=65009 source=05B5 action=contract pose=6166,365,6490,239,112,0,63 target=5620,0,5256,0,223,28,23
elapsed=65009 source=05B5 action=contract pose=6116,331,6377,239,112,0,63 target=5620,0,5256,0,223,28,23
elapsed=65009 source=05B5 action=contract pose=6066,297,6264,239,112,0,63 target=5620,0,5256,0,223,28,23
elapsed=65010 source=05B5 action=face-immediate pose=6016,263,6151,239,112,0,63 target=5620,0,5256,0,223,28,23
elapsed=65010 source=05B5 action=advance-homing pose=6016,263,6151,240,112,0,63 target=5620,0,5256,0,223,28,23
elapsed=65013 source=05B5 action=face-immediate pose=5932,171,5943,240,112,0,63 target=5635,0,5270,0,223,24,23
elapsed=65013 source=05B5 action=set-cruise-speed pose=5932,171,5943,242,112,0,63 target=5635,0,5270,0,223,24,23
elapsed=65013 source=05B5 action=advance-aim pose=5932,171,5943,242,112,0,63 target=5635,0,5270,0,223,24,23
elapsed=65014 source=05B5 action=face-smooth pose=5848,91,5735,242,112,0,63 target=5635,0,5270,0,223,24,23
elapsed=65018 source=05B5 action=advance-aim pose=5848,91,5735,243,111,0,63 target=5650,0,5284,0,223,20,23
elapsed=65022 source=05B5 action=advance-aim pose=5756,15,5523,243,111,0,63 target=5665,0,5298,0,223,17,23
elapsed=65022 source=05B5 action=face-smooth pose=5664,-61,5311,243,111,0,63 target=5665,0,5298,0,223,17,23
elapsed=65026 source=05B5 action=advance-aim pose=5664,-61,5311,5,116,0,63 target=5680,0,5312,0,223,15,23
elapsed=65030 source=05B5 action=advance-cruise pose=5600,-33,5079,5,116,0,63 target=5695,0,5326,0,223,12,23
elapsed=65034 source=05B5 action=advance-cruise pose=5536,-5,4847,5,116,0,63 target=5710,0,5340,0,223,11,23
elapsed=65038 source=05B5 action=advance-cruise pose=5472,23,4615,5,116,0,63 target=5725,0,5354,0,223,9,23
elapsed=65041 source=05B5 action=advance-cruise pose=5408,51,4383,5,116,0,63 target=5740,0,5368,0,223,8,23
elapsed=65045 source=05B5 action=advance-cruise pose=5344,79,4151,5,116,0,63 target=5755,0,5382,0,223,7,23
elapsed=65049 source=05B5 action=advance-cruise pose=5280,107,3919,5,116,0,63 target=5770,0,5396,0,223,6,23
elapsed=65052 source=05B5 action=advance-cruise pose=5216,135,3687,5,116,0,63 target=5785,0,5410,0,223,6,23
elapsed=65056 source=05B5 action=advance-cruise pose=5152,163,3455,5,116,0,63 target=5800,0,5424,0,223,5,23
elapsed=65060 source=05B5 action=advance-cruise pose=5088,191,3223,5,116,0,63 target=5815,0,5438,0,223,5,23
elapsed=65063 source=05B5 action=advance-cruise pose=5024,219,2991,5,116,0,63 target=5830,0,5452,0,223,4,23
elapsed=65067 source=05B5 action=advance-cruise pose=4960,247,2759,5,116,0,63 target=5845,0,5466,0,223,4,23
elapsed=65071 source=05B5 action=advance-cruise pose=4896,275,2527,5,116,0,63 target=5860,0,5480,0,223,4,23
elapsed=65074 source=05B5 action=advance-cruise pose=4832,303,2295,5,116,0,63 target=5875,0,5494,0,223,4,23
elapsed=65078 source=05B5 action=advance-cruise pose=4768,331,2063,5,116,0,63 target=5890,0,5508,0,223,4,23
elapsed=65082 source=05B5 action=advance-cruise pose=4704,359,1831,5,116,0,63 target=5905,0,5522,0,223,3,23
