# Compact Mesen oracle evidence for the Leon pressure encounter duel.
# Raw source SHA-256: e1b7b6852efc0733c0d06bf0d68e59e2dd7ea9ace2a47318fb40d7fa35a163fe
# return_retail_frame=1737
# map_ready_retail_frame=1739
retail_frame=0 camera=0,0,0,0,0,0 player=7700,-2881,2498,0,66,0,23 wingmate=-1516,-2881,2114,0,66,0,23 rival=- projectiles=-
retail_frame=4 camera=0,0,0,0,0,0 player=7700,-2881,2498,0,66,0,23 wingmate=-1516,-2881,2114,0,66,0,23 rival=- projectiles=-
retail_frame=8 camera=0,0,0,0,0,0 player=7700,-2881,2498,0,66,0,23 wingmate=-1516,-2881,2114,0,66,0,23 rival=- projectiles=-
retail_frame=12 camera=0,0,0,0,0,0 player=7700,-2881,2498,0,66,0,23 wingmate=-1516,-2881,2114,0,66,0,23 rival=- projectiles=-
retail_frame=16 camera=0,0,0,0,0,0 player=7700,-2881,2498,0,66,0,23 wingmate=-1516,-2881,2114,0,66,0,23 rival=- projectiles=-
retail_frame=20 camera=0,0,0,0,0,0 player=7700,-2881,2498,0,66,0,23 wingmate=-1516,-2881,2114,0,66,0,23 rival=- projectiles=-
retail_frame=24 camera=0,0,0,0,0,0 player=7700,-2881,2498,0,66,0,23 wingmate=-1516,-2881,2114,0,66,0,23 rival=- projectiles=-
retail_frame=28 camera=0,0,0,0,0,0 player=7700,-2881,2498,0,66,0,23 wingmate=-1516,-2881,2114,0,66,0,23 rival=- projectiles=-
retail_frame=32 camera=0,0,0,0,0,0 player=7700,-2881,2498,0,66,0,23 wingmate=-1516,-2881,2114,0,66,0,23 rival=- projectiles=-
retail_frame=36 camera=0,0,0,0,0,0 player=7700,-2881,2498,0,66,0,23 wingmate=-1516,-2881,2114,0,66,0,23 rival=- projectiles=-
retail_frame=40 camera=0,0,0,0,0,0 player=96,0,137,0,192,0,0 wingmate=99,0,137,0,0,0,0 rival=- projectiles=-
retail_frame=44 camera=0,0,0,0,0,0 player=96,0,137,0,192,0,0 wingmate=99,0,137,0,0,0,0 rival=- projectiles=-
retail_frame=48 camera=0,0,0,0,0,0 player=96,0,137,0,192,0,0 wingmate=99,0,137,0,0,0,0 rival=- projectiles=-
retail_frame=52 camera=0,0,0,0,0,0 player=96,0,137,0,192,0,0 wingmate=99,0,137,0,0,0,0 rival=- projectiles=-
retail_frame=56 camera=0,0,0,0,0,0 player=96,0,137,0,192,0,0 wingmate=99,0,137,0,0,0,0 rival=0,0,0,0,0,0,0 projectiles=-
retail_frame=60 camera=0,0,0,0,0,0 player=96,0,137,0,192,0,0 wingmate=99,0,137,0,0,0,0 rival=0,0,0,0,0,0,0 projectiles=-
retail_frame=64 camera=0,0,0,0,0,0 player=96,0,137,0,192,0,0 wingmate=99,0,137,0,0,0,0 rival=0,0,0,0,0,0,0 projectiles=-
retail_frame=68 camera=-32718,-32734,-32631,144,36,0 player=96,0,137,0,192,0,0 wingmate=99,0,137,0,0,0,0 rival=0,0,0,0,0,0,0 projectiles=-
retail_frame=72 camera=-32741,-32717,-32631,144,36,0 player=96,0,137,0,192,0,0 wingmate=99,0,137,0,0,0,0 rival=0,0,0,0,0,0,0 projectiles=-
retail_frame=76 camera=32749,-32683,-32631,144,36,0 player=96,0,137,0,192,0,0 wingmate=99,0,137,0,0,0,0 rival=0,0,0,0,0,0,0 projectiles=-
retail_frame=80 camera=32726,-32666,-32631,144,36,0 player=96,0,137,0,192,0,0 wingmate=99,0,137,0,0,0,0 rival=0,0,0,0,0,0,0 projectiles=-
retail_frame=84 camera=32703,-32649,-32631,144,36,0 player=96,0,137,0,192,0,0 wingmate=99,0,137,0,0,0,0 rival=0,0,0,0,0,0,0 projectiles=-
retail_frame=88 camera=32657,-32615,-32631,144,36,0 player=96,0,137,0,192,0,0 wingmate=99,0,137,0,0,0,0 rival=0,0,0,0,0,0,0 projectiles=-
retail_frame=92 camera=32634,-32598,-32631,144,36,0 player=96,0,137,0,192,0,0 wingmate=99,0,137,0,0,0,0 rival=0,0,0,0,0,0,0 projectiles=-
retail_frame=96 camera=32611,-32581,-32631,144,36,0 player=96,0,137,0,192,0,0 wingmate=99,0,137,0,0,0,0 rival=0,0,0,0,0,0,0 projectiles=-
retail_frame=100 camera=32565,-32547,-32631,144,36,0 player=96,0,137,0,192,0,0 wingmate=99,0,137,0,0,0,0 rival=0,0,0,0,0,0,0 projectiles=-
retail_frame=104 camera=32542,-32530,-32631,144,36,0 player=96,0,137,0,192,0,0 wingmate=99,0,137,0,0,0,0 rival=0,0,0,0,0,0,0 projectiles=-
retail_frame=108 camera=32519,-32513,-32631,144,36,0 player=96,0,137,0,192,0,0 wingmate=99,0,137,0,0,0,0 rival=0,0,0,0,0,0,0 projectiles=-
retail_frame=112 camera=32473,-32479,-32631,144,36,0 player=96,0,137,0,192,0,0 wingmate=99,0,137,0,0,0,0 rival=0,0,0,0,0,0,0 projectiles=-
retail_frame=116 camera=32450,-32462,-32631,144,36,0 player=96,0,137,0,192,0,0 wingmate=99,0,137,0,0,0,0 rival=0,0,0,0,0,0,0 projectiles=-
retail_frame=120 camera=32427,-32445,-32631,144,36,0 player=96,0,137,0,192,0,0 wingmate=99,0,137,0,0,0,0 rival=0,0,0,0,0,0,0 projectiles=-
retail_frame=124 camera=32381,-32411,-32631,144,36,0 player=96,0,137,0,192,0,0 wingmate=99,0,137,0,0,0,0 rival=0,0,0,0,0,0,0 projectiles=-
retail_frame=128 camera=32358,-32394,-32631,144,36,0 player=96,0,137,0,192,0,0 wingmate=99,0,137,0,0,0,0 rival=0,0,0,0,0,0,0 projectiles=-
retail_frame=132 camera=32312,-32360,-32631,144,36,0 player=96,0,137,0,192,0,0 wingmate=99,0,137,0,0,0,0 rival=0,0,0,0,0,0,0 projectiles=-
retail_frame=136 camera=32289,-32343,-32631,144,36,0 player=96,0,137,0,192,0,0 wingmate=99,0,137,0,0,0,0 rival=0,0,0,0,0,0,0 projectiles=-
retail_frame=140 camera=32266,-32326,-32631,144,36,0 player=96,0,137,0,192,0,0 wingmate=99,0,137,0,0,0,0 rival=0,0,0,0,0,0,0 projectiles=-
retail_frame=144 camera=32220,-32292,-32631,144,36,0 player=96,0,137,0,192,0,0 wingmate=99,0,137,0,0,0,0 rival=0,0,0,0,0,0,0 projectiles=-
retail_frame=148 camera=32197,-32275,-32631,144,36,0 player=96,0,137,0,192,0,0 wingmate=99,0,137,0,0,0,0 rival=0,0,0,0,0,0,0 projectiles=-
retail_frame=152 camera=32174,-32258,-32631,144,36,0 player=96,0,137,0,192,0,0 wingmate=99,0,137,0,0,0,0 rival=0,0,0,0,0,0,0 projectiles=-
retail_frame=156 camera=32128,-32224,-32631,144,36,0 player=96,0,137,0,192,0,0 wingmate=99,0,137,0,0,0,0 rival=0,0,0,0,0,0,0 projectiles=-
retail_frame=160 camera=32105,-32207,-32631,144,36,0 player=96,0,137,0,192,0,0 wingmate=99,0,137,0,0,0,0 rival=0,0,0,0,0,0,0 projectiles=-
retail_frame=164 camera=32082,-32190,-32631,144,36,0 player=96,0,137,0,192,0,0 wingmate=99,0,137,0,0,0,0 rival=0,0,0,0,0,0,0 projectiles=-
retail_frame=168 camera=32036,-32156,-32631,144,36,0 player=96,0,137,0,192,0,0 wingmate=99,0,137,0,0,0,0 rival=0,0,0,0,0,0,0 projectiles=-
retail_frame=172 camera=32013,-32139,-32631,144,36,0 player=96,0,137,0,192,0,0 wingmate=99,0,137,0,0,0,0 rival=0,0,0,0,0,0,0 projectiles=-
retail_frame=176 camera=31990,-32122,-32631,128,6,0 player=96,0,137,0,192,0,0 wingmate=99,0,137,0,0,0,0 rival=0,0,0,0,0,0,0 projectiles=-
retail_frame=180 camera=31944,-32088,-32631,128,242,0 player=96,0,137,0,192,0,0 wingmate=99,0,137,0,0,0,0 rival=0,0,0,0,0,0,0 projectiles=-
retail_frame=184 camera=31921,-32071,-32631,120,242,0 player=96,0,137,0,192,0,0 wingmate=99,0,137,0,0,0,0 rival=0,0,0,0,0,0,0 projectiles=-
retail_frame=188 camera=31898,-32054,-32631,120,212,0 player=96,0,137,0,192,0,0 wingmate=99,0,137,0,0,0,0 rival=0,0,0,0,0,0,0 projectiles=-
retail_frame=192 camera=31852,-32020,-32631,104,182,0 player=96,0,137,0,192,0,0 wingmate=99,0,137,0,0,0,0 rival=0,0,0,0,0,0,0 projectiles=-
retail_frame=196 camera=31829,-32003,-32631,104,182,0 player=96,0,137,0,192,0,0 wingmate=99,0,137,0,0,0,0 rival=0,0,0,0,0,0,0 projectiles=-
retail_frame=200 camera=31806,-31986,-32631,104,162,0 player=96,0,137,0,192,0,0 wingmate=99,0,137,0,0,0,0 rival=0,0,0,0,0,0,0 projectiles=-
retail_frame=204 camera=31760,-31952,-32631,88,112,0 player=96,0,137,0,192,0,0 wingmate=99,0,137,0,0,0,0 rival=0,0,0,0,0,0,0 projectiles=-
retail_frame=208 camera=31737,-31935,-32631,80,82,0 player=96,0,137,0,192,0,0 wingmate=99,0,137,0,0,0,0 rival=0,0,0,0,0,0,0 projectiles=-
retail_frame=212 camera=31714,-31918,-32631,64,62,0 player=96,0,137,0,192,0,0 wingmate=99,0,137,0,0,0,0 rival=0,0,0,0,0,0,0 projectiles=-
retail_frame=216 camera=31668,-31884,-32631,40,238,0 player=96,0,137,0,192,0,0 wingmate=99,0,137,0,0,0,0 rival=0,0,0,0,0,0,0 projectiles=-
retail_frame=220 camera=31645,-31867,-32631,32,188,0 player=96,0,137,0,192,0,0 wingmate=99,0,137,0,0,0,0 rival=0,0,0,0,0,0,0 projectiles=-
retail_frame=224 camera=31622,-31850,-32631,8,118,0 player=96,0,137,0,192,0,0 wingmate=99,0,137,0,0,0,0 rival=0,0,0,0,0,0,0 projectiles=-
retail_frame=228 camera=31576,-31816,-32631,224,214,0 player=96,0,137,0,192,0,0 wingmate=99,0,137,0,0,0,0 rival=0,0,0,0,0,0,0 projectiles=-
retail_frame=232 camera=31553,-31799,-32631,192,114,0 player=96,0,137,0,192,0,0 wingmate=99,0,137,0,0,0,0 rival=0,0,0,0,0,0,0 projectiles=-
retail_frame=236 camera=31530,-31782,-32631,168,14,0 player=96,0,137,0,192,0,0 wingmate=99,0,137,0,0,0,0 rival=0,0,0,0,0,0,0 projectiles=-
retail_frame=240 camera=31484,-31748,-32631,80,236,0 player=96,0,137,0,192,0,0 wingmate=99,0,137,0,0,0,0 rival=0,0,0,0,0,0,0 projectiles=-
retail_frame=244 camera=31461,-31731,-32631,16,36,0 player=96,0,137,0,192,0,0 wingmate=99,0,137,0,0,0,0 rival=0,0,0,0,0,0,0 projectiles=-
retail_frame=248 camera=31438,-31714,-32631,216,82,0 player=96,0,137,0,192,0,0 wingmate=99,0,137,0,0,0,0 rival=0,0,0,0,0,0,0 projectiles=-
retail_frame=252 camera=31392,-31680,-32631,64,34,0 player=96,0,137,0,192,0,0 wingmate=99,0,137,0,0,0,0 rival=0,0,0,0,0,0,0 projectiles=-
retail_frame=256 camera=31369,-31663,-32631,176,216,0 player=96,0,137,0,192,0,0 wingmate=99,0,137,0,0,0,0 rival=0,0,0,0,0,0,0 projectiles=-
retail_frame=260 camera=31346,-31646,-32631,64,92,0 player=96,0,137,0,192,0,0 wingmate=99,0,137,0,0,0,0 rival=0,0,0,0,0,0,0 projectiles=-
retail_frame=264 camera=31300,-31612,-32631,56,80,0 player=96,0,137,0,192,0,0 wingmate=99,0,137,0,0,0,0 rival=0,0,0,0,0,0,0 projectiles=-
retail_frame=268 camera=31277,-31595,-32631,192,242,0 player=96,0,137,0,192,0,0 wingmate=99,0,137,0,0,0,0 rival=0,0,0,0,0,0,0 projectiles=-
retail_frame=272 camera=31254,-31578,-32631,128,228,0 player=96,0,137,0,192,0,0 wingmate=99,0,137,0,0,0,0 rival=0,0,0,0,0,0,0 projectiles=-
retail_frame=276 camera=31208,-31544,-32631,144,130,0 player=96,0,137,0,192,0,0 wingmate=99,0,137,0,0,0,0 rival=0,0,0,0,0,0,0 projectiles=-
retail_frame=280 camera=31185,-31527,-32631,224,36,0 player=96,0,137,0,192,0,0 wingmate=99,0,137,0,0,0,0 rival=0,0,0,0,0,0,0 projectiles=-
retail_frame=284 camera=31162,-31510,-32631,32,148,0 player=96,0,137,0,192,0,0 wingmate=99,0,137,0,0,0,0 rival=0,0,0,0,0,0,0 projectiles=-
retail_frame=288 camera=31116,-31476,-32631,200,56,0 player=96,0,137,0,192,0,0 wingmate=99,0,137,0,0,0,0 rival=0,0,0,0,0,0,0 projectiles=-
retail_frame=292 camera=31093,-31459,-32631,112,8,0 player=96,0,137,0,192,0,0 wingmate=99,0,137,0,0,0,0 rival=0,0,0,0,0,0,0 projectiles=-
retail_frame=296 camera=31070,-31442,-32631,224,246,0 player=96,0,137,0,192,0,0 wingmate=99,0,137,0,0,0,0 rival=0,0,0,0,0,0,0 projectiles=-
retail_frame=300 camera=31024,-31408,-32631,144,206,0 player=96,0,137,0,192,0,0 wingmate=99,0,137,0,0,0,0 rival=0,0,0,0,0,0,0 projectiles=-
retail_frame=304 camera=31001,-31391,-32631,168,194,0 player=96,0,137,0,192,0,0 wingmate=99,0,137,0,0,0,0 rival=0,0,0,0,0,0,0 projectiles=-
retail_frame=308 camera=30978,-31374,-32631,48,132,0 player=96,0,137,0,192,0,0 wingmate=99,0,137,0,0,0,0 rival=0,0,0,0,0,0,0 projectiles=-
retail_frame=312 camera=30932,-31340,-32631,64,174,0 player=96,0,137,0,192,0,0 wingmate=99,0,137,0,0,0,0 rival=0,0,0,0,0,0,0 projectiles=-
retail_frame=316 camera=30909,-31323,-32631,152,92,0 player=96,0,137,0,192,0,0 wingmate=99,0,137,0,0,0,0 rival=0,0,0,0,0,0,0 projectiles=-
retail_frame=320 camera=30886,-31306,-32631,40,60,0 player=96,0,137,0,192,0,0 wingmate=99,0,137,0,0,0,0 rival=0,0,0,0,0,0,0 projectiles=-
retail_frame=324 camera=30840,-31272,-32631,16,216,0 player=96,0,137,0,192,0,0 wingmate=99,0,137,0,0,0,0 rival=- projectiles=-
retail_frame=328 camera=30817,-31255,-32631,160,178,0 player=96,0,137,0,192,0,0 wingmate=99,0,137,0,0,0,0 rival=0,0,0,0,0,0,0 projectiles=-
retail_frame=332 camera=30794,-31238,-32631,160,168,0 player=96,0,137,0,192,0,0 wingmate=99,0,137,0,0,0,0 rival=0,0,0,0,0,0,0 projectiles=-
retail_frame=336 camera=30748,-31204,-32631,176,198,0 player=96,0,137,0,192,0,0 wingmate=99,0,137,0,0,0,0 rival=0,0,0,0,0,0,0 projectiles=-
retail_frame=340 camera=30725,-31187,-32631,104,124,0 player=96,0,137,0,192,0,0 wingmate=99,0,137,0,0,0,0 rival=0,0,0,0,0,0,0 projectiles=-
retail_frame=344 camera=30702,-31170,-32631,56,140,0 player=96,0,137,0,192,0,0 wingmate=99,0,137,0,0,0,0 rival=0,0,0,0,0,0,0 projectiles=-
retail_frame=348 camera=30656,-31136,-32631,248,56,0 player=96,0,137,0,192,0,0 wingmate=99,0,137,0,0,0,0 rival=0,0,0,0,0,0,0 projectiles=-
retail_frame=352 camera=30633,-31119,-32631,240,212,0 player=96,0,137,0,192,0,0 wingmate=99,0,137,0,0,0,0 rival=0,0,0,0,0,0,0 projectiles=-
retail_frame=356 camera=30610,-31102,-32631,216,112,0 player=96,0,137,0,192,0,0 wingmate=99,0,137,0,0,0,0 rival=0,0,0,0,0,0,0 projectiles=-
retail_frame=360 camera=30564,-31068,-32631,192,218,0 player=96,0,137,0,192,0,0 wingmate=99,0,137,0,0,0,0 rival=0,0,0,0,0,0,0 projectiles=-
retail_frame=364 camera=30541,-31051,-32631,176,168,0 player=96,0,137,0,192,0,0 wingmate=99,0,137,0,0,0,0 rival=0,0,0,0,0,0,0 projectiles=-
retail_frame=368 camera=30518,-31034,-32631,168,118,0 player=96,0,137,0,192,0,0 wingmate=99,0,137,0,0,0,0 rival=0,0,0,0,0,0,0 projectiles=-
retail_frame=372 camera=30472,-31000,-32631,152,18,0 player=96,0,137,0,192,0,0 wingmate=99,0,137,0,0,0,0 rival=0,0,0,0,0,0,0 projectiles=-
retail_frame=376 camera=30449,-30983,-32631,152,244,0 player=96,0,137,0,192,0,0 wingmate=99,0,137,0,0,0,0 rival=0,0,0,0,0,0,0 projectiles=-
retail_frame=380 camera=30426,-30966,-32631,136,224,0 player=96,0,137,0,192,0,0 wingmate=99,0,137,0,0,0,0 rival=0,0,0,0,0,0,0 projectiles=-
retail_frame=384 camera=30380,-30932,-32631,128,174,0 player=96,0,137,0,192,0,0 wingmate=99,0,137,0,0,0,0 rival=0,0,0,0,0,0,0 projectiles=-
retail_frame=388 camera=30357,-30915,-32631,128,144,0 player=96,0,137,0,192,0,0 wingmate=99,0,137,0,0,0,0 rival=0,0,0,0,0,0,0 projectiles=-
retail_frame=392 camera=30334,-30898,-32631,112,124,0 player=96,0,137,0,192,0,0 wingmate=99,0,137,0,0,0,0 rival=0,0,0,0,0,0,0 projectiles=-
retail_frame=396 camera=30311,-30881,-32631,128,94,192 player=96,0,137,0,187,247,0 wingmate=8928,0,-2679,0,187,247,0 rival=0,0,0,0,0,0,0 projectiles=-
retail_frame=400 camera=8,-19,147,0,96,0 player=96,0,137,0,180,244,1 wingmate=8416,0,-3831,0,174,244,1 rival=10096,-4000,3137,21,0,0,0 projectiles=-
retail_frame=404 camera=24,-19,149,0,64,0 player=96,0,137,0,184,250,2 wingmate=9312,0,-631,0,188,250,2 rival=10096,0,8137,23,78,5,1 projectiles=-
retail_frame=408 camera=37,-18,143,0,32,0 player=96,0,137,0,188,255,2 wingmate=9440,0,137,0,192,255,2 rival=10096,4,8137,25,80,9,2 projectiles=-
retail_frame=412 camera=53,-18,140,0,0,0 player=97,0,137,0,193,4,3 wingmate=9313,0,1161,0,197,4,3 rival=10092,8,8137,26,82,12,3 projectiles=-
retail_frame=416 camera=69,-18,137,0,224,0 player=98,0,137,0,197,8,3 wingmate=9186,0,2057,0,201,8,3 rival=10072,28,8133,28,86,18,5 projectiles=-
retail_frame=420 camera=71,-18,136,0,192,0 player=100,0,137,0,201,11,4 wingmate=8932,0,2953,0,205,254,4 rival=10060,40,8125,29,88,20,6 projectiles=-
retail_frame=424 camera=88,-18,137,0,160,0 player=102,0,137,0,205,14,4 wingmate=8678,0,3849,0,209,253,4 rival=10048,56,8117,30,90,22,7 projectiles=-
retail_frame=428 camera=92,-19,136,0,128,0 player=105,0,137,0,207,16,5 wingmate=8425,0,4233,0,211,252,5 rival=10032,76,8105,31,92,24,8 projectiles=-
retail_frame=432 camera=96,-19,136,0,96,0 player=108,0,137,0,209,19,5 wingmate=8172,0,4617,0,209,19,5 rival=10016,100,8093,32,94,26,9 projectiles=-
retail_frame=436 camera=101,-19,136,0,64,0 player=112,0,138,0,211,19,6 wingmate=7920,0,5002,0,211,19,6 rival=10000,128,8077,33,96,27,10 projectiles=-
retail_frame=440 camera=119,-20,141,0,0,0 player=119,0,141,0,216,20,6 wingmate=119,-20,141,0,216,20,6 rival=9984,160,8057,34,98,28,11 projectiles=-
retail_frame=444 camera=110,-20,139,0,224,0 player=122,0,143,0,218,20,6 wingmate=122,-21,143,0,218,20,6 rival=9968,196,8037,35,100,29,12 projectiles=-
retail_frame=448 camera=118,-22,142,0,192,0 player=125,0,145,0,220,20,6 wingmate=125,-22,145,0,17,250,6 rival=9952,232,8013,36,102,30,13 projectiles=-
retail_frame=452 camera=122,-22,144,0,160,0 player=128,0,147,0,222,20,6 wingmate=6400,0,7059,0,226,250,6 rival=9920,316,7961,38,106,32,15 projectiles=-
retail_frame=456 camera=126,-23,148,0,128,0 player=131,0,150,0,224,21,6 wingmate=6019,0,7318,0,228,250,6 rival=9896,356,7925,29,104,23,16 projectiles=-
retail_frame=460 camera=129,-23,151,0,96,0 player=133,0,153,0,226,21,6 wingmate=5637,0,7577,0,230,250,6 rival=9868,388,7881,21,102,16,17 projectiles=-
retail_frame=464 camera=132,-23,154,0,64,0 player=135,0,156,0,228,22,6 wingmate=5255,0,7836,0,228,22,6 rival=9828,408,7833,14,100,9,18 projectiles=-
retail_frame=468 camera=135,-24,158,0,32,0 player=137,0,159,0,230,22,6 wingmate=4873,0,8095,0,230,22,6 rival=9784,420,7785,8,98,3,19 projectiles=-
retail_frame=472 camera=140,-24,167,0,224,0 player=140,0,167,0,235,24,6 wingmate=140,-24,167,0,32,250,6 rival=9736,420,7737,2,96,254,20 projectiles=-
retail_frame=476 camera=140,-24,167,0,224,0 player=140,0,167,0,238,11,6 wingmate=3852,0,8743,0,238,11,0 rival=9680,416,7689,253,94,250,21 projectiles=-
retail_frame=480 camera=142,-24,175,0,160,0 player=142,0,175,0,240,14,6 wingmate=142,-24,175,0,240,14,6 rival=9620,404,7641,249,92,246,22 projectiles=-
retail_frame=484 camera=142,-23,179,0,128,0 player=142,0,179,0,242,16,6 wingmate=2318,0,9267,0,246,16,6 rival=9484,356,7545,242,88,240,24 projectiles=-
retail_frame=488 camera=142,-23,183,0,96,0 player=142,0,183,0,244,19,6 wingmate=1806,0,9271,0,248,19,6 rival=9408,320,7505,239,86,237,25 projectiles=-
retail_frame=492 camera=142,-23,187,0,64,0 player=142,0,187,0,246,21,6 wingmate=1422,0,9403,0,250,21,6 rival=9332,276,7469,237,84,235,26 projectiles=-
retail_frame=496 camera=142,-22,191,0,32,0 player=142,0,191,0,248,24,6 wingmate=910,0,9407,0,248,24,6 rival=9252,224,7433,235,82,233,27 projectiles=-
retail_frame=500 camera=142,-22,195,0,0,0 player=142,0,199,0,253,28,6 wingmate=270,0,9411,0,253,28,6 rival=9172,168,7401,233,80,231,28 projectiles=-
retail_frame=504 camera=142,-20,203,0,192,0 player=142,0,203,0,255,30,6 wingmate=142,-20,203,0,255,30,6 rival=9092,104,7373,231,78,230,29 projectiles=-
retail_frame=508 camera=142,-20,203,0,192,0 player=142,0,207,0,1,31,6 wingmate=-498,0,9419,0,1,31,6 rival=9004,36,7349,230,76,229,30 projectiles=-
retail_frame=512 camera=142,-19,211,0,128,0 player=142,0,211,0,3,33,6 wingmate=142,-19,211,0,7,33,6 rival=8916,-36,7329,229,74,228,31 projectiles=-
retail_frame=516 camera=142,-19,215,0,96,0 player=142,0,215,0,6,40,6 wingmate=-2418,0,9047,0,12,40,6 rival=8728,-200,7301,227,70,226,33 projectiles=-
retail_frame=520 camera=142,-19,219,0,64,0 player=142,0,219,0,8,41,6 wingmate=-2418,0,9051,0,12,41,6 rival=8632,-288,7293,226,68,225,34 projectiles=-
retail_frame=524 camera=142,-18,223,0,32,0 player=142,0,223,0,10,41,6 wingmate=-2930,0,8927,0,14,41,6 rival=8536,-380,7293,225,66,224,35 projectiles=-
retail_frame=528 camera=142,-18,227,0,0,0 player=142,0,227,0,13,41,6 wingmate=-3570,0,8803,0,17,41,6 rival=8440,-480,7293,224,64,223,36 projectiles=-
retail_frame=532 camera=139,-18,242,0,224,0 player=139,0,242,0,15,40,8 wingmate=-3957,0,8562,0,15,40,8 rival=8344,-584,7293,223,62,222,37 projectiles=-
retail_frame=536 camera=131,-18,266,0,192,0 player=131,0,266,0,17,38,9 wingmate=-4349,0,8330,0,17,38,9 rival=8248,-692,7297,222,60,221,38 projectiles=-
retail_frame=540 camera=117,-18,296,0,160,0 player=117,0,296,0,19,37,10 wingmate=-4747,0,8104,0,23,37,10 rival=8152,-808,7309,221,58,220,39 projectiles=-
retail_frame=544 camera=98,-19,333,0,128,0 player=98,0,333,0,21,35,11 wingmate=-5278,0,7885,0,25,35,11 rival=8060,-928,7325,220,56,219,40 projectiles=-
retail_frame=548 camera=73,-19,375,0,96,0 player=73,0,375,0,23,34,12 wingmate=-5687,0,7671,0,23,34,12 rival=7968,-1056,7345,219,54,218,41 projectiles=-
retail_frame=552 camera=42,-25,420,128,64,0 player=42,-6,420,0,25,32,13 wingmate=-5974,-6,7460,0,25,32,13 rival=7880,-1188,7369,218,52,217,42 projectiles=-
retail_frame=556 camera=6,-41,467,128,32,0 player=6,-21,467,0,27,30,14 wingmate=-6394,-21,7123,0,27,30,14 rival=7792,-1324,7397,217,50,216,43 projectiles=-
retail_frame=560 camera=-36,-63,515,0,0,0 player=-36,-43,515,254,30,29,15 wingmate=-6820,-427,6659,254,30,29,15 rival=7708,-1468,7429,216,48,216,44 projectiles=-
retail_frame=564 camera=-133,-114,611,0,224,0 player=-133,-92,612,252,32,25,17 wingmate=-133,-114,611,242,32,25,17 rival=7624,-1612,7465,216,46,216,45 projectiles=-
retail_frame=568 camera=-133,-114,611,0,224,0 player=-133,-92,612,252,32,21,18 wingmate=-6533,-988,7012,252,32,21,18 rival=7540,-1760,7509,216,44,216,46 projectiles=-
retail_frame=572 camera=-185,-140,663,0,224,0 player=-185,-118,664,252,32,21,18 wingmate=-6585,-1014,7064,252,32,21,18 rival=7456,-1912,7557,216,42,216,47 projectiles=-
retail_frame=576 camera=-240,-169,718,0,224,0 player=-240,-146,719,252,32,18,19 wingmate=-6640,-1042,7119,252,32,18,19 rival=7372,-2068,7613,216,40,216,48 projectiles=-
retail_frame=580 camera=-297,-198,775,0,224,0 player=-297,-175,776,252,32,15,20 wingmate=-6697,-1071,7176,252,32,15,20 rival=7288,-2228,7673,216,38,216,49 projectiles=-
retail_frame=584 camera=-356,-227,834,0,224,0 player=-356,-204,835,252,32,13,21 wingmate=-6756,-1100,7235,252,32,13,21 rival=7208,-2392,7737,216,36,216,50 projectiles=-
retail_frame=588 camera=-474,-310,952,128,224,0 player=-474,-286,953,252,32,10,23 wingmate=-474,-310,952,236,32,10,23 rival=7128,-2556,7809,216,34,216,51 projectiles=-
retail_frame=592 camera=-530,-362,1008,0,224,0 player=-530,-338,1009,251,32,10,23 wingmate=-530,-362,1008,233,32,10,23 rival=7052,-2724,7885,216,32,216,52 projectiles=-
retail_frame=596 camera=-584,-419,1062,0,224,0 player=-585,-395,1064,248,32,19,23 wingmate=-6985,-2187,7464,248,32,19,23 rival=6976,-2896,7965,216,30,216,53 projectiles=-
retail_frame=600 camera=-639,-476,1116,0,224,0 player=-640,-453,1119,246,32,18,23 wingmate=-639,-476,1116,246,32,18,23 rival=6904,-3072,8053,216,28,216,54 projectiles=-
retail_frame=604 camera=-695,-533,1172,0,224,0 player=-696,-511,1175,246,32,16,23 wingmate=-7096,-2687,7575,246,32,16,23 rival=6836,-3252,8145,216,26,216,55 projectiles=-
retail_frame=608 camera=-752,-592,1229,0,224,0 player=-753,-570,1232,246,32,15,23 wingmate=-7153,-2746,7632,246,32,15,23 rival=6772,-3432,8241,216,24,216,56 projectiles=-
retail_frame=612 camera=-809,-651,1286,0,224,0 player=-810,-629,1289,246,32,14,23 wingmate=-7210,-2805,7689,246,32,14,23 rival=6656,-3804,8453,216,20,216,58 projectiles=-
retail_frame=616 camera=-866,-710,1343,0,224,0 player=-867,-689,1346,246,32,13,23 wingmate=-7267,-2865,7746,246,32,13,23 rival=6604,-3996,8565,216,18,216,59 projectiles=-
retail_frame=620 camera=-924,-770,1401,0,224,0 player=-925,-749,1404,246,32,12,23 wingmate=-7325,-2925,7804,246,32,12,23 rival=6548,-4000,8689,216,18,221,64 projectiles=-
retail_frame=624 camera=-983,-830,1460,0,224,0 player=-984,-810,1463,246,32,10,23 wingmate=-7384,-2986,7863,246,32,10,23 rival=6488,-4000,8821,216,18,225,69 projectiles=-
retail_frame=628 camera=-1042,-891,1519,0,224,0 player=-1043,-872,1522,246,32,9,23 wingmate=-7443,-3048,7922,246,32,9,23 rival=6428,-4000,8953,216,18,228,70 projectiles=-
retail_frame=632 camera=-1102,-953,1579,0,224,0 player=-1103,-934,1582,246,32,7,23 wingmate=-7503,-3110,7982,246,32,7,23 rival=6368,-4000,9085,216,18,231,70 projectiles=-
retail_frame=636 camera=-1163,-1015,1640,0,224,0 player=-1164,-997,1643,246,32,6,23 wingmate=-7564,-3173,8043,246,32,6,23 rival=6308,-4000,9217,216,18,234,70 projectiles=-
retail_frame=640 camera=-1224,-1078,1701,0,224,0 player=-1225,-1060,1704,246,32,5,23 wingmate=-7625,-3236,8104,246,32,5,23 rival=6248,-4000,9349,216,18,236,70 projectiles=-
retail_frame=644 camera=-1285,-1142,1762,0,224,0 player=-1286,-1124,1765,246,32,4,23 wingmate=-7686,-3300,8165,246,32,4,23 rival=6188,-4000,9481,216,18,238,70 projectiles=-
retail_frame=648 camera=-1346,-1205,1823,0,224,0 player=-1347,-1188,1826,246,32,4,23 wingmate=-7747,-3364,8226,246,32,4,23 rival=6128,-4000,9613,216,18,240,70 projectiles=-
retail_frame=652 camera=-1407,-1269,1884,0,224,0 player=-1408,-1252,1887,246,32,3,23 wingmate=-7808,-3428,8287,246,32,3,23 rival=6068,-4000,9745,216,18,242,70 projectiles=-
retail_frame=656 camera=-1468,-1333,1945,0,224,0 player=-1469,-1316,1948,246,32,3,23 wingmate=-7869,-3492,8348,246,32,3,23 rival=6008,-4000,9877,216,18,243,70 projectiles=-
retail_frame=660 camera=-1529,-1397,2006,0,224,0 player=-1530,-1380,2009,246,32,2,23 wingmate=-7930,-3556,8409,246,32,2,23 rival=5948,-4000,10009,216,18,244,70 projectiles=-
retail_frame=664 camera=-1590,-1461,2067,0,224,0 player=-1591,-1444,2070,246,32,2,23 wingmate=-7991,-3620,8470,246,32,2,23 rival=5888,-4000,10141,216,18,245,70 projectiles=-
retail_frame=668 camera=-1651,-1526,2128,0,224,0 player=-1652,-1508,2131,246,32,1,23 wingmate=-8052,-3684,8531,246,32,1,23 rival=5828,-4000,10273,216,18,246,70 projectiles=-
retail_frame=672 camera=-1712,-1590,2189,0,224,0 player=-1713,-1572,2192,246,32,0,23 wingmate=-8113,-3748,8592,246,32,0,23 rival=5768,-4000,10405,216,18,247,70 projectiles=-
retail_frame=676 camera=-1773,-1654,2250,0,224,0 player=-1774,-1636,2253,246,32,255,23 wingmate=-8174,-3812,8653,246,32,255,23 rival=5708,-4000,10537,216,18,248,70 projectiles=-
retail_frame=680 camera=-1834,-1719,2311,0,224,0 player=-1835,-1700,2314,246,32,254,23 wingmate=-8235,-3876,8714,246,32,254,23 rival=5648,-4000,10669,216,18,249,70 projectiles=-
retail_frame=684 camera=-1895,-1783,2372,0,224,0 player=-1896,-1764,2375,246,32,254,23 wingmate=-8296,-3940,8775,246,32,254,23 rival=5588,-4000,10801,216,18,250,70 projectiles=-
retail_frame=688 camera=-1956,-1848,2433,0,224,0 player=-1957,-1828,2436,246,32,253,23 wingmate=-8357,-4004,8836,246,32,253,23 rival=5528,-4000,10933,216,18,251,70 projectiles=-
retail_frame=692 camera=-2017,-1913,2494,0,224,0 player=-2079,-1956,2558,246,32,252,23 wingmate=-8418,-4068,8897,231,32,252,23 rival=5468,-4000,11065,216,18,252,70 projectiles=-
retail_frame=696 camera=-2078,-1977,2555,0,224,0 player=-2079,-1956,2558,246,32,252,23 wingmate=-8479,-4132,8958,231,32,252,90 rival=5408,-4000,11197,216,18,253,70 projectiles=-
retail_frame=700 camera=-2139,-2042,2616,0,224,0 player=-2140,-2020,2619,246,32,252,23 wingmate=-8540,-4196,9019,246,32,252,23 rival=5348,-4000,11329,216,18,254,70 projectiles=-
retail_frame=704 camera=-2200,-2106,2677,0,224,0 player=-2201,-2084,2680,246,32,252,23 wingmate=-8601,-4260,9080,246,32,252,23 rival=5288,-4000,11461,216,18,255,70 projectiles=-
retail_frame=708 camera=-2261,-2170,2738,0,224,0 player=-2262,-2148,2741,246,32,253,23 wingmate=-8662,-4324,9141,246,32,253,90 rival=5228,-4000,11593,216,18,0,70 projectiles=-
retail_frame=712 camera=-2393,-2260,2883,128,0,0 player=-2394,-2236,2885,247,29,250,23 wingmate=-2393,-2260,2883,239,29,250,23 rival=5088,-4000,11697,221,38,0,70 projectiles=-
retail_frame=716 camera=-2456,-2304,2957,128,0,0 player=-2457,-2280,2960,247,29,242,23 wingmate=-8345,-4200,9872,247,29,242,23 rival=4696,-4172,11745,228,64,0,70 projectiles=-
retail_frame=720 camera=-2519,-2348,3032,128,0,0 player=-2520,-2324,3035,247,29,244,23 wingmate=-8408,-4244,9947,247,29,244,23 rival=4484,-4000,11701,231,73,0,70 projectiles=-
retail_frame=724 camera=-2582,-2392,3107,128,0,0 player=-2583,-2368,3110,247,29,247,23 wingmate=-8471,-4288,10022,247,29,247,23 rival=4272,-4000,11617,234,80,0,70 projectiles=-
retail_frame=728 camera=-2645,-2435,3182,128,0,0 player=-2646,-2412,3185,247,29,249,23 wingmate=-8534,-4332,10097,247,29,249,23 rival=4064,-4000,11505,236,85,0,70 projectiles=-
retail_frame=732 camera=-2708,-2479,3257,128,0,0 player=-2709,-2456,3260,247,29,251,23 wingmate=-8597,-4376,10172,247,29,251,23 rival=3868,-4000,11369,238,89,0,70 projectiles=-
retail_frame=736 camera=-2771,-2523,3332,128,0,0 player=-2772,-2500,3335,247,29,253,23 wingmate=-8660,-4420,10247,247,29,253,23 rival=3672,-4000,11217,240,91,0,70 projectiles=-
retail_frame=740 camera=-2834,-2566,3407,128,0,0 player=-2898,-2588,3485,247,29,0,23 wingmate=-8723,-4464,10322,239,29,0,23 rival=3480,-4000,11057,242,93,0,70 projectiles=-
retail_frame=744 camera=-2960,-2653,3557,128,0,0 player=-2961,-2632,3560,247,29,1,23 wingmate=-8849,-4552,10472,247,29,1,23 rival=3284,-4000,10881,247,94,0,70 projectiles=-
retail_frame=748 camera=-3023,-2696,3632,128,0,0 player=-3024,-2676,3635,247,29,3,23 wingmate=-8912,-4596,10547,247,29,3,23 rival=2904,-4000,10509,254,96,0,70 projectiles=-
retail_frame=752 camera=-3086,-2740,3707,128,0,0 player=-3087,-2720,3710,247,29,4,23 wingmate=-8975,-4640,10622,247,29,4,23 rival=2720,-4000,10317,0,97,0,70 projectiles=-
retail_frame=756 camera=-3149,-2783,3782,128,0,0 player=-3150,-2764,3785,247,29,4,23 wingmate=-9038,-4684,10697,247,29,4,23 rival=2540,-3988,10117,2,98,0,70 projectiles=-
retail_frame=760 camera=-3212,-2827,3857,128,0,0 player=-3213,-2808,3860,247,29,4,23 wingmate=-9101,-4728,10772,247,29,4,23 rival=2360,-3972,9917,3,98,0,70 projectiles=-
retail_frame=764 camera=-3275,-2871,3932,128,0,0 player=-3276,-2852,3935,247,29,3,23 wingmate=-9164,-4772,10847,247,29,3,23 rival=2180,-3948,9717,4,98,0,70 projectiles=-
retail_frame=768 camera=-3338,-2914,4007,128,0,0 player=-3339,-2896,4010,247,29,3,23 wingmate=-9227,-4816,10922,247,29,3,23 rival=1996,-3916,9525,5,97,0,70 projectiles=-
retail_frame=772 camera=-3474,-2950,4168,0,0,0 player=-3475,-2932,4171,247,29,2,23 wingmate=-3474,-2950,4168,252,29,2,23 rival=1816,-3880,9337,6,97,0,70 projectiles=-
retail_frame=776 camera=-3543,-2945,4250,128,0,0 player=-3544,-2927,4252,248,29,1,23 wingmate=-9432,-4719,11164,248,29,1,23 rival=1444,-3792,8973,7,95,0,70 projectiles=-
retail_frame=780 camera=-3619,-2940,4326,128,224,0 player=-3619,-2922,4327,251,32,3,23 wingmate=-10659,-3946,10087,251,36,3,23 rival=1256,-3748,8793,7,95,0,70 projectiles=04B9,1256,-3748,8793,7,95,0,30
retail_frame=784 camera=-3694,-2936,4401,128,224,0 player=-3694,-2917,4402,251,32,1,23 wingmate=-10094,-3941,10802,251,32,1,23 rival=1060,-3704,8617,7,94,0,70 projectiles=04B9,345,-3578,7959,7,94,0,63
retail_frame=788 camera=-3769,-2931,4476,128,224,0 player=-3769,-2912,4477,251,32,255,23 wingmate=-10169,-3936,10877,251,32,255,23 rival=860,-3660,8449,7,93,0,70 projectiles=04B9,-126,-3493,7557,7,93,0,63
retail_frame=792 camera=-3844,-2926,4551,128,224,0 player=-3844,-2907,4552,251,32,254,23 wingmate=-10244,-3931,10952,251,32,254,23 rival=660,-3616,8281,7,93,0,70 projectiles=04B9,-607,-3408,7165,7,92,0,63
retail_frame=796 camera=-3923,-2922,4623,128,192,0 player=-3923,-2902,4624,251,34,0,23 wingmate=-11347,-3926,10000,251,38,0,23 rival=456,-3572,8117,7,92,0,70 projectiles=04B9,-1098,-3323,6786,7,91,0,63
retail_frame=800 camera=-4002,-2917,4695,128,192,0 player=-4002,-2897,4696,251,34,255,23 wingmate=-10786,-3921,10840,251,34,255,23 rival=248,-3528,7953,7,91,0,70 projectiles=04B9,-1599,-3239,6424,7,90,0,63
retail_frame=804 camera=-4081,-2913,4767,128,192,0 player=-4081,-2892,4768,251,34,253,23 wingmate=-10865,-3916,10912,251,34,253,23 rival=36,-3492,7793,6,90,0,70 projectiles=04B9,-2113,-3165,6079,6,88,0,63
retail_frame=808 camera=-4163,-2909,4835,128,160,0 player=-4163,-2887,4836,251,36,0,23 wingmate=-11715,-3911,9828,251,40,0,23 rival=-180,-3456,7641,6,89,0,70 projectiles=04B9,-2639,-3091,5757,6,87,0,63
retail_frame=812 camera=-4245,-2904,4903,128,160,0 player=-4245,-2882,4904,251,36,255,23 wingmate=-11285,-3906,10664,251,36,255,23 rival=-396,-3420,7489,6,89,0,70 projectiles=05B5,-907,-3346,7144,6,88,0,63;04B9,-3187,-3017,5465,6,84,0,63
retail_frame=816 camera=-4331,-2900,4966,128,128,0 player=-4331,-2877,4967,251,38,2,23 wingmate=-12139,-3901,9703,251,42,2,23 rival=-616,-3384,7341,6,88,0,70 projectiles=05B5,-1428,-3272,6816,6,87,0,63;04B9,-3755,-2943,5216,6,81,0,63
retail_frame=820 camera=-4416,-2895,5029,128,128,0 player=-4417,-2872,5030,251,38,2,23 wingmate=-118,14,-35,251,38,2,23 rival=-840,-3348,7201,6,87,0,70 projectiles=05B5,-1959,-3198,6501,6,86,0,63;04B9,-3987,-2911,5156,5,76,0,63
retail_frame=824 camera=-4504,-2890,5088,128,96,0 player=-4505,-2867,5089,251,40,5,23 wingmate=-118,14,-35,251,44,5,23 rival=-1068,-3312,7065,6,86,0,70 projectiles=05B5,-2500,-3124,6199,6,85,0,63;04B9,-4219,-2883,5092,5,76,0,63
retail_frame=828 camera=-4592,-2886,5147,128,96,0 player=-4593,-2862,5148,251,40,5,23 wingmate=-12145,-3886,10140,251,40,5,23 rival=-1300,-3276,6937,6,85,0,70 projectiles=05B5,-3051,-3050,5920,6,83,0,63;04B9,-4219,-2883,5092,5,76,0,63
retail_frame=832 camera=-4683,-2881,5201,128,64,0 player=-4684,-2857,5202,251,42,7,23 wingmate=-13004,-3881,9042,251,46,7,23 rival=-1536,-3240,6813,6,84,0,70 projectiles=05B5,-3283,-3024,5818,6,83,0,63;04B9,-4451,-2855,5028,5,76,0,63
retail_frame=836 camera=-4765,-2877,5250,128,64,0 player=-4766,-2853,5251,251,42,7,23 wingmate=-12574,-3877,9987,251,42,7,23 rival=-1872,-3184,6637,6,84,0,100 projectiles=05B5,-4200,-2908,5455,6,79,0,63;04B9,-4915,-2799,4900,5,76,0,63
retail_frame=840 camera=-4843,-2873,5290,128,32,0 player=-4844,-2849,5291,251,44,10,22 wingmate=0,0,0,251,48,10,22 rival=-2212,-3092,6477,10,82,251,100 projectiles=05B5,-4436,-2880,5395,5,75,0,63;04B9,-4915,-2799,4900,5,76,0,63
retail_frame=844 camera=-4915,-2870,5326,128,32,0 player=-4916,-2846,5327,251,44,10,23 wingmate=-120,11,-26,251,44,10,23 rival=-2552,-2972,6341,13,80,247,100 projectiles=05B5,-4672,-2852,5335,4,73,0,63;04B9,-5379,-2743,4772,5,76,0,63
retail_frame=848 camera=-4981,-2866,5353,128,0,0 player=-4982,-2843,5354,251,47,13,22 wingmate=-120,11,-26,251,51,13,22 rival=-2888,-2824,6225,16,78,244,100 projectiles=05B5,-4908,-2832,5287,4,73,0,63;04B9,-5611,-2715,4708,5,76,0,63
retail_frame=852 camera=-5042,-2855,5379,0,0,0 player=-5043,-2832,5380,251,47,12,23 wingmate=-120,11,-26,251,47,12,23 rival=-3216,-2648,6129,19,76,241,100 projectiles=05B5,-5144,-2812,5239,4,73,0,63;04B9,-5843,-2687,4644,5,76,0,63
retail_frame=856 camera=-5097,-2839,5403,0,0,0 player=-5098,-2816,5404,251,47,12,23 wingmate=-13546,-3840,9116,251,47,12,23 rival=-3544,-2456,6053,21,74,238,100 projectiles=05B5,-5380,-2792,5191,4,73,0,63;04B9,-6075,-2659,4580,5,76,0,63
retail_frame=860 camera=-5147,-2819,5424,128,0,0 player=-5147,-2797,5425,252,47,11,23 wingmate=-13595,-3693,9137,252,47,11,23 rival=-3864,-2248,5993,23,72,236,100 projectiles=05B5,-5616,-2772,5143,4,73,0,63;04B9,-6307,-2631,4516,5,76,0,63
retail_frame=864 camera=-5192,-2797,5444,128,0,0 player=-5192,-2775,5444,254,47,11,23 wingmate=-13640,-3159,9156,254,47,11,23 rival=-4176,-2020,5949,25,70,234,100 projectiles=05B5,-5852,-2752,5095,4,73,0,63;04B9,-6539,-2603,4452,5,76,0,63
retail_frame=868 camera=-5232,-2773,5460,128,0,0 player=-5232,-2752,5460,1,47,10,23 wingmate=-13680,-2624,9172,1,47,10,23 rival=-4488,-1788,5921,26,68,232,100 projectiles=05B5,-6088,-2732,5047,4,73,0,63;04B9,-6771,-2575,4388,5,76,0,63
retail_frame=872 camera=-5269,-2746,5475,128,0,0 player=-5268,-2726,5475,3,47,9,23 wingmate=-13716,-2086,9187,3,47,9,23 rival=-4792,-1548,5909,27,66,230,100 projectiles=05B5,-6324,-2712,4999,4,73,0,63;04B9,-7003,-2547,4324,5,76,0,63
retail_frame=876 camera=-5301,-2720,5492,128,32,0 player=-5299,-2700,5491,8,39,249,22 wingmate=-12595,-1420,11123,27,39,249,21 rival=-5092,-1300,5909,28,64,229,100 projectiles=05B5,-6560,-2692,4951,4,73,0,63;04B9,-7235,-2519,4260,5,76,0,63
retail_frame=880 camera=-5349,-2669,5529,128,96,0 player=-5346,-2651,5527,11,35,247,22 wingmate=-5349,-2669,5529,28,35,247,22 rival=-5384,-1044,5921,29,62,228,100 projectiles=05B5,-6796,-2672,4903,4,73,0,63;04B9,-7467,-2491,4196,5,76,0,63
retail_frame=884 camera=-5367,-2645,5548,128,128,0 player=-5364,-2627,5545,13,32,244,21 wingmate=-10612,189,12585,13,26,244,21 rival=-5668,-780,5945,30,60,227,100 projectiles=05B5,-7032,-2652,4855,4,73,0,63;04B9,-7699,-2463,4132,5,76,0,63
retail_frame=888 camera=-5383,-2620,5567,128,160,0 player=-5379,-2603,5563,16,28,242,21 wingmate=-9731,981,12859,16,22,242,21 rival=-5940,-512,5981,31,58,226,100 projectiles=05B5,-7268,-2632,4807,4,73,0,63;04B9,-7931,-2435,4068,5,76,0,63
retail_frame=892 camera=-5393,-2597,5586,128,192,0 player=-5389,-2581,5581,18,24,240,20 wingmate=-8845,1387,13005,18,18,240,20 rival=-6464,48,6089,33,54,224,100 projectiles=05B5,-7504,-2612,4759,4,73,0,63;04B9,-8163,-2407,4004,5,76,0,63
retail_frame=896 camera=-5402,-2574,5604,128,224,0 player=-5398,-2558,5599,21,20,238,20 wingmate=-8086,2050,13151,21,14,238,20 rival=-6712,340,6161,34,52,223,100 projectiles=05B5,-7976,-2572,4663,4,73,0,63
retail_frame=900 camera=-5408,-2553,5623,128,0,0 player=-5403,-2537,5617,23,15,236,19 wingmate=-7067,2455,13169,23,9,236,19 rival=-6944,640,6241,35,50,222,100 projectiles=05B5,-8212,-2552,4615,4,73,0,63
retail_frame=904 camera=-5411,-2531,5642,128,32,0 player=-5406,-2516,5634,26,10,235,19 wingmate=-6046,2988,13058,26,4,235,19 rival=-7168,944,6333,36,48,221,100 projectiles=05B5,-8448,-2532,4567,4,73,0,63
retail_frame=908 camera=-5411,-2512,5657,128,64,0 player=-5407,-2496,5649,28,8,235,18 wingmate=-5663,3392,12817,28,8,235,18 rival=-7384,1256,6433,37,46,220,100 projectiles=05B5,-8684,-2512,4519,4,73,0,63
retail_frame=912 camera=-5412,-2492,5673,128,96,0 player=-5408,-2477,5664,31,6,234,18 wingmate=-5408,3923,12320,31,6,234,18 rival=-7584,1572,6537,38,44,219,100 projectiles=-
retail_frame=916 camera=-5412,-2455,5701,80,160,0 player=-5408,-2440,5690,36,1,245,17 wingmate=-5412,-2455,5701,37,1,245,17 rival=-7772,1892,6649,39,42,218,100 projectiles=-
retail_frame=920 camera=-5411,-2439,5714,38,192,0 player=-5408,-2424,5702,36,255,243,16 wingmate=-5411,-2439,5714,37,255,243,16 rival=-7948,2220,6765,40,40,217,100 projectiles=-
retail_frame=924 camera=-5410,-2425,5725,2,224,0 player=-5408,-2409,5713,36,253,241,16 wingmate=-5410,-2425,5725,37,253,241,16 rival=-8120,2548,6889,40,38,216,100 projectiles=-
retail_frame=928 camera=-5410,-2412,5734,226,0,0 player=-5408,-2395,5722,36,251,239,15 wingmate=-4000,4901,11226,36,245,239,15 rival=-8284,2876,7021,40,36,216,100 projectiles=-
retail_frame=932 camera=-5408,-2399,5743,198,32,0 player=-5407,-2382,5731,37,248,238,15 wingmate=-3615,5042,10979,37,242,238,15 rival=-8588,3532,7313,40,32,216,100 projectiles=-
retail_frame=936 camera=-5406,-2388,5750,174,64,0 player=-5406,-2370,5738,37,246,236,14 wingmate=-3358,5054,10986,37,240,236,14 rival=-8800,3796,7505,30,34,226,100 projectiles=-
retail_frame=940 camera=-5405,-2377,5757,153,96,0 player=-5405,-2359,5745,37,244,235,14 wingmate=-3101,5065,10865,37,238,235,14 rival=-9056,3996,7713,22,36,234,100 projectiles=-
retail_frame=944 camera=-5403,-2367,5764,153,128,0 player=-5403,-2349,5752,37,242,233,13 wingmate=-2843,5075,10744,37,236,233,13 rival=-9344,4000,7925,15,38,241,100 projectiles=-
retail_frame=948 camera=-5400,-2358,5770,153,160,0 player=-5401,-2339,5758,37,240,232,13 wingmate=-2585,5085,10494,37,240,232,13 rival=-9656,4000,8129,9,40,247,100 projectiles=-
retail_frame=952 camera=-5397,-2349,5775,153,192,0 player=-5399,-2330,5763,37,238,231,12 wingmate=-2327,5094,10371,37,238,231,12 rival=-9984,4000,8325,3,42,253,100 projectiles=-
retail_frame=956 camera=-5395,-2340,5780,153,224,0 player=-5397,-2321,5768,37,236,230,12 wingmate=-2069,5103,10248,37,236,230,12 rival=-10324,3984,8505,254,44,2,100 projectiles=-
retail_frame=960 camera=-5389,-2322,5790,153,0,0 player=-5392,-2303,5778,37,233,224,13 wingmate=-1552,5121,9746,37,233,224,13 rival=-10668,3928,8669,250,46,6,100 projectiles=-
retail_frame=964 camera=-5378,-2296,5803,153,32,0 player=-5382,-2277,5792,37,230,224,14 wingmate=-1414,5147,9760,37,230,224,14 rival=-11016,3836,8809,246,48,10,100 projectiles=-
retail_frame=968 camera=-5330,-2246,5857,25,96,0 player=-5335,-2228,5846,36,226,225,16 wingmate=-855,5068,9430,36,220,225,16 rival=-11700,3568,9029,240,52,16,100 projectiles=-
retail_frame=972 camera=-5293,-2231,5892,153,128,0 player=-5299,-2213,5882,35,224,226,17 wingmate=-435,4955,9466,35,218,226,17 rival=-12036,3392,9109,237,54,19,100 projectiles=-
retail_frame=976 camera=-5248,-2223,5932,153,160,0 player=-5254,-2205,5922,33,222,226,18 wingmate=-6,4579,9378,33,216,226,18 rival=-12364,3200,9169,235,56,21,100 projectiles=-
retail_frame=980 camera=-5197,-2223,5971,153,192,0 player=-5203,-2205,5963,31,220,226,19 wingmate=429,4195,9291,31,220,226,19 rival=-12688,2992,9213,233,58,23,100 projectiles=-
retail_frame=984 camera=-5077,-2248,6051,153,0,0 player=-5083,-2231,6044,26,216,227,21 wingmate=-5077,-2248,6051,246,216,227,21 rival=-13000,2764,9241,231,60,25,100 projectiles=-
retail_frame=988 camera=-5077,-2248,6051,153,0,0 player=-5083,-2231,6044,26,216,227,21 wingmate=1573,3273,9116,26,216,227,21 rival=-13312,2532,9253,230,62,26,100 projectiles=-
retail_frame=992 camera=-4942,-2308,6120,153,64,0 player=-4947,-2291,6116,21,211,228,23 wingmate=-4942,-2308,6120,239,211,228,23 rival=-13620,2292,9253,229,64,27,100 projectiles=-
retail_frame=996 camera=-4866,-2344,6149,153,96,0 player=-4871,-2327,6145,18,208,241,23 wingmate=3193,1641,7681,18,200,241,23 rival=-14212,1788,9217,227,68,29,100 projectiles=-
retail_frame=1000 camera=-4789,-2381,6178,153,96,0 player=-4794,-2364,6175,18,208,242,23 wingmate=2886,1604,9247,18,208,242,23 rival=-14496,1524,9177,226,70,30,100 projectiles=-
retail_frame=1004 camera=-4711,-2418,6209,153,96,0 player=-4716,-2402,6206,18,208,243,23 wingmate=2964,1566,9278,18,208,243,23 rival=-14768,1256,9129,225,72,31,100 projectiles=-
retail_frame=1008 camera=-4630,-2456,6236,153,128,0 player=-4635,-2440,6233,18,206,240,23 wingmate=3429,1528,7769,236,206,240,76 rival=-15032,980,9069,224,74,32,100 projectiles=-
retail_frame=1012 camera=-4474,-2552,6285,25,160,0 player=-4479,-2535,6282,17,204,238,23 wingmate=3841,1177,7434,17,198,238,23 rival=-15284,696,8993,223,76,33,100 projectiles=-
retail_frame=1016 camera=-4400,-2609,6304,153,160,0 player=-4405,-2592,6302,16,204,238,23 wingmate=3787,992,8734,16,204,238,23 rival=-15760,104,8817,221,80,35,100 projectiles=-
retail_frame=1020 camera=-4328,-2672,6325,153,160,0 player=-4332,-2654,6323,15,204,239,23 wingmate=3988,674,8755,15,204,239,23 rival=-15980,-200,8713,220,82,36,100 projectiles=-
retail_frame=1024 camera=-4256,-2736,6345,153,160,0 player=-4259,-2718,6343,12,204,239,23 wingmate=4189,-30,8775,12,204,239,23 rival=-16192,-512,8601,219,84,37,100 projectiles=-
retail_frame=1028 camera=-4184,-2804,6360,153,192,0 player=-4187,-2786,6359,10,202,237,23 wingmate=4773,-610,7127,10,196,237,23 rival=-16388,-828,8485,218,86,38,100 projectiles=-
retail_frame=1032 camera=-4112,-2875,6376,153,192,0 player=-4114,-2855,6375,7,202,238,23 wingmate=4846,-1319,8551,7,202,238,23 rival=-16572,-1148,8365,217,88,39,100 projectiles=-
retail_frame=1036 camera=-3963,-3016,6401,153,224,0 player=-3965,-2995,6401,7,200,229,23 wingmate=-3963,-3016,6401,226,200,229,23 rival=-16744,-1476,8241,216,90,40,100 projectiles=-
retail_frame=1040 camera=-3887,-3088,6414,153,224,0 player=-3889,-3066,6414,7,200,231,23 wingmate=5071,-1530,8078,7,200,231,23 rival=-17064,-2132,7965,216,94,40,100 projectiles=-
retail_frame=1044 camera=-3813,-3161,6427,25,224,0 player=-3815,-3139,6427,7,200,234,23 wingmate=5145,-1603,8091,7,200,234,23 rival=-17212,-2460,7817,216,96,40,100 projectiles=-
retail_frame=1048 camera=-3741,-3237,6440,25,224,0 player=-3742,-3214,6440,6,200,236,23 wingmate=5218,-1934,8104,6,200,236,23 rival=-17356,-2788,7661,216,98,40,100 projectiles=-
retail_frame=1052 camera=-3670,-3315,6450,153,0,0 player=-3671,-3292,6450,5,198,236,23 wingmate=5545,-2268,6450,5,192,236,23 rival=-17492,-3096,7513,216,98,35,95 projectiles=-
retail_frame=1056 camera=-3600,-3396,6458,153,0,0 player=-3600,-3373,6458,3,198,239,23 wingmate=5488,-2733,7738,3,198,239,23 rival=-17620,-3388,7369,216,98,31,90 projectiles=-
retail_frame=1060 camera=-3457,-3561,6469,153,32,0 player=-3457,-3537,6469,1,195,242,23 wingmate=-3457,-3561,6469,222,195,242,23 rival=-17740,-3664,7237,216,98,28,85 projectiles=-
retail_frame=1064 camera=-3381,-3561,6473,153,32,0 player=-3381,-3537,6473,1,195,244,23 wingmate=5707,-3409,7113,1,195,244,23 rival=-17956,-4000,6993,216,98,22,75 projectiles=-
retail_frame=1068 camera=-3301,-3561,6477,153,32,0 player=-3301,-3537,6477,1,195,247,23 wingmate=5787,-3409,7117,1,195,247,23 rival=-18056,-4000,6885,216,98,20,70 projectiles=-
retail_frame=1072 camera=-3218,-3561,6481,153,32,0 player=-3218,-3537,6481,1,195,249,23 wingmate=5870,-3409,7121,1,195,249,23 rival=-18156,-4000,6777,216,98,18,70 projectiles=-
retail_frame=1076 camera=-3133,-3560,6485,153,32,0 player=-3133,-3537,6485,1,195,251,23 wingmate=5955,-3409,7125,1,195,251,23 rival=-18256,-4000,6669,216,168,16,70 projectiles=-
retail_frame=1080 camera=-3046,-3560,6489,153,32,0 player=-2955,-3537,6494,1,195,253,23 wingmate=6042,-3409,7129,233,195,253,23 rival=-18132,-4000,6589,216,185,14,70 projectiles=-
retail_frame=1084 camera=-2955,-3560,6494,153,32,0 player=-2863,-3537,6499,1,195,254,23 wingmate=-2863,-3559,6499,234,195,254,23 rival=-17984,-4000,6565,216,190,13,70 projectiles=-
retail_frame=1088 camera=-2770,-3559,6504,153,32,0 player=-2770,-3537,6504,1,195,254,23 wingmate=6318,-3409,7144,1,195,254,23 rival=-17836,-4000,6561,216,190,12,70 projectiles=-
retail_frame=1092 camera=-2674,-3558,6509,153,32,0 player=-2674,-3537,6509,1,195,255,23 wingmate=6414,-3409,7149,1,195,255,23 rival=-17540,-4000,6553,216,190,10,70 projectiles=-
retail_frame=1096 camera=-2577,-3557,6514,153,32,0 player=-2577,-3537,6514,1,195,255,23 wingmate=6511,-3409,7154,1,195,255,23 rival=-17392,-4000,6549,216,190,9,70 projectiles=-
retail_frame=1100 camera=-2479,-3557,6519,153,32,0 player=-2479,-3537,6519,1,195,0,23 wingmate=6609,-3409,7159,1,195,0,23 rival=-17244,-4000,6545,216,190,8,70 projectiles=-
retail_frame=1104 camera=-2278,-3556,6529,153,32,0 player=-2278,-3537,6529,1,195,0,23 wingmate=-2278,-3556,6529,241,195,0,23 rival=-17096,-4000,6541,216,190,7,70 projectiles=-
retail_frame=1108 camera=-2177,-3556,6534,153,32,0 player=-2177,-3537,6534,1,195,255,23 wingmate=6911,-3409,7174,1,195,255,23 rival=-16800,-4000,6533,216,190,5,70 projectiles=-
retail_frame=1112 camera=-2075,-3555,6539,153,32,0 player=-2075,-3537,6539,1,195,254,23 wingmate=7013,-3409,7179,1,195,254,23 rival=-16652,-4000,6529,216,190,4,70 projectiles=-
retail_frame=1116 camera=-1973,-3555,6544,153,32,0 player=-1973,-3537,6544,1,195,254,23 wingmate=7115,-3409,7184,1,195,254,23 rival=-16504,-4000,6525,216,190,3,70 projectiles=-
retail_frame=1120 camera=-1870,-3555,6549,153,32,0 player=-1870,-3537,6549,1,195,253,23 wingmate=7218,-3409,7189,1,195,253,23 rival=-16356,-4000,6521,216,190,2,70 projectiles=-
retail_frame=1124 camera=-1767,-3555,6554,153,32,0 player=-1767,-3537,6554,1,195,253,23 wingmate=7321,-3409,7194,1,195,253,23 rival=-16208,-4000,6517,216,190,1,70 projectiles=-
retail_frame=1128 camera=-1557,-3556,6564,153,32,0 player=-1557,-3537,6564,1,195,252,23 wingmate=7531,-3409,7204,1,195,252,23 rival=-16060,-4000,6513,216,190,0,70 projectiles=-
retail_frame=1132 camera=-1452,-3556,6569,153,32,0 player=-1452,-3537,6569,1,195,252,23 wingmate=7636,-3409,7209,1,195,252,23 rival=-15692,-4000,6513,225,192,0,70 projectiles=-
retail_frame=1136 camera=-1347,-3556,6574,153,32,0 player=-1347,-3537,6574,1,195,252,23 wingmate=7741,-3409,7214,1,195,252,23 rival=-15484,-4000,6513,228,193,0,70 projectiles=-
retail_frame=1140 camera=-1241,-3557,6579,153,32,0 player=-1241,-3537,6579,1,195,253,23 wingmate=7847,-3409,7219,1,195,253,23 rival=-15268,-4000,6513,231,193,0,70 projectiles=-
retail_frame=1144 camera=-1135,-3557,6584,153,32,0 player=-1135,-3537,6584,1,195,253,23 wingmate=7953,-3409,7224,1,195,253,23 rival=-15040,-4000,6513,234,193,0,70 projectiles=-
retail_frame=1148 camera=-1029,-3558,6589,153,32,0 player=-1029,-3537,6589,1,195,254,23 wingmate=8059,-3409,7229,1,195,254,23 rival=-14804,-4000,6513,236,193,0,70 projectiles=-
retail_frame=1152 camera=-817,-3559,6599,153,32,0 player=-817,-3537,6599,1,195,255,23 wingmate=-817,-3559,6599,250,195,255,23 rival=-14564,-4000,6513,238,193,0,70 projectiles=-
retail_frame=1156 camera=-711,-3560,6604,153,32,0 player=-711,-3537,6604,1,195,10,23 wingmate=8377,-3409,7244,1,195,10,23 rival=-14316,-4000,6513,242,193,0,70 projectiles=-
retail_frame=1160 camera=-605,-3560,6609,153,32,0 player=-605,-3537,6609,1,195,10,23 wingmate=8483,-3409,7249,1,195,10,23 rival=-13812,-4000,6513,243,193,32,70 projectiles=-
retail_frame=1164 camera=-498,-3560,6614,153,32,0 player=-498,-3537,6614,1,195,10,23 wingmate=8590,-3409,7254,1,195,10,23 rival=-13556,-4000,6513,244,193,48,70 projectiles=-
retail_frame=1168 camera=-391,-3561,6619,153,32,0 player=-391,-3537,6619,1,195,9,23 wingmate=8697,-3409,7259,1,195,9,23 rival=-13300,-4000,6513,245,193,64,70 projectiles=-
retail_frame=1172 camera=-284,-3561,6624,153,32,0 player=-284,-3537,6624,1,195,9,23 wingmate=8804,-3409,7264,1,195,9,23 rival=-13040,-4000,6513,246,193,80,70 projectiles=-
retail_frame=1176 camera=-70,-3561,6634,153,32,0 player=-70,-3537,6634,1,195,8,23 wingmate=-70,-3561,6634,252,195,8,23 rival=-12780,-4000,6513,247,193,96,70 projectiles=-
retail_frame=1180 camera=37,-3561,6639,153,32,0 player=37,-3537,6639,1,195,7,23 wingmate=37,-3561,6639,252,195,7,23 rival=-12520,-4000,6513,248,193,112,70 projectiles=-
retail_frame=1184 camera=144,-3560,6644,153,32,0 player=144,-3537,6644,1,195,6,23 wingmate=9232,-3409,7284,1,195,6,23 rival=-11992,-4036,6513,250,193,128,70 projectiles=-
retail_frame=1188 camera=251,-3560,6649,153,32,0 player=251,-3537,6649,1,195,5,23 wingmate=9339,-3409,7289,1,195,5,23 rival=-11728,-4000,6513,251,193,160,70 projectiles=-
retail_frame=1192 camera=358,-3560,6654,153,32,0 player=358,-3537,6654,1,195,3,23 wingmate=9446,-3409,7294,1,195,3,23 rival=-11464,-4000,6513,252,193,176,70 projectiles=-
retail_frame=1196 camera=465,-3559,6659,153,32,0 player=465,-3537,6659,1,195,3,23 wingmate=9553,-3409,7299,1,195,3,23 rival=-11200,-4000,6513,253,193,192,70 projectiles=-
retail_frame=1200 camera=572,-3559,6664,153,32,0 player=572,-3537,6664,1,195,2,23 wingmate=9660,-3409,7304,1,195,2,23 rival=-10936,-4000,6513,254,193,208,70 projectiles=-
retail_frame=1204 camera=786,-3557,6666,153,64,0 player=786,-3537,6666,1,193,255,23 wingmate=9767,-3409,5641,253,193,255,23 rival=-10672,-4000,6513,255,193,224,70 projectiles=-
retail_frame=1208 camera=893,-3557,6667,153,64,0 player=893,-3537,6667,1,193,255,23 wingmate=893,-3557,6667,253,193,255,23 rival=-10404,-4000,6513,0,193,240,70 projectiles=-
retail_frame=1212 camera=1000,-3556,6668,153,64,0 player=1000,-3537,6668,1,193,255,23 wingmate=10088,-3409,6796,1,193,255,23 rival=-10136,-4000,6513,0,193,252,70 projectiles=-
retail_frame=1216 camera=1107,-3556,6669,153,64,0 player=1107,-3537,6669,1,193,254,23 wingmate=10195,-3409,6797,1,193,254,23 rival=-9600,-4000,6513,0,193,8,70 projectiles=-
retail_frame=1220 camera=1214,-3556,6670,153,64,0 player=1214,-3537,6670,1,193,254,23 wingmate=10302,-3409,6798,1,193,254,23 rival=-9332,-4000,6513,0,193,8,70 projectiles=-
retail_frame=1224 camera=1321,-3555,6671,153,64,0 player=1321,-3537,6671,1,193,253,23 wingmate=10409,-3409,6799,1,193,253,23 rival=-9064,-4000,6513,0,193,8,70 projectiles=-
retail_frame=1228 camera=1428,-3555,6672,153,64,0 player=1535,-3537,6673,1,193,252,23 wingmate=10516,-3409,6800,254,193,252,23 rival=-8796,-4000,6513,0,193,8,70 projectiles=-
retail_frame=1232 camera=1642,-3555,6674,153,64,0 player=1642,-3537,6674,1,193,252,23 wingmate=10730,-3409,6802,1,193,252,23 rival=-8528,-4000,6513,0,193,7,70 projectiles=-
retail_frame=1236 camera=1749,-3555,6675,153,64,0 player=1749,-3537,6675,1,193,6,23 wingmate=10837,-3409,6803,1,193,6,23 rival=-7992,-4000,6513,0,193,5,70 projectiles=-
retail_frame=1240 camera=1856,-3556,6676,153,64,0 player=1856,-3537,6676,1,193,5,23 wingmate=10944,-3409,6804,1,193,5,23 rival=-7728,-3996,6513,1,193,4,70 projectiles=-
retail_frame=1244 camera=1963,-3556,6677,153,64,0 player=1963,-3537,6677,1,193,5,23 wingmate=11051,-3409,6805,1,193,5,23 rival=-7464,-3984,6513,2,193,3,70 projectiles=-
retail_frame=1248 camera=2070,-3556,6678,153,64,0 player=2070,-3537,6678,1,193,4,23 wingmate=11158,-3409,6806,1,193,4,23 rival=-7200,-3968,6513,3,193,3,70 projectiles=-
retail_frame=1252 camera=2177,-3557,6679,153,64,0 player=2284,-3537,6680,1,193,3,23 wingmate=11265,-3409,6807,255,193,3,23 rival=-6936,-3952,6513,3,193,3,70 projectiles=-
retail_frame=1256 camera=2391,-3558,6681,153,64,0 player=2391,-3537,6681,1,193,3,23 wingmate=11479,-3409,6809,1,193,3,23 rival=-6672,-3936,6513,3,193,3,70 projectiles=-
retail_frame=1260 camera=2498,-3559,6682,153,64,0 player=2498,-3537,6682,1,193,3,23 wingmate=11586,-3409,6810,1,193,3,23 rival=-6144,-3904,6513,3,193,3,70 projectiles=-
retail_frame=1264 camera=2605,-3559,6683,153,64,0 player=2605,-3537,6683,1,193,3,23 wingmate=11693,-3409,6811,1,193,3,23 rival=-5880,-3892,6513,2,193,3,70 projectiles=-
retail_frame=1268 camera=2712,-3560,6684,153,64,0 player=2712,-3537,6684,1,193,3,23 wingmate=11800,-3409,6812,1,193,3,23 rival=-5616,-3880,6513,2,193,3,70 projectiles=-
retail_frame=1272 camera=2819,-3560,6685,153,64,0 player=2819,-3537,6685,1,193,3,23 wingmate=11907,-3409,6813,255,193,3,90 rival=-5352,-3868,6513,2,193,3,70 projectiles=-
retail_frame=1276 camera=2926,-3560,6686,153,64,0 player=3033,-3537,6687,1,193,249,23 wingmate=3033,-3561,6687,255,193,249,23 rival=-5088,-3856,6513,2,193,3,70 projectiles=-
retail_frame=1280 camera=3140,-3561,6688,153,64,0 player=3140,-3537,6688,1,193,251,23 wingmate=12228,-3409,6816,1,193,251,23 rival=-4824,-3844,6513,2,193,3,70 projectiles=-
retail_frame=1284 camera=3247,-3561,6689,153,64,0 player=3247,-3537,6689,1,193,252,23 wingmate=12335,-3409,6817,1,193,252,23 rival=-4296,-3820,6513,2,193,3,70 projectiles=-
retail_frame=1288 camera=3354,-3561,6690,153,64,0 player=3354,-3537,6690,1,193,253,23 wingmate=12442,-3409,6818,1,193,253,23 rival=-4032,-3808,6513,2,193,3,70 projectiles=-
retail_frame=1292 camera=3461,-3561,6691,153,64,0 player=3461,-3537,6691,1,193,254,23 wingmate=12549,-3409,6819,1,193,254,23 rival=-3768,-3796,6513,2,193,3,70 projectiles=05B5,-3144,-3776,6521,2,193,0,63
retail_frame=1296 camera=3568,-3560,6692,153,64,0 player=3568,-3537,6692,1,193,254,23 wingmate=12656,-3409,6820,1,193,254,23 rival=-3504,-3784,6513,2,193,3,70 projectiles=05B5,-2520,-3756,6530,2,193,0,63
retail_frame=1300 camera=3675,-3560,6693,153,64,0 player=3675,-3537,6693,1,193,255,23 wingmate=12763,-3409,6821,1,193,255,23 rival=-3240,-3772,6513,2,193,3,70 projectiles=05B5,-1896,-3736,6539,2,193,0,63
retail_frame=1304 camera=3782,-3560,6694,153,64,0 player=3782,-3537,6694,1,193,255,23 wingmate=12870,-3409,6822,1,193,255,23 rival=-2976,-3760,6513,2,193,3,70 projectiles=05B5,-1271,-3716,6552,2,194,0,63
retail_frame=1308 camera=3889,-3559,6695,153,64,0 player=3889,-3537,6695,1,193,0,23 wingmate=12977,-3409,6823,1,193,0,23 rival=-2712,-3748,6513,2,193,3,70 projectiles=05B5,-648,-3696,6565,2,194,0,63
retail_frame=1312 camera=3996,-3559,6696,153,64,0 player=3996,-3537,6696,255,193,0,23 wingmate=13084,-3409,6824,1,193,0,23 rival=-2448,-3736,6513,2,193,3,70 projectiles=05B5,-23,-3676,6578,2,194,0,63
retail_frame=1316 camera=4210,-3557,6698,153,64,0 player=4210,-3537,6698,1,193,9,23 wingmate=4210,-3557,6698,255,193,9,23 rival=-2184,-3724,6521,2,194,3,70 projectiles=05B5,600,-3656,6591,2,194,0,63
retail_frame=1320 camera=4317,-3557,6699,153,64,0 player=4317,-3537,6699,1,193,7,23 wingmate=13405,-3409,6827,1,193,7,23 rival=-1920,-3712,6529,2,194,3,70 projectiles=05B5,1223,-3636,6604,2,194,0,63
retail_frame=1324 camera=4424,-3556,6700,153,64,0 player=4424,-3537,6700,1,193,6,23 wingmate=4424,-3556,6700,255,193,6,23 rival=-1656,-3708,6529,1,193,3,70 projectiles=0633,-1032,-3695,6542,1,194,0,63;05B5,1846,-3617,6617,2,194,0,63
retail_frame=1328 camera=4531,-3556,6701,153,64,0 player=4531,-3537,6701,1,193,4,23 wingmate=4531,-3556,6701,255,193,4,23 rival=-1392,-3704,6537,1,194,3,70 projectiles=0633,-407,-3678,6555,2,194,0,63;05B5,2469,-3599,6633,2,194,0,63
retail_frame=1332 camera=4638,-3556,6702,153,64,0 player=4638,-3537,6702,1,193,3,23 wingmate=4638,-3556,6702,255,193,3,23 rival=-1128,-3700,6545,1,194,3,70 projectiles=0633,218,-3665,6568,1,194,0,63;05B5,3092,-3582,6649,2,194,0,63
retail_frame=1336 camera=4638,-3556,6702,153,64,0 player=4638,-3537,6702,1,193,3,23 wingmate=13726,-3409,6830,1,193,3,23 rival=-864,-3696,6545,1,193,3,70 projectiles=0633,842,-3648,6581,2,194,0,63;05B5,3714,-3565,6665,2,194,0,63
retail_frame=1340 camera=4745,-3555,6703,153,64,0 player=4745,-3537,6703,1,193,1,23 wingmate=13833,-3409,6831,1,193,1,23 rival=-600,-3692,6553,1,194,3,70 projectiles=0633,1467,-3635,6595,1,194,0,63;05B5,4338,-3552,6681,1,194,0,63
retail_frame=1344 camera=4852,-3555,6704,153,64,0 player=4852,-3537,6704,1,193,0,23 wingmate=13940,-3409,6832,1,193,0,23 rival=-336,-3688,6561,1,194,3,70 projectiles=0633,2090,-3618,6611,2,194,0,63;05B5,4582,-3548,6685,1,194,0,63
retail_frame=1348 camera=4959,-3555,6705,153,64,0 player=4959,-3537,6705,1,193,255,23 wingmate=14047,-3409,6833,1,193,255,23 rival=-72,-3684,6561,1,193,3,70 projectiles=0633,2714,-3605,6627,1,194,0,63;05B5,4826,-3544,6689,2,195,0,63
retail_frame=1352 camera=5066,-3555,6706,153,64,0 player=5066,-3537,6706,1,193,254,23 wingmate=14154,-3409,6834,1,193,254,23 rival=192,-3680,6569,1,194,3,70 projectiles=0633,3336,-3588,6643,2,194,0,63;05B5,5070,-3536,6701,2,195,0,63
retail_frame=1356 camera=5173,-3555,6707,153,64,0 player=5173,-3537,6707,1,193,254,23 wingmate=14261,-3409,6835,1,193,254,23 rival=456,-3676,6577,1,194,3,70 projectiles=04B9,1080,-3659,6590,2,194,0,63;0633,3959,-3575,6659,1,194,0,63;05B5,5314,-3528,6713,2,195,0,63
retail_frame=1360 camera=5280,-3556,6708,153,64,0 player=5280,-3537,6708,1,193,244,23 wingmate=14368,-3409,6836,1,193,244,23 rival=720,-3672,6577,1,193,3,70 projectiles=04B9,1705,-3642,6603,2,194,0,63;0633,4581,-3558,6675,2,194,0,63;05B5,5558,-3520,6725,2,195,0,63
retail_frame=1364 camera=5387,-3556,6709,153,64,0 player=5387,-3537,6709,1,193,246,23 wingmate=123,5,8,1,193,246,23 rival=984,-3668,6585,1,194,3,70 projectiles=04B9,2329,-3629,6616,1,194,0,63;0633,4825,-3554,6679,2,195,0,63;05B5,5558,-3520,6725,2,195,0,63
retail_frame=1368 camera=5494,-3556,6710,153,64,0 player=5494,-3537,6710,1,193,247,23 wingmate=14582,-3409,6838,1,193,247,23 rival=1248,-3664,6593,1,194,3,70 projectiles=04B9,2329,-3629,6616,1,194,0,63;0633,4825,-3554,6679,2,195,0,63;05B5,5802,-3512,6737,2,195,0,63
retail_frame=1372 camera=5601,-3557,6711,153,64,0 player=5601,-3537,6711,1,193,249,23 wingmate=14689,-3409,6839,1,193,249,23 rival=1248,-3664,6593,1,194,3,70 projectiles=04B9,2953,-3612,6629,2,194,0,63;0633,5069,-3546,6691,2,195,0,63;05B5,6046,-3504,6749,2,195,0,63
retail_frame=1376 camera=5601,-3557,6711,153,64,0 player=5708,-3537,6712,1,193,251,23 wingmate=14689,-3409,6839,255,193,251,23 rival=1512,-3652,6593,2,193,3,70 projectiles=04B9,3576,-3599,6643,1,194,0,63;0633,5313,-3538,6703,1,194,0,63;05B5,6290,-3496,6761,2,195,0,63
retail_frame=1380 camera=5708,-3557,6712,153,64,0 player=5708,-3537,6712,1,193,251,23 wingmate=14796,-3409,6840,1,193,251,23 rival=1776,-3648,6601,1,194,3,70 projectiles=04B9,4198,-3582,6659,2,194,0,63;0633,5557,-3534,6707,1,194,0,63;05B5,6534,-3488,6773,2,195,0,63
retail_frame=1384 camera=5815,-3558,6713,153,64,0 player=5815,-3537,6713,1,193,253,23 wingmate=122,-17,8,1,193,253,23 rival=2040,-3644,6609,1,194,3,70 projectiles=04B9,4821,-3569,6675,1,194,0,63;0633,5801,-3530,6711,250,195,0,63;05B5,6778,-3480,6785,2,195,0,63
retail_frame=1388 camera=5922,-3559,6714,153,64,0 player=5922,-3537,6714,1,193,255,23 wingmate=122,-17,8,1,193,255,23 rival=2304,-3640,6609,1,193,3,70 projectiles=04B9,5444,-3552,6691,2,194,0,63;0633,6041,-3562,6723,250,195,0,63;05B5,6778,-3480,6785,2,195,0,63
retail_frame=1392 camera=6018,-3559,6714,153,64,0 player=6018,-3537,6714,1,193,0,23 wingmate=15106,-3409,6842,1,193,0,23 rival=2304,-3640,6609,1,193,3,70 projectiles=04B9,5444,-3552,6691,2,194,0,63;0633,6041,-3562,6723,250,195,0,63;05B5,7022,-3472,6797,2,195,0,63
retail_frame=1396 camera=6105,-3560,6714,153,64,0 player=6105,-3537,6714,1,193,2,23 wingmate=6105,-3560,6714,255,193,2,23 rival=2688,-3632,6613,1,193,3,100 projectiles=04B9,5688,-3548,6695,2,195,0,63;0633,6281,-3594,6735,250,195,0,63;05B5,7266,-3464,6809,2,195,0,63
retail_frame=1400 camera=6105,-3560,6714,153,64,0 player=6105,-3537,6714,1,193,2,23 wingmate=15193,-3409,6842,1,193,2,23 rival=3072,-3668,6637,252,195,7,100 projectiles=04B9,5932,-3540,6707,2,195,0,63;0633,6521,-3626,6747,250,195,0,63;05B5,7510,-3456,6821,2,195,0,63
retail_frame=1404 camera=6186,-3560,6714,153,64,0 player=6186,-3537,6714,1,193,3,23 wingmate=123,-14,-5,1,193,3,23 rival=3448,-3740,6677,248,197,11,100 projectiles=04B9,6176,-3532,6719,251,190,0,63;0633,6761,-3658,6759,250,195,0,63;05B5,7754,-3448,6833,2,195,0,63
retail_frame=1408 camera=6260,-3560,6714,185,64,0 player=6260,-3537,6714,1,193,230,23 wingmate=123,-14,-5,1,193,230,23 rival=3812,-3852,6737,244,199,14,100 projectiles=04B9,6420,-3560,6715,251,190,0,63;0633,6761,-3658,6759,250,195,0,63;05B5,7754,-3448,6833,2,195,0,63
retail_frame=1412 camera=6328,-3561,6714,217,64,0 player=6328,-3537,6714,1,193,233,23 wingmate=15416,-3409,6842,1,193,233,23 rival=3812,-3852,6737,244,199,14,100 projectiles=04B9,6420,-3560,6715,251,190,0,63;0633,7001,-3690,6771,250,195,0,63;05B5,7998,-3440,6845,2,195,0,63
retail_frame=1416 camera=6328,-3561,6714,217,64,0 player=6390,-3537,6714,0,193,236,23 wingmate=15416,-3409,6842,251,193,236,23 rival=4164,-3992,6813,241,201,17,100 projectiles=04B9,6664,-3588,6711,251,190,0,63;0633,7241,-3722,6783,250,195,0,63;05B5,8242,-3432,6857,2,195,0,63
retail_frame=1420 camera=6390,-3561,6714,121,64,0 player=6390,-3537,6714,0,193,236,23 wingmate=6467,-3537,6715,0,65,236,23 rival=4500,-4000,6901,238,203,19,100 projectiles=04B9,6908,-3616,6707,251,190,0,63;0633,7481,-3754,6795,250,195,0,63;05B5,8486,-3424,6869,2,195,0,63
retail_frame=1424 camera=6447,-3561,6714,25,64,0 player=6447,-3537,6714,254,193,239,23 wingmate=15535,-3921,6842,254,193,239,23 rival=4824,-4000,7005,236,205,21,100 projectiles=04B9,7152,-3644,6703,251,190,0,63;0633,7721,-3786,6807,250,195,0,63;05B5,8730,-3416,6881,2,195,0,63
retail_frame=1428 camera=6499,-3561,6714,57,64,0 player=6499,-3537,6714,253,193,240,23 wingmate=15587,-4177,6842,253,193,240,23 rival=5132,-4000,7121,234,207,23,100 projectiles=04B9,7396,-3672,6699,251,190,0,63;0633,7961,-3818,6819,250,195,0,63;05B5,8730,-3416,6881,2,195,0,63
retail_frame=1432 camera=6546,-3561,6715,217,32,0 player=6547,-3537,6715,251,195,245,23 wingmate=15635,-4561,8123,251,199,245,23 rival=5424,-4000,7245,232,209,25,100 projectiles=04B9,7640,-3700,6695,251,190,0,63;0633,8201,-3850,6831,250,195,0,63
retail_frame=1436 camera=6588,-3560,6719,121,0,0 player=6590,-3537,6720,248,199,249,22 wingmate=15294,-5329,9024,248,203,249,22 rival=5424,-4000,7245,232,209,25,100 projectiles=04B9,7640,-3700,6695,251,190,0,63;0633,8201,-3850,6831,250,195,0,63
retail_frame=1440 camera=6588,-3560,6719,121,0,0 player=6590,-3537,6720,248,199,249,22 wingmate=15294,-5329,9024,248,199,249,22 rival=5704,-4000,7385,230,211,26,100 projectiles=04B9,7884,-3728,6691,251,190,0,63;0633,8441,-3882,6843,250,195,0,63
retail_frame=1444 camera=6625,-3559,6728,153,224,0 player=6628,-3537,6729,246,203,253,22 wingmate=6700,-3555,6748,246,75,253,22 rival=5968,-4000,7533,229,213,27,100 projectiles=04B9,8128,-3756,6687,251,190,0,63;0633,8681,-3914,6855,250,195,0,63
retail_frame=1448 camera=6658,-3559,6737,153,192,0 player=6662,-3537,6739,243,206,255,21 wingmate=14598,-6353,10451,243,206,255,21 rival=6220,-4000,7689,228,215,28,100 projectiles=04B9,8372,-3784,6683,251,190,0,63;0633,8921,-3946,6867,250,195,0,63
retail_frame=1452 camera=6687,-3558,6751,153,160,0 player=6692,-3537,6753,241,210,1,21 wingmate=14116,-6865,11233,241,210,1,21 rival=6460,-4000,7857,227,217,29,100 projectiles=04B9,8616,-3812,6679,251,190,0,63;0633,9161,-3978,6879,250,195,0,63
retail_frame=1456 camera=6713,-3558,6766,153,128,0 player=6719,-3537,6769,238,214,3,20 wingmate=13375,-7505,11633,238,214,3,20 rival=6688,-4000,8033,226,219,30,100 projectiles=04B9,8860,-3840,6675,251,190,0,63;0633,9401,-4010,6891,250,195,0,63
retail_frame=1460 camera=6738,-3557,6783,153,96,0 player=6743,-3537,6786,238,218,4,20 wingmate=12887,-7505,12290,238,222,4,20 rival=6900,-4000,8213,225,221,31,100 projectiles=04B9,9104,-3868,6671,251,190,0,63;0633,9641,-4042,6903,250,195,0,63
retail_frame=1464 camera=6758,-3559,6801,25,64,0 player=6763,-3540,6805,238,223,6,19 wingmate=12139,-7508,13077,238,227,6,19 rival=7096,-4000,8397,224,223,32,100 projectiles=04B9,9348,-3896,6667,251,190,0,63
retail_frame=1468 camera=6776,-3558,6822,25,32,0 player=6781,-3540,6826,237,227,7,19 wingmate=11517,-7764,13610,237,231,7,19 rival=7276,-4000,8589,223,225,33,100 projectiles=04B9,9592,-3924,6663,251,190,0,63
retail_frame=1472 camera=6790,-3555,6843,153,0,0 player=6795,-3538,6847,237,231,9,18 wingmate=10763,-7762,14015,237,235,9,18 rival=7444,-4000,8785,222,227,34,100 projectiles=04B9,9592,-3924,6663,251,190,0,63
retail_frame=1476 camera=6802,-3551,6865,153,224,0 player=6807,-3533,6869,238,233,10,18 wingmate=6802,-3551,6865,238,237,10,18 rival=7444,-4000,8785,222,227,34,100 projectiles=04B9,9836,-3952,6659,251,190,0,63
retail_frame=1480 camera=6802,-3551,6865,153,224,0 player=6807,-3533,6869,239,235,12,17 wingmate=10519,-7501,14293,13,235,12,10 rival=7596,-4000,8981,221,229,35,100 projectiles=04B9,10080,-3980,6655,251,190,0,63
retail_frame=1484 camera=6813,-3543,6885,25,192,0 player=6817,-3525,6889,239,235,12,17 wingmate=10145,-7237,14569,239,235,12,17 rival=7736,-4000,9181,220,231,36,100 projectiles=-
retail_frame=1488 camera=6823,-3533,6904,25,160,0 player=6826,-3516,6908,241,237,14,17 wingmate=7860,-4312,9381,241,241,14,17 rival=7860,-4000,9381,219,233,37,100 projectiles=-
retail_frame=1492 camera=6830,-3523,6922,25,128,0 player=6833,-3506,6926,243,239,16,16 wingmate=9521,-6322,15246,243,239,16,16 rival=7972,-4000,9577,218,235,38,100 projectiles=-
retail_frame=1496 camera=6836,-3512,6939,25,96,0 player=6838,-3495,6942,246,241,19,16 wingmate=9142,-5671,15646,246,241,19,16 rival=8072,-4000,9777,217,237,39,100 projectiles=-
retail_frame=1500 camera=6840,-3503,6955,25,64,0 player=6841,-3485,6957,248,243,21,15 wingmate=8761,-5277,15789,248,247,21,15 rival=8156,-4000,9973,216,239,40,100 projectiles=-
retail_frame=1504 camera=6842,-3494,6969,25,32,0 player=6843,-3476,6971,248,245,24,15 wingmate=8251,-5268,15931,248,249,24,15 rival=8232,-4000,10173,216,241,40,100 projectiles=-
retail_frame=1508 camera=6843,-3486,6981,25,0,0 player=6844,-3467,6983,248,248,25,14 wingmate=7612,-5259,15943,248,252,25,14 rival=8296,-4000,10373,216,243,40,100 projectiles=-
retail_frame=1512 camera=6843,-3478,6992,25,224,0 player=6844,-3459,6994,248,250,27,14 wingmate=7228,-5251,15954,248,254,27,14 rival=8296,-4000,10373,216,243,40,100 projectiles=-
retail_frame=1516 camera=6843,-3471,7002,25,192,0 player=6844,-3452,7004,248,252,29,13 wingmate=6844,-5244,16092,248,0,29,13 rival=- projectiles=-
retail_frame=1520 camera=6843,-3470,7004,25,192,0 player=6844,-3446,7015,19,252,27,14 wingmate=7612,778,15207,19,252,251,14 rival=- projectiles=-
retail_frame=1524 camera=6840,-3460,7003,86,192,0 player=6844,-3441,7027,16,252,25,15 wingmate=7612,143,15475,16,252,252,15 rival=- projectiles=-
retail_frame=1528 camera=6836,-3451,7003,172,192,0 player=6844,-3436,7040,14,252,23,16 wingmate=7612,-364,15616,14,252,253,16 rival=- projectiles=-
retail_frame=1532 camera=6832,-3446,7006,23,192,0 player=6844,-3432,7055,12,252,22,17 wingmate=7612,-744,15759,12,252,254,17 rival=- projectiles=-
retail_frame=1536 camera=6829,-3438,7009,149,192,0 player=6844,-3428,7071,11,252,20,18 wingmate=7612,-996,15903,11,252,255,18 rival=- projectiles=-
retail_frame=1540 camera=6825,-3434,7013,35,192,0 player=6844,-3424,7088,9,252,19,19 wingmate=7612,-1504,16048,9,252,0,19 rival=- projectiles=-
retail_frame=1544 camera=6821,-3428,7018,191,192,0 player=6844,-3421,7106,8,252,18,20 wingmate=7612,-1629,16066,8,252,0,20 rival=- projectiles=-
retail_frame=1548 camera=6819,-3427,7020,104,192,0 player=6844,-3418,7125,7,252,17,21 wingmate=7612,-1882,16213,7,252,0,21 rival=- projectiles=-
retail_frame=1552 camera=6819,-3429,7042,114,20,0 player=6846,-3413,7166,5,252,14,23 wingmate=6819,-3463,7082,0,255,0,23 rival=- projectiles=-
retail_frame=1556 camera=6816,-3429,7061,41,234,0 player=6847,-3411,7187,5,252,13,23 wingmate=7615,-2387,16275,5,252,0,23 rival=- projectiles=-
retail_frame=1560 camera=6812,-3429,7080,213,213,0 player=6848,-3409,7208,4,252,11,23 wingmate=7616,-2513,16296,4,252,0,23 rival=- projectiles=-
retail_frame=1564 camera=6808,-3429,7100,103,210,0 player=6849,-3408,7229,3,252,10,23 wingmate=7617,-2768,16317,3,252,0,23 rival=- projectiles=-
retail_frame=1568 camera=6804,-3429,7119,236,185,0 player=6850,-3407,7250,3,252,8,23 wingmate=7618,-2767,16338,3,252,0,23 rival=- projectiles=-
retail_frame=1572 camera=6795,-3429,7158,243,226,0 player=6852,-3405,7292,2,252,4,23 wingmate=7620,-3021,16380,2,252,0,23 rival=- projectiles=-
retail_frame=1576 camera=6792,-3429,7176,90,177,0 player=6853,-3404,7313,2,252,2,23 wingmate=7621,-3020,16401,2,252,0,23 rival=- projectiles=-
retail_frame=1580 camera=6787,-3429,7196,201,168,0 player=6854,-3403,7334,1,252,1,23 wingmate=7622,-3019,16422,2,252,0,23 rival=- projectiles=-
retail_frame=1584 camera=6777,-3431,7235,196,190,0 player=6856,-3403,7376,1,252,254,23 wingmate=7624,-3275,16464,1,252,0,23 rival=- projectiles=-
retail_frame=1588 camera=6772,-3432,7256,250,215,0 player=6857,-3403,7397,1,252,252,23 wingmate=7625,-3275,16485,1,252,0,23 rival=- projectiles=-
retail_frame=1592 camera=6767,-3433,7276,61,243,0 player=6859,-3403,7439,1,252,252,23 wingmate=7626,-3275,16506,1,252,252,23 rival=- projectiles=-
retail_frame=1596 camera=6756,-3435,7315,195,208,0 player=6860,-3403,7460,0,252,252,23 wingmate=7628,-3403,16676,0,252,0,23 rival=- projectiles=-
retail_frame=1600 camera=6751,-3436,7336,5,216,0 player=6861,-3403,7481,0,252,253,23 wingmate=7629,-3403,16697,0,252,0,23 rival=- projectiles=-
retail_frame=1604 camera=6747,-3437,7357,54,188,0 player=6863,-3403,7523,0,252,254,23 wingmate=7630,-3403,16718,0,252,254,23 rival=- projectiles=-
retail_frame=1608 camera=6735,-3439,7401,153,243,0 player=6864,-3403,7544,0,252,254,23 wingmate=7632,-3403,16760,0,252,0,23 rival=- projectiles=-
retail_frame=1612 camera=6730,-3440,7422,208,249,0 player=6865,-3403,7565,0,252,255,23 wingmate=7633,-3403,16781,0,252,0,23 rival=- projectiles=-
retail_frame=1616 camera=6724,-3441,7443,252,252,0 player=6867,-3403,7607,0,252,1,23 wingmate=7634,-3403,16802,0,252,1,23 rival=- projectiles=-
retail_frame=1620 camera=6711,-3443,7489,119,51,0 player=6868,-3403,7628,0,252,2,23 wingmate=7636,-3403,16844,0,252,0,23 rival=- projectiles=-
retail_frame=1624 camera=6706,-3444,7511,167,33,0 player=6869,-3403,7649,0,252,2,23 wingmate=7637,-3403,16865,0,252,0,23 rival=- projectiles=-
retail_frame=1628 camera=6700,-3445,7534,211,40,0 player=6871,-3403,7691,0,252,3,23 wingmate=7638,-3403,16886,0,252,3,23 rival=- projectiles=-
retail_frame=1632 camera=6689,-3447,7580,32,38,0 player=6872,-3403,7712,0,252,4,23 wingmate=7640,-3403,16928,0,252,0,23 rival=- projectiles=-
retail_frame=1636 camera=6684,-3448,7604,80,27,0 player=6873,-3403,7733,0,252,4,23 wingmate=7641,-3403,16949,0,252,0,23 rival=- projectiles=-
retail_frame=1640 camera=6677,-3449,7628,120,45,0 player=6875,-3403,7775,0,252,4,23 wingmate=7642,-3403,16970,0,252,4,23 rival=- projectiles=-
retail_frame=1644 camera=6666,-3451,7676,182,31,0 player=6876,-3403,7796,0,252,3,23 wingmate=7644,-3403,17012,0,252,0,23 rival=- projectiles=-
retail_frame=1648 camera=6660,-3452,7702,207,79,0 player=6877,-3403,7817,0,252,3,23 wingmate=7645,-3403,17033,0,252,0,23 rival=- projectiles=-
retail_frame=1652 camera=6656,-3453,7725,239,39,0 player=6879,-3403,7859,0,252,2,23 wingmate=7646,-3403,17054,0,252,2,23 rival=- projectiles=-
retail_frame=1656 camera=6644,-3453,7776,27,53,0 player=6880,-3403,7880,0,252,1,23 wingmate=7648,-3403,17096,0,252,0,23 rival=- projectiles=-
retail_frame=1660 camera=6639,-3453,7802,49,66,0 player=6881,-3403,7901,0,252,0,23 wingmate=7649,-3403,17117,0,252,0,23 rival=- projectiles=-
retail_frame=1664 camera=6634,-3453,7828,68,65,0 player=6883,-3403,7943,0,252,254,23 wingmate=7650,-3403,17138,0,252,254,23 rival=- projectiles=-
retail_frame=1668 camera=6622,-3453,7879,109,64,0 player=6884,-3403,7964,0,252,254,23 wingmate=7652,-3403,17180,0,252,254,23 rival=- projectiles=-
retail_frame=1672 camera=6616,-3453,7905,118,64,0 player=6885,-3403,7985,0,252,253,23 wingmate=7653,-3403,17201,0,252,253,23 rival=- projectiles=-
retail_frame=1676 camera=6610,-3453,7932,143,88,0 player=6887,-3403,8027,0,252,252,23 wingmate=7654,-3403,17222,0,252,252,23 rival=- projectiles=-
retail_frame=1680 camera=6600,-3453,7985,161,78,0 player=6888,-3403,8048,0,252,252,23 wingmate=7656,-3403,17264,0,252,252,23 rival=- projectiles=-
retail_frame=1684 camera=6594,-3453,8012,172,79,0 player=6889,-3403,8069,0,252,252,23 wingmate=7657,-3403,17285,0,252,252,23 rival=- projectiles=-
retail_frame=1688 camera=6588,-3453,8040,178,87,0 player=6891,-3403,8111,0,252,253,23 wingmate=7658,-3403,17306,0,252,253,23 rival=- projectiles=-
retail_frame=1692 camera=6577,-3453,8095,194,73,0 player=6892,-3403,8132,0,252,253,23 wingmate=7660,-3403,17348,0,252,253,23 rival=- projectiles=-
retail_frame=1696 camera=6574,-3453,8123,201,68,0 player=6893,-3403,8153,0,252,254,23 wingmate=7661,-3403,17369,0,252,254,23 rival=- projectiles=-
retail_frame=1700 camera=6570,-3453,8151,204,58,0 player=6895,-3403,8195,0,252,255,23 wingmate=7662,-3403,17390,0,252,255,23 rival=- projectiles=-
retail_frame=1704 camera=6562,-3453,8209,207,66,0 player=6896,-3403,8216,0,252,0,23 wingmate=7664,-3403,17432,0,252,0,23 rival=- projectiles=-
retail_frame=1708 camera=6555,-3453,8237,215,33,0 player=6897,-3403,8237,0,252,1,23 wingmate=7665,-3403,17453,0,252,1,23 rival=- projectiles=-
retail_frame=1712 camera=6554,-3453,8266,227,240,0 player=6899,-3403,8279,0,252,2,23 wingmate=7666,-3403,17474,0,252,2,23 rival=- projectiles=-
retail_frame=1716 camera=6546,-3453,8325,30,208,0 player=6900,-3403,8300,0,252,3,23 wingmate=7668,-3403,17516,0,252,3,23 rival=- projectiles=-
retail_frame=1720 camera=6542,-3453,8355,67,200,0 player=6901,-3403,8321,0,252,3,23 wingmate=7669,-3403,17537,0,252,3,23 rival=- projectiles=-
retail_frame=1724 camera=6538,-3453,8385,93,196,0 player=6903,-3403,8363,0,252,4,23 wingmate=7670,-3403,17558,0,252,4,23 rival=- projectiles=-
retail_frame=1728 camera=6533,-3453,8446,155,173,0 player=6904,-3403,8384,0,252,4,23 wingmate=7672,-3403,17600,0,252,4,23 rival=- projectiles=-
retail_frame=1732 camera=6533,-3453,8477,177,174,0 player=6905,-3403,8405,0,252,4,23 wingmate=7673,-3403,17621,0,252,4,23 rival=- projectiles=-
retail_frame=1736 camera=6532,-3453,8508,196,183,0 player=6906,-3403,8426,0,252,3,23 wingmate=7674,-3403,17642,0,252,3,23 rival=- projectiles=-
