# Semantic Leon rival actions recovered from the campaign oracle.
# Raw source SHA-256: 28f41e66ddddcb1a849b00f878fa960d47d08d354d23dc12c10b81da87cb5de4
# raw_sample_start_elapsed=63320
# presentation_start_retail_frame=52
# flight_start_retail_frame=400
# end_retail_frame=660
# departure_retail_frame=664
# initial_pose=10139,0,8138,23,78,5,1
retail_frame=400 action=LeonRivalAction::BeginApproach
retail_frame=404 action=LeonRivalAction::AdvanceApproach(RivalApproachSteering::EntryClimb)
retail_frame=408 action=LeonRivalAction::AdvanceApproach(RivalApproachSteering::EntryClimb)
retail_frame=412 action=LeonRivalAction::AdvanceApproach(RivalApproachSteering::EntryClimb)
retail_frame=416 action=LeonRivalAction::AdvanceApproach(RivalApproachSteering::EntryClimb)
retail_frame=420 action=LeonRivalAction::AdvanceApproach(RivalApproachSteering::EntryClimb)
retail_frame=424 action=LeonRivalAction::AdvanceApproach(RivalApproachSteering::EntryClimb)
retail_frame=428 action=LeonRivalAction::AdvanceApproach(RivalApproachSteering::EntryClimb)
retail_frame=432 action=LeonRivalAction::AdvanceApproach(RivalApproachSteering::EntryClimb)
retail_frame=436 action=LeonRivalAction::AdvanceApproach(RivalApproachSteering::EntryClimb)
retail_frame=440 action=LeonRivalAction::AdvanceApproach(RivalApproachSteering::EntryClimb)
retail_frame=444 action=LeonRivalAction::AdvanceApproach(RivalApproachSteering::EntryClimb)
retail_frame=444 action=LeonRivalAction::AdvanceApproach(RivalApproachSteering::EntryClimb)
retail_frame=448 action=LeonRivalAction::AdvanceApproach(RivalApproachSteering::EntryClimb)
retail_frame=452 action=LeonRivalAction::AdvanceApproach(RivalApproachSteering::EntryClimb)
retail_frame=456 action=LeonRivalAction::AdvanceApproach(RivalApproachSteering::EntryDive)
retail_frame=460 action=LeonRivalAction::AdvanceApproach(RivalApproachSteering::EntryDive)
retail_frame=464 action=LeonRivalAction::AdvanceApproach(RivalApproachSteering::EntryDive)
retail_frame=468 action=LeonRivalAction::AdvanceApproach(RivalApproachSteering::EntryDive)
retail_frame=468 action=LeonRivalAction::AdvanceApproach(RivalApproachSteering::EntryDive)
retail_frame=472 action=LeonRivalAction::AdvanceApproach(RivalApproachSteering::EntryDive)
retail_frame=476 action=LeonRivalAction::AdvanceApproach(RivalApproachSteering::EntryDive)
retail_frame=480 action=LeonRivalAction::AdvanceApproach(RivalApproachSteering::EntryDive)
retail_frame=484 action=LeonRivalAction::AdvanceApproach(RivalApproachSteering::EntryDive)
retail_frame=488 action=LeonRivalAction::AdvanceApproach(RivalApproachSteering::EntryDive)
retail_frame=488 action=LeonRivalAction::AdvanceApproach(RivalApproachSteering::EntryDive)
retail_frame=492 action=LeonRivalAction::AdvanceApproach(RivalApproachSteering::EntryDive)
retail_frame=496 action=LeonRivalAction::AdvanceApproach(RivalApproachSteering::EntryDive)
retail_frame=500 action=LeonRivalAction::AdvanceApproach(RivalApproachSteering::EntryDive)
retail_frame=504 action=LeonRivalAction::AdvanceApproach(RivalApproachSteering::EntryDive)
retail_frame=508 action=LeonRivalAction::AdvanceApproach(RivalApproachSteering::EntryDive)
retail_frame=512 action=LeonRivalAction::AdvanceApproach(RivalApproachSteering::EntryDive)
retail_frame=516 action=LeonRivalAction::AdvanceApproach(RivalApproachSteering::EntryDive)
retail_frame=516 action=LeonRivalAction::AdvanceApproach(RivalApproachSteering::EntryDive)
retail_frame=520 action=LeonRivalAction::AdvanceApproach(RivalApproachSteering::EntryDive)
retail_frame=524 action=LeonRivalAction::AdvanceApproach(RivalApproachSteering::EntryDive)
retail_frame=528 action=LeonRivalAction::AdvanceApproach(RivalApproachSteering::EntryDive)
retail_frame=532 action=LeonRivalAction::AdvanceApproach(RivalApproachSteering::EntryDive)
retail_frame=536 action=LeonRivalAction::AdvanceApproach(RivalApproachSteering::EntryDive)
retail_frame=540 action=LeonRivalAction::AdvanceApproach(RivalApproachSteering::EntryDive)
retail_frame=544 action=LeonRivalAction::AdvanceApproach(RivalApproachSteering::EntryDive)
retail_frame=548 action=LeonRivalAction::AdvanceApproach(RivalApproachSteering::EntryDive)
retail_frame=552 action=LeonRivalAction::AdvanceApproach(RivalApproachSteering::EntryDive)
retail_frame=556 action=LeonRivalAction::AdvanceApproach(RivalApproachSteering::EntryDive)
retail_frame=560 action=LeonRivalAction::AdvanceApproach(RivalApproachSteering::EntryDive)
retail_frame=564 action=LeonRivalAction::AdvanceApproach(RivalApproachSteering::EntryDive)
retail_frame=568 action=LeonRivalAction::AdvanceApproach(RivalApproachSteering::EntryDive)
retail_frame=572 action=LeonRivalAction::AdvanceApproach(RivalApproachSteering::EntryDive)
retail_frame=576 action=LeonRivalAction::AdvanceApproach(RivalApproachSteering::EntryDive)
retail_frame=580 action=LeonRivalAction::AdvanceApproach(RivalApproachSteering::EntryDive)
retail_frame=584 action=LeonRivalAction::AdvanceApproach(RivalApproachSteering::EntryDive)
retail_frame=584 action=LeonRivalAction::AdvanceApproach(RivalApproachSteering::EntryDive)
retail_frame=588 action=LeonRivalAction::AdvanceApproach(RivalApproachSteering::EntryDive)
retail_frame=596 action=LeonRivalAction::AdvanceApproach(RivalApproachSteering::EntryDive)
retail_frame=596 action=LeonRivalAction::PrepareApproachAdvance(RivalApproachSteering::EntryDive)
retail_frame=600 action=LeonRivalAction::FinishPreparedApproachAdvance
retail_frame=600 action=LeonRivalAction::AdvanceApproach(RivalApproachSteering::EntryDive)
retail_frame=604 action=LeonRivalAction::AdvanceApproach(RivalApproachSteering::EntryDive)
retail_frame=608 action=LeonRivalAction::AdvanceApproach(RivalApproachSteering::EntryDive)
retail_frame=612 action=LeonRivalAction::AdvanceApproach(RivalApproachSteering::EntryDive)
retail_frame=616 action=LeonRivalAction::BeginCombatManeuver
retail_frame=616 action=LeonRivalAction::ChaseRollToLevel
retail_frame=616 action=LeonRivalAction::Advance
retail_frame=616 action=LeonRivalAction::MaintainCombatAltitude
retail_frame=620 action=LeonRivalAction::MaintainCombatAltitude
retail_frame=620 action=LeonRivalAction::ChaseRollToLevel
retail_frame=620 action=LeonRivalAction::MaintainCombatAltitude
retail_frame=620 action=LeonRivalAction::Advance
retail_frame=620 action=LeonRivalAction::MaintainCombatAltitude
retail_frame=624 action=LeonRivalAction::MaintainCombatAltitude
retail_frame=624 action=LeonRivalAction::ChaseRollToLevel
retail_frame=624 action=LeonRivalAction::MaintainCombatAltitude
retail_frame=624 action=LeonRivalAction::Advance
retail_frame=624 action=LeonRivalAction::MaintainCombatAltitude
retail_frame=628 action=LeonRivalAction::MaintainCombatAltitude
retail_frame=628 action=LeonRivalAction::ChaseRollToLevel
retail_frame=628 action=LeonRivalAction::MaintainCombatAltitude
retail_frame=628 action=LeonRivalAction::Advance
retail_frame=628 action=LeonRivalAction::MaintainCombatAltitude
retail_frame=632 action=LeonRivalAction::MaintainCombatAltitude
retail_frame=632 action=LeonRivalAction::ChaseRollToLevel
retail_frame=632 action=LeonRivalAction::MaintainCombatAltitude
retail_frame=632 action=LeonRivalAction::Advance
retail_frame=632 action=LeonRivalAction::MaintainCombatAltitude
retail_frame=636 action=LeonRivalAction::MaintainCombatAltitude
retail_frame=636 action=LeonRivalAction::ChaseRollToLevel
retail_frame=636 action=LeonRivalAction::MaintainCombatAltitude
retail_frame=636 action=LeonRivalAction::Advance
retail_frame=636 action=LeonRivalAction::MaintainCombatAltitude
retail_frame=640 action=LeonRivalAction::MaintainCombatAltitude
retail_frame=640 action=LeonRivalAction::ChaseRollToLevel
retail_frame=640 action=LeonRivalAction::MaintainCombatAltitude
retail_frame=640 action=LeonRivalAction::Advance
retail_frame=640 action=LeonRivalAction::MaintainCombatAltitude
retail_frame=644 action=LeonRivalAction::MaintainCombatAltitude
retail_frame=644 action=LeonRivalAction::ChaseRollToLevel
retail_frame=644 action=LeonRivalAction::MaintainCombatAltitude
retail_frame=644 action=LeonRivalAction::Advance
retail_frame=644 action=LeonRivalAction::MaintainCombatAltitude
retail_frame=648 action=LeonRivalAction::MaintainCombatAltitude
retail_frame=648 action=LeonRivalAction::ChaseRollToLevel
retail_frame=648 action=LeonRivalAction::MaintainCombatAltitude
retail_frame=648 action=LeonRivalAction::Advance
retail_frame=648 action=LeonRivalAction::MaintainCombatAltitude
retail_frame=652 action=LeonRivalAction::MaintainCombatAltitude
retail_frame=652 action=LeonRivalAction::ChaseRollToLevel
retail_frame=652 action=LeonRivalAction::MaintainCombatAltitude
retail_frame=652 action=LeonRivalAction::Advance
retail_frame=652 action=LeonRivalAction::MaintainCombatAltitude
retail_frame=656 action=LeonRivalAction::MaintainCombatAltitude
retail_frame=656 action=LeonRivalAction::ChaseRollToLevel
retail_frame=656 action=LeonRivalAction::MaintainCombatAltitude
retail_frame=656 action=LeonRivalAction::Advance
retail_frame=656 action=LeonRivalAction::MaintainCombatAltitude
retail_frame=660 action=LeonRivalAction::MaintainCombatAltitude
retail_frame=660 action=LeonRivalAction::ChaseRollToLevel
retail_frame=660 action=LeonRivalAction::MaintainCombatAltitude
retail_frame=660 action=LeonRivalAction::Advance
retail_frame=660 action=LeonRivalAction::MaintainCombatAltitude
