# Compact oracle evidence for Leon's extended-duel hostile projectiles.
# Raw source SHA-256: 7e02041d035bc8731d1cf52b35f44b5afc32bdc16fc58a052effa5863befd402
# certified_retail_frames=0..1880
retail_frame=0 player=1221,-83,12500,0,72,4,18 rival=- projectiles=-
retail_frame=4 player=1221,-83,12500,0,72,4,18 rival=- projectiles=-
retail_frame=8 player=1221,-83,12500,0,72,4,18 rival=- projectiles=-
retail_frame=12 player=1221,-83,12500,0,72,4,18 rival=- projectiles=-
retail_frame=16 player=1221,-83,12500,0,72,4,18 rival=- projectiles=-
retail_frame=20 player=1221,-83,12500,0,72,4,18 rival=- projectiles=-
retail_frame=24 player=1221,-83,12500,0,72,4,18 rival=- projectiles=-
retail_frame=28 player=1221,-83,12500,0,72,4,18 rival=- projectiles=-
retail_frame=32 player=1221,-83,12500,0,72,4,18 rival=- projectiles=-
retail_frame=36 player=139,0,138,0,223,0,0 rival=- projectiles=-
retail_frame=40 player=139,0,138,0,223,0,0 rival=- projectiles=-
retail_frame=44 player=139,0,138,0,223,0,0 rival=- projectiles=-
retail_frame=48 player=139,0,138,0,223,0,0 rival=- projectiles=-
retail_frame=52 player=139,0,138,0,223,0,0 rival=0,0,0,0,0,0,0 projectiles=-
retail_frame=56 player=139,0,138,0,223,0,0 rival=0,0,0,0,0,0,0 projectiles=-
retail_frame=60 player=139,0,138,0,223,0,0 rival=0,0,0,0,0,0,0 projectiles=-
retail_frame=64 player=139,0,138,0,223,0,0 rival=0,0,0,0,0,0,0 projectiles=-
retail_frame=68 player=139,0,138,0,223,0,0 rival=0,0,0,0,0,0,0 projectiles=-
retail_frame=72 player=139,0,138,0,223,0,0 rival=0,0,0,0,0,0,0 projectiles=-
retail_frame=76 player=139,0,138,0,223,0,0 rival=0,0,0,0,0,0,0 projectiles=-
retail_frame=80 player=139,0,138,0,223,0,0 rival=0,0,0,0,0,0,0 projectiles=-
retail_frame=84 player=139,0,138,0,223,0,0 rival=0,0,0,0,0,0,0 projectiles=-
retail_frame=88 player=139,0,138,0,223,0,0 rival=0,0,0,0,0,0,0 projectiles=-
retail_frame=92 player=139,0,138,0,223,0,0 rival=0,0,0,0,0,0,0 projectiles=-
retail_frame=96 player=139,0,138,0,223,0,0 rival=0,0,0,0,0,0,0 projectiles=-
retail_frame=100 player=139,0,138,0,223,0,0 rival=0,0,0,0,0,0,0 projectiles=-
retail_frame=104 player=139,0,138,0,223,0,0 rival=0,0,0,0,0,0,0 projectiles=-
retail_frame=108 player=139,0,138,0,223,0,0 rival=0,0,0,0,0,0,0 projectiles=-
retail_frame=112 player=139,0,138,0,223,0,0 rival=0,0,0,0,0,0,0 projectiles=-
retail_frame=116 player=139,0,138,0,223,0,0 rival=0,0,0,0,0,0,0 projectiles=-
retail_frame=120 player=139,0,138,0,223,0,0 rival=0,0,0,0,0,0,0 projectiles=-
retail_frame=124 player=139,0,138,0,223,0,0 rival=0,0,0,0,0,0,0 projectiles=-
retail_frame=128 player=139,0,138,0,223,0,0 rival=0,0,0,0,0,0,0 projectiles=-
retail_frame=132 player=139,0,138,0,223,0,0 rival=0,0,0,0,0,0,0 projectiles=-
retail_frame=136 player=139,0,138,0,223,0,0 rival=0,0,0,0,0,0,0 projectiles=-
retail_frame=140 player=139,0,138,0,223,0,0 rival=0,0,0,0,0,0,0 projectiles=-
retail_frame=144 player=139,0,138,0,223,0,0 rival=0,0,0,0,0,0,0 projectiles=-
retail_frame=148 player=139,0,138,0,223,0,0 rival=0,0,0,0,0,0,0 projectiles=-
retail_frame=152 player=139,0,138,0,223,0,0 rival=0,0,0,0,0,0,0 projectiles=-
retail_frame=156 player=139,0,138,0,223,0,0 rival=0,0,0,0,0,0,0 projectiles=-
retail_frame=160 player=139,0,138,0,223,0,0 rival=0,0,0,0,0,0,0 projectiles=-
retail_frame=164 player=139,0,138,0,223,0,0 rival=0,0,0,0,0,0,0 projectiles=-
retail_frame=168 player=139,0,138,0,223,0,0 rival=0,0,0,0,0,0,0 projectiles=-
retail_frame=172 player=139,0,138,0,223,0,0 rival=0,0,0,0,0,0,0 projectiles=-
retail_frame=176 player=139,0,138,0,223,0,0 rival=0,0,0,0,0,0,0 projectiles=-
retail_frame=180 player=139,0,138,0,223,0,0 rival=0,0,0,0,0,0,0 projectiles=-
retail_frame=184 player=139,0,138,0,223,0,0 rival=0,0,0,0,0,0,0 projectiles=-
retail_frame=188 player=139,0,138,0,223,0,0 rival=0,0,0,0,0,0,0 projectiles=-
retail_frame=192 player=139,0,138,0,223,0,0 rival=0,0,0,0,0,0,0 projectiles=-
retail_frame=196 player=139,0,138,0,223,0,0 rival=0,0,0,0,0,0,0 projectiles=-
retail_frame=200 player=139,0,138,0,223,0,0 rival=0,0,0,0,0,0,0 projectiles=-
retail_frame=204 player=139,0,138,0,223,0,0 rival=0,0,0,0,0,0,0 projectiles=-
retail_frame=208 player=139,0,138,0,223,0,0 rival=0,0,0,0,0,0,0 projectiles=-
retail_frame=212 player=139,0,138,0,223,0,0 rival=0,0,0,0,0,0,0 projectiles=-
retail_frame=216 player=139,0,138,0,223,0,0 rival=0,0,0,0,0,0,0 projectiles=-
retail_frame=220 player=139,0,138,0,223,0,0 rival=0,0,0,0,0,0,0 projectiles=-
retail_frame=224 player=139,0,138,0,223,0,0 rival=0,0,0,0,0,0,0 projectiles=-
retail_frame=228 player=139,0,138,0,223,0,0 rival=0,0,0,0,0,0,0 projectiles=-
retail_frame=232 player=139,0,138,0,223,0,0 rival=0,0,0,0,0,0,0 projectiles=-
retail_frame=236 player=139,0,138,0,223,0,0 rival=0,0,0,0,0,0,0 projectiles=-
retail_frame=240 player=139,0,138,0,223,0,0 rival=0,0,0,0,0,0,0 projectiles=-
retail_frame=244 player=139,0,138,0,223,0,0 rival=0,0,0,0,0,0,0 projectiles=-
retail_frame=248 player=139,0,138,0,223,0,0 rival=0,0,0,0,0,0,0 projectiles=-
retail_frame=252 player=139,0,138,0,223,0,0 rival=0,0,0,0,0,0,0 projectiles=-
retail_frame=256 player=139,0,138,0,223,0,0 rival=0,0,0,0,0,0,0 projectiles=-
retail_frame=260 player=139,0,138,0,223,0,0 rival=0,0,0,0,0,0,0 projectiles=-
retail_frame=264 player=139,0,138,0,223,0,0 rival=0,0,0,0,0,0,0 projectiles=-
retail_frame=268 player=139,0,138,0,223,0,0 rival=0,0,0,0,0,0,0 projectiles=-
retail_frame=272 player=139,0,138,0,223,0,0 rival=0,0,0,0,0,0,0 projectiles=-
retail_frame=276 player=139,0,138,0,223,0,0 rival=0,0,0,0,0,0,0 projectiles=-
retail_frame=280 player=139,0,138,0,223,0,0 rival=0,0,0,0,0,0,0 projectiles=-
retail_frame=284 player=139,0,138,0,223,0,0 rival=0,0,0,0,0,0,0 projectiles=-
retail_frame=288 player=139,0,138,0,223,0,0 rival=0,0,0,0,0,0,0 projectiles=-
retail_frame=292 player=139,0,138,0,223,0,0 rival=0,0,0,0,0,0,0 projectiles=-
retail_frame=296 player=139,0,138,0,223,0,0 rival=0,0,0,0,0,0,0 projectiles=-
retail_frame=300 player=139,0,138,0,223,0,0 rival=0,0,0,0,0,0,0 projectiles=-
retail_frame=304 player=139,0,138,0,223,0,0 rival=0,0,0,0,0,0,0 projectiles=-
retail_frame=308 player=139,0,138,0,223,0,0 rival=0,0,0,0,0,0,0 projectiles=-
retail_frame=312 player=139,0,138,0,223,0,0 rival=0,0,0,0,0,0,0 projectiles=-
retail_frame=316 player=139,0,138,0,223,0,0 rival=0,0,0,0,0,0,0 projectiles=-
retail_frame=320 player=139,0,138,0,223,0,0 rival=0,0,0,0,0,0,0 projectiles=-
retail_frame=324 player=139,0,138,0,223,0,0 rival=0,0,0,0,0,0,0 projectiles=-
retail_frame=328 player=139,0,138,0,223,0,0 rival=0,0,0,0,0,0,0 projectiles=-
retail_frame=332 player=139,0,138,0,223,0,0 rival=0,0,0,0,0,0,0 projectiles=-
retail_frame=336 player=139,0,138,0,223,0,0 rival=0,0,0,0,0,0,0 projectiles=-
retail_frame=340 player=139,0,138,0,223,0,0 rival=0,0,0,0,0,0,0 projectiles=-
retail_frame=344 player=139,0,138,0,223,0,0 rival=0,0,0,0,0,0,0 projectiles=-
retail_frame=348 player=139,0,138,0,223,0,0 rival=0,0,0,0,0,0,0 projectiles=-
retail_frame=352 player=139,0,138,0,223,0,0 rival=0,0,0,0,0,0,0 projectiles=-
retail_frame=356 player=139,0,138,0,223,0,0 rival=0,0,0,0,0,0,0 projectiles=-
retail_frame=360 player=139,0,138,0,223,0,0 rival=0,0,0,0,0,0,0 projectiles=-
retail_frame=364 player=139,0,138,0,223,0,0 rival=0,0,0,0,0,0,0 projectiles=-
retail_frame=368 player=139,0,138,0,223,0,0 rival=0,0,0,0,0,0,0 projectiles=-
retail_frame=372 player=139,0,138,0,223,0,0 rival=0,0,0,0,0,0,0 projectiles=-
retail_frame=376 player=139,0,138,0,223,0,0 rival=0,0,0,0,0,0,0 projectiles=-
retail_frame=380 player=139,0,138,0,223,0,0 rival=0,0,0,0,0,0,0 projectiles=-
retail_frame=384 player=139,0,138,0,223,0,0 rival=0,0,0,0,0,0,0 projectiles=-
retail_frame=388 player=139,0,138,0,223,0,0 rival=0,0,0,0,0,0,0 projectiles=-
retail_frame=392 player=139,0,138,0,223,1,2 rival=0,0,0,0,0,0,0 projectiles=-
retail_frame=396 player=140,0,139,0,223,2,4 rival=0,0,0,0,0,0,0 projectiles=-
retail_frame=400 player=143,0,142,0,223,2,6 rival=10143,0,8142,23,78,5,1 projectiles=-
retail_frame=404 player=152,0,151,0,223,3,9 rival=10143,4,8142,25,80,9,2 projectiles=-
retail_frame=408 player=158,0,156,0,223,4,10 rival=10139,8,8142,26,82,12,3 projectiles=-
retail_frame=412 player=164,0,162,0,223,4,11 rival=10131,16,8142,27,84,15,4 projectiles=-
retail_frame=416 player=171,0,169,0,223,4,12 rival=10119,28,8138,28,86,18,5 projectiles=-
retail_frame=420 player=179,0,176,0,223,4,13 rival=10095,56,8122,30,90,22,7 projectiles=-
retail_frame=424 player=187,0,184,0,223,3,14 rival=10079,76,8110,31,92,24,8 projectiles=-
retail_frame=428 player=196,0,193,0,223,3,15 rival=10063,100,8098,32,94,26,9 projectiles=-
retail_frame=432 player=217,0,212,0,223,2,17 rival=10047,128,8082,33,96,27,10 projectiles=-
retail_frame=436 player=228,0,223,0,223,1,18 rival=10015,196,8042,35,100,29,12 projectiles=-
retail_frame=440 player=240,0,234,0,223,0,19 rival=9999,232,8018,36,102,30,13 projectiles=-
retail_frame=444 player=253,0,246,0,223,255,20 rival=9983,272,7994,37,104,31,14 projectiles=-
retail_frame=448 player=266,0,259,0,223,254,22 rival=9967,316,7966,38,106,32,15 projectiles=-
retail_frame=452 player=295,0,286,0,223,253,23 rival=9943,356,7930,29,104,23,16 projectiles=-
retail_frame=456 player=310,0,300,0,223,253,23 rival=9875,408,7838,14,100,9,18 projectiles=-
retail_frame=460 player=325,0,314,0,223,252,23 rival=9831,420,7790,8,98,3,19 projectiles=-
retail_frame=464 player=340,0,328,0,223,252,23 rival=9783,420,7742,2,96,254,20 projectiles=-
retail_frame=468 player=370,0,356,0,223,252,23 rival=9727,416,7694,253,94,250,21 projectiles=-
retail_frame=472 player=385,0,370,0,223,253,23 rival=9599,384,7598,245,90,243,23 projectiles=-
retail_frame=476 player=400,0,384,0,223,253,23 rival=9531,356,7550,242,88,240,24 projectiles=-
retail_frame=480 player=415,0,398,0,223,254,23 rival=9455,320,7510,239,86,237,25 projectiles=-
retail_frame=484 player=445,0,426,0,223,255,23 rival=9379,276,7474,237,84,235,26 projectiles=-
retail_frame=488 player=460,0,440,0,223,0,23 rival=9219,168,7406,233,80,231,28 projectiles=-
retail_frame=492 player=475,0,454,0,223,1,23 rival=9139,104,7378,231,78,230,29 projectiles=-
retail_frame=496 player=490,0,468,0,223,2,23 rival=9051,36,7354,230,76,229,30 projectiles=-
retail_frame=500 player=505,0,482,0,223,2,23 rival=8963,-36,7334,229,74,228,31 projectiles=-
retail_frame=504 player=535,0,510,0,223,3,23 rival=8871,-116,7318,228,72,227,32 projectiles=-
retail_frame=508 player=550,0,524,0,223,4,23 rival=8679,-288,7298,226,68,225,34 projectiles=-
retail_frame=512 player=565,0,538,0,223,4,23 rival=8583,-380,7298,225,66,224,35 projectiles=-
retail_frame=516 player=580,0,552,0,223,4,23 rival=8487,-480,7298,224,64,223,36 projectiles=-
retail_frame=520 player=595,0,566,0,223,4,23 rival=8391,-584,7298,223,62,222,37 projectiles=-
retail_frame=524 player=610,0,580,0,223,3,23 rival=8295,-692,7302,222,60,221,38 projectiles=-
retail_frame=528 player=625,0,594,0,223,3,23 rival=8199,-808,7314,221,58,220,39 projectiles=-
retail_frame=532 player=640,0,608,0,223,2,23 rival=8107,-928,7330,220,56,219,40 projectiles=-
retail_frame=536 player=655,0,622,0,223,2,23 rival=8015,-1056,7350,219,54,218,41 projectiles=-
retail_frame=540 player=670,0,636,0,223,1,23 rival=7927,-1188,7374,218,52,217,42 projectiles=-
retail_frame=544 player=685,0,650,0,223,0,23 rival=7839,-1324,7402,217,50,216,43 projectiles=-
retail_frame=548 player=715,0,678,0,223,254,23 rival=7755,-1468,7434,216,48,216,44 projectiles=-
retail_frame=552 player=730,0,692,0,223,254,23 rival=7671,-1612,7470,216,46,216,45 projectiles=-
retail_frame=556 player=745,0,706,0,223,253,23 rival=7587,-1760,7514,216,44,216,46 projectiles=-
retail_frame=560 player=760,0,720,0,223,253,23 rival=7419,-2068,7618,216,40,216,48 projectiles=-
retail_frame=564 player=775,0,734,0,223,252,23 rival=7335,-2228,7678,216,38,216,49 projectiles=-
retail_frame=568 player=790,0,748,0,223,252,23 rival=7255,-2392,7742,216,36,216,50 projectiles=-
retail_frame=572 player=805,0,762,0,223,252,23 rival=7175,-2556,7814,216,34,216,51 projectiles=-
retail_frame=576 player=820,0,776,0,223,252,23 rival=7099,-2724,7890,216,32,216,52 projectiles=-
retail_frame=580 player=835,0,790,0,223,253,23 rival=7023,-2896,7970,216,30,216,53 projectiles=-
retail_frame=584 player=850,0,804,0,223,253,23 rival=6951,-3072,8058,216,28,216,54 projectiles=-
retail_frame=588 player=865,0,818,0,223,254,23 rival=6883,-3252,8150,216,26,216,55 projectiles=-
retail_frame=592 player=880,0,832,0,223,254,23 rival=6819,-3432,8246,216,24,216,56 projectiles=-
retail_frame=596 player=895,0,846,0,223,255,23 rival=6759,-3616,8350,216,22,216,57 projectiles=-
retail_frame=600 player=910,0,860,0,223,0,23 rival=6703,-3804,8458,216,20,216,58 projectiles=-
retail_frame=604 player=940,0,888,0,223,2,23 rival=6651,-3996,8570,216,18,216,59 projectiles=-
retail_frame=608 player=955,0,902,0,223,2,23 rival=6595,-4000,8694,216,18,221,64 projectiles=-
retail_frame=612 player=970,0,916,0,223,3,23 rival=6535,-4000,8826,216,18,228,70 projectiles=-
retail_frame=616 player=985,0,930,0,223,3,23 rival=6415,-4228,9090,216,18,231,70 projectiles=-
retail_frame=620 player=1000,0,944,0,223,4,23 rival=6355,-4000,9222,216,18,234,70 projectiles=-
retail_frame=624 player=1015,0,958,0,223,4,23 rival=6295,-4000,9354,216,18,236,70 projectiles=-
retail_frame=628 player=1030,0,972,0,223,4,23 rival=6235,-4000,9486,216,18,238,70 projectiles=-
retail_frame=632 player=1045,0,986,0,223,4,23 rival=6175,-4000,9618,216,18,240,70 projectiles=-
retail_frame=636 player=1060,0,1000,0,223,3,23 rival=6115,-4000,9750,216,18,242,70 projectiles=-
retail_frame=640 player=1075,0,1014,0,223,3,23 rival=6055,-4000,9882,216,18,243,70 projectiles=-
retail_frame=644 player=1090,0,1028,0,223,2,23 rival=5995,-4000,10014,216,18,244,70 projectiles=-
retail_frame=648 player=1105,0,1042,0,223,2,23 rival=5935,-4000,10146,216,18,245,70 projectiles=-
retail_frame=652 player=1120,0,1056,0,223,1,23 rival=5875,-4000,10278,216,18,246,70 projectiles=-
retail_frame=656 player=1135,0,1070,0,223,0,23 rival=5815,-4000,10410,216,18,247,70 projectiles=-
retail_frame=660 player=1150,0,1084,0,223,255,23 rival=5755,-4000,10542,216,18,248,70 projectiles=-
retail_frame=664 player=1180,0,1112,0,223,254,23 rival=5695,-4000,10674,216,18,249,70 projectiles=-
retail_frame=668 player=1195,0,1126,0,223,253,23 rival=5635,-4000,10806,216,18,250,70 projectiles=-
retail_frame=672 player=1210,0,1140,0,223,253,23 rival=5575,-4000,10938,216,18,251,70 projectiles=-
retail_frame=676 player=1225,0,1154,0,223,252,23 rival=5455,-4000,11202,216,18,253,70 projectiles=-
retail_frame=680 player=1240,0,1168,0,223,252,23 rival=5395,-4000,11334,216,18,254,70 projectiles=-
retail_frame=684 player=1255,0,1182,0,223,252,23 rival=5335,-4000,11466,216,18,255,70 projectiles=-
retail_frame=688 player=1270,0,1196,0,223,252,23 rival=5275,-4000,11598,216,18,0,70 projectiles=-
retail_frame=692 player=1285,0,1210,0,223,253,23 rival=5127,-4000,11686,221,42,0,70 projectiles=-
retail_frame=696 player=1300,0,1224,0,223,253,23 rival=4935,-4000,11702,225,60,0,70 projectiles=-
retail_frame=700 player=1315,0,1238,0,223,254,23 rival=4731,-4000,11662,228,73,0,70 projectiles=-
retail_frame=704 player=1330,0,1252,0,223,254,23 rival=4535,-4000,11566,231,83,0,70 projectiles=-
retail_frame=708 player=1360,0,1280,0,223,0,23 rival=4355,-4000,11426,234,91,0,70 projectiles=-
retail_frame=712 player=1375,0,1294,0,223,1,23 rival=4047,-4000,11066,238,102,0,70 projectiles=-
retail_frame=716 player=1390,0,1308,0,223,2,23 rival=3923,-4000,10854,240,106,0,70 projectiles=-
retail_frame=720 player=1405,0,1322,0,223,2,23 rival=3803,-4000,10618,249,109,0,70 projectiles=-
retail_frame=724 player=1420,0,1336,0,223,3,23 rival=3699,-4000,10370,0,111,0,70 projectiles=-
retail_frame=728 player=1435,0,1350,0,223,3,23 rival=3607,-3964,10122,6,113,0,70 projectiles=-
retail_frame=732 player=1450,0,1364,0,223,4,23 rival=3523,-3900,9874,10,114,0,70 projectiles=-
retail_frame=736 player=1480,0,1392,0,223,4,23 rival=3379,-3712,9394,16,116,0,70 projectiles=-
retail_frame=740 player=1495,0,1406,0,223,4,23 rival=3315,-3596,9162,18,117,0,70 projectiles=-
retail_frame=744 player=1510,0,1420,0,223,3,23 rival=3259,-3472,8926,19,118,0,70 projectiles=-
retail_frame=748 player=1525,0,1434,0,223,3,23 rival=3211,-3344,8694,20,119,0,70 projectiles=-
retail_frame=752 player=1555,0,1462,0,223,2,23 rival=3163,-3212,8466,21,119,0,70 projectiles=-
retail_frame=756 player=1570,0,1476,0,223,1,23 rival=3119,-3072,8242,22,119,0,70 projectiles=-
retail_frame=760 player=1585,0,1490,0,223,0,23 rival=3031,-2776,7802,24,119,0,70 projectiles=-
retail_frame=764 player=1600,0,1504,0,223,255,23 rival=2987,-2624,7586,24,119,0,70 projectiles=04F8,2910,-2490,7261,24,119,0,63
retail_frame=768 player=1615,0,1518,0,223,254,23 rival=2947,-2480,7362,23,120,0,70 projectiles=04F8,2789,-2215,6716,23,119,0,63
retail_frame=772 player=1630,0,1532,0,223,254,23 rival=2907,-2336,7138,23,120,0,70 projectiles=04F8,2620,-1847,5939,23,120,0,63
retail_frame=776 player=1645,0,1546,0,223,253,23 rival=2867,-2192,6914,23,120,0,70 projectiles=04F8,2444,-1406,5071,22,120,0,63
retail_frame=780 player=1660,0,1560,0,223,253,23 rival=2827,-2052,6690,22,120,0,70 projectiles=04F8,2330,-1144,4519,22,120,0,63
retail_frame=784 player=1675,0,1574,0,223,252,23 rival=2787,-1912,6466,22,120,0,70 projectiles=04F8,2216,-885,3964,22,120,0,63
retail_frame=788 player=1690,0,1588,0,223,252,23 rival=2747,-1772,6242,22,120,0,70 projectiles=04F8,2102,-636,3405,21,120,0,63
retail_frame=792 player=1705,0,1602,0,223,252,23 rival=2703,-1640,6014,21,120,0,70 projectiles=04B9,2586,-1391,5455,21,120,0,63;04F8,1988,-397,2839,20,120,0,63
retail_frame=796 player=1720,0,1616,0,223,252,23 rival=2659,-1508,5786,21,120,0,70 projectiles=04B9,2469,-1149,4890,20,120,0,63;04F8,1874,-171,2270,19,120,0,63
retail_frame=800 player=1735,0,1630,0,223,253,23 rival=2615,-1380,5554,20,120,0,70 projectiles=04B9,2352,-910,4324,20,120,0,63;04F8,1834,-83,2046,14,119,0,63
retail_frame=804 player=1750,0,1644,0,223,253,23 rival=2571,-1252,5322,20,120,0,70 projectiles=04B9,2235,-680,3758,19,120,0,63;04F8,1786,-3,1826,14,119,0,63
retail_frame=808 player=1765,0,1658,0,223,254,23 rival=2511,-1068,4986,20,120,0,100 projectiles=04B9,2118,-462,3185,18,120,0,63;04F8,1738,77,1606,14,119,0,63
retail_frame=812 player=1780,0,1672,0,223,224,23 rival=2435,-868,4662,22,118,251,100 projectiles=04B9,2001,-254,2608,17,120,0,63;04F8,1690,157,1386,14,119,0,63
retail_frame=816 player=1795,0,1686,0,223,228,23 rival=2347,-652,4354,24,116,247,100 projectiles=04B9,1961,-162,2388,15,119,0,63;04F8,1690,157,1386,14,119,0,63
retail_frame=820 player=1810,0,1700,0,223,232,23 rival=2247,-420,4062,26,114,244,100 projectiles=04B9,1917,-74,2168,15,119,0,63
retail_frame=824 player=1825,0,1714,0,223,236,23 rival=2135,-180,3778,27,112,241,100 projectiles=04B9,1873,14,1948,11,120,0,63
retail_frame=828 player=1840,0,1728,0,223,239,23 rival=2007,68,3506,28,110,238,100 projectiles=04B9,1833,78,1716,11,120,0,63
retail_frame=832 player=1855,0,1742,0,223,241,23 rival=1871,324,3246,29,108,236,100 projectiles=04B9,1793,142,1484,11,120,0,63
retail_frame=836 player=1870,0,1756,0,223,244,23 rival=1727,588,3002,30,106,234,100 projectiles=04B9,1753,206,1252,11,120,0,63
retail_frame=840 player=1900,0,1784,0,223,247,23 rival=1575,856,2770,31,104,232,100 projectiles=04B9,1713,270,1020,11,120,0,63
retail_frame=844 player=1915,0,1798,0,223,248,23 rival=1247,1416,2350,33,100,229,100 projectiles=04B9,1673,334,788,11,120,0,63
retail_frame=848 player=1930,0,1812,0,223,249,23 rival=1075,1708,2158,34,98,228,100 projectiles=04B9,1593,462,324,11,120,0,63
retail_frame=852 player=1945,0,1826,0,223,250,23 rival=899,2008,1982,35,96,227,100 projectiles=04B9,1553,526,92,11,120,0,63
retail_frame=856 player=1975,0,1854,0,223,251,23 rival=719,2312,1818,36,94,226,100 projectiles=04B9,1513,590,-140,11,120,0,63
retail_frame=860 player=1990,0,1868,0,223,251,23 rival=351,2940,1538,38,90,224,100 projectiles=04B9,1473,654,-372,11,120,0,63
retail_frame=864 player=2005,0,1882,0,223,252,23 rival=167,3260,1418,39,88,223,100 projectiles=04B9,1393,782,-836,11,120,0,63
retail_frame=868 player=2020,0,1896,0,223,252,23 rival=-13,3588,1310,40,86,222,100 projectiles=04B9,1353,846,-1068,11,120,0,63
retail_frame=872 player=2035,0,1910,0,223,252,23 rival=-201,3916,1210,40,84,221,100 projectiles=04B9,1313,910,-1300,11,120,0,63
retail_frame=876 player=2065,0,1938,0,223,252,23 rival=-393,4000,1122,40,82,220,100 projectiles=04B9,1273,974,-1532,11,120,0,63
retail_frame=880 player=2080,0,1952,0,223,253,23 rival=-789,4328,974,40,78,218,100 projectiles=04B9,1233,1038,-1764,11,120,0,63
retail_frame=884 player=2095,0,1966,0,223,253,23 rival=-993,4000,914,40,76,217,100 projectiles=-
retail_frame=888 player=2110,0,1980,0,223,253,23 rival=-1201,4000,866,40,74,216,100 projectiles=-
retail_frame=892 player=2140,0,2008,0,223,252,23 rival=-1409,4000,830,40,72,216,100 projectiles=-
retail_frame=896 player=2155,0,2022,0,223,252,23 rival=-1833,4000,786,40,68,216,100 projectiles=-
retail_frame=900 player=2170,0,2036,0,223,252,23 rival=-2045,4000,778,40,66,216,100 projectiles=-
retail_frame=904 player=2185,0,2050,0,223,253,23 rival=-2261,4000,778,40,64,216,100 projectiles=-
retail_frame=908 player=2215,0,2078,0,223,254,23 rival=-2545,4000,770,30,66,226,100 projectiles=-
retail_frame=912 player=2230,0,2092,0,223,254,23 rival=-3229,4000,694,15,70,241,100 projectiles=-
retail_frame=916 player=2245,0,2106,0,223,255,23 rival=-3597,4000,626,9,72,247,100 projectiles=-
retail_frame=920 player=2260,0,2120,0,223,0,23 rival=-3973,4000,538,3,74,253,100 projectiles=-
retail_frame=924 player=2290,0,2148,0,223,2,23 rival=-4341,3984,430,254,76,2,100 projectiles=-
retail_frame=928 player=2305,0,2162,0,223,2,23 rival=-5045,3836,166,246,80,10,100 projectiles=-
retail_frame=932 player=2320,0,2176,0,223,3,23 rival=-5377,3716,10,243,82,13,100 projectiles=-
retail_frame=936 player=2335,0,2190,0,223,3,23 rival=-5693,3568,-158,240,84,16,100 projectiles=-
retail_frame=940 player=2365,0,2218,0,223,4,23 rival=-5989,3392,-334,237,86,19,100 projectiles=-
retail_frame=944 player=2380,0,2232,0,223,4,23 rival=-6533,2992,-710,233,90,23,100 projectiles=-
retail_frame=948 player=2395,0,2246,0,223,4,23 rival=-6777,2764,-906,231,92,25,100 projectiles=-
retail_frame=952 player=2425,0,2274,0,223,3,23 rival=-7009,2532,-1114,230,94,26,100 projectiles=-
retail_frame=956 player=2440,0,2288,0,223,2,23 rival=-7421,2044,-1546,228,98,28,100 projectiles=-
retail_frame=960 player=2455,0,2302,0,223,2,23 rival=-7605,1788,-1774,227,100,29,100 projectiles=-
retail_frame=964 player=2470,0,2316,0,223,1,23 rival=-7773,1524,-2006,226,102,30,100 projectiles=-
retail_frame=968 player=2500,0,2344,0,223,255,23 rival=-8061,980,-2470,224,106,32,100 projectiles=-
retail_frame=972 player=2515,0,2358,0,223,254,23 rival=-8185,696,-2706,223,108,33,100 projectiles=-
retail_frame=976 player=2530,0,2372,0,223,254,23 rival=-8293,404,-2942,222,110,34,100 projectiles=-
retail_frame=980 player=2560,0,2400,0,223,253,23 rival=-8385,104,-3174,221,112,35,100 projectiles=-
retail_frame=984 player=2575,0,2414,0,223,252,23 rival=-8533,-512,-3630,219,116,37,100 projectiles=-
retail_frame=988 player=2590,0,2428,0,223,252,23 rival=-8585,-828,-3854,218,118,38,100 projectiles=-
retail_frame=992 player=2620,0,2456,0,223,252,23 rival=-8625,-1148,-4070,217,120,39,100 projectiles=-
retail_frame=996 player=2635,0,2470,0,223,253,23 rival=-8669,-1804,-4494,216,124,40,100 projectiles=-
retail_frame=1000 player=2650,0,2484,0,223,253,23 rival=-8677,-2132,-4706,216,126,40,100 projectiles=-
retail_frame=1004 player=2665,0,2498,0,223,254,23 rival=-8685,-2440,-4906,216,126,35,95 projectiles=-
retail_frame=1008 player=2695,0,2526,0,223,255,23 rival=-8697,-3008,-5278,216,126,28,85 projectiles=-
retail_frame=1012 player=2710,0,2540,0,223,0,23 rival=-8701,-3268,-5446,216,126,25,80 projectiles=-
retail_frame=1016 player=2725,0,2554,0,223,1,23 rival=-8705,-3512,-5602,216,126,22,75 projectiles=-
retail_frame=1020 player=2755,0,2582,0,223,2,23 rival=-8713,-3968,-5898,216,126,18,70 projectiles=-
retail_frame=1024 player=2770,0,2596,0,223,3,23 rival=-8717,-4000,-6046,216,126,16,70 projectiles=-
retail_frame=1028 player=2785,0,2610,0,223,3,23 rival=-8721,-4000,-6194,216,126,14,70 projectiles=-
retail_frame=1032 player=2800,0,2624,0,223,4,23 rival=-8725,-4000,-6342,216,126,13,70 projectiles=-
retail_frame=1036 player=2830,0,2652,0,223,4,23 rival=-8733,-4228,-6638,216,126,11,70 projectiles=-
retail_frame=1040 player=2845,0,2666,0,223,4,23 rival=-8737,-4000,-6786,216,126,10,70 projectiles=-
retail_frame=1044 player=2860,0,2680,0,223,3,23 rival=-8741,-4000,-6934,216,197,9,70 projectiles=-
retail_frame=1048 player=2890,0,2708,0,223,2,23 rival=-8593,-4000,-6918,216,197,8,70 projectiles=-
retail_frame=1052 player=2905,0,2722,0,223,2,23 rival=-8297,-4000,-6886,216,197,6,70 projectiles=-
retail_frame=1056 player=2920,0,2736,0,223,1,23 rival=-8149,-4000,-6870,216,197,5,70 projectiles=-
retail_frame=1060 player=2935,0,2750,0,223,0,23 rival=-8001,-4000,-6854,216,197,4,70 projectiles=-
retail_frame=1064 player=2965,0,2778,0,223,254,23 rival=-7853,-4000,-6838,216,197,3,70 projectiles=-
retail_frame=1068 player=2980,0,2792,0,223,254,23 rival=-7557,-4000,-6806,216,197,1,70 projectiles=-
retail_frame=1072 player=2995,0,2806,0,223,253,23 rival=-7409,-4000,-6790,216,197,0,70 projectiles=-
retail_frame=1076 player=3010,0,2820,0,223,253,23 rival=-7241,-4000,-6746,221,203,0,70 projectiles=-
retail_frame=1080 player=3040,0,2848,0,223,252,23 rival=-6881,-4172,-6582,228,211,0,70 projectiles=-
retail_frame=1084 player=3055,0,2862,0,223,252,23 rival=-6693,-4000,-6470,231,214,0,70 projectiles=-
retail_frame=1088 player=3070,0,2876,0,223,252,23 rival=-6501,-4000,-6342,234,216,0,70 projectiles=-
retail_frame=1092 player=3100,0,2904,0,223,253,23 rival=-6309,-4000,-6202,236,218,0,70 projectiles=-
retail_frame=1096 player=3115,0,2918,0,223,254,23 rival=-5925,-4000,-5898,240,220,0,70 projectiles=-
retail_frame=1100 player=3130,0,2932,0,223,254,23 rival=-5733,-4000,-5738,242,221,0,70 projectiles=-
retail_frame=1104 player=3145,0,2946,0,223,255,23 rival=-5545,-4000,-5566,243,222,0,70 projectiles=-
retail_frame=1108 player=3175,0,2974,0,223,1,23 rival=-5361,-4000,-5390,244,223,16,70 projectiles=-
retail_frame=1112 player=3190,0,2988,0,223,2,23 rival=-4997,-4000,-5026,246,224,48,70 projectiles=-
retail_frame=1116 player=3205,0,3002,0,223,2,23 rival=-4813,-4000,-4842,247,224,64,70 projectiles=-
retail_frame=1120 player=3220,0,3016,0,223,3,23 rival=-4629,-4000,-4658,248,224,80,70 projectiles=-
retail_frame=1124 player=3250,0,3044,0,223,4,23 rival=-4445,-4000,-4474,249,224,96,70 projectiles=-
retail_frame=1128 player=3265,0,3058,0,223,4,23 rival=-4073,-4000,-4102,251,224,112,70 projectiles=-
retail_frame=1132 player=3280,0,3072,0,223,4,23 rival=-3885,-4000,-3914,252,224,144,70 projectiles=-
retail_frame=1136 player=3295,0,3086,0,223,4,23 rival=-3697,-4000,-3726,253,224,160,70 projectiles=-
retail_frame=1140 player=3310,0,3100,0,223,3,23 rival=-3509,-3984,-3538,3,224,176,70 projectiles=-
retail_frame=1144 player=3340,0,3128,0,223,2,23 rival=-3325,-3940,-3354,7,224,192,70 projectiles=-
retail_frame=1148 player=3355,0,3142,0,223,2,23 rival=-2969,-3780,-2998,14,224,224,70 projectiles=-
retail_frame=1152 player=3370,0,3156,0,223,1,23 rival=-2797,-3676,-2826,16,224,240,70 projectiles=-
retail_frame=1156 player=3385,0,3170,0,223,0,23 rival=-2625,-3568,-2654,17,224,252,70 projectiles=-
retail_frame=1160 player=3415,0,3198,0,223,254,23 rival=-2457,-3452,-2486,18,224,4,70 projectiles=-
retail_frame=1164 player=3430,0,3212,0,223,254,23 rival=-2289,-3328,-2318,19,224,8,70 projectiles=-
retail_frame=1168 player=3445,0,3226,0,223,253,23 rival=-1957,-3068,-1986,21,224,8,70 projectiles=-
retail_frame=1172 player=3460,0,3240,0,223,253,23 rival=-1797,-2928,-1826,22,224,8,70 projectiles=-
retail_frame=1176 player=3475,0,3254,0,223,252,23 rival=-1633,-2796,-1662,21,224,7,70 projectiles=-
retail_frame=1180 player=3490,0,3268,0,223,252,23 rival=-1469,-2664,-1498,21,224,6,70 projectiles=-
retail_frame=1184 player=3505,0,3282,0,223,252,23 rival=-1305,-2532,-1334,21,224,5,70 projectiles=04F8,-906,-2277,-944,21,224,0,63
retail_frame=1188 player=3520,0,3296,0,223,252,23 rival=-1137,-2404,-1166,20,224,4,70 projectiles=04F8,-500,-2029,-550,20,224,0,63
retail_frame=1192 player=3535,0,3310,0,223,253,23 rival=-969,-2276,-998,20,224,3,70 projectiles=04F8,-90,-1784,-160,20,223,0,63
retail_frame=1196 player=3550,0,3324,0,223,253,23 rival=-801,-2148,-834,20,223,3,70 projectiles=04F8,316,-1546,234,19,224,0,63
retail_frame=1200 player=3565,0,3338,0,223,254,23 rival=-629,-2024,-670,19,223,3,70 projectiles=04F8,726,-1311,631,19,223,0,63
retail_frame=1204 player=3580,0,3352,0,223,254,23 rival=-457,-1900,-506,19,223,3,70 projectiles=04F8,1143,-1087,1028,18,223,0,63
retail_frame=1208 player=3595,0,3366,0,223,255,23 rival=-285,-1776,-342,19,223,3,70 projectiles=04F8,1560,-869,1425,18,223,0,63
retail_frame=1212 player=3610,0,3380,0,223,0,23 rival=-113,-1660,-178,18,223,3,70 projectiles=04F8,1977,-658,1826,17,223,0,63
retail_frame=1216 player=3625,0,3394,0,223,1,23 rival=59,-1544,-14,18,223,3,70 projectiles=05F4,476,-1332,387,17,223,0,63;04F8,2401,-461,2230,16,223,0,63
retail_frame=1220 player=3640,0,3408,0,223,2,23 rival=235,-1436,154,17,223,3,70 projectiles=05F4,893,-1123,790,17,223,0,63;04F8,2825,-274,2634,15,223,0,63
retail_frame=1224 player=3655,0,3422,0,223,2,23 rival=411,-1328,322,17,223,3,70 projectiles=05F4,1317,-926,1194,16,223,0,63;04F8,3252,-107,3045,14,223,0,63
retail_frame=1228 player=3670,0,3436,0,223,3,23 rival=587,-1224,490,16,223,3,70 projectiles=05F4,1741,-732,1598,16,223,0,63;04F8,3416,-43,3205,11,223,0,63
retail_frame=1232 player=3685,0,3450,0,223,3,23 rival=763,-1120,658,16,223,3,70 projectiles=05F4,2165,-545,2002,15,223,0,63;04F8,3580,21,3365,6,222,0,63
retail_frame=1236 player=3700,0,3464,0,223,4,23 rival=943,-1024,830,15,223,3,70 projectiles=05F4,2592,-364,2406,15,223,0,63;04F8,3756,53,3525,6,222,0,63
retail_frame=1240 player=3715,0,3478,0,223,4,23 rival=1123,-928,1002,15,223,3,70 projectiles=05F4,3023,-202,2817,13,223,0,63;04F8,3932,85,3685,6,222,0,63
retail_frame=1244 player=3730,0,3492,0,223,4,23 rival=1383,-788,1246,15,223,3,100 projectiles=05F4,3187,-134,2973,12,223,0,63;04F8,4108,117,3845,6,222,0,63
retail_frame=1248 player=3745,0,3506,0,223,4,23 rival=1639,-704,1518,9,225,7,100 projectiles=05F4,3351,-66,3129,11,223,0,63;04F8,4284,149,4005,6,222,0,63
retail_frame=1252 player=3760,0,3520,0,223,3,23 rival=1891,-676,1810,3,227,11,100 projectiles=05F4,3515,-2,3289,11,223,0,63;04F8,4460,181,4165,6,222,0,63
retail_frame=1256 player=3775,0,3534,0,223,3,23 rival=2127,-692,2114,254,229,14,100 projectiles=05F4,3679,62,3449,2,222,0,63;04F8,4636,213,4325,6,222,0,63
retail_frame=1260 player=3790,0,3548,0,223,2,23 rival=2347,-748,2426,250,231,17,100 projectiles=05F4,3859,70,3609,2,222,0,63;04F8,4812,245,4485,6,222,0,63
retail_frame=1264 player=3805,0,3562,0,223,2,23 rival=2543,-840,2742,246,233,19,100 projectiles=05F4,4039,78,3769,2,222,0,63;04F8,4988,277,4645,6,222,0,63
retail_frame=1268 player=3820,0,3576,0,223,1,23 rival=2723,-960,3058,243,235,21,100 projectiles=05F4,4219,86,3929,2,222,0,63;04F8,5164,309,4805,6,222,0,63
retail_frame=1272 player=3835,0,3590,0,223,0,23 rival=2883,-1108,3378,240,237,23,100 projectiles=05F4,4399,94,4089,2,222,0,63;04F8,5340,341,4965,6,222,0,63
retail_frame=1276 player=3850,0,3604,0,223,255,23 rival=3019,-1284,3694,237,239,25,100 projectiles=05F4,4579,102,4249,2,222,0,63;04F8,5516,373,5125,6,222,0,63
retail_frame=1280 player=3865,0,3618,0,223,254,23 rival=3139,-1476,4010,235,241,26,100 projectiles=05F4,4759,110,4409,2,222,0,63;04F8,5692,405,5285,6,222,0,63
retail_frame=1284 player=3880,0,3632,0,223,254,23 rival=3239,-1684,4318,233,243,27,100 projectiles=05F4,4939,118,4569,2,222,0,63;04F8,5868,437,5445,6,222,0,63
retail_frame=1288 player=3895,0,3646,0,223,253,23 rival=3319,-1912,4622,231,245,28,100 projectiles=05F4,5119,126,4729,2,222,0,63;04F8,6044,469,5605,6,222,0,63
retail_frame=1292 player=3910,0,3660,0,223,253,23 rival=3383,-2144,4926,230,247,29,100 projectiles=05F4,5299,134,4889,2,222,0,63;04F8,6220,501,5765,6,222,0,63
retail_frame=1296 player=3925,0,3674,0,223,252,23 rival=3431,-2384,5226,229,249,30,100 projectiles=05F4,5479,142,5049,2,222,0,63;04F8,6396,533,5925,6,222,0,63
retail_frame=1300 player=3940,0,3688,0,223,252,23 rival=3463,-2632,5526,228,251,31,100 projectiles=05F4,5659,150,5209,2,222,0,63
retail_frame=1304 player=3955,0,3702,0,223,252,23 rival=3483,-2888,5818,227,253,32,100 projectiles=05F4,5839,158,5369,2,222,0,63
retail_frame=1308 player=3970,0,3716,0,223,252,23 rival=3487,-3152,6102,226,255,33,100 projectiles=05F4,6019,166,5529,2,222,0,63
retail_frame=1312 player=4000,0,3744,0,223,253,23 rival=3483,-3420,6378,225,1,34,100 projectiles=05F4,6199,174,5689,2,222,0,63
retail_frame=1316 player=4015,0,3758,0,223,254,23 rival=3467,-3696,6650,224,3,35,100 projectiles=05F4,6379,182,5849,2,222,0,63
retail_frame=1320 player=4030,0,3772,0,223,254,23 rival=3399,-4272,7170,222,7,37,100 projectiles=05F4,6559,190,6009,2,222,0,63
retail_frame=1324 player=4045,0,3786,0,223,255,23 rival=3347,-4300,7414,221,9,38,100 projectiles=-
retail_frame=1328 player=4060,0,3800,0,223,0,23 rival=3287,-4000,7650,220,11,39,100 projectiles=-
retail_frame=1332 player=4075,0,3814,0,223,1,23 rival=3215,-4000,7874,219,13,40,100 projectiles=-
retail_frame=1336 player=4090,0,3828,0,223,2,23 rival=3135,-4000,8086,218,15,40,100 projectiles=-
retail_frame=1340 player=4105,0,3842,0,223,2,23 rival=3047,-4000,8290,217,17,40,100 projectiles=-
retail_frame=1344 player=4120,0,3856,0,223,3,23 rival=2947,-4000,8558,226,15,30,100 projectiles=-
retail_frame=1348 player=4135,0,3870,0,223,3,23 rival=2847,-4000,8870,234,13,22,100 projectiles=-
retail_frame=1352 player=4165,0,3898,0,223,4,23 rival=2755,-4000,9218,247,11,9,100 projectiles=-
retail_frame=1356 player=4180,0,3912,0,223,4,23 rival=2615,-4000,9966,253,7,3,100 projectiles=-
retail_frame=1360 player=4195,0,3926,0,223,4,23 rival=2575,-3984,10350,2,5,254,100 projectiles=-
retail_frame=1364 player=4210,0,3940,0,223,3,23 rival=2551,-3928,10730,6,3,250,100 projectiles=-
retail_frame=1368 player=4240,0,3968,0,223,2,23 rival=2551,-3716,11470,13,255,243,100 projectiles=-
retail_frame=1372 player=4255,0,3982,0,223,2,23 rival=2575,-3568,11826,16,253,240,100 projectiles=-
retail_frame=1376 player=4270,0,3996,0,223,1,23 rival=2611,-3392,12170,19,251,237,100 projectiles=-
retail_frame=1380 player=4300,0,4024,0,223,255,23 rival=2663,-3200,12502,21,249,235,100 projectiles=-
retail_frame=1384 player=4315,0,4038,0,223,254,23 rival=2811,-2764,13126,25,245,231,100 projectiles=-
retail_frame=1388 player=4330,0,4052,0,223,254,23 rival=2903,-2532,13422,26,243,230,100 projectiles=-
retail_frame=1392 player=4345,0,4066,0,223,253,23 rival=3011,-2292,13706,27,241,229,100 projectiles=-
retail_frame=1396 player=4375,0,4094,0,223,252,23 rival=3259,-1788,14242,29,237,227,100 projectiles=-
retail_frame=1400 player=4390,0,4108,0,223,252,23 rival=3399,-1524,14490,30,235,226,100 projectiles=-
retail_frame=1404 player=4405,0,4122,0,223,252,23 rival=3543,-1256,14726,31,233,225,100 projectiles=-
retail_frame=1408 player=4435,0,4150,0,223,253,23 rival=3699,-980,14946,32,231,223,100 projectiles=-
retail_frame=1412 player=4450,0,4164,0,223,253,23 rival=4027,-404,15354,34,227,222,100 projectiles=-
retail_frame=1416 player=4465,0,4178,0,223,254,23 rival=4195,-104,15534,35,225,221,100 projectiles=-
retail_frame=1420 player=4495,0,4206,0,223,255,23 rival=4371,200,15698,36,223,220,100 projectiles=-
retail_frame=1424 player=4510,0,4220,0,223,0,23 rival=4731,828,15994,38,219,218,100 projectiles=-
retail_frame=1428 player=4525,0,4234,0,223,1,23 rival=4911,1148,16122,39,217,217,100 projectiles=-
retail_frame=1432 player=4540,0,4248,0,223,2,23 rival=5091,1476,16234,40,215,216,100 projectiles=-
retail_frame=1436 player=4570,0,4276,0,223,3,23 rival=5467,2132,16434,40,211,216,100 projectiles=-
retail_frame=1440 player=4585,0,4290,0,223,3,23 rival=5663,2460,16518,40,209,216,100 projectiles=-
retail_frame=1444 player=4600,0,4304,0,223,4,23 rival=5863,2788,16594,40,207,216,100 projectiles=-
retail_frame=1448 player=4630,0,4332,0,223,4,23 rival=6063,3116,16658,40,205,216,100 projectiles=-
retail_frame=1452 player=4645,0,4346,0,223,4,23 rival=6435,3716,16774,40,205,225,90 projectiles=-
retail_frame=1456 player=4660,0,4360,0,223,3,23 rival=6607,3992,16826,40,205,228,85 projectiles=-
retail_frame=1460 player=4675,0,4374,0,223,3,23 rival=6771,4000,16878,40,205,231,80 projectiles=-
retail_frame=1464 player=4690,0,4388,0,223,2,23 rival=6923,4000,16926,40,205,234,75 projectiles=-
retail_frame=1468 player=4720,0,4416,0,223,1,23 rival=7203,4000,17014,40,205,238,70 projectiles=-
retail_frame=1472 player=4735,0,4430,0,223,0,23 rival=7343,4000,17058,40,205,240,70 projectiles=-
retail_frame=1476 player=4750,0,4444,0,223,255,23 rival=7483,4000,17102,40,205,242,70 projectiles=-
retail_frame=1480 player=4765,0,4458,0,223,254,23 rival=7623,4000,17146,40,205,243,70 projectiles=-
retail_frame=1484 player=4795,0,4486,0,223,253,23 rival=7903,4000,17234,40,205,245,70 projectiles=-
retail_frame=1488 player=4810,0,4500,0,223,253,23 rival=8043,4000,17278,40,205,246,70 projectiles=-
retail_frame=1492 player=4825,0,4514,0,223,252,23 rival=8183,4000,17322,40,205,247,70 projectiles=-
retail_frame=1496 player=4840,0,4528,0,223,252,23 rival=8323,4000,17366,40,205,248,70 projectiles=-
retail_frame=1500 player=4855,0,4542,0,223,252,23 rival=8463,4000,17410,40,205,249,70 projectiles=-
retail_frame=1504 player=4885,0,4570,0,223,253,23 rival=8743,4000,17498,40,205,251,70 projectiles=-
retail_frame=1508 player=4900,0,4584,0,223,253,23 rival=8883,4000,17542,40,205,252,70 projectiles=-
retail_frame=1512 player=4915,0,4598,0,223,254,23 rival=9023,4000,17586,40,205,253,70 projectiles=-
retail_frame=1516 player=4930,0,4612,0,223,254,23 rival=9163,4000,17630,40,205,254,70 projectiles=-
retail_frame=1520 player=4960,0,4640,0,223,0,23 rival=9303,4000,17674,40,205,255,70 projectiles=-
retail_frame=1524 player=4975,0,4654,0,223,1,23 rival=9611,4208,17686,35,183,0,70 projectiles=-
retail_frame=1528 player=4990,0,4668,0,223,2,23 rival=9767,4000,17570,31,166,0,70 projectiles=-
retail_frame=1532 player=5005,0,4682,0,223,2,23 rival=9883,4000,17402,28,153,0,70 projectiles=-
retail_frame=1536 player=5020,0,4696,0,223,3,23 rival=9963,4000,17202,25,144,0,70 projectiles=-
retail_frame=1540 player=5035,0,4710,0,223,3,23 rival=10007,4000,16978,22,137,0,70 projectiles=-
retail_frame=1544 player=5065,0,4738,0,223,4,23 rival=10019,4116,16502,18,127,0,70 projectiles=-
retail_frame=1548 player=5080,0,4752,0,223,4,23 rival=9999,4000,16254,16,124,16,70 projectiles=-
retail_frame=1552 player=5095,0,4766,0,223,4,23 rival=9959,4000,16002,14,121,32,70 projectiles=-
retail_frame=1556 player=5110,0,4780,0,223,3,23 rival=9907,4000,15754,13,119,48,70 projectiles=-
retail_frame=1560 player=5125,0,4794,0,223,3,23 rival=9847,4000,15502,12,118,64,70 projectiles=-
retail_frame=1564 player=5155,0,4822,0,223,2,23 rival=9779,4000,15254,11,117,80,70 projectiles=-
retail_frame=1568 player=5170,0,4836,0,223,1,23 rival=9707,4000,15002,10,116,96,70 projectiles=-
retail_frame=1572 player=5185,0,4850,0,223,0,23 rival=9543,4000,14506,8,114,128,70 projectiles=-
retail_frame=1576 player=5200,0,4864,0,223,255,23 rival=9451,4000,14258,7,113,144,70 projectiles=-
retail_frame=1580 player=5215,0,4878,0,223,254,23 rival=9351,4000,14014,6,112,160,70 projectiles=-
retail_frame=1584 player=5230,0,4892,0,223,254,23 rival=9247,4000,13766,5,111,176,70 projectiles=-
retail_frame=1588 player=5245,0,4906,0,223,253,23 rival=9143,3988,13518,254,111,192,70 projectiles=-
retail_frame=1592 player=5260,0,4920,0,223,253,23 rival=9039,3944,13274,249,111,208,70 projectiles=-
retail_frame=1596 player=5275,0,4934,0,223,252,23 rival=8939,3872,13034,245,111,224,70 projectiles=-
retail_frame=1600 player=5290,0,4948,0,223,252,23 rival=8839,3784,12802,242,111,240,70 projectiles=-
retail_frame=1604 player=5305,0,4962,0,223,252,23 rival=8743,3680,12574,240,111,252,70 projectiles=-
retail_frame=1608 player=5320,0,4976,0,223,252,23 rival=8647,3564,12350,238,111,4,70 projectiles=-
retail_frame=1612 player=5335,0,4990,0,223,253,23 rival=8555,3440,12130,237,111,8,70 projectiles=-
retail_frame=1616 player=5350,0,5004,0,223,253,23 rival=8463,3312,11910,236,111,8,70 projectiles=-
retail_frame=1620 player=5365,0,5018,0,223,254,23 rival=8371,3180,11694,235,111,8,70 projectiles=-
retail_frame=1624 player=5380,0,5032,0,223,254,23 rival=8283,3040,11482,234,111,8,70 projectiles=-
retail_frame=1628 player=5395,0,5046,0,223,255,23 rival=8195,2896,11274,233,111,7,70 projectiles=-
retail_frame=1632 player=5410,0,5060,0,223,0,23 rival=8107,2744,11070,232,111,6,70 projectiles=-
retail_frame=1636 player=5425,0,5074,0,223,1,23 rival=8019,2600,10862,233,111,5,70 projectiles=04F8,7792,2325,10350,233,111,0,63
retail_frame=1640 player=5440,0,5088,0,223,2,23 rival=7931,2456,10654,233,111,4,70 projectiles=04F8,7565,2053,9838,233,111,0,63
retail_frame=1644 player=5455,0,5102,0,223,2,23 rival=7843,2312,10446,233,111,3,70 projectiles=04F8,7342,1786,9319,234,112,0,63
retail_frame=1648 player=5470,0,5116,0,223,3,23 rival=7759,2172,10234,234,112,3,70 projectiles=04F8,7119,1521,8800,234,112,0,63
retail_frame=1652 player=5485,0,5130,0,223,3,23 rival=7671,2032,10022,234,111,3,70 projectiles=04F8,6896,1263,8281,235,112,0,63
retail_frame=1656 player=5500,0,5144,0,223,4,23 rival=7587,1892,9810,234,112,3,70 projectiles=04F8,6673,1010,7759,235,112,0,63
retail_frame=1660 player=5515,0,5158,0,223,4,23 rival=7495,1760,9594,235,111,3,70 projectiles=04F8,6446,765,7233,236,112,0,63
retail_frame=1664 player=5530,0,5172,0,223,4,23 rival=7407,1628,9378,235,112,3,70 projectiles=04F8,6219,526,6704,236,112,0,63
retail_frame=1668 player=5545,0,5186,0,223,4,23 rival=7319,1500,9158,236,112,3,70 projectiles=05B5,7086,1258,8632,236,111,0,63;04F8,5989,305,6171,238,112,0,63
retail_frame=1672 player=5560,0,5200,0,223,3,23 rival=7231,1372,8938,236,112,3,70 projectiles=05B5,6856,1023,8099,237,112,0,63;04F8,5889,233,5947,238,112,0,63
retail_frame=1676 player=5575,0,5214,0,223,3,23 rival=7143,1248,8718,237,112,3,70 projectiles=05B5,6856,1023,8099,237,112,0,63;04F8,5759,98,5631,239,112,0,63
retail_frame=1680 player=5590,0,5228,0,223,2,23 rival=7143,1248,8718,237,112,3,70 projectiles=05B5,6626,791,7566,237,112,0,63;04F8,5675,22,5419,244,111,0,63
retail_frame=1684 player=5590,0,5228,0,223,2,23 rival=7055,1124,8498,237,112,3,70 projectiles=05B5,6396,573,7030,238,112,0,63;04F8,5583,-46,5207,244,111,0,63
retail_frame=1688 player=5605,0,5242,0,223,32,23 rival=6927,948,8178,237,112,3,100 projectiles=05B5,6166,365,6490,239,112,0,63;04F8,5491,-114,4995,244,111,0,63
retail_frame=1692 player=5620,0,5256,0,223,28,23 rival=6771,836,7842,244,110,254,100 projectiles=05B5,5932,171,5943,240,112,0,63
retail_frame=1696 player=5635,0,5270,0,223,24,23 rival=6595,780,7506,250,108,250,100 projectiles=05B5,5848,91,5735,243,111,0,63
retail_frame=1700 player=5650,0,5284,0,223,20,23 rival=6399,772,7178,255,106,246,100 projectiles=05B5,5756,15,5523,243,111,0,63
retail_frame=1704 player=5665,0,5298,0,223,17,23 rival=6187,808,6858,4,104,243,100 projectiles=05B5,5664,-61,5311,5,116,0,63
retail_frame=1708 player=5680,0,5312,0,223,15,23 rival=5963,880,6554,8,102,240,100 projectiles=05B5,5600,-33,5079,5,116,0,63
retail_frame=1712 player=5695,0,5326,0,223,12,23 rival=5731,992,6270,12,100,237,100 projectiles=05B5,5536,-5,4847,5,116,0,63
retail_frame=1716 player=5710,0,5340,0,223,11,23 rival=5491,1132,6002,15,98,235,100 projectiles=05B5,5472,23,4615,5,116,0,63
retail_frame=1720 player=5725,0,5354,0,223,9,23 rival=5247,1300,5758,18,96,233,100 projectiles=05B5,5408,51,4383,5,116,0,63
retail_frame=1724 player=5740,0,5368,0,223,8,23 rival=4995,1484,5530,20,94,231,100 projectiles=05B5,5344,79,4151,5,116,0,63
retail_frame=1728 player=5755,0,5382,0,223,7,23 rival=4739,1684,5322,22,92,230,100 projectiles=05B5,5280,107,3919,5,116,0,63
retail_frame=1732 player=5770,0,5396,0,223,6,23 rival=4483,1900,5134,24,90,229,100 projectiles=05B5,5216,135,3687,5,116,0,63
retail_frame=1736 player=5800,0,5424,0,223,5,23 rival=4223,2132,4962,26,88,228,100 projectiles=05B5,5152,163,3455,5,116,0,63
retail_frame=1740 player=5815,0,5438,0,223,5,23 rival=3699,2620,4666,28,84,226,100 projectiles=05B5,5088,191,3223,5,116,0,63
retail_frame=1744 player=5830,0,5452,0,223,4,23 rival=3435,2876,4542,29,82,225,100 projectiles=05B5,4960,247,2759,5,116,0,63
retail_frame=1748 player=5845,0,5466,0,223,4,23 rival=3171,3140,4434,30,80,224,100 projectiles=05B5,4896,275,2527,5,116,0,63
retail_frame=1752 player=5860,0,5480,0,223,4,23 rival=2911,3408,4346,31,78,223,100 projectiles=05B5,4832,303,2295,5,116,0,63
retail_frame=1756 player=5875,0,5494,0,223,4,23 rival=2651,3684,4270,32,76,222,100 projectiles=05B5,4768,331,2063,5,116,0,63
retail_frame=1760 player=5890,0,5508,0,223,4,23 rival=2391,3968,4210,33,74,221,100 projectiles=05B5,4704,359,1831,5,116,0,63
retail_frame=1764 player=5905,0,5522,0,223,3,23 rival=2139,4000,4166,34,72,220,100 projectiles=05B5,4640,387,1599,5,116,0,63
retail_frame=1768 player=5920,0,5536,0,223,3,23 rival=1891,4000,4134,35,70,219,100 projectiles=-
retail_frame=1772 player=5935,0,5550,0,223,3,23 rival=1647,4000,4114,36,68,218,100 projectiles=-
retail_frame=1776 player=5965,0,5578,0,223,4,23 rival=1411,4000,4106,37,66,217,100 projectiles=-
retail_frame=1780 player=5980,0,5592,0,223,4,23 rival=959,4000,4114,39,62,216,100 projectiles=-
retail_frame=1784 player=5995,0,5606,0,223,4,23 rival=747,4000,4130,40,60,216,100 projectiles=-
retail_frame=1788 player=6010,0,5620,0,223,3,23 rival=535,4000,4158,40,58,216,100 projectiles=-
retail_frame=1792 player=6040,0,5648,0,223,2,23 rival=327,4000,4194,30,58,226,100 projectiles=-
retail_frame=1796 player=6055,0,5662,0,223,2,23 rival=-285,4000,4262,22,60,234,100 projectiles=-
retail_frame=1800 player=6070,0,5676,0,223,1,23 rival=-645,4000,4274,15,62,241,100 projectiles=-
retail_frame=1804 player=6085,0,5690,0,223,255,23 rival=-1025,4000,4274,9,64,247,100 projectiles=-
retail_frame=1808 player=6115,0,5718,0,223,254,23 rival=-1793,3984,4230,254,68,2,100 projectiles=-
retail_frame=1812 player=6130,0,5732,0,223,254,23 rival=-2169,3928,4178,250,70,6,100 projectiles=-
retail_frame=1816 player=6145,0,5746,0,223,253,23 rival=-2537,3836,4110,246,72,10,100 projectiles=-
retail_frame=1820 player=6175,0,5774,0,223,252,23 rival=-2897,3716,4026,243,74,13,100 projectiles=-
retail_frame=1824 player=6190,0,5788,0,223,252,23 rival=-3561,3392,3814,237,78,19,100 projectiles=-
retail_frame=1828 player=6205,0,5802,0,223,252,23 rival=-3873,3200,3690,235,80,21,100 projectiles=-
retail_frame=1832 player=6220,0,5816,0,223,252,23 rival=-4169,2992,3550,233,82,23,100 projectiles=-
retail_frame=1836 player=6250,0,5844,0,223,253,23 rival=-4713,2532,3246,230,86,26,100 projectiles=-
retail_frame=1840 player=6265,0,5858,0,223,254,23 rival=-4969,2292,3078,229,88,27,100 projectiles=-
retail_frame=1844 player=6280,0,5872,0,223,254,23 rival=-5209,2044,2902,228,90,28,100 projectiles=-
retail_frame=1848 player=6310,0,5900,0,223,0,23 rival=-5437,1788,2718,227,92,29,100 projectiles=-
retail_frame=1852 player=6325,0,5914,0,223,1,23 rival=-5845,1256,2330,225,96,31,100 projectiles=-
retail_frame=1856 player=6340,0,5928,0,223,2,23 rival=-6025,980,2130,224,98,32,100 projectiles=-
retail_frame=1860 player=6370,0,5956,0,223,3,23 rival=-6193,696,1926,223,100,33,100 projectiles=-
retail_frame=1864 player=6385,0,5970,0,223,3,23 rival=-6481,104,1510,221,104,35,100 projectiles=-
retail_frame=1868 player=6400,0,5984,0,223,4,23 rival=-6605,-200,1302,220,106,36,100 projectiles=-
retail_frame=1872 player=6415,0,5998,0,223,4,23 rival=-6717,-512,1090,219,108,37,100 projectiles=-
retail_frame=1876 player=6430,0,6012,0,223,4,23 rival=-6813,-828,882,218,110,38,100 projectiles=-
retail_frame=1880 player=6460,0,6040,0,223,3,23 rival=-6965,-1476,478,216,114,40,100 projectiles=-
