# Compact Mesen oracle evidence for the Leon duel.
# Raw source SHA-256: aa086fc28c771c4078da675747a4b1d3175c7f32d79ad913b55221af6bb19755
# return_retail_frame=876
# map_ready_retail_frame=878
retail_frame=0 camera=0,0,0,0,0,0 player=1221,-83,12500,0,72,4,18 wingmate=1600,1100,1600,0,12,0,18 rival=- projectiles=-
retail_frame=4 camera=0,0,0,0,0,0 player=1221,-83,12500,0,72,4,18 wingmate=1600,1100,1600,0,12,0,18 rival=- projectiles=-
retail_frame=8 camera=0,0,0,0,0,0 player=1221,-83,12500,0,72,4,18 wingmate=1600,1100,1600,0,12,0,18 rival=- projectiles=-
retail_frame=12 camera=0,0,0,0,0,0 player=1221,-83,12500,0,72,4,18 wingmate=1600,1100,1600,0,12,0,18 rival=- projectiles=-
retail_frame=16 camera=0,0,0,0,0,0 player=1221,-83,12500,0,72,4,18 wingmate=1600,1100,1600,0,12,0,18 rival=- projectiles=-
retail_frame=20 camera=0,0,0,0,0,0 player=1221,-83,12500,0,72,4,18 wingmate=1600,1100,1600,0,12,0,18 rival=- projectiles=-
retail_frame=24 camera=0,0,0,0,0,0 player=1221,-83,12500,0,72,4,18 wingmate=1600,1100,1600,0,12,0,18 rival=- projectiles=-
retail_frame=28 camera=0,0,0,0,0,0 player=1221,-83,12500,0,72,4,18 wingmate=1600,1100,1600,0,12,0,18 rival=- projectiles=-
retail_frame=32 camera=0,0,0,0,0,0 player=1221,-83,12500,0,72,4,18 wingmate=1600,1100,1600,0,12,0,18 rival=- projectiles=-
retail_frame=36 camera=0,0,0,0,0,0 player=139,0,138,0,223,0,0 wingmate=146,0,137,0,0,0,0 rival=- projectiles=-
retail_frame=40 camera=0,0,0,0,0,0 player=139,0,138,0,223,0,0 wingmate=146,0,137,0,0,0,0 rival=- projectiles=-
retail_frame=44 camera=0,0,0,0,0,0 player=139,0,138,0,223,0,0 wingmate=146,0,137,0,0,0,0 rival=- projectiles=-
retail_frame=48 camera=0,0,0,0,0,0 player=139,0,138,0,223,0,0 wingmate=146,0,137,0,0,0,0 rival=- projectiles=-
retail_frame=52 camera=0,0,0,0,0,0 player=139,0,138,0,223,0,0 wingmate=146,0,137,0,0,0,0 rival=0,0,0,0,0,0,0 projectiles=-
retail_frame=56 camera=0,0,0,0,0,0 player=139,0,138,0,223,0,0 wingmate=146,0,137,0,0,0,0 rival=0,0,0,0,0,0,0 projectiles=-
retail_frame=60 camera=0,0,0,0,0,0 player=139,0,138,0,223,0,0 wingmate=146,0,137,0,0,0,0 rival=0,0,0,0,0,0,0 projectiles=-
retail_frame=64 camera=-32675,-32734,-32630,144,36,0 player=139,0,138,0,223,0,0 wingmate=146,0,137,0,0,0,0 rival=0,0,0,0,0,0,0 projectiles=-
retail_frame=68 camera=-32698,-32717,-32630,144,36,0 player=139,0,138,0,223,0,0 wingmate=146,0,137,0,0,0,0 rival=0,0,0,0,0,0,0 projectiles=-
retail_frame=72 camera=-32721,-32700,-32630,144,36,0 player=139,0,138,0,223,0,0 wingmate=146,0,137,0,0,0,0 rival=0,0,0,0,0,0,0 projectiles=-
retail_frame=76 camera=-32744,-32683,-32630,144,36,0 player=139,0,138,0,223,0,0 wingmate=146,0,137,0,0,0,0 rival=0,0,0,0,0,0,0 projectiles=-
retail_frame=80 camera=32746,-32649,-32630,144,36,0 player=139,0,138,0,223,0,0 wingmate=146,0,137,0,0,0,0 rival=0,0,0,0,0,0,0 projectiles=-
retail_frame=84 camera=32723,-32632,-32630,144,36,0 player=139,0,138,0,223,0,0 wingmate=146,0,137,0,0,0,0 rival=0,0,0,0,0,0,0 projectiles=-
retail_frame=88 camera=32700,-32615,-32630,144,36,0 player=139,0,138,0,223,0,0 wingmate=146,0,137,0,0,0,0 rival=0,0,0,0,0,0,0 projectiles=-
retail_frame=92 camera=32654,-32581,-32630,144,36,0 player=139,0,138,0,223,0,0 wingmate=146,0,137,0,0,0,0 rival=0,0,0,0,0,0,0 projectiles=-
retail_frame=96 camera=32631,-32564,-32630,144,36,0 player=139,0,138,0,223,0,0 wingmate=146,0,137,0,0,0,0 rival=0,0,0,0,0,0,0 projectiles=-
retail_frame=100 camera=32608,-32547,-32630,144,36,0 player=139,0,138,0,223,0,0 wingmate=146,0,137,0,0,0,0 rival=0,0,0,0,0,0,0 projectiles=-
retail_frame=104 camera=32562,-32513,-32630,144,36,0 player=139,0,138,0,223,0,0 wingmate=146,0,137,0,0,0,0 rival=0,0,0,0,0,0,0 projectiles=-
retail_frame=108 camera=32539,-32496,-32630,144,36,0 player=139,0,138,0,223,0,0 wingmate=146,0,137,0,0,0,0 rival=0,0,0,0,0,0,0 projectiles=-
retail_frame=112 camera=32516,-32479,-32630,144,36,0 player=139,0,138,0,223,0,0 wingmate=146,0,137,0,0,0,0 rival=0,0,0,0,0,0,0 projectiles=-
retail_frame=116 camera=32470,-32445,-32630,144,36,0 player=139,0,138,0,223,0,0 wingmate=146,0,137,0,0,0,0 rival=0,0,0,0,0,0,0 projectiles=-
retail_frame=120 camera=32447,-32428,-32630,144,36,0 player=139,0,138,0,223,0,0 wingmate=146,0,137,0,0,0,0 rival=0,0,0,0,0,0,0 projectiles=-
retail_frame=124 camera=32401,-32394,-32630,144,36,0 player=139,0,138,0,223,0,0 wingmate=146,0,137,0,0,0,0 rival=0,0,0,0,0,0,0 projectiles=-
retail_frame=128 camera=32378,-32377,-32630,144,36,0 player=139,0,138,0,223,0,0 wingmate=146,0,137,0,0,0,0 rival=0,0,0,0,0,0,0 projectiles=-
retail_frame=132 camera=32355,-32360,-32630,144,36,0 player=139,0,138,0,223,0,0 wingmate=146,0,137,0,0,0,0 rival=0,0,0,0,0,0,0 projectiles=-
retail_frame=136 camera=32309,-32326,-32630,144,36,0 player=139,0,138,0,223,0,0 wingmate=146,0,137,0,0,0,0 rival=0,0,0,0,0,0,0 projectiles=-
retail_frame=140 camera=32286,-32309,-32630,144,36,0 player=139,0,138,0,223,0,0 wingmate=146,0,137,0,0,0,0 rival=0,0,0,0,0,0,0 projectiles=-
retail_frame=144 camera=32263,-32292,-32630,144,36,0 player=139,0,138,0,223,0,0 wingmate=146,0,137,0,0,0,0 rival=0,0,0,0,0,0,0 projectiles=-
retail_frame=148 camera=32217,-32258,-32630,144,36,0 player=139,0,138,0,223,0,0 wingmate=146,0,137,0,0,0,0 rival=0,0,0,0,0,0,0 projectiles=-
retail_frame=152 camera=32194,-32241,-32630,144,36,0 player=139,0,138,0,223,0,0 wingmate=146,0,137,0,0,0,0 rival=0,0,0,0,0,0,0 projectiles=-
retail_frame=156 camera=32171,-32224,-32630,144,36,0 player=139,0,138,0,223,0,0 wingmate=146,0,137,0,0,0,0 rival=0,0,0,0,0,0,0 projectiles=-
retail_frame=160 camera=32125,-32190,-32630,144,36,0 player=139,0,138,0,223,0,0 wingmate=146,0,137,0,0,0,0 rival=0,0,0,0,0,0,0 projectiles=-
retail_frame=164 camera=32102,-32173,-32630,144,36,0 player=139,0,138,0,223,0,0 wingmate=146,0,137,0,0,0,0 rival=0,0,0,0,0,0,0 projectiles=-
retail_frame=168 camera=32079,-32156,-32630,144,36,0 player=139,0,138,0,223,0,0 wingmate=146,0,137,0,0,0,0 rival=0,0,0,0,0,0,0 projectiles=-
retail_frame=172 camera=32033,-32122,-32630,128,6,0 player=139,0,138,0,223,0,0 wingmate=146,0,137,0,0,0,0 rival=0,0,0,0,0,0,0 projectiles=-
retail_frame=176 camera=32010,-32105,-32630,128,6,0 player=139,0,138,0,223,0,0 wingmate=146,0,137,0,0,0,0 rival=0,0,0,0,0,0,0 projectiles=-
retail_frame=180 camera=31987,-32088,-32630,128,242,0 player=139,0,138,0,223,0,0 wingmate=146,0,137,0,0,0,0 rival=0,0,0,0,0,0,0 projectiles=-
retail_frame=184 camera=31941,-32054,-32630,120,212,0 player=139,0,138,0,223,0,0 wingmate=146,0,137,0,0,0,0 rival=0,0,0,0,0,0,0 projectiles=-
retail_frame=188 camera=31918,-32037,-32630,120,212,0 player=139,0,138,0,223,0,0 wingmate=146,0,137,0,0,0,0 rival=0,0,0,0,0,0,0 projectiles=-
retail_frame=192 camera=31895,-32020,-32630,104,182,0 player=139,0,138,0,223,0,0 wingmate=146,0,137,0,0,0,0 rival=0,0,0,0,0,0,0 projectiles=-
retail_frame=196 camera=31849,-31986,-32630,104,162,0 player=139,0,138,0,223,0,0 wingmate=146,0,137,0,0,0,0 rival=0,0,0,0,0,0,0 projectiles=-
retail_frame=200 camera=31826,-31969,-32630,88,132,0 player=139,0,138,0,223,0,0 wingmate=146,0,137,0,0,0,0 rival=0,0,0,0,0,0,0 projectiles=-
retail_frame=204 camera=31803,-31952,-32630,88,112,0 player=139,0,138,0,223,0,0 wingmate=146,0,137,0,0,0,0 rival=0,0,0,0,0,0,0 projectiles=-
retail_frame=208 camera=31757,-31918,-32630,64,62,0 player=139,0,138,0,223,0,0 wingmate=146,0,137,0,0,0,0 rival=0,0,0,0,0,0,0 projectiles=-
retail_frame=212 camera=31734,-31901,-32630,56,12,0 player=139,0,138,0,223,0,0 wingmate=146,0,137,0,0,0,0 rival=0,0,0,0,0,0,0 projectiles=-
retail_frame=216 camera=31711,-31884,-32630,40,238,0 player=139,0,138,0,223,0,0 wingmate=146,0,137,0,0,0,0 rival=0,0,0,0,0,0,0 projectiles=-
retail_frame=220 camera=31665,-31850,-32630,8,118,0 player=139,0,138,0,223,0,0 wingmate=146,0,137,0,0,0,0 rival=0,0,0,0,0,0,0 projectiles=-
retail_frame=224 camera=31642,-31833,-32630,248,38,0 player=139,0,138,0,223,0,0 wingmate=146,0,137,0,0,0,0 rival=0,0,0,0,0,0,0 projectiles=-
retail_frame=228 camera=31619,-31816,-32630,224,214,0 player=139,0,138,0,223,0,0 wingmate=146,0,137,0,0,0,0 rival=0,0,0,0,0,0,0 projectiles=-
retail_frame=232 camera=31573,-31782,-32630,168,14,0 player=139,0,138,0,223,0,0 wingmate=146,0,137,0,0,0,0 rival=0,0,0,0,0,0,0 projectiles=-
retail_frame=236 camera=31550,-31765,-32630,120,130,0 player=139,0,138,0,223,0,0 wingmate=146,0,137,0,0,0,0 rival=0,0,0,0,0,0,0 projectiles=-
retail_frame=240 camera=31527,-31748,-32630,80,236,0 player=139,0,138,0,223,0,0 wingmate=146,0,137,0,0,0,0 rival=0,0,0,0,0,0,0 projectiles=-
retail_frame=244 camera=31481,-31714,-32630,216,82,0 player=139,0,138,0,223,0,0 wingmate=146,0,137,0,0,0,0 rival=0,0,0,0,0,0,0 projectiles=-
retail_frame=248 camera=31458,-31697,-32630,136,78,0 player=139,0,138,0,223,0,0 wingmate=146,0,137,0,0,0,0 rival=0,0,0,0,0,0,0 projectiles=-
retail_frame=252 camera=31435,-31680,-32630,64,34,0 player=139,0,138,0,223,0,0 wingmate=146,0,137,0,0,0,0 rival=0,0,0,0,0,0,0 projectiles=-
retail_frame=256 camera=31389,-31646,-32630,64,92,0 player=139,0,138,0,223,0,0 wingmate=146,0,137,0,0,0,0 rival=0,0,0,0,0,0,0 projectiles=-
retail_frame=260 camera=31366,-31629,-32630,192,194,0 player=139,0,138,0,223,0,0 wingmate=146,0,137,0,0,0,0 rival=0,0,0,0,0,0,0 projectiles=-
retail_frame=264 camera=31343,-31612,-32630,56,80,0 player=139,0,138,0,223,0,0 wingmate=146,0,137,0,0,0,0 rival=0,0,0,0,0,0,0 projectiles=-
retail_frame=268 camera=31297,-31578,-32630,128,228,0 player=139,0,138,0,223,0,0 wingmate=146,0,137,0,0,0,0 rival=0,0,0,0,0,0,0 projectiles=-
retail_frame=272 camera=31274,-31561,-32630,24,214,0 player=139,0,138,0,223,0,0 wingmate=146,0,137,0,0,0,0 rival=0,0,0,0,0,0,0 projectiles=-
retail_frame=276 camera=31251,-31544,-32630,144,130,0 player=139,0,138,0,223,0,0 wingmate=146,0,137,0,0,0,0 rival=0,0,0,0,0,0,0 projectiles=-
retail_frame=280 camera=31205,-31510,-32630,32,148,0 player=139,0,138,0,223,0,0 wingmate=146,0,137,0,0,0,0 rival=0,0,0,0,0,0,0 projectiles=-
retail_frame=284 camera=31182,-31493,-32630,0,250,0 player=139,0,138,0,223,0,0 wingmate=146,0,137,0,0,0,0 rival=0,0,0,0,0,0,0 projectiles=-
retail_frame=288 camera=31159,-31476,-32630,200,56,0 player=139,0,138,0,223,0,0 wingmate=146,0,137,0,0,0,0 rival=0,0,0,0,0,0,0 projectiles=-
retail_frame=292 camera=31113,-31442,-32630,224,246,0 player=139,0,138,0,223,0,0 wingmate=146,0,137,0,0,0,0 rival=0,0,0,0,0,0,0 projectiles=-
retail_frame=296 camera=31090,-31425,-32630,232,108,0 player=139,0,138,0,223,0,0 wingmate=146,0,137,0,0,0,0 rival=0,0,0,0,0,0,0 projectiles=-
retail_frame=300 camera=31067,-31408,-32630,144,206,0 player=139,0,138,0,223,0,0 wingmate=146,0,137,0,0,0,0 rival=0,0,0,0,0,0,0 projectiles=-
retail_frame=304 camera=31021,-31374,-32630,48,132,0 player=139,0,138,0,223,0,0 wingmate=146,0,137,0,0,0,0 rival=0,0,0,0,0,0,0 projectiles=-
retail_frame=308 camera=30998,-31357,-32630,128,0,0 player=139,0,138,0,223,0,0 wingmate=146,0,137,0,0,0,0 rival=0,0,0,0,0,0,0 projectiles=-
retail_frame=312 camera=30975,-31340,-32630,64,174,0 player=139,0,138,0,223,0,0 wingmate=146,0,137,0,0,0,0 rival=0,0,0,0,0,0,0 projectiles=-
retail_frame=316 camera=30929,-31306,-32630,40,60,0 player=139,0,138,0,223,0,0 wingmate=146,0,137,0,0,0,0 rival=0,0,0,0,0,0,0 projectiles=-
retail_frame=320 camera=30906,-31289,-32630,8,108,0 player=139,0,138,0,223,0,0 wingmate=146,0,137,0,0,0,0 rival=0,0,0,0,0,0,0 projectiles=-
retail_frame=324 camera=30883,-31272,-32630,16,216,0 player=139,0,138,0,223,0,0 wingmate=146,0,137,0,0,0,0 rival=0,0,0,0,0,0,0 projectiles=-
retail_frame=328 camera=30837,-31238,-32630,160,168,0 player=139,0,138,0,223,0,0 wingmate=146,0,137,0,0,0,0 rival=0,0,0,0,0,0,0 projectiles=-
retail_frame=332 camera=30814,-31221,-32630,8,186,0 player=139,0,138,0,223,0,0 wingmate=146,0,137,0,0,0,0 rival=0,0,0,0,0,0,0 projectiles=-
retail_frame=336 camera=30791,-31204,-32630,176,198,0 player=139,0,138,0,223,0,0 wingmate=146,0,137,0,0,0,0 rival=0,0,0,0,0,0,0 projectiles=-
retail_frame=340 camera=30745,-31170,-32630,56,140,0 player=139,0,138,0,223,0,0 wingmate=146,0,137,0,0,0,0 rival=0,0,0,0,0,0,0 projectiles=-
retail_frame=344 camera=30722,-31153,-32630,16,206,0 player=139,0,138,0,223,0,0 wingmate=146,0,137,0,0,0,0 rival=0,0,0,0,0,0,0 projectiles=-
retail_frame=348 camera=30699,-31136,-32630,248,56,0 player=139,0,138,0,223,0,0 wingmate=146,0,137,0,0,0,0 rival=0,0,0,0,0,0,0 projectiles=-
retail_frame=352 camera=30653,-31102,-32630,216,112,0 player=139,0,138,0,223,0,0 wingmate=146,0,137,0,0,0,0 rival=0,0,0,0,0,0,0 projectiles=-
retail_frame=356 camera=30630,-31085,-32630,200,42,0 player=139,0,138,0,223,0,0 wingmate=146,0,137,0,0,0,0 rival=0,0,0,0,0,0,0 projectiles=-
retail_frame=360 camera=30607,-31068,-32630,192,218,0 player=139,0,138,0,223,0,0 wingmate=146,0,137,0,0,0,0 rival=0,0,0,0,0,0,0 projectiles=-
retail_frame=364 camera=30561,-31034,-32630,168,118,0 player=139,0,138,0,223,0,0 wingmate=146,0,137,0,0,0,0 rival=0,0,0,0,0,0,0 projectiles=-
retail_frame=368 camera=30538,-31017,-32630,168,68,0 player=139,0,138,0,223,0,0 wingmate=146,0,137,0,0,0,0 rival=0,0,0,0,0,0,0 projectiles=-
retail_frame=372 camera=30515,-31000,-32630,152,18,0 player=139,0,138,0,223,0,0 wingmate=146,0,137,0,0,0,0 rival=0,0,0,0,0,0,0 projectiles=-
retail_frame=376 camera=30469,-30966,-32630,136,224,0 player=139,0,138,0,223,0,0 wingmate=146,0,137,0,0,0,0 rival=0,0,0,0,0,0,0 projectiles=-
retail_frame=380 camera=30446,-30949,-32630,136,194,0 player=139,0,138,0,223,0,0 wingmate=146,0,137,0,0,0,0 rival=0,0,0,0,0,0,0 projectiles=-
retail_frame=384 camera=30423,-30932,-32630,128,174,0 player=139,0,138,0,223,0,0 wingmate=146,0,137,0,0,0,0 rival=0,0,0,0,0,0,0 projectiles=-
retail_frame=388 camera=30377,-30898,-32630,112,124,0 player=139,0,138,0,223,0,0 wingmate=146,0,137,0,0,0,0 rival=0,0,0,0,0,0,0 projectiles=-
retail_frame=392 camera=30354,-30881,-32630,128,94,192 player=139,0,138,0,219,254,0 wingmate=8203,0,4618,0,213,1,0 rival=0,0,0,0,0,0,0 projectiles=-
retail_frame=396 camera=30331,-30864,-32630,0,0,0 player=139,0,138,0,216,252,1 wingmate=8459,0,4106,0,210,2,1 rival=0,0,0,0,0,0,0 projectiles=-
retail_frame=400 camera=71,-14,85,0,96,0 player=139,0,138,0,212,249,1 wingmate=8843,0,3210,0,206,3,1 rival=10139,0,8138,23,78,5,1 projectiles=-
retail_frame=404 camera=80,-15,96,0,64,0 player=139,0,138,0,216,254,2 wingmate=7307,0,6026,0,220,2,2 rival=10139,4,8138,25,80,9,2 projectiles=-
retail_frame=408 camera=93,-15,102,0,32,0 player=139,0,138,0,220,2,2 wingmate=6667,0,6666,0,224,1,2 rival=10135,8,8138,26,82,12,3 projectiles=-
retail_frame=412 camera=107,-16,110,0,0,0 player=140,0,139,0,225,6,3 wingmate=2612,-8,2117,0,229,0,3 rival=10127,16,8138,27,84,15,4 projectiles=-
retail_frame=416 camera=119,-17,120,0,224,0 player=140,0,140,0,229,9,3 wingmate=5004,0,7948,0,229,9,3 rival=10115,28,8134,28,86,18,5 projectiles=-
retail_frame=420 camera=121,-18,122,0,192,0 player=141,0,142,0,233,12,4 wingmate=4237,0,8462,0,233,12,4 rival=10103,40,8126,29,88,20,6 projectiles=-
retail_frame=424 camera=132,-18,136,0,160,0 player=141,0,144,0,237,14,4 wingmate=3469,0,8848,0,237,14,4 rival=10091,56,8118,30,90,22,7 projectiles=-
retail_frame=428 camera=141,-19,150,0,96,0 player=141,0,150,0,241,17,5 wingmate=141,-19,150,251,241,17,5 rival=10075,76,8106,31,92,24,8 projectiles=-
retail_frame=432 camera=141,-19,154,0,64,0 player=141,0,154,0,243,18,6 wingmate=141,-19,154,0,8,250,6 rival=10059,100,8094,32,94,26,9 projectiles=-
retail_frame=436 camera=136,-19,148,0,64,0 player=141,0,154,0,245,19,6 wingmate=2061,0,9242,251,245,19,0 rival=10043,128,8078,33,96,27,10 projectiles=-
retail_frame=440 camera=138,-20,158,0,0,0 player=141,0,162,0,248,19,6 wingmate=141,-20,162,0,252,250,6 rival=10027,160,8058,34,98,28,11 projectiles=-
retail_frame=444 camera=139,-21,163,0,224,0 player=141,0,166,0,251,26,6 wingmate=13,0,9382,0,1,250,6 rival=9995,232,8014,36,102,30,13 projectiles=-
retail_frame=448 camera=139,-22,168,0,192,0 player=141,0,170,0,253,25,6 wingmate=13,0,9386,0,1,250,6 rival=9979,272,7990,37,104,31,14 projectiles=-
retail_frame=452 camera=140,-22,174,0,160,0 player=141,0,174,0,255,24,6 wingmate=-499,0,9390,0,255,24,6 rival=9963,316,7962,38,106,32,15 projectiles=-
retail_frame=456 camera=141,-23,178,0,128,0 player=141,0,178,0,1,24,6 wingmate=-883,0,9394,0,1,24,6 rival=9939,356,7926,29,104,23,16 projectiles=-
retail_frame=460 camera=141,-23,186,0,64,0 player=141,0,186,0,5,23,6 wingmate=-1395,0,9398,251,5,23,6 rival=9911,388,7882,21,102,16,17 projectiles=-
retail_frame=464 camera=141,-24,190,0,32,0 player=141,0,190,0,7,22,6 wingmate=-2291,0,9150,0,11,22,6 rival=9871,408,7834,14,100,9,18 projectiles=-
retail_frame=468 camera=141,-24,194,0,0,0 player=141,0,194,0,10,22,6 wingmate=-2931,0,8898,0,14,22,6 rival=9779,420,7738,2,96,254,20 projectiles=-
retail_frame=472 camera=141,-24,198,0,224,0 player=141,0,198,0,12,22,6 wingmate=-3315,0,8774,0,16,22,6 rival=9723,416,7690,253,94,250,21 projectiles=-
retail_frame=476 camera=141,-24,202,0,192,0 player=141,0,202,0,14,22,6 wingmate=-3827,0,8522,0,14,22,6 rival=9663,404,7642,249,92,246,22 projectiles=-
retail_frame=480 camera=136,-25,217,0,160,0 player=136,-1,217,0,16,23,8 wingmate=-4216,-1,8409,0,16,23,8 rival=9595,384,7594,245,90,243,23 projectiles=-
retail_frame=484 camera=112,-31,270,0,96,0 player=112,-8,270,0,21,12,10 wingmate=112,-31,270,251,21,12,10 rival=9527,356,7546,242,88,240,24 projectiles=-
retail_frame=488 camera=91,-36,306,0,64,0 player=91,-13,306,0,23,14,11 wingmate=-5669,-13,7602,0,27,14,11 rival=9375,276,7470,237,84,235,26 projectiles=-
retail_frame=492 camera=64,-40,345,0,32,0 player=64,-18,345,0,25,17,12 wingmate=-5952,-18,7385,0,29,17,12 rival=9295,224,7434,235,82,233,27 projectiles=-
retail_frame=496 camera=29,-46,387,0,0,0 player=29,-24,387,0,28,20,13 wingmate=-6499,-24,6915,0,32,20,13 rival=9215,168,7402,233,80,231,28 projectiles=-
retail_frame=500 camera=-12,-52,433,0,224,0 player=-12,-31,433,0,30,23,14 wingmate=-6924,-31,6705,0,30,23,14 rival=9135,104,7374,231,78,230,29 projectiles=-
retail_frame=504 camera=-58,-58,479,0,192,0 player=-58,-38,479,0,32,26,15 wingmate=-7226,-38,6367,0,32,26,15 rival=9047,36,7350,230,76,229,30 projectiles=-
retail_frame=508 camera=-111,-66,526,0,160,0 player=-111,-46,526,0,34,28,16 wingmate=-7535,-46,6030,0,34,28,16 rival=8959,-36,7330,229,74,228,31 projectiles=-
retail_frame=512 camera=-231,-82,623,0,128,0 player=-231,-63,623,0,36,28,18 wingmate=-231,-82,623,251,36,28,18 rival=8867,-116,7314,228,72,227,32 projectiles=-
retail_frame=516 camera=-295,-92,675,0,128,0 player=-295,-73,675,0,36,27,19 wingmate=-7463,-73,6563,0,36,27,19 rival=8675,-288,7294,226,68,225,34 projectiles=-
retail_frame=520 camera=-362,-101,729,0,128,0 player=-362,-83,729,0,36,25,20 wingmate=-7530,-83,6617,0,36,25,20 rival=8579,-380,7294,225,66,224,35 projectiles=-
retail_frame=524 camera=-431,-111,785,0,128,0 player=-431,-93,785,0,36,23,21 wingmate=-7599,-93,6673,0,36,23,21 rival=8483,-480,7294,224,64,223,36 projectiles=-
retail_frame=528 camera=-502,-121,842,0,128,0 player=-502,-103,842,0,36,21,22 wingmate=-7670,-103,6730,0,36,21,22 rival=8387,-584,7294,223,62,222,37 projectiles=-
retail_frame=532 camera=-575,-131,901,0,128,0 player=-575,-113,901,0,36,18,23 wingmate=-7743,-113,6789,0,36,18,23 rival=8291,-692,7298,222,60,221,38 projectiles=-
retail_frame=536 camera=-648,-142,961,0,128,0 player=-648,-124,961,0,36,17,23 wingmate=-7816,-124,6849,0,36,17,23 rival=8195,-808,7310,221,58,220,39 projectiles=-
retail_frame=540 camera=-722,-154,1021,0,128,0 player=-722,-135,1021,0,36,15,23 wingmate=-7890,-135,6909,0,36,15,23 rival=8103,-928,7326,220,56,219,40 projectiles=-
retail_frame=544 camera=-797,-165,1082,0,128,0 player=-797,-146,1082,0,36,14,23 wingmate=-7965,-146,6970,0,36,14,23 rival=8011,-1056,7346,219,54,218,41 projectiles=-
retail_frame=548 camera=-873,-176,1144,0,128,0 player=-873,-157,1144,0,36,12,23 wingmate=-8041,-157,7032,0,36,12,23 rival=7923,-1188,7370,218,52,217,42 projectiles=-
retail_frame=552 camera=-948,-200,1205,128,128,0 player=-948,-180,1205,0,36,10,23 wingmate=-8116,-180,7093,0,36,10,23 rival=7835,-1324,7398,217,50,216,43 projectiles=-
retail_frame=556 camera=-1020,-233,1265,128,128,0 player=-1020,-213,1265,0,36,8,23 wingmate=-8188,-213,7153,0,36,8,23 rival=7751,-1468,7430,216,48,216,44 projectiles=-
retail_frame=560 camera=-1092,-276,1323,0,128,0 player=-1092,-255,1323,254,36,6,23 wingmate=-8132,-639,7083,254,36,6,23 rival=7667,-1612,7466,216,46,216,45 projectiles=-
retail_frame=564 camera=-1165,-319,1381,0,128,0 player=-1165,-297,1382,252,36,5,23 wingmate=-8205,-1193,7142,252,36,5,23 rival=7583,-1760,7510,216,44,216,46 projectiles=-
retail_frame=568 camera=-1238,-361,1441,0,128,0 player=-1238,-339,1442,252,36,249,23 wingmate=-8278,-1235,7202,252,36,249,23 rival=7499,-1912,7558,216,42,216,47 projectiles=-
retail_frame=572 camera=-1311,-405,1501,0,128,0 player=-1385,-425,1562,252,36,248,23 wingmate=-8351,-1278,7262,239,36,248,23 rival=7415,-2068,7614,216,40,216,48 projectiles=-
retail_frame=576 camera=-1460,-492,1622,0,128,0 player=-1460,-469,1623,252,36,248,23 wingmate=-1460,-492,1622,239,36,248,23 rival=7331,-2228,7674,216,38,216,49 projectiles=-
retail_frame=580 camera=-1536,-537,1683,0,128,0 player=-1536,-513,1684,252,36,248,23 wingmate=-8576,-1409,7444,252,36,248,23 rival=7251,-2392,7738,216,36,216,50 projectiles=-
retail_frame=584 camera=-1612,-581,1745,0,128,0 player=-1612,-557,1746,252,36,248,23 wingmate=-8652,-1453,7506,252,36,248,23 rival=7095,-2724,7886,216,32,216,52 projectiles=-
retail_frame=588 camera=-1685,-632,1806,128,128,0 player=-1685,-608,1807,252,36,249,23 wingmate=-8725,-1504,7567,252,36,249,23 rival=7019,-2896,7966,216,30,216,53 projectiles=-
retail_frame=592 camera=-1755,-691,1863,128,128,0 player=-1755,-667,1864,252,36,250,23 wingmate=-8795,-1563,7624,252,36,250,23 rival=7019,-2896,7966,216,30,216,53 projectiles=-
retail_frame=596 camera=-1822,-755,1919,0,128,0 player=-1822,-731,1920,251,36,252,23 wingmate=-8862,-1755,7680,251,36,252,23 rival=6947,-3072,8054,216,26,216,55 projectiles=-
retail_frame=600 camera=-1887,-822,1971,0,128,0 player=-1888,-799,1973,248,36,253,23 wingmate=-8928,-2591,7733,248,36,253,23 rival=6815,-3432,8242,216,24,216,56 projectiles=-
retail_frame=604 camera=-1952,-889,2023,0,128,0 player=-1954,-867,2026,246,36,8,23 wingmate=-8994,-3043,7786,246,36,8,23 rival=6755,-3616,8346,216,22,216,57 projectiles=-
retail_frame=608 camera=-2018,-957,2076,0,128,0 player=-2020,-935,2079,246,36,8,23 wingmate=-9060,-3111,7839,246,36,8,23 rival=6699,-3804,8454,216,20,216,58 projectiles=-
retail_frame=612 camera=-2084,-1024,2129,0,128,0 player=-2086,-1003,2132,246,36,8,23 wingmate=-9126,-3179,7892,246,36,8,23 rival=6647,-3996,8566,216,18,216,59 projectiles=-
retail_frame=616 camera=-2150,-1092,2182,0,128,0 player=-2152,-1071,2185,246,36,8,23 wingmate=-9192,-3247,7945,246,36,8,23 rival=6591,-4000,8690,216,18,221,64 projectiles=-
retail_frame=620 camera=-2216,-1159,2235,0,128,0 player=-2218,-1139,2238,246,36,7,23 wingmate=-9258,-3315,7998,246,36,7,23 rival=6531,-4000,8822,216,18,225,69 projectiles=-
retail_frame=624 camera=-2282,-1226,2288,0,128,0 player=-2284,-1207,2291,246,36,7,23 wingmate=-9324,-3383,8051,246,36,7,23 rival=6471,-4000,8954,216,18,228,70 projectiles=-
retail_frame=628 camera=-2348,-1294,2341,0,128,0 player=-2350,-1275,2344,246,36,6,23 wingmate=-9390,-3451,8104,246,36,6,23 rival=6411,-4000,9086,216,18,231,70 projectiles=-
retail_frame=632 camera=-2414,-1361,2394,0,128,0 player=-2416,-1343,2397,246,36,6,23 wingmate=-9456,-3519,8157,246,36,6,23 rival=6351,-4000,9218,216,18,234,70 projectiles=-
retail_frame=636 camera=-2480,-1429,2447,0,128,0 player=-2482,-1411,2450,246,36,5,23 wingmate=-9522,-3587,8210,246,36,5,23 rival=6291,-4000,9350,216,18,236,70 projectiles=-
retail_frame=640 camera=-2546,-1497,2500,0,128,0 player=-2548,-1479,2503,246,36,4,23 wingmate=-9588,-3655,8263,246,36,4,23 rival=6231,-4000,9482,216,18,238,70 projectiles=-
retail_frame=644 camera=-2612,-1564,2553,0,128,0 player=-2614,-1547,2556,246,36,4,23 wingmate=-9654,-3723,8316,246,36,4,23 rival=6171,-4000,9614,216,18,240,70 projectiles=-
retail_frame=648 camera=-2678,-1632,2606,0,128,0 player=-2680,-1615,2609,246,36,3,23 wingmate=-9720,-3791,8369,246,36,3,23 rival=6111,-4000,9746,216,18,242,70 projectiles=-
retail_frame=652 camera=-2744,-1700,2659,0,128,0 player=-2746,-1683,2662,246,36,3,23 wingmate=-9786,-3859,8422,246,36,3,23 rival=6051,-4000,9878,216,18,243,70 projectiles=-
retail_frame=656 camera=-2810,-1768,2712,0,128,0 player=-2812,-1751,2715,246,36,2,23 wingmate=-9852,-3927,8475,246,36,2,23 rival=5991,-4000,10010,216,18,244,70 projectiles=-
retail_frame=660 camera=-2876,-1836,2765,0,128,0 player=-2878,-1819,2768,246,36,2,23 wingmate=-9918,-3995,8528,246,36,2,23 rival=5931,-4000,10142,216,18,245,70 projectiles=-
retail_frame=664 camera=-3001,-1967,2866,0,128,0 player=-3003,-1949,2869,246,36,0,23 wingmate=-10043,-4125,8629,246,36,0,23 rival=- projectiles=-
retail_frame=668 camera=-3005,-1969,2869,0,128,0 player=-3115,-2038,2959,235,36,254,23 wingmate=-9077,-6989,7779,235,36,254,23 rival=- projectiles=-
retail_frame=672 camera=-3099,-2039,2938,32,128,0 player=-3167,-2070,3001,238,36,254,23 wingmate=-9567,-6038,8249,238,36,0,23 rival=- projectiles=-
retail_frame=676 camera=-3141,-2066,2968,92,128,0 player=-3215,-2096,3040,240,36,253,23 wingmate=-9871,-5680,8416,240,36,0,23 rival=- projectiles=-
retail_frame=680 camera=-3177,-2088,2996,177,128,0 player=-3302,-2133,3111,244,36,252,23 wingmate=-9915,-5189,8581,244,36,252,23 rival=- projectiles=-
retail_frame=684 camera=-3245,-2119,3045,152,128,0 player=-3342,-2146,3144,245,36,252,23 wingmate=-10254,-4578,8776,245,36,0,23 rival=- projectiles=-
retail_frame=688 camera=-3250,-2121,3049,37,128,0 player=-3379,-2158,3174,246,36,252,23 wingmate=-10419,-4334,8934,246,36,0,23 rival=- projectiles=-
retail_frame=692 camera=-3257,-2127,3055,23,224,0 player=-3447,-2173,3229,249,36,253,23 wingmate=-10454,-3959,8962,249,36,253,23 rival=- projectiles=-
retail_frame=696 camera=-3335,-2149,3103,126,116,0 player=-3478,-2179,3254,249,36,253,23 wingmate=-10518,-3715,9014,249,36,0,23 rival=- projectiles=-
retail_frame=700 camera=-3368,-2159,3123,43,42,0 player=-3507,-2184,3277,250,36,254,23 wingmate=-10547,-3464,9037,250,36,0,23 rival=- projectiles=-
retail_frame=704 camera=-3403,-2166,3142,186,53,0 player=-3561,-2190,3320,251,36,255,23 wingmate=-10575,-3211,9059,251,36,255,23 rival=- projectiles=-
retail_frame=708 camera=-3464,-2180,3176,153,37,0 player=-3586,-2193,3340,252,36,0,23 wingmate=-10626,-3089,9100,252,36,0,23 rival=- projectiles=-
retail_frame=712 camera=-3493,-2186,3192,17,34,0 player=-3610,-2196,3360,252,36,1,23 wingmate=-10650,-3092,9120,252,36,0,23 rival=- projectiles=-
retail_frame=716 camera=-3523,-2190,3207,105,81,0 player=-3657,-2198,3397,253,36,2,23 wingmate=-10674,-2837,9139,253,36,2,23 rival=- projectiles=-
retail_frame=720 camera=-3578,-2198,3237,173,68,0 player=-3679,-2199,3415,253,36,3,23 wingmate=-10719,-2839,9175,253,36,0,23 rival=- projectiles=-
retail_frame=724 camera=-3603,-2202,3250,190,82,0 player=-3700,-2200,3432,254,36,3,23 wingmate=-10740,-2584,9192,254,36,0,23 rival=- projectiles=-
retail_frame=728 camera=-3629,-2206,3263,231,81,0 player=-3721,-2201,3449,254,36,4,23 wingmate=-10761,-2585,9209,254,36,4,23 rival=- projectiles=-
retail_frame=732 camera=-3679,-2212,3285,81,120,0 player=-3760,-2203,3480,254,36,4,23 wingmate=-10800,-2587,9240,254,36,0,23 rival=- projectiles=-
retail_frame=736 camera=-3702,-2215,3296,136,132,0 player=-3778,-2204,3495,254,36,4,23 wingmate=-10818,-2588,9255,254,36,0,23 rival=- projectiles=-
retail_frame=740 camera=-3724,-2217,3307,172,122,0 player=-3796,-2204,3509,255,36,3,23 wingmate=-10836,-2332,9269,255,36,3,23 rival=- projectiles=-
retail_frame=744 camera=-3767,-2221,3324,21,118,0 player=-3829,-2204,3535,255,36,2,23 wingmate=-10869,-2332,9295,255,36,0,23 rival=- projectiles=-
retail_frame=748 camera=-3789,-2223,3334,54,115,0 player=-3845,-2204,3548,255,36,2,23 wingmate=-10885,-2332,9308,255,36,0,23 rival=- projectiles=-
retail_frame=752 camera=-3810,-2224,3341,87,121,0 player=-3861,-2204,3561,255,36,0,23 wingmate=-10901,-2332,9321,255,36,0,23 rival=- projectiles=-
retail_frame=756 camera=-3853,-2226,3360,157,94,0 player=-3893,-2204,3587,255,36,255,23 wingmate=-10933,-2332,9347,255,36,0,23 rival=- projectiles=-
retail_frame=760 camera=-3874,-2227,3368,190,79,0 player=-3909,-2204,3600,255,36,254,23 wingmate=-10949,-2332,9360,255,36,0,23 rival=- projectiles=-
retail_frame=764 camera=-3896,-2228,3377,215,71,0 player=-3925,-2204,3613,255,36,253,23 wingmate=-10965,-2332,9373,255,36,253,23 rival=- projectiles=-
retail_frame=768 camera=-3939,-2230,3395,7,53,0 player=-3957,-2204,3639,255,36,253,23 wingmate=-10997,-2332,9399,255,36,0,23 rival=- projectiles=-
retail_frame=772 camera=-3961,-2231,3404,23,58,0 player=-3973,-2204,3652,255,36,252,23 wingmate=-11013,-2332,9412,255,36,0,23 rival=- projectiles=-
retail_frame=776 camera=-3983,-2232,3411,39,29,0 player=-3989,-2204,3665,255,36,252,23 wingmate=-11029,-2332,9425,255,36,252,23 rival=- projectiles=-
retail_frame=780 camera=-4027,-2234,3432,129,231,0 player=-4021,-2204,3691,255,36,252,23 wingmate=-11061,-2332,9451,255,36,0,23 rival=- projectiles=-
retail_frame=784 camera=-4048,-2235,3441,192,203,0 player=-4037,-2204,3704,255,36,253,23 wingmate=-11077,-2332,9464,255,36,0,23 rival=- projectiles=-
retail_frame=788 camera=-4072,-2236,3450,248,181,0 player=-4053,-2204,3717,255,36,254,23 wingmate=-11093,-2332,9477,255,36,254,23 rival=- projectiles=-
retail_frame=792 camera=-4118,-2238,3471,96,157,0 player=-4085,-2204,3743,255,36,254,23 wingmate=-11125,-2332,9503,255,36,0,23 rival=- projectiles=-
retail_frame=796 camera=-4142,-2239,3481,148,158,0 player=-4101,-2204,3756,255,36,255,23 wingmate=-11141,-2332,9516,255,36,0,23 rival=- projectiles=-
retail_frame=800 camera=-4165,-2240,3493,190,167,0 player=-4117,-2204,3769,255,36,1,23 wingmate=-11157,-2332,9529,255,36,1,23 rival=- projectiles=-
retail_frame=804 camera=-4212,-2242,3514,23,157,0 player=-4149,-2204,3795,255,36,2,23 wingmate=-11189,-2332,9555,255,36,0,23 rival=- projectiles=-
retail_frame=808 camera=-4236,-2243,3526,67,166,0 player=-4165,-2204,3808,255,36,2,23 wingmate=-11205,-2332,9568,255,36,0,23 rival=- projectiles=-
retail_frame=812 camera=-4261,-2244,3537,97,179,0 player=-4181,-2204,3821,255,36,3,23 wingmate=-11221,-2332,9581,255,36,3,23 rival=- projectiles=-
retail_frame=816 camera=-4309,-2246,3561,170,172,0 player=-4213,-2204,3847,255,36,4,23 wingmate=-11253,-2332,9607,255,36,0,23 rival=- projectiles=-
retail_frame=820 camera=-4334,-2247,3573,205,182,0 player=-4229,-2204,3860,255,36,4,23 wingmate=-11269,-2332,9620,255,36,0,23 rival=- projectiles=-
retail_frame=824 camera=-4359,-2248,3586,234,179,0 player=-4245,-2204,3873,255,36,4,23 wingmate=-11285,-2332,9633,255,36,4,23 rival=- projectiles=-
retail_frame=828 camera=-4408,-2250,3612,32,196,0 player=-4277,-2204,3899,255,36,3,23 wingmate=-11317,-2332,9659,255,36,0,23 rival=- projectiles=-
retail_frame=832 camera=-4434,-2251,3625,56,210,0 player=-4293,-2204,3912,255,36,3,23 wingmate=-11333,-2332,9672,255,36,0,23 rival=- projectiles=-
retail_frame=836 camera=-4457,-2252,3637,80,185,0 player=-4309,-2204,3925,255,36,2,23 wingmate=-11349,-2332,9685,255,36,2,23 rival=- projectiles=-
retail_frame=840 camera=-4510,-2254,3667,122,230,0 player=-4341,-2204,3951,255,36,1,23 wingmate=-11381,-2332,9711,255,36,0,23 rival=- projectiles=-
retail_frame=844 camera=-4534,-2254,3679,141,195,0 player=-4357,-2204,3964,255,36,0,23 wingmate=-11397,-2332,9724,255,36,0,23 rival=- projectiles=-
retail_frame=848 camera=-4561,-2254,3694,162,209,0 player=-4373,-2204,3977,0,36,254,23 wingmate=-11413,-2332,9737,0,36,254,23 rival=- projectiles=-
retail_frame=852 camera=-4613,-2254,3721,186,216,0 player=-4405,-2204,4003,0,36,254,23 wingmate=-11573,-2204,9891,0,36,254,23 rival=- projectiles=-
retail_frame=856 camera=-4640,-2254,3735,201,220,0 player=-4421,-2204,4016,0,36,253,23 wingmate=-11589,-2204,9904,0,36,253,23 rival=- projectiles=-
retail_frame=860 camera=-4665,-2254,3750,208,222,0 player=-4453,-2204,4029,0,36,252,23 wingmate=-11605,-2204,9917,0,36,252,23 rival=- projectiles=-
retail_frame=864 camera=-4718,-2254,3780,240,219,0 player=-4469,-2204,4055,0,36,252,23 wingmate=-11637,-2204,9943,0,36,252,23 rival=- projectiles=-
retail_frame=868 camera=-4743,-2254,3798,248,237,0 player=-4485,-2204,4068,0,36,252,23 wingmate=-11653,-2204,9956,0,36,252,23 rival=- projectiles=-
retail_frame=872 camera=-4768,-2254,3814,252,246,0 player=-4517,-2204,4094,0,36,253,23 wingmate=-11669,-2204,9969,0,36,253,23 rival=- projectiles=-
