# Compact Mesen oracle evidence for the Mirage Dragon duel.
# Raw source SHA-256: 7be38105edd93a07cd06e257db9b37091b80052f7f1c27fc69b71fb140aee5a4
# return_retail_frame=876
# map_ready_retail_frame=878
retail_frame=0 camera=0,0,0,0,0,0 player=400,-150,0,0,0,0,0 wingmate=0,0,0,0,0,0,0 rival=- projectiles=-
retail_frame=4 camera=0,0,0,0,0,0 player=400,-150,0,0,0,0,0 wingmate=0,0,0,0,0,0,0 rival=- projectiles=-
retail_frame=8 camera=0,0,0,0,0,0 player=400,-150,0,0,0,0,0 wingmate=0,0,0,0,0,0,0 rival=- projectiles=-
retail_frame=12 camera=0,0,0,0,0,0 player=400,-150,0,0,0,0,0 wingmate=0,0,0,0,0,0,0 rival=- projectiles=-
retail_frame=16 camera=0,0,0,0,0,0 player=400,-150,0,0,0,0,0 wingmate=0,0,0,0,0,0,0 rival=- projectiles=-
retail_frame=20 camera=0,0,0,0,0,0 player=400,-150,0,0,0,0,0 wingmate=0,0,0,0,0,0,0 rival=- projectiles=-
retail_frame=24 camera=0,0,0,0,0,0 player=400,-150,0,0,0,0,0 wingmate=0,0,0,0,0,0,0 rival=- projectiles=-
retail_frame=28 camera=0,0,0,0,0,0 player=400,-150,0,0,0,0,0 wingmate=0,0,0,0,0,0,0 rival=- projectiles=-
retail_frame=32 camera=0,0,0,0,0,0 player=400,-150,0,0,0,0,0 wingmate=0,0,0,0,0,0,0 rival=- projectiles=-
retail_frame=36 camera=0,0,0,0,0,0 player=400,-150,0,0,0,0,0 wingmate=0,0,0,0,0,0,0 rival=- projectiles=-
retail_frame=40 camera=0,0,0,0,0,0 player=400,-150,0,0,0,0,0 wingmate=0,0,0,0,0,0,0 rival=- projectiles=-
retail_frame=44 camera=0,0,0,0,0,0 player=86,0,137,0,64,0,0 wingmate=87,0,130,0,0,0,0 rival=- projectiles=-
retail_frame=48 camera=0,0,0,0,0,0 player=86,0,137,0,64,0,0 wingmate=87,0,130,0,0,0,0 rival=- projectiles=-
retail_frame=52 camera=0,0,0,0,0,0 player=86,0,137,0,64,0,0 wingmate=87,0,130,0,0,0,0 rival=- projectiles=-
retail_frame=56 camera=0,0,0,0,0,0 player=86,0,137,0,64,0,0 wingmate=87,0,130,0,0,0,0 rival=- projectiles=-
retail_frame=60 camera=0,0,0,0,0,0 player=86,0,137,0,64,0,0 wingmate=87,0,130,0,0,0,0 rival=- projectiles=-
retail_frame=64 camera=0,0,0,0,0,0 player=86,0,137,0,64,0,0 wingmate=87,0,130,0,0,0,0 rival=24,1628,20,254,219,0,10 projectiles=-
retail_frame=68 camera=0,0,0,0,0,0 player=86,0,137,0,64,0,0 wingmate=87,0,130,0,0,0,0 rival=24,1628,20,254,219,0,10 projectiles=-
retail_frame=72 camera=0,0,0,0,0,0 player=86,0,137,0,64,0,0 wingmate=87,0,130,0,0,0,0 rival=24,1628,20,254,219,0,10 projectiles=-
retail_frame=76 camera=0,0,0,0,0,0 player=86,0,137,0,64,0,0 wingmate=87,0,130,0,0,0,0 rival=48,1628,40,252,221,0,10 projectiles=-
retail_frame=80 camera=-1530,2504,877,64,96,0 player=86,0,137,0,64,0,0 wingmate=87,0,130,0,0,0,0 rival=72,1624,60,250,222,0,10 projectiles=-
retail_frame=84 camera=-1431,2471,903,16,0,0 player=86,0,137,0,64,0,0 wingmate=87,0,130,0,0,0,0 rival=72,1624,60,250,222,0,10 projectiles=-
retail_frame=88 camera=-1332,2438,929,240,160,0 player=86,0,137,0,64,0,0 wingmate=87,0,130,0,0,0,0 rival=96,1612,80,249,223,0,10 projectiles=-
retail_frame=92 camera=-1234,2405,955,160,96,0 player=86,0,137,0,64,0,0 wingmate=0,0,0,0,0,0,0 rival=116,1600,100,248,224,0,10 projectiles=-
retail_frame=96 camera=-1135,2372,981,96,16,0 player=86,0,137,0,64,0,0 wingmate=0,0,0,0,0,0,0 rival=136,1584,124,247,225,0,10 projectiles=-
retail_frame=100 camera=-1135,2372,981,96,16,0 player=86,0,137,0,64,0,0 wingmate=0,0,0,0,0,0,0 rival=156,1564,148,250,228,0,10 projectiles=-
retail_frame=104 camera=-1036,2339,1007,48,240,0 player=86,0,137,0,64,0,0 wingmate=0,0,0,0,0,0,0 rival=172,1556,176,253,231,0,10 projectiles=-
retail_frame=108 camera=-937,2306,1033,240,208,0 player=86,0,137,0,64,0,0 wingmate=0,0,0,0,0,0,0 rival=188,1556,204,255,234,0,10 projectiles=-
retail_frame=112 camera=-839,2273,1059,160,192,0 player=86,0,137,0,64,0,0 wingmate=0,0,0,0,0,0,0 rival=200,1556,232,1,236,0,10 projectiles=-
retail_frame=116 camera=-740,2240,1085,112,192,0 player=86,0,137,0,64,0,0 wingmate=0,0,0,0,0,0,0 rival=212,1556,260,3,238,0,10 projectiles=-
retail_frame=120 camera=-641,2207,1111,16,192,0 player=86,0,137,0,64,0,0 wingmate=0,0,0,0,0,0,0 rival=220,1560,292,5,240,0,10 projectiles=-
retail_frame=124 camera=-542,2174,1137,160,224,0 player=86,0,137,0,64,0,0 wingmate=0,0,0,0,0,0,0 rival=228,1556,324,6,242,0,10 projectiles=-
retail_frame=128 camera=-435,2137,1163,64,80,0 player=86,0,137,0,64,0,0 wingmate=0,0,0,0,0,0,0 rival=228,1556,324,6,242,0,10 projectiles=-
retail_frame=132 camera=-319,2094,1189,176,32,0 player=86,0,137,0,64,0,0 wingmate=0,0,0,0,0,0,0 rival=236,1552,356,7,243,0,10 projectiles=-
retail_frame=136 camera=-193,2047,1215,224,112,0 player=86,0,137,0,64,0,0 wingmate=0,0,0,0,0,0,0 rival=240,1544,388,4,244,0,10 projectiles=-
retail_frame=140 camera=-59,1995,1241,128,32,0 player=86,0,137,0,64,0,0 wingmate=0,0,0,0,0,0,0 rival=244,1544,420,1,245,0,10 projectiles=-
retail_frame=144 camera=-59,1995,1241,128,32,0 player=86,0,137,0,64,0,0 wingmate=0,0,0,0,0,0,0 rival=248,1544,452,255,246,0,10 projectiles=-
retail_frame=148 camera=83,1939,1267,176,112,0 player=86,0,137,0,64,0,0 wingmate=0,0,0,0,0,0,0 rival=252,1544,484,253,247,0,10 projectiles=-
retail_frame=152 camera=235,1877,1293,112,144,0 player=86,0,137,0,64,0,0 wingmate=0,0,0,0,0,0,0 rival=252,1540,516,251,248,0,10 projectiles=-
retail_frame=156 camera=396,1811,1319,112,128,0 player=86,0,137,0,64,0,0 wingmate=0,0,0,0,0,0,0 rival=252,1520,548,249,250,0,10 projectiles=-
retail_frame=160 camera=565,1741,1345,112,160,0 player=86,0,137,0,64,0,0 wingmate=0,0,0,0,0,0,0 rival=252,1508,580,248,251,0,10 projectiles=-
retail_frame=164 camera=743,1665,1371,0,144,0 player=86,0,137,0,64,0,0 wingmate=0,0,0,0,0,0,0 rival=252,1492,612,247,252,0,10 projectiles=-
retail_frame=168 camera=930,1585,1397,96,240,0 player=86,0,137,0,64,0,0 wingmate=0,0,0,0,0,0,0 rival=252,1472,644,250,253,0,10 projectiles=-
retail_frame=172 camera=1126,1500,1423,160,192,0 player=86,0,137,0,64,0,0 wingmate=0,0,0,0,0,0,0 rival=252,1464,676,253,254,0,10 projectiles=-
retail_frame=176 camera=1330,1411,1449,0,0,0 player=86,0,137,0,64,0,0 wingmate=0,0,0,0,0,0,0 rival=252,1464,708,255,255,0,10 projectiles=-
retail_frame=180 camera=1544,1316,1475,80,144,0 player=86,0,137,0,64,0,0 wingmate=0,0,0,0,0,0,0 rival=252,1464,740,1,0,0,10 projectiles=-
retail_frame=184 camera=1766,1217,1501,96,16,0 player=86,0,137,0,64,0,0 wingmate=0,0,0,0,0,0,0 rival=252,1464,772,3,0,0,10 projectiles=-
retail_frame=188 camera=1997,1114,1527,192,224,0 player=86,0,137,0,64,0,0 wingmate=0,0,0,0,0,0,0 rival=252,1468,804,5,0,0,10 projectiles=-
retail_frame=192 camera=2237,1005,1553,128,160,0 player=86,0,137,0,64,0,0 wingmate=0,0,0,0,0,0,0 rival=252,1464,836,6,0,0,10 projectiles=-
retail_frame=196 camera=2743,774,1605,224,32,0 player=86,0,137,0,64,0,0 wingmate=0,0,0,0,0,0,0 rival=252,1460,868,7,0,0,10 projectiles=-
retail_frame=200 camera=3009,652,1631,64,64,0 player=86,0,137,0,64,0,0 wingmate=0,0,0,0,0,0,0 rival=252,1452,900,4,0,0,10 projectiles=-
retail_frame=204 camera=3284,524,1657,176,0,0 player=86,0,137,0,64,0,0 wingmate=0,0,0,0,0,0,0 rival=252,1452,932,1,0,0,10 projectiles=-
retail_frame=208 camera=3568,392,1683,48,144,0 player=86,0,137,0,64,0,0 wingmate=0,0,0,0,0,0,0 rival=252,1452,964,255,0,0,10 projectiles=-
retail_frame=212 camera=3861,256,1709,240,208,0 player=86,0,137,0,64,0,0 wingmate=0,0,0,0,0,0,0 rival=252,1452,996,253,0,0,10 projectiles=-
retail_frame=216 camera=4162,114,1735,160,224,0 player=86,0,137,0,64,0,0 wingmate=0,0,0,0,0,0,0 rival=252,1448,1028,251,0,0,10 projectiles=-
retail_frame=220 camera=4473,-32,1761,80,224,0 player=86,0,137,0,64,0,0 wingmate=0,0,0,0,0,0,0 rival=252,1424,1092,249,0,0,10 projectiles=-
retail_frame=224 camera=4792,-183,1787,16,160,0 player=86,0,137,0,64,0,0 wingmate=0,0,0,0,0,0,0 rival=252,1416,1092,248,0,0,10 projectiles=-
retail_frame=228 camera=5120,-338,1813,224,112,0 player=86,0,137,0,64,0,0 wingmate=0,0,0,0,0,0,0 rival=252,1400,1156,251,0,0,10 projectiles=-
retail_frame=232 camera=5457,-498,1839,176,0,0 player=86,0,137,0,64,0,0 wingmate=0,0,0,0,0,0,0 rival=252,1392,1188,254,0,0,10 projectiles=-
retail_frame=236 camera=5802,-663,1865,128,160,0 player=86,0,137,0,64,0,0 wingmate=0,0,0,0,0,0,0 rival=252,1392,1220,0,0,0,10 projectiles=-
retail_frame=240 camera=6157,-833,1891,80,32,0 player=86,0,137,0,64,0,0 wingmate=0,0,0,0,0,0,0 rival=252,1392,1252,2,0,0,10 projectiles=-
retail_frame=244 camera=6520,-1007,1917,48,144,0 player=86,0,137,0,64,0,0 wingmate=0,0,0,0,0,0,0 rival=252,1392,1284,4,0,0,10 projectiles=-
retail_frame=248 camera=6892,-1187,1943,0,0,0 player=86,0,137,0,64,0,0 wingmate=0,0,0,0,0,0,0 rival=252,1396,1316,6,0,0,10 projectiles=-
retail_frame=252 camera=7273,-1370,1969,240,80,0 player=86,0,137,0,64,0,0 wingmate=0,0,0,0,0,0,0 rival=252,1392,1348,7,0,0,10 projectiles=-
retail_frame=256 camera=7663,-1559,1995,208,160,0 player=86,0,137,0,64,0,0 wingmate=0,0,0,0,0,0,0 rival=252,1388,1380,8,0,0,10 projectiles=-
retail_frame=260 camera=8061,-1752,2021,167,226,0 player=0,0,0,0,0,0,0 wingmate=0,0,0,0,0,0,0 rival=252,1384,1412,5,0,0,10 projectiles=-
retail_frame=264 camera=8419,-1924,2047,227,216,0 player=8401,-1944,1998,0,22,40,0 wingmate=0,0,0,0,0,0,0 rival=252,1376,1444,2,2,0,10 projectiles=-
retail_frame=268 camera=8734,-2072,2073,229,149,0 player=8695,-2092,2050,0,28,40,0 wingmate=0,0,0,0,0,0,0 rival=348,1337,1482,254,246,0,10 projectiles=-
retail_frame=272 camera=9011,-2201,2099,247,37,0 player=8949,-2221,2097,0,34,40,0 wingmate=0,0,0,0,0,0,0 rival=440,1298,1488,252,236,0,10 projectiles=-
retail_frame=276 camera=9255,-2311,2125,81,148,0 player=9168,-2331,2138,0,40,40,0 wingmate=0,0,0,0,0,0,0 rival=452,1298,1516,250,236,0,10 projectiles=-
retail_frame=280 camera=9470,-2407,2151,29,232,0 player=9358,-2427,2175,0,46,40,0 wingmate=0,0,0,0,0,0,0 rival=560,1255,1546,250,230,0,10 projectiles=-
retail_frame=284 camera=9660,-2488,2177,125,41,0 player=9523,-2508,2207,0,52,40,0 wingmate=0,0,0,0,0,0,0 rival=672,1204,1576,249,225,0,10 projectiles=-
retail_frame=288 camera=9827,-2558,2203,139,90,0 player=9666,-2578,2235,0,58,40,0 wingmate=0,0,0,0,0,0,0 rival=672,1184,1576,94,60,0,10 projectiles=-
retail_frame=292 camera=9827,-2558,2203,139,90,0 player=9666,-2578,2235,0,58,40,0 wingmate=0,0,0,0,0,0,0 rival=672,1164,1576,124,68,0,10 projectiles=-
retail_frame=296 camera=9975,-2617,2229,89,128,0 player=9797,-2637,2257,0,64,74,0 wingmate=0,0,0,0,0,0,0 rival=672,1144,1576,154,76,0,10 projectiles=-
retail_frame=300 camera=10107,-2668,2255,247,158,0 player=9918,-2688,2280,0,64,104,0 wingmate=0,0,0,0,0,0,0 rival=672,1124,1576,184,84,0,10 projectiles=-
retail_frame=304 camera=10223,-2710,2281,113,180,0 player=10028,-2730,2303,0,64,131,0 wingmate=0,0,0,0,0,0,0 rival=672,1104,1576,214,92,0,10 projectiles=-
retail_frame=308 camera=10326,-2745,2307,205,197,0 player=10129,-2765,2327,0,64,155,0 wingmate=0,0,0,0,0,0,0 rival=672,1084,1576,244,100,0,10 projectiles=-
retail_frame=312 camera=10418,-2775,2333,20,210,0 player=10221,-2795,2351,0,64,176,0 wingmate=0,0,0,0,0,0,0 rival=672,1064,1576,18,108,0,10 projectiles=-
retail_frame=316 camera=10500,-2799,2359,74,220,0 player=10304,-2819,2375,0,64,195,0 wingmate=0,0,0,0,0,0,0 rival=672,1044,1576,48,116,0,10 projectiles=-
retail_frame=320 camera=10573,-2818,2385,116,228,0 player=10381,-2838,2399,0,64,212,0 wingmate=0,0,0,0,0,0,0 rival=672,1044,1576,78,116,0,10 projectiles=-
retail_frame=324 camera=10639,-2834,2411,148,234,0 player=10454,-2854,2424,0,64,227,0 wingmate=0,0,0,0,0,0,0 rival=672,1044,1576,108,116,0,10 projectiles=-
retail_frame=328 camera=10699,-2846,2437,172,238,0 player=10523,-2866,2449,0,64,241,0 wingmate=0,0,0,0,0,0,0 rival=672,1044,1576,108,116,0,10 projectiles=-
retail_frame=332 camera=10753,-2855,2463,191,242,0 player=10590,-2875,2473,0,64,254,0 wingmate=0,0,0,0,0,0,0 rival=672,1044,1576,138,116,0,10 projectiles=-
retail_frame=336 camera=10801,-2861,2489,206,244,0 player=10652,-2881,2498,0,64,10,0 wingmate=0,0,0,0,0,0,0 rival=672,1044,1576,168,116,0,10 projectiles=-
retail_frame=340 camera=10799,-2863,2491,0,224,0 player=10652,-2881,2498,5,66,11,0 wingmate=1564,-1857,1218,5,70,255,0 rival=672,1044,1576,198,116,0,10 projectiles=-
retail_frame=344 camera=10782,-2862,2499,0,224,0 player=10652,-2881,2498,4,66,8,2 wingmate=1564,-1985,2114,4,66,0,2 rival=672,1044,1576,228,116,0,10 projectiles=-
retail_frame=348 camera=10764,-2862,2499,0,224,0 player=10650,-2881,2498,3,66,6,4 wingmate=1562,-2241,2114,3,66,0,4 rival=672,1044,1576,2,116,0,10 projectiles=-
retail_frame=352 camera=10744,-2862,2499,0,224,0 player=10646,-2881,2498,3,66,4,6 wingmate=1558,-2241,2114,3,66,0,6 rival=672,1044,1576,32,116,0,10 projectiles=-
retail_frame=356 camera=10723,-2862,2499,0,224,0 player=10640,-2881,2498,2,66,3,8 wingmate=10698,-2892,2502,0,0,0,8 rival=672,1044,1576,32,116,0,10 projectiles=-
retail_frame=360 camera=10723,-2862,2499,0,224,0 player=10640,-2881,2498,2,66,3,8 wingmate=1552,-2497,2114,2,66,0,8 rival=672,1044,1576,62,116,0,10 projectiles=-
retail_frame=364 camera=10700,-2862,2499,0,224,0 player=10633,-2881,2498,2,66,4,9 wingmate=1545,-2497,2114,2,66,0,9 rival=672,1044,1576,92,116,0,10 projectiles=-
retail_frame=368 camera=10677,-2862,2499,0,224,0 player=10625,-2881,2498,2,66,4,10 wingmate=1537,-2497,2114,2,66,0,10 rival=672,1044,1576,122,116,0,10 projectiles=-
retail_frame=372 camera=10674,-2863,2499,0,224,0 player=10616,-2881,2498,1,66,4,11 wingmate=1528,-2753,2114,1,66,0,11 rival=672,1044,1576,152,116,0,10 projectiles=-
retail_frame=376 camera=10648,-2863,2498,0,224,0 player=10606,-2881,2498,1,66,4,12 wingmate=1518,-2753,2114,1,66,0,12 rival=672,1044,1576,182,116,0,10 projectiles=-
retail_frame=380 camera=10635,-2864,2498,0,224,0 player=10595,-2881,2498,1,66,3,13 wingmate=1507,-2753,2114,1,66,0,13 rival=672,1044,1576,212,116,0,10 projectiles=-
retail_frame=384 camera=10621,-2864,2498,0,224,0 player=10583,-2881,2498,1,66,3,14 wingmate=1495,-2753,2114,1,66,0,14 rival=672,1044,1576,212,116,0,10 projectiles=-
retail_frame=388 camera=10621,-2864,2498,0,224,0 player=10583,-2881,2498,1,66,3,14 wingmate=1495,-2753,2114,1,66,0,14 rival=672,1044,1576,242,116,0,10 projectiles=-
retail_frame=392 camera=10606,-2864,2498,0,224,0 player=10570,-2881,2498,1,66,2,15 wingmate=1482,-2753,2114,1,66,0,15 rival=672,1044,1576,16,116,0,10 projectiles=-
retail_frame=396 camera=10590,-2865,2498,0,224,0 player=10556,-2881,2498,1,66,2,16 wingmate=1468,-2753,2114,1,66,0,16 rival=672,1044,1576,46,116,0,10 projectiles=-
retail_frame=400 camera=10573,-2865,2498,0,224,0 player=10541,-2881,2498,0,66,1,17 wingmate=1325,-2881,2114,0,66,0,17 rival=672,1044,1576,76,116,0,10 projectiles=-
retail_frame=404 camera=10555,-2866,2498,0,224,0 player=10525,-2881,2498,0,66,0,18 wingmate=1309,-2881,2114,0,66,0,18 rival=672,1044,1576,106,116,0,10 projectiles=-
retail_frame=408 camera=10537,-2867,2498,0,224,0 player=10508,-2881,2498,0,66,255,19 wingmate=1292,-2881,2114,0,66,0,19 rival=672,1044,1576,136,116,0,10 projectiles=-
retail_frame=412 camera=10518,-2867,2498,0,224,0 player=10490,-2881,2498,0,66,254,20 wingmate=1274,-2881,2114,0,66,0,20 rival=672,1044,1576,136,116,0,10 projectiles=-
retail_frame=416 camera=10518,-2867,2498,0,224,0 player=10490,-2881,2498,0,66,254,20 wingmate=1274,-2881,2114,0,66,0,20 rival=672,1044,1576,166,116,0,10 projectiles=-
retail_frame=420 camera=10515,-2868,2498,0,224,0 player=10471,-2881,2498,0,66,254,21 wingmate=1255,-2881,2114,0,66,0,21 rival=672,1044,1576,196,116,0,10 projectiles=-
retail_frame=424 camera=10507,-2869,2499,0,224,0 player=10451,-2881,2498,0,66,253,22 wingmate=1235,-2881,2114,0,66,0,22 rival=672,1044,1576,226,116,0,10 projectiles=-
retail_frame=428 camera=10499,-2870,2500,0,224,0 player=10430,-2881,2498,0,66,253,23 wingmate=1214,-2881,2114,0,66,0,23 rival=672,1044,1576,0,116,0,10 projectiles=-
retail_frame=432 camera=10490,-2872,2501,0,224,0 player=10409,-2881,2498,0,66,252,23 wingmate=1193,-2881,2114,0,66,0,23 rival=672,1044,1576,30,116,0,10 projectiles=-
retail_frame=436 camera=10482,-2873,2502,0,224,0 player=10388,-2881,2498,0,66,252,23 wingmate=1172,-2881,2114,0,66,0,23 rival=672,1044,1576,60,116,0,10 projectiles=-
retail_frame=440 camera=10473,-2874,2503,0,224,0 player=10367,-2881,2498,0,66,252,23 wingmate=10439,-2885,2503,0,0,0,23 rival=672,1044,1576,60,116,0,10 projectiles=-
retail_frame=444 camera=10473,-2874,2503,0,224,0 player=10367,-2881,2498,0,66,252,23 wingmate=1151,-2881,2114,0,66,0,23 rival=672,1044,1576,90,116,0,10 projectiles=-
retail_frame=448 camera=10465,-2875,2504,0,224,0 player=10346,-2881,2498,0,66,252,23 wingmate=1130,-2881,2114,0,66,0,23 rival=672,1044,1576,120,116,0,10 projectiles=-
retail_frame=452 camera=10462,-2876,2505,0,224,0 player=10325,-2881,2498,0,66,253,23 wingmate=1109,-2881,2114,0,66,0,23 rival=672,1044,1576,150,116,0,10 projectiles=-
retail_frame=456 camera=10460,-2875,2506,124,216,0 player=10304,-2881,2498,0,66,253,23 wingmate=1088,-2881,2114,0,66,0,23 rival=672,1044,1576,180,116,0,10 projectiles=-
retail_frame=460 camera=10438,-2874,2506,58,212,0 player=10283,-2881,2498,0,66,254,23 wingmate=1067,-2881,2114,0,66,0,23 rival=672,1044,1576,210,116,0,10 projectiles=-
retail_frame=464 camera=10416,-2873,2506,25,210,0 player=10262,-2881,2498,0,66,254,23 wingmate=1046,-2881,2114,0,66,0,23 rival=672,1044,1576,210,116,0,10 projectiles=-
retail_frame=468 camera=10416,-2873,2506,25,210,0 player=10241,-2881,2498,0,66,255,23 wingmate=10358,-2883,2506,0,66,255,23 rival=672,1044,1576,240,116,0,10 projectiles=-
retail_frame=472 camera=10394,-2872,2506,136,209,0 player=10241,-2881,2498,0,66,255,23 wingmate=1025,-2881,2114,0,66,0,23 rival=672,1044,1576,14,116,0,10 projectiles=-
retail_frame=476 camera=10372,-2871,2506,192,208,0 player=10220,-2881,2498,0,66,0,23 wingmate=1004,-2881,2114,0,66,0,23 rival=672,1044,1576,44,116,0,10 projectiles=-
retail_frame=480 camera=10350,-2870,2506,220,208,0 player=10199,-2881,2498,0,66,1,23 wingmate=983,-2881,2114,0,66,0,23 rival=672,1044,1576,74,116,0,10 projectiles=-
retail_frame=484 camera=10328,-2869,2506,234,208,0 player=10178,-2881,2498,0,66,2,23 wingmate=962,-2881,2114,0,66,0,23 rival=672,1044,1576,104,116,0,10 projectiles=-
retail_frame=488 camera=10306,-2868,2506,241,208,0 player=10157,-2881,2498,0,66,2,23 wingmate=941,-2881,2114,0,66,0,23 rival=672,1044,1576,134,116,0,10 projectiles=-
retail_frame=492 camera=10275,-2861,2506,241,208,0 player=10136,-2881,2498,0,66,3,23 wingmate=10157,-2881,2498,0,67,0,23 rival=672,1044,1576,134,116,0,10 projectiles=-
retail_frame=496 camera=10284,-2867,2506,244,208,0 player=10136,-2881,2498,0,66,3,23 wingmate=920,-2881,2114,0,66,0,23 rival=672,1044,1576,164,116,0,10 projectiles=-
retail_frame=500 camera=10262,-2866,2506,246,208,0 player=10115,-2881,2498,0,66,3,23 wingmate=899,-2881,2114,0,66,0,23 rival=672,1044,1576,194,116,0,10 projectiles=-
retail_frame=504 camera=10240,-2865,2506,247,208,0 player=10094,-2881,2498,0,66,4,23 wingmate=878,-2881,2114,0,66,0,23 rival=672,1044,1576,224,116,0,10 projectiles=-
retail_frame=508 camera=10218,-2864,2506,248,208,0 player=10073,-2881,2498,0,66,4,23 wingmate=857,-2881,2114,0,66,0,23 rival=672,1044,1576,254,116,0,10 projectiles=-
retail_frame=512 camera=10196,-2863,2506,248,208,0 player=10052,-2881,2498,0,66,4,23 wingmate=836,-2881,2114,0,66,0,23 rival=672,1044,1576,28,116,0,10 projectiles=-
retail_frame=516 camera=10174,-2862,2506,248,208,0 player=10031,-2881,2498,0,66,4,23 wingmate=815,-2881,2114,0,66,0,23 rival=672,1044,1576,58,116,0,10 projectiles=-
retail_frame=520 camera=10152,-2861,2506,248,208,0 player=10010,-2881,2498,0,66,3,23 wingmate=794,-2881,2114,0,66,0,23 rival=672,1044,1576,88,116,0,10 projectiles=-
retail_frame=524 camera=10130,-2861,2509,240,88,0 player=9989,-2881,2498,0,66,3,23 wingmate=10010,-2881,2498,4,0,0,23 rival=672,1044,1576,88,116,0,10 projectiles=-
retail_frame=528 camera=10130,-2861,2509,240,88,0 player=9989,-2881,2498,0,66,3,23 wingmate=773,-2881,2114,0,66,0,23 rival=672,1044,1576,118,116,0,10 projectiles=-
retail_frame=532 camera=10108,-2861,2509,236,28,0 player=9968,-2881,2498,0,66,2,23 wingmate=752,-2881,2114,0,66,0,23 rival=672,1044,1576,148,116,0,10 projectiles=-
retail_frame=536 camera=10086,-2861,2509,234,254,0 player=9947,-2881,2498,0,66,2,23 wingmate=731,-2881,2114,0,66,0,23 rival=672,1044,1576,178,116,0,10 projectiles=-
retail_frame=540 camera=10065,-2861,2509,233,239,0 player=9926,-2881,2498,0,66,1,23 wingmate=710,-2881,2114,0,66,0,23 rival=672,1044,1576,208,116,0,10 projectiles=-
retail_frame=544 camera=10044,-2861,2509,232,232,0 player=9905,-2881,2498,0,66,0,23 wingmate=689,-2881,2114,0,66,0,23 rival=672,1044,1576,238,116,0,10 projectiles=-
retail_frame=548 camera=10023,-2861,2509,232,228,0 player=9884,-2881,2498,0,66,255,23 wingmate=668,-2881,2114,0,66,0,23 rival=672,1044,1576,12,116,0,10 projectiles=-
retail_frame=552 camera=10002,-2861,2509,232,226,0 player=9863,-2881,2498,0,66,254,23 wingmate=647,-2881,2114,0,66,0,23 rival=672,1044,1576,42,116,0,10 projectiles=-
retail_frame=556 camera=9981,-2861,2509,232,225,0 player=9842,-2881,2498,0,66,254,23 wingmate=626,-2881,2114,0,66,0,23 rival=672,1044,1576,72,116,0,10 projectiles=-
retail_frame=560 camera=9960,-2861,2509,232,224,0 player=9821,-2881,2498,0,66,253,23 wingmate=605,-2881,2114,0,66,0,23 rival=672,1044,1576,72,116,0,10 projectiles=-
retail_frame=564 camera=9960,-2861,2509,232,224,0 player=9800,-2881,2498,0,66,253,23 wingmate=9917,-2884,2506,0,66,253,23 rival=672,1044,1576,72,116,0,10 projectiles=-
retail_frame=568 camera=9939,-2861,2509,232,224,0 player=9800,-2881,2498,0,66,253,23 wingmate=584,-2881,2114,0,66,0,23 rival=796,956,1584,5,196,0,40 projectiles=-
retail_frame=572 camera=9918,-2861,2512,220,120,0 player=9779,-2881,2498,0,66,252,23 wingmate=563,-2881,2114,0,66,0,23 rival=920,868,1592,35,196,0,40 projectiles=-
retail_frame=576 camera=9854,-2885,2506,0,224,0 player=9737,-2881,2498,0,66,252,23 wingmate=9854,-2885,2506,0,66,252,23 rival=1044,780,1600,65,196,0,40 projectiles=-
retail_frame=580 camera=9855,-2861,2512,210,29,0 player=9716,-2881,2498,0,66,252,23 wingmate=500,-2881,2114,0,66,0,23 rival=1292,604,1616,125,196,0,40 projectiles=-
retail_frame=584 camera=9834,-2861,2512,209,23,0 player=9695,-2881,2498,0,66,253,23 wingmate=479,-2881,2114,0,66,0,23 rival=1416,516,1624,155,196,0,40 projectiles=-
retail_frame=588 camera=9813,-2861,2512,208,20,0 player=9674,-2881,2498,0,66,253,23 wingmate=458,-2881,2114,0,66,0,23 rival=1540,428,1632,185,196,0,40 projectiles=-
retail_frame=592 camera=9792,-2861,2512,208,18,0 player=9653,-2881,2498,0,66,254,23 wingmate=437,-2881,2114,0,66,0,23 rival=1664,340,1640,215,196,0,40 projectiles=-
retail_frame=596 camera=9771,-2861,2512,208,17,0 player=9632,-2881,2498,0,66,254,23 wingmate=416,-2881,2114,0,66,0,23 rival=1788,252,1648,245,196,0,40 projectiles=-
retail_frame=600 camera=9750,-2861,2512,208,16,0 player=9590,-2881,2498,0,66,0,23 wingmate=9707,-2884,2506,0,66,0,23 rival=1912,164,1656,19,196,0,40 projectiles=-
retail_frame=604 camera=9708,-2861,2512,208,16,0 player=9569,-2881,2498,0,66,1,23 wingmate=9590,-2881,2498,0,69,0,23 rival=2036,76,1664,49,196,0,40 projectiles=-
retail_frame=608 camera=9687,-2861,2512,208,16,0 player=9548,-2881,2498,0,66,2,23 wingmate=332,-2881,2114,0,66,0,23 rival=2284,-100,1680,109,196,0,40 projectiles=-
retail_frame=612 camera=9666,-2861,2512,208,16,0 player=9527,-2881,2498,0,66,2,23 wingmate=311,-2881,2114,0,66,0,23 rival=2408,-188,1688,139,196,0,40 projectiles=-
retail_frame=616 camera=9645,-2861,2512,208,16,0 player=9506,-2881,2498,0,66,3,23 wingmate=290,-2881,2114,0,66,0,23 rival=2532,-276,1696,169,196,0,40 projectiles=-
retail_frame=620 camera=9624,-2861,2512,208,16,0 player=9485,-2881,2498,0,66,3,23 wingmate=269,-2881,2114,0,66,0,23 rival=2656,-364,1704,199,196,0,40 projectiles=-
retail_frame=624 camera=9582,-2861,2512,208,16,0 player=9443,-2881,2498,0,66,4,23 wingmate=227,-2881,2114,0,66,0,23 rival=2904,-540,1720,3,196,0,40 projectiles=-
retail_frame=628 camera=9561,-2861,2512,208,16,0 player=9422,-2881,2498,0,66,4,23 wingmate=206,-2881,2114,0,66,0,23 rival=3028,-628,1728,33,196,0,40 projectiles=-
retail_frame=632 camera=9540,-2861,2512,208,16,0 player=9401,-2881,2498,0,66,4,23 wingmate=185,-2881,2114,0,66,0,23 rival=3152,-716,1736,63,196,0,40 projectiles=-
retail_frame=636 camera=9498,-2861,2512,208,16,0 player=9359,-2881,2498,0,66,3,23 wingmate=143,-2881,2114,0,66,0,23 rival=3400,-892,1752,123,196,0,40 projectiles=-
retail_frame=640 camera=9476,-2861,2514,200,192,0 player=9338,-2881,2498,0,66,2,23 wingmate=122,-2881,2114,0,66,0,23 rival=3524,-980,1760,153,196,0,40 projectiles=-
retail_frame=644 camera=9455,-2861,2514,196,152,0 player=9296,-2881,2498,0,66,1,23 wingmate=101,-2881,2114,0,66,1,23 rival=3648,-1068,1768,183,196,0,40 projectiles=-
retail_frame=648 camera=9413,-2861,2514,193,122,0 player=9275,-2881,2498,0,66,0,23 wingmate=59,-2881,2114,0,66,0,23 rival=3896,-1244,1784,243,196,0,40 projectiles=-
retail_frame=652 camera=9392,-2861,2514,192,117,0 player=9254,-2881,2498,0,66,255,23 wingmate=38,-2881,2114,0,66,0,23 rival=4020,-1332,1792,17,196,0,40 projectiles=-
retail_frame=656 camera=9371,-2861,2514,192,115,0 player=9212,-2881,2498,0,66,254,23 wingmate=17,-2881,2114,0,66,254,23 rival=4144,-1420,1800,47,196,0,40 projectiles=-
retail_frame=660 camera=9329,-2861,2514,192,113,0 player=9191,-2881,2498,0,66,253,23 wingmate=-25,-2881,2114,0,66,0,23 rival=4392,-1596,1816,107,196,0,40 projectiles=-
retail_frame=664 camera=9308,-2861,2514,192,112,0 player=9170,-2881,2498,0,66,253,23 wingmate=-46,-2881,2114,0,66,0,23 rival=4516,-1684,1824,137,196,0,40 projectiles=-
retail_frame=668 camera=9287,-2861,2514,192,112,0 player=9128,-2881,2498,0,66,252,23 wingmate=-67,-2881,2114,0,66,252,23 rival=4640,-1772,1832,167,196,0,40 projectiles=-
retail_frame=672 camera=9245,-2861,2514,192,112,0 player=9107,-2881,2498,0,66,252,23 wingmate=-109,-2881,2114,0,66,0,23 rival=4888,-1948,1848,227,196,0,40 projectiles=-
retail_frame=676 camera=9224,-2861,2517,184,248,0 player=9086,-2881,2498,0,66,252,23 wingmate=-130,-2881,2114,0,66,0,23 rival=5012,-2036,1856,1,196,0,40 projectiles=-
retail_frame=680 camera=9203,-2861,2517,180,188,0 player=9044,-2881,2498,0,66,253,23 wingmate=-151,-2881,2114,0,66,253,23 rival=5136,-2124,1864,31,196,0,40 projectiles=-
retail_frame=684 camera=9161,-2861,2517,177,143,0 player=9023,-2881,2498,0,66,254,23 wingmate=-193,-2881,2114,0,66,0,23 rival=5384,-2300,1880,91,196,0,40 projectiles=-
retail_frame=688 camera=9140,-2861,2517,176,136,0 player=9002,-2881,2498,0,66,254,23 wingmate=-214,-2881,2114,0,66,0,23 rival=5508,-2388,1888,121,196,0,40 projectiles=-
retail_frame=692 camera=9077,-2884,2506,0,224,0 player=8960,-2881,2498,0,66,0,23 wingmate=8981,-2881,2498,0,72,0,23 rival=5632,-2476,1896,151,196,0,40 projectiles=-
retail_frame=696 camera=9076,-2861,2520,176,205,0 player=8939,-2881,2498,0,66,1,23 wingmate=-277,-2881,2114,0,66,0,23 rival=5880,-2652,1912,211,196,0,40 projectiles=-
retail_frame=700 camera=9055,-2861,2520,176,175,0 player=8918,-2881,2498,0,66,2,23 wingmate=-298,-2881,2114,0,66,0,23 rival=6004,-2740,1920,241,196,0,40 projectiles=-
retail_frame=704 camera=8993,-2883,2506,0,224,0 player=8876,-2881,2498,0,66,3,23 wingmate=8993,-2883,2506,0,66,3,23 rival=6128,-2828,1928,15,196,0,40 projectiles=-
retail_frame=708 camera=8991,-2861,2523,176,224,0 player=8855,-2881,2498,0,66,3,23 wingmate=-361,-2881,2114,0,66,0,23 rival=6376,-3004,1944,75,196,0,40 projectiles=-
retail_frame=712 camera=8970,-2861,2523,176,192,0 player=8834,-2881,2498,0,66,4,23 wingmate=-382,-2881,2114,0,66,0,23 rival=6500,-3092,1952,105,196,0,40 projectiles=-
retail_frame=716 camera=8909,-2880,2506,0,224,0 player=8792,-2881,2498,0,66,4,23 wingmate=8813,-2881,2498,0,74,0,23 rival=6624,-3180,1960,135,196,0,40 projectiles=-
retail_frame=720 camera=8906,-2861,2528,149,172,0 player=8771,-2881,2498,0,66,4,23 wingmate=-445,-2881,2114,0,66,0,23 rival=6872,-3356,1976,195,196,0,40 projectiles=-
retail_frame=724 camera=8885,-2861,2528,150,118,0 player=8750,-2881,2498,0,66,3,23 wingmate=-466,-2881,2114,0,66,0,23 rival=6996,-3444,1984,225,196,0,40 projectiles=-
retail_frame=728 camera=8825,-2879,2506,0,224,0 player=8708,-2881,2498,0,66,2,23 wingmate=7120,-3532,1992,0,66,2,23 rival=7120,-3532,1992,255,196,0,40 projectiles=-
retail_frame=732 camera=8819,-2861,2537,42,121,0 player=8687,-2881,2498,0,66,2,23 wingmate=-529,-2881,2114,0,66,0,23 rival=7368,-3708,2008,29,196,0,40 projectiles=-
retail_frame=736 camera=8797,-2861,2540,169,172,0 player=8666,-2881,2498,0,66,1,23 wingmate=-550,-2881,2114,0,66,0,23 rival=7492,-3796,2016,89,196,0,40 projectiles=-
retail_frame=740 camera=8741,-2880,2506,0,224,0 player=8624,-2881,2498,0,66,255,23 wingmate=7616,-3884,2024,0,66,255,23 rival=7616,-3884,2024,119,196,0,40 projectiles=-
retail_frame=744 camera=8730,-2861,2548,185,61,0 player=8603,-2881,2498,0,66,254,23 wingmate=-613,-2881,2114,0,66,0,23 rival=7740,-3972,2032,149,196,0,40 projectiles=-
retail_frame=748 camera=8708,-2861,2551,232,182,0 player=8582,-2881,2498,0,66,254,23 wingmate=-634,-2881,2114,0,66,0,23 rival=7988,-4148,2048,209,196,0,40 projectiles=-
retail_frame=752 camera=8657,-2881,2506,0,224,0 player=8540,-2881,2498,0,66,253,23 wingmate=8112,-4236,2056,0,66,253,23 rival=8112,-4236,2056,239,196,0,40 projectiles=-
retail_frame=756 camera=8641,-2861,2558,84,206,0 player=8519,-2881,2498,0,66,252,23 wingmate=-697,-2881,2114,0,66,0,23 rival=8360,-4412,2072,13,196,0,40 projectiles=-
retail_frame=760 camera=8619,-2861,2560,106,23,0 player=8498,-2881,2498,0,66,252,23 wingmate=-718,-2881,2114,0,66,0,23 rival=8484,-4500,2080,73,196,0,40 projectiles=-
retail_frame=764 camera=8573,-2884,2506,0,224,0 player=8456,-2881,2498,0,66,252,23 wingmate=8608,-4588,2088,0,66,252,23 rival=8608,-4588,2088,103,196,0,40 projectiles=-
retail_frame=768 camera=8551,-2861,2568,171,138,0 player=8435,-2881,2498,0,66,253,23 wingmate=-781,-2881,2114,0,66,0,23 rival=8856,-4764,2104,163,196,0,40 projectiles=-
retail_frame=772 camera=8528,-2861,2571,185,181,0 player=8414,-2881,2498,0,66,253,23 wingmate=-802,-2881,2114,0,66,0,23 rival=8980,-4852,2112,193,196,0,40 projectiles=-
retail_frame=776 camera=8489,-2885,2506,0,224,0 player=8372,-2881,2498,0,66,254,23 wingmate=9104,-4940,2120,0,66,254,23 rival=9104,-4940,2120,223,196,0,40 projectiles=-
retail_frame=780 camera=8460,-2861,2577,220,42,0 player=8351,-2881,2498,0,66,255,23 wingmate=-865,-2881,2114,0,66,0,23 rival=9352,-5116,2136,27,196,0,40 projectiles=-
retail_frame=784 camera=8436,-2861,2579,234,61,0 player=8330,-2881,2498,0,66,0,23 wingmate=-886,-2881,2114,0,66,0,23 rival=9476,-5204,2144,57,196,0,40 projectiles=-
retail_frame=788 camera=8405,-2884,2506,0,224,0 player=8288,-2881,2498,0,66,2,23 wingmate=9600,-5292,2152,0,66,2,23 rival=9600,-5292,2152,87,196,0,40 projectiles=-
retail_frame=792 camera=8367,-2861,2586,11,135,0 player=8267,-2881,2498,0,66,2,23 wingmate=-949,-2881,2114,0,66,0,23 rival=9848,-5468,2168,147,196,0,40 projectiles=-
retail_frame=796 camera=8343,-2861,2588,21,147,0 player=8246,-2881,2498,0,66,3,23 wingmate=-970,-2881,2114,0,66,0,23 rival=9972,-5556,2176,177,196,0,40 projectiles=-
retail_frame=800 camera=8321,-2883,2506,0,224,0 player=8204,-2881,2498,0,66,4,23 wingmate=10096,-5644,2184,0,66,4,23 rival=10096,-5644,2184,207,196,0,40 projectiles=-
retail_frame=804 camera=8274,-2861,2593,52,216,0 player=8183,-2881,2498,0,66,4,23 wingmate=-1033,-2881,2114,0,66,0,23 rival=10344,-5820,2200,11,196,0,40 projectiles=-
retail_frame=808 camera=8251,-2861,2594,58,252,0 player=8162,-2881,2498,0,66,4,23 wingmate=-1054,-2881,2114,0,66,0,23 rival=10468,-5908,2208,41,196,0,40 projectiles=-
retail_frame=812 camera=8237,-2880,2506,0,224,0 player=8120,-2881,2498,0,66,3,23 wingmate=10592,-5996,2216,0,66,3,23 rival=10592,-5996,2216,71,196,0,40 projectiles=-
retail_frame=816 camera=8180,-2861,2599,75,43,0 player=8099,-2881,2498,0,66,3,23 wingmate=-1117,-2881,2114,0,66,0,23 rival=10840,-6172,2232,131,196,0,40 projectiles=-
retail_frame=820 camera=8157,-2861,2601,77,53,0 player=8078,-2881,2498,0,66,2,23 wingmate=-1138,-2881,2114,0,66,0,23 rival=10964,-6260,2240,161,196,0,40 projectiles=-
retail_frame=824 camera=8153,-2879,2506,0,224,0 player=8036,-2881,2498,0,66,1,23 wingmate=11088,-6348,2248,0,66,1,23 rival=11088,-6348,2248,191,196,0,40 projectiles=-
retail_frame=828 camera=8086,-2861,2604,101,114,0 player=8015,-2881,2498,0,66,0,23 wingmate=-1201,-2881,2114,0,66,0,23 rival=11336,-6524,2264,251,196,0,40 projectiles=-
retail_frame=832 camera=8062,-2861,2606,106,129,0 player=7994,-2881,2498,0,66,255,23 wingmate=-1222,-2881,2114,0,66,0,23 rival=11460,-6612,2272,25,196,0,40 projectiles=-
retail_frame=836 camera=8069,-2880,2506,0,224,0 player=7952,-2881,2498,0,66,254,23 wingmate=11584,-6700,2280,0,66,254,23 rival=11584,-6700,2280,55,196,0,40 projectiles=-
retail_frame=840 camera=7991,-2861,2609,123,178,0 player=7931,-2881,2498,0,66,253,23 wingmate=-1285,-2881,2114,0,66,0,23 rival=11832,-6876,2296,115,196,0,40 projectiles=-
retail_frame=844 camera=7967,-2861,2610,129,209,0 player=7910,-2881,2498,0,66,253,23 wingmate=-1306,-2881,2114,0,66,0,23 rival=11956,-6964,2304,145,196,0,40 projectiles=-
retail_frame=848 camera=7985,-2881,2506,0,224,0 player=7868,-2881,2498,0,66,252,23 wingmate=12080,-7052,2312,0,66,252,23 rival=12080,-7052,2312,175,196,0,40 projectiles=-
retail_frame=852 camera=7896,-2861,2613,149,252,0 player=7847,-2881,2498,0,66,252,23 wingmate=-1369,-2881,2114,0,66,0,23 rival=12328,-7228,2328,235,196,0,40 projectiles=-
retail_frame=856 camera=7872,-2861,2613,150,6,0 player=7826,-2881,2498,0,66,252,23 wingmate=-1390,-2881,2114,0,66,0,23 rival=12452,-7316,2336,9,196,0,40 projectiles=-
retail_frame=860 camera=7901,-2884,2506,0,224,0 player=7784,-2881,2498,0,66,253,23 wingmate=12576,-7404,2344,0,66,253,23 rival=12576,-7404,2344,39,196,0,40 projectiles=-
retail_frame=864 camera=7800,-2861,2615,165,50,0 player=7763,-2881,2498,0,66,254,23 wingmate=-1453,-2881,2114,0,66,0,23 rival=12824,-7580,2360,99,196,0,40 projectiles=-
retail_frame=868 camera=7777,-2861,2616,166,57,0 player=7742,-2881,2498,0,66,254,23 wingmate=-1474,-2881,2114,0,66,0,23 rival=12948,-7668,2368,129,196,0,40 projectiles=-
retail_frame=872 camera=7817,-2885,2506,0,224,0 player=7700,-2881,2498,0,66,0,23 wingmate=13072,-7756,2376,0,66,0,23 rival=13072,-7756,2376,159,196,0,40 projectiles=-
