# Compact semantic Mirage Dragon follow schedule.
# Raw source SHA-256: f30785e432e546175401e534dd9dcf3ba1d10ab3ffde7e77928f0467ead44732
# sample_start_elapsed=71196
retail_frame=76 actions=head-vertical:0,head-pitch:236,head-yaw:236,head-move,position:1,pitch:2,yaw:2,position:2,pitch:3,yaw:3,position:3,pitch:4,yaw:4,position:4
retail_frame=80 actions=pitch:5,yaw:5,position:5,pitch:6,yaw:6,position:6,pitch:7,yaw:7,position:7,pitch:8,yaw:8,position:8,pitch:9,yaw:9,position:9,head-vertical:0,head-pitch:236,head-yaw:236,head-move
retail_frame=84 actions=pitch:1,yaw:1,position:1,pitch:2,yaw:2,position:2,pitch:3,yaw:3,position:3,pitch:4,yaw:4,position:4,pitch:5,yaw:5,position:5,pitch:6,yaw:6,position:6,pitch:7,yaw:7,position:7,pitch:8,yaw:8,position:8,pitch:9,yaw:9,position:9
retail_frame=88 actions=head-vertical:-8,head-pitch:236,head-yaw:236,head-move,pitch:1,yaw:1,position:1,pitch:2,yaw:2,position:2,pitch:3,yaw:3,position:3,pitch:4,yaw:4,position:4,pitch:5,yaw:5,position:5,pitch:6,yaw:6,position:6,pitch:7,yaw:7,position:7,pitch:8,yaw:8,position:8,pitch:9,yaw:9,position:9
retail_frame=92 actions=head-vertical:-8,head-pitch:236,head-yaw:236,head-move,pitch:1,yaw:1,position:1,pitch:2,yaw:2,position:2,pitch:3,yaw:3,position:3,pitch:4,yaw:4,position:4,pitch:5,yaw:5,position:5,pitch:6,yaw:6,position:6,pitch:7,yaw:7,position:7,pitch:8,yaw:8,position:8,pitch:9,yaw:9,position:9
retail_frame=96 actions=head-vertical:-8,head-pitch:236,head-yaw:236,head-move,pitch:1,yaw:1,position:1,pitch:2,yaw:2,position:2,pitch:3,yaw:3,position:3,pitch:4,yaw:4,position:4,pitch:5,yaw:5,position:5,pitch:6,yaw:6,position:6,pitch:7,yaw:7,position:7,pitch:8,yaw:8,position:8,pitch:9,yaw:9,position:9
retail_frame=100 actions=head-vertical:-16,head-pitch:20,head-yaw:0,head-move,pitch:1,yaw:1,position:1,pitch:2,yaw:2,position:2,pitch:3,yaw:3,position:3,pitch:4,yaw:4,position:4,pitch:5,yaw:5,position:5,pitch:6,yaw:6,position:6,pitch:7,yaw:7,position:7,pitch:8,yaw:8,position:8,pitch:9,yaw:9,position:9
retail_frame=104 actions=head-vertical:-8,head-pitch:20,head-yaw:0,head-move,pitch:1,yaw:1,position:1,pitch:2,yaw:2,position:2,pitch:3,yaw:3,position:3,pitch:4,yaw:4,position:4,pitch:5,yaw:5,position:5,pitch:6,yaw:6,position:6,pitch:7,yaw:7,position:7,pitch:8,yaw:8,position:8
retail_frame=108 actions=pitch:9,yaw:9,position:9,head-vertical:0,head-pitch:20,head-yaw:0,head-move,pitch:1,yaw:1,position:1,pitch:2,yaw:2,position:2,pitch:3,yaw:3,position:3,pitch:4,yaw:4,position:4,pitch:5,yaw:5,position:5,pitch:6,yaw:6,position:6
retail_frame=112 actions=pitch:7,yaw:7,position:7,pitch:8,yaw:8,position:8,pitch:9,yaw:9,position:9,head-vertical:0,head-pitch:20,head-yaw:0,head-move,pitch:1,yaw:1,position:1,pitch:2,yaw:2,position:2,pitch:3,yaw:3,position:3,pitch:4,yaw:4,position:4
retail_frame=116 actions=pitch:5,yaw:5,position:5,pitch:6,yaw:6,position:6,pitch:7,yaw:7,position:7,pitch:8,yaw:8,position:8,pitch:9,yaw:9,position:9,head-vertical:0,head-pitch:20,head-yaw:0,head-move,pitch:1,yaw:1,position:1,pitch:2,yaw:2,position:2,pitch:3,yaw:3,position:3
retail_frame=120 actions=pitch:4,yaw:4,position:4,pitch:5,yaw:5,position:5,pitch:6,yaw:6,position:6,pitch:7,yaw:7,position:7,pitch:8,yaw:8,position:8,pitch:9,yaw:9,position:9,head-vertical:0,head-pitch:20,head-yaw:0,head-move,pitch:1,yaw:1,position:1
retail_frame=124 actions=pitch:2,yaw:2,position:2,pitch:3,yaw:3,position:3,pitch:4,yaw:4,position:4,pitch:5,yaw:5,position:5,pitch:6,yaw:6,position:6,pitch:7,yaw:7,position:7,pitch:8,yaw:8,position:8,pitch:9,yaw:9,position:9,head-vertical:-8,head-pitch:20,head-yaw:0,head-move
retail_frame=128 actions=pitch:1,yaw:1,position:1,pitch:2,yaw:2,position:2,pitch:3,yaw:3,position:3,pitch:4,yaw:4,position:4,pitch:5,yaw:5,position:5,pitch:6,yaw:6,position:6,pitch:7,yaw:7,position:7,pitch:8,yaw:8,position:8,pitch:9,yaw:9,position:9
retail_frame=132 actions=head-vertical:-8,head-pitch:20,head-yaw:0,head-move,pitch:1,yaw:1,position:1,pitch:2,yaw:2,position:2,pitch:3,yaw:3,position:3,pitch:4,yaw:4,position:4,pitch:5,yaw:5,position:5,pitch:6,yaw:6,position:6,pitch:7,yaw:7,position:7,pitch:8,yaw:8,position:8,pitch:9,yaw:9,position:9
retail_frame=136 actions=head-vertical:-8,head-pitch:236,head-yaw:0,head-move,pitch:1,yaw:1,position:1,pitch:2,yaw:2,position:2,pitch:3,yaw:3,position:3,pitch:4,yaw:4,position:4,pitch:5,yaw:5,position:5,pitch:6,yaw:6,position:6,pitch:7,yaw:7,position:7,pitch:8,yaw:8,position:8,pitch:9,yaw:9,position:9
retail_frame=140 actions=head-vertical:0,head-pitch:236,head-yaw:0,head-move,pitch:1,yaw:1,position:1,pitch:2,yaw:2,position:2,pitch:3,yaw:3,position:3,pitch:4,yaw:4,position:4,pitch:5,yaw:5,position:5,pitch:6,yaw:6,position:6,pitch:7,yaw:7,position:7,pitch:8,yaw:8,position:8,pitch:9,yaw:9,position:9
retail_frame=144 actions=head-vertical:0,head-pitch:236,head-yaw:0,head-move,pitch:1,yaw:1,position:1,pitch:2,yaw:2,position:2,pitch:3,yaw:3,position:3,pitch:4,yaw:4,position:4,pitch:5,yaw:5,position:5,pitch:6,yaw:6,position:6,pitch:7,yaw:7,position:7,pitch:8,yaw:8,position:8,pitch:9,yaw:9,position:9
retail_frame=148 actions=head-vertical:0,head-pitch:236,head-yaw:0,head-move,pitch:1,yaw:1,position:1,pitch:2,yaw:2,position:2,pitch:3,yaw:3,position:3,pitch:4,yaw:4,position:4,pitch:5,yaw:5,position:5,pitch:6,yaw:6,position:6,pitch:7,yaw:7,position:7,pitch:8,yaw:8,position:8,pitch:9,yaw:9,position:9
retail_frame=152 actions=head-vertical:0,head-pitch:236,head-yaw:0,head-move,pitch:1,yaw:1,position:1,pitch:2,yaw:2,position:2,pitch:3,yaw:3,position:3,pitch:4,yaw:4,position:4,pitch:5,yaw:5,position:5,pitch:6,yaw:6,position:6,pitch:7
retail_frame=156 actions=yaw:7,position:7,pitch:8,yaw:8,position:8,pitch:9,yaw:9,position:9,head-vertical:-8,head-pitch:236,head-yaw:0,head-vertical:-8,head-pitch:236,head-yaw:0,head-move,pitch:1,yaw:1,position:1,pitch:2,yaw:2,position:2
retail_frame=160 actions=pitch:3,yaw:3,position:3,pitch:4,yaw:4,position:4,pitch:5,yaw:5,position:5,pitch:6,yaw:6,position:6,pitch:7,yaw:7,position:7,pitch:8,yaw:8,position:8,pitch:9,yaw:9,position:9,head-vertical:-8,head-pitch:236,head-yaw:0,head-move,pitch:1,yaw:1,position:1,pitch:2,yaw:2,position:2,pitch:3,yaw:3,position:3,pitch:4,yaw:4,position:4
retail_frame=164 actions=pitch:5,yaw:5,position:5,pitch:6,yaw:6,position:6,pitch:7,yaw:7,position:7,pitch:8,yaw:8,position:8,pitch:9,yaw:9,position:9,head-vertical:-8,head-pitch:236,head-yaw:0,head-move,pitch:1,yaw:1,position:1,pitch:2,yaw:2,position:2,pitch:3,yaw:3,position:3,pitch:4,yaw:4,position:4,pitch:5,yaw:5,position:5
retail_frame=168 actions=pitch:6,yaw:6,position:6,pitch:7,yaw:7,position:7,pitch:8,yaw:8,position:8,pitch:9,yaw:9,position:9,head-vertical:-16,head-pitch:20,head-yaw:0,head-move,pitch:1,yaw:1,position:1,pitch:2,yaw:2,position:2,pitch:3,yaw:3,position:3,pitch:4,yaw:4,position:4,pitch:5,yaw:5,position:5,pitch:6,yaw:6,position:6
retail_frame=172 actions=pitch:7,yaw:7,position:7,pitch:8,yaw:8,position:8,pitch:9,yaw:9,position:9,head-vertical:-8,head-pitch:20,head-yaw:0,head-move,pitch:1,yaw:1,position:1,pitch:2,yaw:2,position:2,pitch:3,yaw:3,position:3,pitch:4,yaw:4,position:4,pitch:5,yaw:5,position:5,pitch:6,yaw:6,position:6,pitch:7,yaw:7,position:7
retail_frame=176 actions=pitch:8,yaw:8,position:8,pitch:9,yaw:9,position:9,head-vertical:0,head-pitch:20,head-yaw:0,head-move,pitch:1,yaw:1,position:1,pitch:2,yaw:2,position:2,pitch:3,yaw:3,position:3,pitch:4,yaw:4,position:4,pitch:5,yaw:5,position:5,pitch:6,yaw:6,position:6
retail_frame=180 actions=pitch:7,yaw:7,position:7,pitch:8,yaw:8,position:8,pitch:9,yaw:9,position:9,head-vertical:0,head-pitch:20,head-yaw:0,head-move,pitch:1,yaw:1,position:1,pitch:2,yaw:2,position:2,pitch:3,yaw:3,position:3,pitch:4,yaw:4,position:4,pitch:5,yaw:5,position:5,pitch:6,yaw:6,position:6,pitch:7,yaw:7,position:7,pitch:8
retail_frame=184 actions=yaw:8,position:8,pitch:9,yaw:9,position:9,head-vertical:0,head-pitch:20,head-yaw:0,head-move,pitch:1,yaw:1,position:1,pitch:2,yaw:2,position:2,pitch:3,yaw:3,position:3,pitch:4,yaw:4,position:4,pitch:5,yaw:5,position:5,pitch:6,yaw:6,position:6,pitch:7,yaw:7,position:7,pitch:8,yaw:8,position:8,pitch:9,yaw:9
retail_frame=188 actions=position:9,head-vertical:0,head-pitch:20,head-yaw:0,head-move,pitch:1,yaw:1,position:1,pitch:2,yaw:2,position:2,pitch:3,yaw:3,position:3,pitch:4,yaw:4,position:4,pitch:5,yaw:5,position:5,pitch:6,yaw:6,position:6,pitch:7,yaw:7,position:7,pitch:8,yaw:8,position:8,pitch:9,yaw:9,position:9
retail_frame=192 actions=head-vertical:-8,head-pitch:20,head-yaw:0,head-move,pitch:1,yaw:1,position:1,pitch:2,yaw:2,position:2,pitch:3,yaw:3,position:3,pitch:4,yaw:4,position:4,pitch:5,yaw:5,position:5,pitch:6,yaw:6,position:6,pitch:7,yaw:7,position:7,pitch:8,yaw:8,position:8,pitch:9,yaw:9,position:9
retail_frame=196 actions=head-vertical:-8,head-pitch:20,head-yaw:0,head-move,pitch:1,yaw:1,position:1,pitch:2,yaw:2,position:2,pitch:3,yaw:3,position:3,pitch:4,yaw:4,position:4,pitch:5,yaw:5,position:5,pitch:6,yaw:6,position:6,pitch:7,yaw:7,position:7,pitch:8,yaw:8,position:8,pitch:9,yaw:9,position:9
retail_frame=200 actions=head-vertical:-8,head-pitch:236,head-yaw:0,head-move,pitch:1,yaw:1,position:1,pitch:2,yaw:2,position:2,pitch:3,yaw:3,position:3,pitch:4,yaw:4,position:4,pitch:5,yaw:5,position:5,pitch:6,yaw:6,position:6,pitch:7,yaw:7,position:7,pitch:8,yaw:8,position:8,pitch:9,yaw:9,position:9
retail_frame=204 actions=head-vertical:0,head-pitch:236,head-yaw:0,head-move,pitch:1,yaw:1,position:1,pitch:2,yaw:2,position:2,pitch:3,yaw:3,position:3,pitch:4,yaw:4,position:4,pitch:5,yaw:5,position:5,pitch:6,yaw:6,position:6,pitch:7,yaw:7,position:7,pitch:8,yaw:8,position:8,pitch:9,yaw:9,position:9
retail_frame=208 actions=head-vertical:0,head-pitch:236,head-yaw:0,head-move,pitch:1,yaw:1,position:1,pitch:2,yaw:2,position:2,pitch:3,yaw:3,position:3,pitch:4,yaw:4,position:4,pitch:5,yaw:5,position:5,pitch:6,yaw:6,position:6,pitch:7,yaw:7,position:7,pitch:8,yaw:8,position:8,pitch:9,yaw:9,position:9
retail_frame=212 actions=head-vertical:0,head-pitch:236,head-yaw:0,head-move,pitch:1,yaw:1,position:1,pitch:2,yaw:2,position:2,pitch:3,yaw:3,position:3,pitch:4,yaw:4,position:4,pitch:5,yaw:5,position:5,pitch:6,yaw:6,position:6,pitch:7,yaw:7,position:7,pitch:8,yaw:8,position:8,pitch:9,yaw:9,position:9
retail_frame=216 actions=head-vertical:0,head-pitch:236,head-yaw:0,head-move,pitch:1,yaw:1,position:1,pitch:2,yaw:2,position:2,pitch:3,yaw:3,position:3,pitch:4,yaw:4,position:4,pitch:5,yaw:5,position:5,pitch:6,yaw:6,position:6,pitch:7,yaw:7,position:7,pitch:8,yaw:8,position:8,pitch:9,yaw:9,position:9
retail_frame=220 actions=head-vertical:-8,head-pitch:236,head-yaw:0,head-move,pitch:1,yaw:1,position:1,pitch:2,yaw:2,position:2,pitch:3,yaw:3,position:3,pitch:4,yaw:4,position:4,pitch:5,yaw:5,position:5,pitch:6,yaw:6,position:6,pitch:7,yaw:7,position:7,pitch:8,yaw:8,position:8,pitch:9,yaw:9,position:9,head-vertical:-8,head-pitch:236,head-yaw:0,head-move
retail_frame=224 actions=pitch:1,yaw:1,position:1,pitch:2,yaw:2,position:2,pitch:3,yaw:3,position:3,pitch:4,yaw:4,position:4,pitch:5,yaw:5,position:5,pitch:6,yaw:6,position:6,pitch:7,yaw:7,position:7,pitch:8,yaw:8,position:8,pitch:9,yaw:9,position:9,head-vertical:-8,head-pitch:236,head-yaw:0
retail_frame=228 actions=head-move,pitch:1,yaw:1,position:1,pitch:2,yaw:2,position:2,pitch:3,yaw:3,position:3,pitch:4,yaw:4,position:4,pitch:5,yaw:5,position:5,pitch:6,yaw:6,position:6,pitch:7,yaw:7,position:7,pitch:8,yaw:8,position:8,pitch:9,yaw:9,position:9,head-vertical:-8,head-pitch:20,head-yaw:0,head-move,pitch:1,yaw:1
retail_frame=232 actions=position:1,pitch:2,yaw:2,position:2,pitch:3,yaw:3,position:3,pitch:4,yaw:4,position:4,pitch:5,yaw:5,position:5,pitch:6,yaw:6,position:6,pitch:7,yaw:7,position:7,pitch:8,yaw:8,position:8,pitch:9,yaw:9,position:9,head-vertical:-8,head-pitch:20,head-yaw:0,head-move,pitch:1,yaw:1,position:1,pitch:2,yaw:2
retail_frame=236 actions=position:2,pitch:3,yaw:3,position:3,pitch:4,yaw:4,position:4,pitch:5,yaw:5,position:5,pitch:6,yaw:6,position:6,pitch:7,yaw:7,position:7,pitch:8,yaw:8,position:8,pitch:9,yaw:9,position:9,head-vertical:0,head-pitch:20,head-yaw:0,head-move,pitch:1,yaw:1,position:1,pitch:2,yaw:2,position:2,pitch:3,yaw:3,position:3
retail_frame=240 actions=pitch:4,yaw:4,position:4,pitch:5,yaw:5,position:5,pitch:6,yaw:6,position:6,pitch:7,yaw:7,position:7,pitch:8,yaw:8,position:8,pitch:9,yaw:9,position:9,head-vertical:0,head-pitch:20,head-yaw:0,head-move,pitch:1,yaw:1,position:1,pitch:2,yaw:2,position:2,pitch:3,yaw:3,position:3,pitch:4,yaw:4,position:4
retail_frame=244 actions=pitch:5,yaw:5,position:5,pitch:6,yaw:6,position:6,pitch:7,yaw:7,position:7,pitch:8,yaw:8,position:8,pitch:9,yaw:9,position:9,head-vertical:0,head-pitch:20,head-yaw:0,head-move,pitch:1,yaw:1,position:1,pitch:2,yaw:2,position:2,pitch:3,yaw:3,position:3
retail_frame=248 actions=pitch:4,yaw:4,position:4,pitch:5,yaw:5,position:5,pitch:6,yaw:6,position:6,pitch:7,yaw:7,position:7,pitch:8,yaw:8,position:8,pitch:9,yaw:9,position:9,head-vertical:0,head-pitch:20,head-yaw:0,head-move,pitch:1,yaw:1,position:1,pitch:2,yaw:2,position:2,pitch:3,yaw:3,position:3,pitch:4,yaw:4,position:4,pitch:5
retail_frame=252 actions=yaw:5,position:5,pitch:6,yaw:6,position:6,pitch:7,yaw:7,position:7,pitch:8,yaw:8,position:8,pitch:9,yaw:9,position:9,head-vertical:-8,head-pitch:20,head-yaw:0,head-move,pitch:1,yaw:1,position:1,pitch:2,yaw:2,position:2,pitch:3,yaw:3,position:3,pitch:4,yaw:4,position:4,pitch:5,yaw:5,position:5,pitch:6
retail_frame=256 actions=yaw:6,position:6,pitch:7,yaw:7,position:7,pitch:8,yaw:8,position:8,pitch:9,yaw:9,position:9,head-vertical:-8,head-pitch:20,head-yaw:0,head-move,pitch:1,yaw:1,position:1,pitch:2,yaw:2,position:2,pitch:3,yaw:3,position:3,pitch:4,yaw:4,position:4,pitch:5,yaw:5,position:5,pitch:6,yaw:6,position:6,pitch:7,yaw:7
retail_frame=260 actions=position:7,pitch:8,yaw:8,position:8,pitch:9,yaw:9,position:9,head-vertical:-8,head-pitch:236,head-yaw:0,head-move,pitch:1,yaw:1,position:1,pitch:2,yaw:2,position:2,pitch:3,yaw:3,position:3,pitch:4,yaw:4,position:4
retail_frame=264 actions=pitch:5,yaw:5,position:5,pitch:6,yaw:6,position:6,pitch:7,yaw:7,position:7,pitch:8,yaw:8,position:8,pitch:9,yaw:9,position:9,head-vertical:-8,head-pitch:236,head-yaw:20,head-move,pitch:1,yaw:1,position:1,pitch:2,yaw:2,position:2,pitch:3,yaw:3,position:3,pitch:4,yaw:4
retail_frame=268 actions=position:4,pitch:5,yaw:5,position:5,pitch:6,yaw:6,position:6,pitch:7,yaw:7,position:7,pitch:8,yaw:8,position:8,pitch:9,yaw:9,position:9,head-vertical:0,head-pitch:236,head-yaw:20,head-vertical:0,head-pitch:236,head-yaw:20,head-face-yaw:246,head-orbit:92:-39:6,head-move,pitch:1,yaw:1
retail_frame=272 actions=position:1,pitch:2,yaw:2,position:2,pitch:3,yaw:3,position:3,pitch:4,yaw:4,position:4,pitch:5,yaw:5,position:5,pitch:6,yaw:6,position:6,pitch:7,yaw:7,position:7,pitch:8,yaw:8,position:8,pitch:9,yaw:9,position:9,head-vertical:0,head-pitch:236,head-yaw:20,head-face-yaw:236,head-orbit:92:-39:6
retail_frame=276 actions=head-move,pitch:1,yaw:1,position:1,pitch:2,yaw:2,position:2,pitch:3,yaw:3,position:3,pitch:4,yaw:4,position:4,pitch:5,yaw:5,position:5,pitch:6,yaw:6,position:6,pitch:7,yaw:7,position:7,pitch:8,yaw:8,position:8,pitch:9,yaw:9,position:9,head-vertical:0,head-pitch:236
retail_frame=280 actions=head-yaw:20,head-face-yaw:230,head-orbit:92:-39:6,head-move,pitch:1,yaw:1,position:1,pitch:2,yaw:2,position:2,pitch:3,yaw:3,position:3,pitch:4,yaw:4,position:4,pitch:5,yaw:5,position:5,pitch:6,yaw:6,position:6,pitch:7,yaw:7,position:7,pitch:8,yaw:8,position:8,pitch:9,yaw:9,position:9
retail_frame=284 actions=head-vertical:-8,head-pitch:236,head-yaw:20,head-face-yaw:225,head-orbit:92:-39:6,head-move,pitch:1,yaw:1,position:1,pitch:2,yaw:2,position:2,pitch:3,yaw:3,position:3,pitch:4,yaw:4,position:4,pitch:5,yaw:5,position:5,pitch:6,yaw:6,position:6,pitch:7,yaw:7,position:7,pitch:8,yaw:8,position:8,pitch:9,yaw:9,position:9
retail_frame=288 actions=head-set-pitch:0,head-set-yaw:52,head-set-yaw:60,head-linear-move:0:-20:0,head-set-pitch:94,pitch:1,yaw:1,position:1,pitch:2,yaw:2,position:2,pitch:3,yaw:3,position:3,pitch:4,yaw:4,position:4,pitch:5,yaw:5,position:5,pitch:6,yaw:6,position:6,pitch:7,yaw:7,position:7,pitch:8,yaw:8,position:8,pitch:9,yaw:9,position:9
retail_frame=292 actions=head-set-yaw:68,head-linear-move:0:-20:0,head-set-pitch:124,pitch:1,yaw:1,position:1,pitch:2,yaw:2,position:2,pitch:3,yaw:3,position:3,pitch:4,yaw:4,position:4,pitch:5,yaw:5,position:5,pitch:6,yaw:6,position:6,pitch:7,yaw:7,position:7,pitch:8,yaw:8,position:8,pitch:9,yaw:9,position:9
retail_frame=296 actions=head-set-yaw:76,head-linear-move:0:-20:0,head-set-pitch:154,pitch:1,yaw:1,position:1,pitch:2,yaw:2,position:2,pitch:3,yaw:3,position:3,pitch:4,yaw:4,position:4,pitch:5,yaw:5,position:5,pitch:6,yaw:6,position:6,pitch:7,yaw:7,position:7,pitch:8,yaw:8,position:8
retail_frame=300 actions=pitch:9,yaw:9,position:9,head-set-yaw:84,head-linear-move:0:-20:0,head-set-pitch:184,pitch:1,yaw:1,position:1,pitch:2,yaw:2,position:2,pitch:3,yaw:3,position:3,pitch:4,yaw:4,position:4,pitch:5,yaw:5,position:5,pitch:6,yaw:6,position:6,pitch:7,yaw:7,position:7
retail_frame=304 actions=pitch:8,yaw:8,position:8,pitch:9,yaw:9,position:9,head-set-yaw:92,head-linear-move:0:-20:0,head-set-pitch:214,pitch:1,yaw:1,position:1,pitch:2,yaw:2,position:2,pitch:3,yaw:3,position:3,pitch:4,yaw:4,position:4,pitch:5,yaw:5,position:5,pitch:6,yaw:6,position:6
retail_frame=308 actions=pitch:7,yaw:7,position:7,pitch:8,yaw:8,position:8,pitch:9,yaw:9,position:9,head-set-yaw:100,head-linear-move:0:-20:0,head-set-pitch:244,pitch:1,yaw:1,position:1,pitch:2,yaw:2,position:2,pitch:3,yaw:3,position:3,pitch:4,yaw:4,position:4,pitch:5,yaw:5,position:5
retail_frame=312 actions=pitch:6,yaw:6,position:6,pitch:7,yaw:7,position:7,pitch:8,yaw:8,position:8,pitch:9,yaw:9,position:9,head-set-yaw:108,head-linear-move:0:-20:0,head-set-pitch:18,pitch:1,yaw:1,position:1,pitch:2,yaw:2,position:2,pitch:3,yaw:3,position:3
retail_frame=316 actions=pitch:4,yaw:4,position:4,pitch:5,yaw:5,position:5,pitch:6,yaw:6,position:6,pitch:7,yaw:7,position:7,pitch:8,yaw:8,position:8,pitch:9,yaw:9,position:9,head-set-yaw:116,head-linear-move:0:-20:0,head-set-pitch:48,pitch:1,yaw:1,position:1,pitch:2,yaw:2,position:2,pitch:3,yaw:3,position:3
retail_frame=320 actions=pitch:4,yaw:4,position:4,pitch:5,yaw:5,position:5,pitch:6,yaw:6,position:6,pitch:7,yaw:7,position:7,pitch:8,yaw:8,position:8,pitch:9,yaw:9,position:9,head-linear-move:0:0:0,head-set-pitch:78,pitch:1,yaw:1,position:1,pitch:2,yaw:2,position:2
retail_frame=324 actions=pitch:3,yaw:3,position:3,pitch:4,yaw:4,position:4,pitch:5,yaw:5,position:5,pitch:6,yaw:6,position:6,pitch:7,yaw:7,position:7,pitch:8,yaw:8,position:8,pitch:9,yaw:9,position:9,head-linear-move:0:0:0,head-set-pitch:108,pitch:1,yaw:1,position:1
retail_frame=328 actions=pitch:2,yaw:2,position:2,pitch:3,yaw:3,position:3,pitch:4,yaw:4,position:4,pitch:5,yaw:5,position:5,pitch:6,yaw:6,position:6,pitch:7,yaw:7,position:7,pitch:8,yaw:8,position:8,pitch:9,yaw:9,position:9,head-linear-move:0:0:0
retail_frame=332 actions=head-set-pitch:138,pitch:1,yaw:1,position:1,pitch:2,yaw:2,position:2,pitch:3,yaw:3,position:3,pitch:4,yaw:4,position:4,pitch:5,yaw:5,position:5,pitch:6,yaw:6,position:6,pitch:7,yaw:7,position:7,pitch:8,yaw:8,position:8,pitch:9,yaw:9,position:9,head-linear-move:0:0:0
retail_frame=336 actions=head-set-pitch:168,pitch:1,yaw:1,position:1,pitch:2,yaw:2,position:2,pitch:3,yaw:3,position:3,pitch:4,yaw:4,position:4,pitch:5,yaw:5,position:5,pitch:6,yaw:6,position:6,pitch:7,yaw:7,position:7,pitch:8,yaw:8,position:8,pitch:9,yaw:9,position:9
retail_frame=340 actions=head-linear-move:0:0:0,head-set-pitch:198,pitch:1,yaw:1,position:1,pitch:2,yaw:2,position:2,pitch:3,yaw:3,position:3,pitch:4,yaw:4,position:4,pitch:5,yaw:5,position:5,pitch:6,yaw:6,position:6,pitch:7,yaw:7,position:7,pitch:8,yaw:8,position:8,pitch:9,yaw:9,position:9
retail_frame=344 actions=head-linear-move:0:0:0,head-set-pitch:228,pitch:1,yaw:1,position:1,pitch:2,yaw:2,position:2,pitch:3,yaw:3,position:3,pitch:4,yaw:4,position:4,pitch:5,yaw:5,position:5,pitch:6,yaw:6,position:6,pitch:7,yaw:7,position:7,pitch:8,yaw:8,position:8
retail_frame=348 actions=pitch:9,yaw:9,position:9,head-linear-move:0:0:0,head-set-pitch:2,pitch:1,yaw:1,position:1,pitch:2,yaw:2,position:2,pitch:3,yaw:3,position:3
retail_frame=352 actions=pitch:4,yaw:4,position:4,pitch:5,yaw:5,position:5,pitch:6,yaw:6,position:6,pitch:7,yaw:7,position:7,pitch:8,yaw:8,position:8,pitch:9,yaw:9,position:9,head-linear-move:0:0:0,head-set-pitch:32
retail_frame=356 actions=pitch:1,yaw:1,position:1,pitch:2,yaw:2,position:2,pitch:3,yaw:3,position:3,pitch:4,yaw:4,position:4,pitch:5,yaw:5,position:5,pitch:6,yaw:6,position:6,pitch:7,yaw:7,position:7,pitch:8,yaw:8,position:8,pitch:9,yaw:9,position:9
retail_frame=360 actions=head-linear-move:0:0:0,head-set-pitch:62,pitch:1,yaw:1,position:1,pitch:2,yaw:2,position:2,pitch:3,yaw:3,position:3,pitch:4,yaw:4,position:4,pitch:5,yaw:5,position:5,pitch:6,yaw:6,position:6,pitch:7,yaw:7,position:7,pitch:8,yaw:8,position:8,pitch:9,yaw:9,position:9
retail_frame=364 actions=head-linear-move:0:0:0,head-set-pitch:92,pitch:1,yaw:1,position:1,pitch:2,yaw:2,position:2,pitch:3,yaw:3,position:3,pitch:4,yaw:4,position:4,pitch:5,yaw:5,position:5,pitch:6,yaw:6,position:6,pitch:7,yaw:7,position:7,pitch:8,yaw:8,position:8,pitch:9,yaw:9,position:9
retail_frame=368 actions=head-linear-move:0:0:0,head-set-pitch:122,pitch:1,yaw:1,position:1,pitch:2,yaw:2,position:2,pitch:3,yaw:3,position:3,pitch:4,yaw:4,position:4,pitch:5,yaw:5,position:5,pitch:6,yaw:6,position:6,pitch:7,yaw:7,position:7,pitch:8,yaw:8,position:8,pitch:9,yaw:9,position:9
retail_frame=372 actions=head-linear-move:0:0:0,head-set-pitch:152,pitch:1,yaw:1,position:1,pitch:2,yaw:2,position:2,pitch:3,yaw:3,position:3,pitch:4,yaw:4,position:4,pitch:5,yaw:5,position:5,pitch:6,yaw:6,position:6,pitch:7,yaw:7,position:7,pitch:8,yaw:8,position:8
retail_frame=376 actions=pitch:9,yaw:9,position:9,head-linear-move:0:0:0,head-set-pitch:182,pitch:1,yaw:1,position:1,pitch:2,yaw:2,position:2,pitch:3,yaw:3,position:3,pitch:4,yaw:4,position:4,pitch:5,yaw:5,position:5
retail_frame=380 actions=pitch:6,yaw:6,position:6,pitch:7,yaw:7,position:7,pitch:8,yaw:8,position:8,pitch:9,yaw:9,position:9,head-linear-move:0:0:0,head-set-pitch:212,pitch:1,yaw:1,position:1,pitch:2,yaw:2,position:2,pitch:3,yaw:3
retail_frame=384 actions=position:3,pitch:4,yaw:4,position:4,pitch:5,yaw:5,position:5,pitch:6,yaw:6,position:6,pitch:7,yaw:7,position:7,pitch:8,yaw:8,position:8,pitch:9,yaw:9,position:9,head-linear-move:0:0:0
retail_frame=388 actions=head-set-pitch:242,pitch:1,yaw:1,position:1,pitch:2,yaw:2,position:2,pitch:3,yaw:3,position:3,pitch:4,yaw:4,position:4,pitch:5,yaw:5,position:5,pitch:6,yaw:6,position:6,pitch:7,yaw:7,position:7,pitch:8,yaw:8,position:8,pitch:9,yaw:9,position:9
retail_frame=392 actions=head-linear-move:0:0:0,head-set-pitch:16,pitch:1,yaw:1,position:1,pitch:2,yaw:2,position:2,pitch:3,yaw:3,position:3,pitch:4,yaw:4,position:4,pitch:5,yaw:5,position:5,pitch:6,yaw:6,position:6,pitch:7,yaw:7,position:7,pitch:8,yaw:8,position:8,pitch:9,yaw:9,position:9
retail_frame=396 actions=head-linear-move:0:0:0,head-set-pitch:46,pitch:1,yaw:1,position:1,pitch:2,yaw:2,position:2,pitch:3,yaw:3,position:3,pitch:4,yaw:4,position:4,pitch:5,yaw:5,position:5,pitch:6,yaw:6,position:6,pitch:7,yaw:7,position:7,pitch:8,yaw:8,position:8,pitch:9,yaw:9,position:9
retail_frame=400 actions=head-linear-move:0:0:0,head-set-pitch:76,pitch:1,yaw:1,position:1,pitch:2,yaw:2,position:2,pitch:3,yaw:3,position:3,pitch:4,yaw:4,position:4,pitch:5,yaw:5,position:5,pitch:6,yaw:6,position:6,pitch:7,yaw:7,position:7,pitch:8,yaw:8,position:8,pitch:9,yaw:9,position:9
retail_frame=404 actions=head-linear-move:0:0:0,head-set-pitch:106,pitch:1,yaw:1,position:1,pitch:2,yaw:2,position:2,pitch:3,yaw:3,position:3,pitch:4,yaw:4,position:4,pitch:5,yaw:5,position:5
retail_frame=408 actions=pitch:6,yaw:6,position:6,pitch:7,yaw:7,position:7,pitch:8,yaw:8,position:8,pitch:9,yaw:9,position:9,head-linear-move:0:0:0,head-set-pitch:136,pitch:1,yaw:1,position:1,pitch:2,yaw:2,position:2
retail_frame=412 actions=pitch:3,yaw:3,position:3,pitch:4,yaw:4,position:4,pitch:5,yaw:5,position:5,pitch:6,yaw:6,position:6,pitch:7,yaw:7,position:7,pitch:8,yaw:8,position:8,pitch:9,yaw:9,position:9,head-linear-move:0:0:0
retail_frame=416 actions=head-set-pitch:166,pitch:1,yaw:1,position:1,pitch:2,yaw:2,position:2,pitch:3,yaw:3,position:3,pitch:4,yaw:4,position:4,pitch:5,yaw:5,position:5,pitch:6,yaw:6,position:6,pitch:7,yaw:7,position:7,pitch:8,yaw:8,position:8,pitch:9,yaw:9,position:9
retail_frame=420 actions=head-linear-move:0:0:0,head-set-pitch:196,pitch:1,yaw:1,position:1,pitch:2,yaw:2,position:2,pitch:3,yaw:3,position:3,pitch:4,yaw:4,position:4,pitch:5,yaw:5,position:5,pitch:6,yaw:6,position:6,pitch:7,yaw:7,position:7,pitch:8,yaw:8,position:8,pitch:9,yaw:9,position:9
retail_frame=424 actions=head-linear-move:0:0:0,head-set-pitch:226,pitch:1,yaw:1,position:1,pitch:2,yaw:2,position:2,pitch:3,yaw:3,position:3,pitch:4,yaw:4,position:4,pitch:5,yaw:5,position:5,pitch:6,yaw:6,position:6,pitch:7,yaw:7,position:7,pitch:8,yaw:8,position:8,pitch:9,yaw:9,position:9
retail_frame=428 actions=head-linear-move:0:0:0,head-set-pitch:0,pitch:1,yaw:1,position:1,pitch:2,yaw:2,position:2,pitch:3,yaw:3,position:3,pitch:4,yaw:4,position:4,pitch:5,yaw:5,position:5,pitch:6,yaw:6,position:6,pitch:7,yaw:7,position:7,pitch:8,yaw:8,position:8,pitch:9,yaw:9,position:9
retail_frame=432 actions=head-linear-move:0:0:0,head-set-pitch:30,pitch:1,yaw:1,position:1,pitch:2,yaw:2,position:2,pitch:3,yaw:3,position:3,pitch:4,yaw:4,position:4,pitch:5,yaw:5,position:5,pitch:6,yaw:6,position:6
retail_frame=436 actions=pitch:7,yaw:7,position:7,pitch:8,yaw:8,position:8,pitch:9,yaw:9,position:9,head-linear-move:0:0:0,head-set-pitch:60,pitch:1,yaw:1,position:1,pitch:2,yaw:2,position:2,pitch:3,yaw:3,position:3
retail_frame=440 actions=pitch:4,yaw:4,position:4,pitch:5,yaw:5,position:5,pitch:6,yaw:6,position:6,pitch:7,yaw:7,position:7,pitch:8,yaw:8,position:8,pitch:9,yaw:9,position:9,head-linear-move:0:0:0
retail_frame=444 actions=head-set-pitch:90,pitch:1,yaw:1,position:1,pitch:2,yaw:2,position:2,pitch:3,yaw:3,position:3,pitch:4,yaw:4,position:4,pitch:5,yaw:5,position:5,pitch:6,yaw:6,position:6,pitch:7,yaw:7,position:7,pitch:8,yaw:8,position:8,pitch:9,yaw:9,position:9
retail_frame=448 actions=head-linear-move:0:0:0,head-set-pitch:120,pitch:1,yaw:1,position:1,pitch:2,yaw:2,position:2,pitch:3,yaw:3,position:3,pitch:4,yaw:4,position:4,pitch:5,yaw:5,position:5,pitch:6,yaw:6,position:6,pitch:7,yaw:7,position:7,pitch:8,yaw:8,position:8,pitch:9,yaw:9,position:9
retail_frame=452 actions=head-linear-move:0:0:0,head-set-pitch:150,pitch:1,yaw:1,position:1,pitch:2,yaw:2,position:2,pitch:3,yaw:3,position:3,pitch:4,yaw:4,position:4,pitch:5,yaw:5,position:5,pitch:6,yaw:6,position:6,pitch:7,yaw:7,position:7,pitch:8,yaw:8,position:8,pitch:9,yaw:9,position:9
retail_frame=456 actions=head-linear-move:0:0:0,head-set-pitch:180,pitch:1,yaw:1,position:1,pitch:2,yaw:2,position:2,pitch:3,yaw:3,position:3,pitch:4,yaw:4,position:4,pitch:5,yaw:5,position:5,pitch:6,yaw:6,position:6,pitch:7,yaw:7,position:7,pitch:8,yaw:8,position:8
retail_frame=460 actions=pitch:9,yaw:9,position:9,head-linear-move:0:0:0,head-set-pitch:210,pitch:1,yaw:1,position:1,pitch:2,yaw:2,position:2,pitch:3,yaw:3,position:3
retail_frame=464 actions=pitch:4,yaw:4,position:4,pitch:5,yaw:5,position:5,pitch:6,yaw:6,position:6,pitch:7,yaw:7,position:7,pitch:8,yaw:8,position:8,pitch:9,yaw:9,position:9,head-linear-move:0:0:0,head-set-pitch:240
retail_frame=468 actions=pitch:1,yaw:1,position:1,pitch:2,yaw:2,position:2,pitch:3,yaw:3,position:3,pitch:4,yaw:4,position:4,pitch:5,yaw:5,position:5,pitch:6,yaw:6,position:6,pitch:7,yaw:7,position:7,pitch:8,yaw:8,position:8,pitch:9,yaw:9,position:9
retail_frame=472 actions=head-linear-move:0:0:0,head-set-pitch:14,pitch:1,yaw:1,position:1,pitch:2,yaw:2,position:2,pitch:3,yaw:3,position:3,pitch:4,yaw:4,position:4,pitch:5,yaw:5,position:5,pitch:6,yaw:6,position:6,pitch:7,yaw:7,position:7,pitch:8,yaw:8,position:8,pitch:9,yaw:9,position:9
retail_frame=476 actions=head-linear-move:0:0:0,head-set-pitch:44,pitch:1,yaw:1,position:1,pitch:2,yaw:2,position:2,pitch:3,yaw:3,position:3,pitch:4,yaw:4,position:4,pitch:5,yaw:5,position:5,pitch:6,yaw:6,position:6,pitch:7,yaw:7,position:7,pitch:8,yaw:8,position:8,pitch:9,yaw:9,position:9
retail_frame=480 actions=head-linear-move:0:0:0,head-set-pitch:74,pitch:1,yaw:1,position:1,pitch:2,yaw:2,position:2,pitch:3,yaw:3,position:3,pitch:4,yaw:4,position:4,pitch:5,yaw:5,position:5,pitch:6,yaw:6,position:6,pitch:7,yaw:7,position:7,pitch:8,yaw:8,position:8,pitch:9,yaw:9,position:9
retail_frame=484 actions=head-linear-move:0:0:0,head-set-pitch:104,pitch:1,yaw:1,position:1,pitch:2,yaw:2,position:2,pitch:3,yaw:3,position:3,pitch:4,yaw:4,position:4,pitch:5,yaw:5,position:5,pitch:6,yaw:6,position:6
retail_frame=488 actions=pitch:7,yaw:7,position:7,pitch:8,yaw:8,position:8,pitch:9,yaw:9,position:9,head-linear-move:0:0:0,head-set-pitch:134,pitch:1,yaw:1,position:1,pitch:2,yaw:2,position:2,pitch:3,yaw:3,position:3
retail_frame=492 actions=pitch:4,yaw:4,position:4,pitch:5,yaw:5,position:5,pitch:6,yaw:6,position:6,pitch:7,yaw:7,position:7,pitch:8,yaw:8,position:8,pitch:9,yaw:9,position:9,head-linear-move:0:0:0,head-set-pitch:164
retail_frame=496 actions=pitch:1,yaw:1,position:1,pitch:2,yaw:2,position:2,pitch:3,yaw:3,position:3,pitch:4,yaw:4,position:4,pitch:5,yaw:5,position:5,pitch:6,yaw:6,position:6,pitch:7,yaw:7,position:7,pitch:8,yaw:8,position:8,pitch:9,yaw:9,position:9
retail_frame=500 actions=head-linear-move:0:0:0,head-set-pitch:194,pitch:1,yaw:1,position:1,pitch:2,yaw:2,position:2,pitch:3,yaw:3,position:3,pitch:4,yaw:4,position:4,pitch:5,yaw:5,position:5,pitch:6,yaw:6,position:6,pitch:7,yaw:7,position:7,pitch:8,yaw:8,position:8,pitch:9,yaw:9,position:9
retail_frame=504 actions=head-linear-move:0:0:0,head-set-pitch:224,pitch:1,yaw:1,position:1,pitch:2,yaw:2,position:2,pitch:3,yaw:3,position:3,pitch:4,yaw:4,position:4,pitch:5,yaw:5,position:5,pitch:6,yaw:6,position:6,pitch:7,yaw:7,position:7,pitch:8,yaw:8,position:8,pitch:9,yaw:9,position:9
retail_frame=508 actions=head-linear-move:0:0:0,head-set-pitch:254,pitch:1,yaw:1,position:1,pitch:2,yaw:2,position:2,pitch:3,yaw:3,position:3,pitch:4,yaw:4,position:4,pitch:5,yaw:5,position:5,pitch:6,yaw:6,position:6,pitch:7,yaw:7,position:7,pitch:8,yaw:8,position:8,pitch:9,yaw:9,position:9
retail_frame=512 actions=head-linear-move:0:0:0,head-set-pitch:28,pitch:1,yaw:1,position:1,pitch:2,yaw:2,position:2,pitch:3,yaw:3,position:3,pitch:4,yaw:4,position:4,pitch:5,yaw:5,position:5,pitch:6,yaw:6,position:6,pitch:7,yaw:7,position:7
retail_frame=516 actions=pitch:8,yaw:8,position:8,pitch:9,yaw:9,position:9,head-linear-move:0:0:0,head-set-pitch:58,pitch:1,yaw:1,position:1,pitch:2,yaw:2,position:2,pitch:3,yaw:3,position:3
retail_frame=520 actions=pitch:4,yaw:4,position:4,pitch:5,yaw:5,position:5,pitch:6,yaw:6,position:6,pitch:7,yaw:7,position:7,pitch:8,yaw:8,position:8,pitch:9,yaw:9,position:9,head-linear-move:0:0:0,head-set-pitch:88,pitch:1
retail_frame=524 actions=yaw:1,position:1,pitch:2,yaw:2,position:2,pitch:3,yaw:3,position:3,pitch:4,yaw:4,position:4,pitch:5,yaw:5,position:5,pitch:6,yaw:6,position:6,pitch:7,yaw:7,position:7,pitch:8,yaw:8,position:8,pitch:9,yaw:9,position:9,head-linear-move:0:0:0,head-set-pitch:118
retail_frame=528 actions=pitch:1,yaw:1,position:1,pitch:2,yaw:2,position:2,pitch:3,yaw:3,position:3,pitch:4,yaw:4,position:4,pitch:5,yaw:5,position:5,pitch:6,yaw:6,position:6,pitch:7,yaw:7,position:7,pitch:8,yaw:8,position:8,pitch:9,yaw:9,position:9
retail_frame=532 actions=head-linear-move:0:0:0,head-set-pitch:148,pitch:1,yaw:1,position:1,pitch:2,yaw:2,position:2,pitch:3,yaw:3,position:3,pitch:4,yaw:4,position:4,pitch:5,yaw:5,position:5,pitch:6,yaw:6,position:6,pitch:7,yaw:7,position:7,pitch:8,yaw:8,position:8,pitch:9,yaw:9,position:9
retail_frame=536 actions=head-linear-move:0:0:0,head-set-pitch:178,pitch:1,yaw:1,position:1,pitch:2,yaw:2,position:2,pitch:3,yaw:3,position:3,pitch:4,yaw:4,position:4,pitch:5,yaw:5,position:5,pitch:6,yaw:6,position:6,pitch:7,yaw:7,position:7,pitch:8,yaw:8,position:8,pitch:9,yaw:9,position:9
retail_frame=540 actions=head-linear-move:0:0:0,head-set-pitch:208,pitch:1,yaw:1,position:1,pitch:2,yaw:2,position:2,pitch:3,yaw:3,position:3,pitch:4,yaw:4,position:4,pitch:5,yaw:5,position:5,pitch:6,yaw:6,position:6,pitch:7,yaw:7,position:7,pitch:8,yaw:8,position:8,pitch:9,yaw:9,position:9
retail_frame=544 actions=head-linear-move:0:0:0,head-set-pitch:238,pitch:1,yaw:1,position:1,pitch:2,yaw:2,position:2,pitch:3,yaw:3,position:3,pitch:4,yaw:4,position:4,pitch:5,yaw:5,position:5,pitch:6,yaw:6,position:6,pitch:7,yaw:7,position:7,pitch:8,yaw:8,position:8
retail_frame=548 actions=pitch:9,yaw:9,position:9,head-linear-move:0:0:0,head-set-pitch:12,pitch:1,yaw:1,position:1,pitch:2,yaw:2,position:2,pitch:3,yaw:3,position:3,pitch:4,yaw:4,position:4,pitch:5,yaw:5,position:5,pitch:6,yaw:6,position:6
retail_frame=552 actions=pitch:7,yaw:7,position:7,pitch:8,yaw:8,position:8,pitch:9,yaw:9,position:9,head-linear-move:0:0:0,head-set-pitch:42,pitch:1,yaw:1,position:1,pitch:2,yaw:2,position:2
retail_frame=556 actions=pitch:3,yaw:3,position:3,pitch:4,yaw:4,position:4,pitch:5,yaw:5,position:5,pitch:6,yaw:6,position:6,pitch:7,yaw:7,position:7,pitch:8,yaw:8,position:8,pitch:9,yaw:9,position:9,head-linear-move:0:0:0,head-set-pitch:72
retail_frame=560 actions=pitch:1,yaw:1,position:1,pitch:2,yaw:2,position:2,pitch:3,yaw:3,position:3,pitch:4,yaw:4,position:4,pitch:5,yaw:5,position:5,pitch:6,yaw:6,position:6,pitch:7,yaw:7,position:7,pitch:8,yaw:8,position:8,pitch:9,yaw:9,position:9,head-linear-move:0:0:0
retail_frame=564 actions=pitch:1,yaw:1,position:1,pitch:2,yaw:2,position:2,pitch:3,yaw:3,position:3,pitch:4,yaw:4,position:4,pitch:5,yaw:5,position:5,pitch:6,yaw:6,position:6,pitch:7,yaw:7,position:7,pitch:8,yaw:8,position:8,pitch:9,yaw:9,position:9
