# Final post-continuity camera output for the Mirage Dragon encounter.
# Raw source SHA-256: 67132af7c3ac9ebf5d23c050a9e8dbdcdec824aef612849e2c756d9aef46a9cd
# Samples after retail frame 728 retain exact position evidence; their orientation
# also reflects the oracle combat path's dynamically selected rotation target.
retail_frame=340 updates=1 camera=10799,-2863,2491,0,224,0 fine_orientation=0,-16672,-256
retail_frame=344 updates=1 camera=10782,-2862,2499,0,224,0 fine_orientation=0,-16928,0
retail_frame=348 updates=1 camera=10764,-2862,2499,0,224,0 fine_orientation=0,-16928,0
retail_frame=352 updates=1 camera=10744,-2862,2499,0,224,0 fine_orientation=0,-16928,0
retail_frame=356 updates=1 camera=10723,-2862,2499,0,224,0 fine_orientation=0,-16928,0
retail_frame=364 updates=1 camera=10700,-2862,2499,0,224,0 fine_orientation=0,-16928,0
retail_frame=368 updates=1 camera=10677,-2862,2499,0,224,0 fine_orientation=0,-16928,0
retail_frame=372 updates=1 camera=10674,-2863,2499,0,224,0 fine_orientation=0,-16928,0
retail_frame=376 updates=1 camera=10648,-2863,2498,0,224,0 fine_orientation=0,-16928,0
retail_frame=380 updates=1 camera=10635,-2864,2498,0,224,0 fine_orientation=0,-16928,0
retail_frame=384 updates=1 camera=10621,-2864,2498,0,224,0 fine_orientation=0,-16928,0
retail_frame=392 updates=1 camera=10606,-2864,2498,0,224,0 fine_orientation=0,-16928,0
retail_frame=396 updates=1 camera=10590,-2865,2498,0,224,0 fine_orientation=0,-16928,0
retail_frame=400 updates=1 camera=10573,-2865,2498,0,224,0 fine_orientation=0,-16928,0
retail_frame=404 updates=1 camera=10555,-2866,2498,0,224,0 fine_orientation=0,-16928,0
retail_frame=408 updates=1 camera=10537,-2867,2498,0,224,0 fine_orientation=0,-16928,0
retail_frame=412 updates=1 camera=10518,-2867,2498,0,224,0 fine_orientation=0,-16928,0
retail_frame=420 updates=1 camera=10515,-2868,2498,0,224,0 fine_orientation=0,-16928,0
retail_frame=424 updates=1 camera=10507,-2869,2499,0,224,0 fine_orientation=0,-16928,0
retail_frame=428 updates=1 camera=10499,-2870,2500,0,224,0 fine_orientation=0,-16928,0
retail_frame=432 updates=1 camera=10490,-2872,2501,0,224,0 fine_orientation=0,-16928,0
retail_frame=436 updates=1 camera=10482,-2873,2502,0,224,0 fine_orientation=0,-16928,0
retail_frame=440 updates=1 camera=10473,-2874,2503,0,224,0 fine_orientation=0,-16928,0
retail_frame=448 updates=1 camera=10465,-2875,2504,0,224,0 fine_orientation=0,-16928,0
retail_frame=452 updates=1 camera=10462,-2876,2505,0,224,0 fine_orientation=0,-16928,0
retail_frame=456 updates=1 camera=10460,-2875,2506,124,216,0 fine_orientation=380,-16936,0
retail_frame=460 updates=1 camera=10438,-2874,2506,58,212,0 fine_orientation=826,-16940,0
retail_frame=464 updates=1 camera=10416,-2873,2506,25,210,0 fine_orientation=1049,-16942,0
retail_frame=468 updates=1 camera=10394,-2872,2506,136,209,0 fine_orientation=1160,-16943,0
retail_frame=476 updates=1 camera=10372,-2871,2506,192,208,0 fine_orientation=1216,-16944,0
retail_frame=480 updates=1 camera=10350,-2870,2506,220,208,0 fine_orientation=1244,-16944,0
retail_frame=484 updates=1 camera=10328,-2869,2506,234,208,0 fine_orientation=1258,-16944,0
retail_frame=488 updates=1 camera=10306,-2868,2506,241,208,0 fine_orientation=1265,-16944,0
retail_frame=492 updates=1 camera=10284,-2867,2506,244,208,0 fine_orientation=1268,-16944,0
retail_frame=496 updates=1 camera=10262,-2866,2506,246,208,0 fine_orientation=1270,-16944,0
retail_frame=504 updates=1 camera=10240,-2865,2506,247,208,0 fine_orientation=1271,-16944,0
retail_frame=508 updates=1 camera=10218,-2864,2506,248,208,0 fine_orientation=1272,-16944,0
retail_frame=512 updates=1 camera=10196,-2863,2506,248,208,0 fine_orientation=1272,-16944,0
retail_frame=516 updates=1 camera=10174,-2862,2506,248,208,0 fine_orientation=1272,-16944,0
retail_frame=520 updates=1 camera=10152,-2861,2506,248,208,0 fine_orientation=1272,-16944,0
retail_frame=524 updates=1 camera=10130,-2861,2509,240,88,0 fine_orientation=1264,-17064,0
retail_frame=528 updates=1 camera=10108,-2861,2509,236,28,0 fine_orientation=1260,-17124,0
retail_frame=536 updates=1 camera=10086,-2861,2509,234,254,0 fine_orientation=1258,-17154,0
retail_frame=540 updates=1 camera=10065,-2861,2509,233,239,0 fine_orientation=1257,-17169,0
retail_frame=544 updates=1 camera=10044,-2861,2509,232,232,0 fine_orientation=1256,-17176,0
retail_frame=548 updates=1 camera=10023,-2861,2509,232,228,0 fine_orientation=1256,-17180,0
retail_frame=552 updates=1 camera=10002,-2861,2509,232,226,0 fine_orientation=1256,-17182,0
retail_frame=556 updates=1 camera=9981,-2861,2509,232,225,0 fine_orientation=1256,-17183,0
retail_frame=560 updates=1 camera=9960,-2861,2509,232,224,0 fine_orientation=1256,-17184,0
retail_frame=564 updates=1 camera=9939,-2861,2509,232,224,0 fine_orientation=1256,-17184,0
retail_frame=572 updates=1 camera=9918,-2861,2512,220,120,0 fine_orientation=1244,-17288,0
retail_frame=576 updates=2 camera=9876,-2861,2512,211,42,0 fine_orientation=1235,-17366,0
retail_frame=580 updates=1 camera=9855,-2861,2512,210,29,0 fine_orientation=1234,-17379,0
retail_frame=584 updates=1 camera=9834,-2861,2512,209,23,0 fine_orientation=1233,-17385,0
retail_frame=588 updates=1 camera=9813,-2861,2512,208,20,0 fine_orientation=1232,-17388,0
retail_frame=592 updates=1 camera=9792,-2861,2512,208,18,0 fine_orientation=1232,-17390,0
retail_frame=596 updates=1 camera=9771,-2861,2512,208,17,0 fine_orientation=1232,-17391,0
retail_frame=600 updates=2 camera=9729,-2861,2512,208,16,0 fine_orientation=1232,-17392,0
retail_frame=604 updates=1 camera=9708,-2861,2512,208,16,0 fine_orientation=1232,-17392,0
retail_frame=608 updates=1 camera=9687,-2861,2512,208,16,0 fine_orientation=1232,-17392,0
retail_frame=612 updates=1 camera=9666,-2861,2512,208,16,0 fine_orientation=1232,-17392,0
retail_frame=616 updates=1 camera=9645,-2861,2512,208,16,0 fine_orientation=1232,-17392,0
retail_frame=620 updates=2 camera=9603,-2861,2512,208,16,0 fine_orientation=1232,-17392,0
retail_frame=624 updates=1 camera=9582,-2861,2512,208,16,0 fine_orientation=1232,-17392,0
retail_frame=628 updates=1 camera=9561,-2861,2512,208,16,0 fine_orientation=1232,-17392,0
retail_frame=632 updates=1 camera=9540,-2861,2512,208,16,0 fine_orientation=1232,-17392,0
retail_frame=636 updates=2 camera=9498,-2861,2512,208,16,0 fine_orientation=1232,-17392,0
retail_frame=640 updates=1 camera=9476,-2861,2514,200,192,0 fine_orientation=1224,-17472,0
retail_frame=644 updates=2 camera=9434,-2861,2514,194,132,0 fine_orientation=1218,-17532,0
retail_frame=648 updates=1 camera=9413,-2861,2514,193,122,0 fine_orientation=1217,-17542,0
retail_frame=652 updates=1 camera=9392,-2861,2514,192,117,0 fine_orientation=1216,-17547,0
retail_frame=656 updates=2 camera=9350,-2861,2514,192,114,0 fine_orientation=1216,-17550,0
retail_frame=660 updates=1 camera=9329,-2861,2514,192,113,0 fine_orientation=1216,-17551,0
retail_frame=664 updates=1 camera=9308,-2861,2514,192,112,0 fine_orientation=1216,-17552,0
retail_frame=668 updates=2 camera=9266,-2861,2514,192,112,0 fine_orientation=1216,-17552,0
retail_frame=672 updates=1 camera=9245,-2861,2514,192,112,0 fine_orientation=1216,-17552,0
retail_frame=676 updates=1 camera=9224,-2861,2517,184,248,0 fine_orientation=1208,-17672,0
retail_frame=680 updates=2 camera=9182,-2861,2517,178,158,0 fine_orientation=1202,-17762,0
retail_frame=684 updates=1 camera=9161,-2861,2517,177,143,0 fine_orientation=1201,-17777,0
retail_frame=688 updates=1 camera=9140,-2861,2517,176,136,0 fine_orientation=1200,-17784,0
retail_frame=692 updates=2 camera=9097,-2861,2520,176,10,0 fine_orientation=1200,-17910,0
retail_frame=696 updates=1 camera=9076,-2861,2520,176,205,0 fine_orientation=1200,-17971,0
retail_frame=700 updates=1 camera=9055,-2861,2520,176,175,0 fine_orientation=1200,-18001,0
retail_frame=704 updates=2 camera=9012,-2861,2523,176,32,0 fine_orientation=1200,-18144,0
retail_frame=708 updates=1 camera=8991,-2861,2523,176,224,0 fine_orientation=1200,-18208,0
retail_frame=712 updates=1 camera=8970,-2861,2523,176,192,0 fine_orientation=1200,-18240,0
retail_frame=716 updates=2 camera=8928,-2861,2526,146,24,0 fine_orientation=1170,-18408,0
retail_frame=720 updates=1 camera=8906,-2861,2528,149,172,0 fine_orientation=1173,-18516,0
retail_frame=724 updates=1 camera=8885,-2861,2528,150,118,0 fine_orientation=1174,-18570,0
retail_frame=728 updates=2 camera=8841,-2861,2534,140,18,0 fine_orientation=1164,-18926,0
retail_frame=732 updates=1 camera=8819,-2861,2537,42,121,0 fine_orientation=1322,-19079,0
retail_frame=736 updates=1 camera=8797,-2861,2540,169,172,0 fine_orientation=1449,-19028,0
retail_frame=740 updates=2 camera=8753,-2861,2545,114,203,0 fine_orientation=1650,-18741,0
retail_frame=744 updates=1 camera=8730,-2861,2548,185,61,0 fine_orientation=1721,-18627,0
retail_frame=748 updates=1 camera=8708,-2861,2551,232,182,0 fine_orientation=1768,-18506,0
retail_frame=752 updates=2 camera=8664,-2861,2556,56,125,0 fine_orientation=1848,-18307,0
retail_frame=756 updates=1 camera=8641,-2861,2558,84,206,0 fine_orientation=1876,-18226,0
retail_frame=760 updates=1 camera=8619,-2861,2560,106,23,0 fine_orientation=1898,-18153,0
retail_frame=764 updates=2 camera=8573,-2861,2566,158,101,0 fine_orientation=1950,-18075,0
retail_frame=768 updates=1 camera=8551,-2861,2568,171,138,0 fine_orientation=1963,-18038,0
retail_frame=772 updates=1 camera=8528,-2861,2571,185,181,0 fine_orientation=1977,-17995,0
retail_frame=776 updates=2 camera=8483,-2861,2574,208,5,0 fine_orientation=2000,-17915,0
retail_frame=780 updates=1 camera=8460,-2861,2577,220,42,0 fine_orientation=2012,-17878,0
retail_frame=784 updates=1 camera=8436,-2861,2579,234,61,0 fine_orientation=2026,-17859,0
retail_frame=788 updates=2 camera=8390,-2861,2583,6,111,0 fine_orientation=2054,-17809,0
retail_frame=792 updates=1 camera=8367,-2861,2586,11,135,0 fine_orientation=2059,-17785,0
retail_frame=796 updates=1 camera=8343,-2861,2588,21,147,0 fine_orientation=2069,-17773,0
retail_frame=800 updates=2 camera=8298,-2861,2591,41,192,0 fine_orientation=2089,-17728,0
retail_frame=804 updates=1 camera=8274,-2861,2593,52,216,0 fine_orientation=2100,-17704,0
retail_frame=808 updates=1 camera=8251,-2861,2594,58,252,0 fine_orientation=2106,-17668,0
retail_frame=812 updates=2 camera=8203,-2861,2598,70,23,0 fine_orientation=2118,-17641,0
retail_frame=816 updates=1 camera=8180,-2861,2599,75,43,0 fine_orientation=2123,-17621,0
retail_frame=820 updates=1 camera=8157,-2861,2601,77,53,0 fine_orientation=2125,-17611,0
retail_frame=824 updates=2 camera=8110,-2861,2603,91,85,0 fine_orientation=2139,-17579,0
retail_frame=828 updates=1 camera=8086,-2861,2604,101,114,0 fine_orientation=2149,-17550,0
retail_frame=832 updates=1 camera=8062,-2861,2606,106,129,0 fine_orientation=2154,-17535,0
retail_frame=836 updates=2 camera=8015,-2861,2608,110,164,0 fine_orientation=2158,-17500,0
retail_frame=840 updates=1 camera=7991,-2861,2609,123,178,0 fine_orientation=2171,-17486,0
retail_frame=844 updates=1 camera=7967,-2861,2610,129,209,0 fine_orientation=2177,-17455,0
retail_frame=848 updates=2 camera=7919,-2861,2612,146,232,0 fine_orientation=2194,-17432,0
retail_frame=852 updates=1 camera=7896,-2861,2613,149,252,0 fine_orientation=2197,-17412,0
retail_frame=856 updates=1 camera=7872,-2861,2613,150,6,0 fine_orientation=2198,-17402,0
retail_frame=860 updates=2 camera=7824,-2861,2615,163,37,0 fine_orientation=2211,-17371,0
retail_frame=864 updates=1 camera=7800,-2861,2615,165,50,0 fine_orientation=2213,-17358,0
retail_frame=868 updates=1 camera=7777,-2861,2616,166,57,0 fine_orientation=2214,-17351,0
retail_frame=872 updates=2 camera=7729,-2861,2616,175,86,0 fine_orientation=2223,-17322,0
