# Compact semantic oracle evidence for the campaign missiles.
# Raw logic SHA-256: 269c71d9ab3009d28618088e2c6f387ad7df61eebf1a5caaa8691333a70a4cc9
# Pose fixture SHA-256: a196b5eac158d0c2488f196bb0c87d69b633562d2c1336b4c24494f005f5ec57
# Opening straight-flight cadence precedes the saved operation stream and is pose-derived.
retail_frame=64 actor=lead actions=Present
retail_frame=64 actor=upper actions=Present
retail_frame=64 actor=lower actions=Present
retail_frame=68 actor=upper actions=Spin
retail_frame=68 actor=lower actions=BeginLowerFlight
retail_frame=76 actor=lead actions=Move,Spin
retail_frame=76 actor=upper actions=Move,Spin
retail_frame=76 actor=lower actions=Move,Spin
retail_frame=80 actor=lead actions=Move,Spin
retail_frame=80 actor=upper actions=Move,Spin
retail_frame=80 actor=lower actions=Move
retail_frame=84 actor=lead actions=Move,Spin
retail_frame=84 actor=upper actions=Move,Spin
retail_frame=84 actor=lower actions=Move,Spin,Spin
retail_frame=88 actor=lead actions=Move,Spin
retail_frame=88 actor=upper actions=Move,Spin
retail_frame=88 actor=lower actions=Move,Spin
retail_frame=92 actor=lead actions=Move,Spin
retail_frame=92 actor=upper actions=Move,Spin
retail_frame=92 actor=lower actions=Move,Spin
retail_frame=96 actor=lead actions=Move,Spin
retail_frame=96 actor=upper actions=Move,Spin
retail_frame=96 actor=lower actions=Move,Spin
retail_frame=100 actor=lead actions=Move,Spin
retail_frame=100 actor=upper actions=Move,Spin
retail_frame=100 actor=lower actions=Move,Spin
retail_frame=104 actor=lead actions=Move,Move,Spin,Spin
retail_frame=104 actor=upper actions=Move,Spin
retail_frame=104 actor=lower actions=Move,Spin
retail_frame=108 actor=lead actions=Move,Spin
retail_frame=108 actor=upper actions=Move,Move,Spin,Spin
retail_frame=108 actor=lower actions=Move,Spin
retail_frame=112 actor=lead actions=Move,Spin
retail_frame=112 actor=upper actions=Move,Spin
retail_frame=112 actor=lower actions=Move,Move,Spin,Spin
retail_frame=116 actor=lead actions=Move,Spin
retail_frame=116 actor=upper actions=Move,Spin
retail_frame=116 actor=lower actions=Move,Spin
retail_frame=120 actor=lead actions=Move,Spin
retail_frame=120 actor=upper actions=Move,Spin
retail_frame=120 actor=lower actions=Move,Spin
retail_frame=124 actor=lead actions=Move,Spin
retail_frame=124 actor=upper actions=Move,Spin
retail_frame=124 actor=lower actions=Move,Spin
retail_frame=128 actor=lead actions=Move,Spin
retail_frame=128 actor=upper actions=Move,Spin
retail_frame=128 actor=lower actions=Move,Spin
retail_frame=132 actor=lead actions=Move,Spin
retail_frame=132 actor=upper actions=Move,Spin
retail_frame=132 actor=lower actions=Move,Spin
retail_frame=136 actor=lead actions=Move,Spin,Move
retail_frame=136 actor=upper actions=Move,Spin
retail_frame=136 actor=lower actions=Move,Spin
retail_frame=140 actor=lead actions=Spin,Move,Spin
retail_frame=140 actor=upper actions=Move,Spin,Move,Spin
retail_frame=140 actor=lower actions=Move,Spin
retail_frame=144 actor=lead actions=Move,Spin
retail_frame=144 actor=upper actions=Move,Spin
retail_frame=144 actor=lower actions=Move,Spin,Move,Spin
retail_frame=148 actor=lead actions=Move,Spin
retail_frame=148 actor=upper actions=Move,Spin
retail_frame=148 actor=lower actions=Move,Spin
retail_frame=152 actor=lead actions=Move,Spin,Move,Spin
retail_frame=152 actor=upper actions=Move,Spin,Move,Spin
retail_frame=152 actor=lower actions=Move,Spin
retail_frame=156 actor=lead actions=Move,Spin
retail_frame=156 actor=upper actions=Move,Spin
retail_frame=156 actor=lower actions=Move,Spin,Move,Spin
retail_frame=160 actor=lead actions=Move,Spin
retail_frame=160 actor=upper actions=Move,Spin
retail_frame=160 actor=lower actions=Move,Spin
retail_frame=164 actor=lead actions=Move,Spin
retail_frame=164 actor=upper actions=Move,Spin
retail_frame=164 actor=lower actions=Move,Spin
retail_frame=168 actor=lead actions=Move,Spin,Move,Spin
retail_frame=168 actor=upper actions=Move,Spin,Move,Spin
retail_frame=168 actor=lower actions=Move,Spin,Move,Spin
retail_frame=172 actor=lead actions=Move,Spin
retail_frame=172 actor=upper actions=Move,Spin
retail_frame=172 actor=lower actions=Move,Spin
retail_frame=176 actor=lead actions=Move,Spin,Move,Spin
retail_frame=176 actor=upper actions=Move,Spin
retail_frame=176 actor=lower actions=Move,Spin
retail_frame=180 actor=lead actions=Move,Spin
retail_frame=180 actor=upper actions=Move,Spin,Move,Spin
retail_frame=180 actor=lower actions=Move,Spin,Move,Spin
retail_frame=184 actor=lead actions=Move,Spin
retail_frame=184 actor=upper actions=Move,Spin
retail_frame=184 actor=lower actions=Move,Spin
retail_frame=188 actor=lead actions=Move,Spin,Move,Spin
retail_frame=188 actor=upper actions=Move,Spin
retail_frame=188 actor=lower actions=Move,Spin
retail_frame=192 actor=lead actions=Move,Spin
retail_frame=192 actor=upper actions=Move,Spin,Move,Spin
retail_frame=192 actor=lower actions=Move,Spin,Move,Spin
retail_frame=196 actor=lead actions=Move,Spin
retail_frame=196 actor=upper actions=Move,Spin
retail_frame=196 actor=lower actions=Move,Spin
retail_frame=200 actor=lead actions=Move,Spin
retail_frame=200 actor=upper actions=Move,Spin
retail_frame=200 actor=lower actions=Move,Spin
retail_frame=204 actor=lead actions=Move,Spin,Move,Spin
retail_frame=204 actor=upper actions=Move,Spin,Move,Spin
retail_frame=204 actor=lower actions=Move,Spin
retail_frame=208 actor=lead actions=Move,Spin
retail_frame=208 actor=upper actions=Move,Spin
retail_frame=208 actor=lower actions=Move,Spin,Move,Spin
retail_frame=212 actor=lead actions=Move,Spin
retail_frame=212 actor=upper actions=Move,Spin
retail_frame=212 actor=lower actions=Move,Spin
retail_frame=216 actor=lead actions=Move,Spin,Move,Spin
retail_frame=216 actor=upper actions=Move,Spin,Move,Spin
retail_frame=216 actor=lower actions=Move,Spin
retail_frame=220 actor=lead actions=Move,Spin
retail_frame=220 actor=upper actions=Move,Spin
retail_frame=220 actor=lower actions=Move,Spin,Move,Spin
retail_frame=224 actor=lead actions=Move,Spin
retail_frame=224 actor=upper actions=Move,Spin
retail_frame=224 actor=lower actions=Move,Spin
retail_frame=228 actor=lead actions=Move,Spin
retail_frame=228 actor=upper actions=Move,Spin
retail_frame=228 actor=lower actions=Move,Spin
retail_frame=232 actor=lead actions=Move,Spin,Move,Spin
retail_frame=232 actor=upper actions=Move,Spin
retail_frame=232 actor=lower actions=Move,Spin
retail_frame=236 actor=lead actions=Move,Spin
retail_frame=236 actor=upper actions=Move,Spin,Move,Spin
retail_frame=236 actor=lower actions=Move,Spin,Move,Spin
retail_frame=240 actor=lead actions=Move,Spin
retail_frame=240 actor=upper actions=Move,Spin
retail_frame=240 actor=lower actions=Move,Spin
retail_frame=244 actor=lead actions=Move,Spin
retail_frame=244 actor=upper actions=Move,Spin
retail_frame=244 actor=lower actions=Move,Spin
retail_frame=248 actor=lead actions=Move,Spin,Move
retail_frame=248 actor=upper actions=Move,Spin
retail_frame=248 actor=lower actions=Move,Spin
retail_frame=252 actor=lead actions=Spin,Move,Spin
retail_frame=252 actor=upper actions=Move,Spin,Move,Spin
retail_frame=252 actor=lower actions=Move,Spin
retail_frame=256 actor=lead actions=Move,Spin
retail_frame=256 actor=upper actions=Move,Spin
retail_frame=256 actor=lower actions=Move,Spin,Move,Spin
retail_frame=260 actor=lead actions=Move,Spin
retail_frame=260 actor=upper actions=Move,Spin
retail_frame=260 actor=lower actions=Move,Spin
retail_frame=264 actor=lead actions=Move,Spin,Move,Spin
retail_frame=264 actor=upper actions=Move,Spin,Move,Spin
retail_frame=264 actor=lower actions=Move,Spin,Move,Spin
retail_frame=268 actor=lead actions=Move,Spin
retail_frame=268 actor=upper actions=Move,Spin
retail_frame=268 actor=lower actions=Move,Spin
retail_frame=272 actor=lead actions=Move,Spin,Move
retail_frame=272 actor=upper actions=Move,Spin
retail_frame=272 actor=lower actions=Move,Spin
retail_frame=276 actor=lead actions=Spin,Move,Spin
retail_frame=276 actor=upper actions=Move,Spin,Move
retail_frame=276 actor=lower actions=Move,Spin
retail_frame=280 actor=lead actions=Move,Spin
retail_frame=280 actor=upper actions=Spin,Move,Spin
retail_frame=280 actor=lower actions=Move,Spin
retail_frame=284 actor=lead actions=Move,Spin
retail_frame=284 actor=upper actions=Move,Spin
retail_frame=284 actor=lower actions=Move,Spin,Move
retail_frame=288 actor=lead actions=Move,Spin
retail_frame=288 actor=upper actions=Move,Spin
retail_frame=288 actor=lower actions=Spin,Move,Spin
retail_frame=292 actor=lead actions=Move,Spin
retail_frame=292 actor=upper actions=Move,Spin
retail_frame=292 actor=lower actions=Move,Spin
retail_frame=296 actor=lead actions=Move,Spin
retail_frame=296 actor=upper actions=Move,Spin
retail_frame=296 actor=lower actions=Move,Spin
retail_frame=300 actor=lead actions=Move,Spin
retail_frame=300 actor=upper actions=Move,Spin
retail_frame=300 actor=lower actions=Move,Spin
retail_frame=304 actor=lead actions=Move,Spin
retail_frame=304 actor=upper actions=Move,Spin
retail_frame=304 actor=lower actions=Move,Spin
retail_frame=308 actor=lead actions=Move,Spin
retail_frame=308 actor=upper actions=Move,Spin
retail_frame=308 actor=lower actions=Move,Spin
retail_frame=312 actor=lead actions=Move,Spin
retail_frame=312 actor=upper actions=Move,Spin
retail_frame=312 actor=lower actions=Move,Spin
retail_frame=316 actor=lead actions=Move,Spin
retail_frame=316 actor=upper actions=Move,Spin
retail_frame=316 actor=lower actions=Move,Spin
retail_frame=320 actor=lead actions=Move,Spin
retail_frame=320 actor=upper actions=Move,Spin
retail_frame=320 actor=lower actions=Move,Spin
retail_frame=324 actor=lead actions=Move,Spin,Move,Spin
retail_frame=324 actor=upper actions=Move,Spin,Move,Spin
retail_frame=324 actor=lower actions=Move,Spin
retail_frame=328 actor=lead actions=Move,Spin
retail_frame=328 actor=upper actions=Move,Spin
retail_frame=328 actor=lower actions=Move,Spin,Move,Spin
retail_frame=332 actor=lead actions=Move,Spin
retail_frame=332 actor=upper actions=Move,Spin
retail_frame=332 actor=lower actions=Move,Spin
retail_frame=336 actor=lead actions=Move,Spin
retail_frame=336 actor=upper actions=Move,Spin
retail_frame=336 actor=lower actions=Move,Spin
retail_frame=340 actor=lead actions=Move,Spin
retail_frame=340 actor=upper actions=Move,Spin
retail_frame=340 actor=lower actions=Move,Spin
retail_frame=344 actor=lead actions=Move,Spin
retail_frame=344 actor=upper actions=Move,Spin
retail_frame=344 actor=lower actions=Move,Spin
retail_frame=348 actor=lead actions=Move,Spin
retail_frame=348 actor=upper actions=Move,Spin
retail_frame=348 actor=lower actions=Move,Spin
retail_frame=352 actor=lead actions=Move,Spin,Move,Spin
retail_frame=352 actor=upper actions=Move,Spin,Move,Spin
retail_frame=352 actor=lower actions=Move,Spin,Move
retail_frame=356 actor=lead actions=Move,Spin
retail_frame=356 actor=upper actions=Move,Spin
retail_frame=356 actor=lower actions=Spin,Move,Spin
retail_frame=360 actor=lead actions=Move,Spin
retail_frame=360 actor=upper actions=Move,Spin
retail_frame=360 actor=lower actions=Move,Spin
retail_frame=364 actor=lead actions=Move,Spin
retail_frame=364 actor=upper actions=Move,Spin
retail_frame=364 actor=lower actions=Move,Spin
retail_frame=368 actor=lead actions=Move,Spin
retail_frame=368 actor=upper actions=Move,Spin
retail_frame=368 actor=lower actions=Move,Spin
retail_frame=372 actor=lead actions=Move,Spin
retail_frame=372 actor=upper actions=Move,Spin
retail_frame=372 actor=lower actions=Move,Spin
retail_frame=376 actor=lead actions=Move,Spin,Move,Spin
retail_frame=376 actor=upper actions=Move,Spin
retail_frame=376 actor=lower actions=Move,Spin
retail_frame=380 actor=lead actions=Move,Spin
retail_frame=380 actor=upper actions=Move,Spin,Move,Spin
retail_frame=380 actor=lower actions=Move,Spin,Move,Spin
retail_frame=384 actor=lead actions=Move,Spin
retail_frame=384 actor=upper actions=Move,Spin
retail_frame=384 actor=lower actions=Move,Spin
retail_frame=388 actor=lead actions=Move,Spin
retail_frame=388 actor=upper actions=Move,Spin
retail_frame=388 actor=lower actions=Move,Spin
retail_frame=392 actor=lead actions=Move,Spin
retail_frame=392 actor=upper actions=Move,Spin
retail_frame=392 actor=lower actions=Move,Spin
retail_frame=396 actor=lead actions=Move,Spin
retail_frame=396 actor=upper actions=Move,Spin
retail_frame=396 actor=lower actions=Move,Spin
retail_frame=400 actor=lead actions=Move,Spin,Move
retail_frame=400 actor=upper actions=Move,Spin
retail_frame=400 actor=lower actions=Move,Spin
retail_frame=404 actor=lead actions=Spin,Move,Spin
retail_frame=404 actor=upper actions=Move,Spin,Move,Spin
retail_frame=404 actor=lower actions=Move,Spin,Move,Spin
retail_frame=408 actor=lead actions=Move,Spin
retail_frame=408 actor=upper actions=Move,Spin
retail_frame=408 actor=lower actions=Move,Spin
retail_frame=412 actor=lead actions=Move,Spin
retail_frame=412 actor=upper actions=Move,Spin
retail_frame=412 actor=lower actions=Move,Spin
retail_frame=416 actor=lead actions=Move,Spin
retail_frame=416 actor=upper actions=Move,Spin
retail_frame=416 actor=lower actions=Move,Spin
retail_frame=420 actor=lead actions=Move,Spin
retail_frame=420 actor=upper actions=Move,Spin
retail_frame=420 actor=lower actions=Move,Spin
retail_frame=424 actor=lead actions=Move,Spin
retail_frame=424 actor=upper actions=Move,Spin
retail_frame=424 actor=lower actions=Move,Spin
retail_frame=428 actor=lead actions=Move,Spin,Move,Spin
retail_frame=428 actor=upper actions=SteerDive,Move,SteerDive,Spin,Move,Spin
retail_frame=428 actor=lower actions=SteerDive,Move,Spin
retail_frame=432 actor=lead actions=Move,Spin
retail_frame=432 actor=upper actions=SteerDive,Move,Spin
retail_frame=432 actor=lower actions=SteerDive,Move,SteerDive,Spin,Move,Spin
retail_frame=436 actor=lead actions=Move,Spin
retail_frame=436 actor=upper actions=SteerDive,Move,Spin
retail_frame=436 actor=lower actions=SteerDive,Move,Spin
retail_frame=440 actor=lead actions=Move,Spin
retail_frame=440 actor=upper actions=SteerDive,Move,Spin
retail_frame=440 actor=lower actions=SteerDive,Move,Spin
retail_frame=444 actor=lead actions=Move,Spin
retail_frame=444 actor=upper actions=SteerDive,Move,Spin
retail_frame=444 actor=lower actions=SteerDive,Move,Spin
retail_frame=448 actor=lead actions=Move,Spin
retail_frame=448 actor=upper actions=SteerDive,Move,Spin
retail_frame=448 actor=lower actions=SteerDive,Move,Spin
retail_frame=452 actor=lead actions=Move,Spin,Move
retail_frame=452 actor=upper actions=SteerDive,Move,Spin
retail_frame=452 actor=lower actions=SteerDive,Move,Spin
retail_frame=456 actor=lead actions=Spin,Move,Spin
retail_frame=456 actor=upper actions=SteerDive,Move,SteerDive,Spin,Move,Spin
retail_frame=456 actor=lower actions=SteerDive,Move,SteerDive,Spin,Move,Spin
retail_frame=460 actor=lead actions=Move,Spin
retail_frame=460 actor=upper actions=SteerDive,Move,Spin
retail_frame=460 actor=lower actions=SteerDive,Move,Spin
retail_frame=464 actor=lead actions=Move,Spin
retail_frame=464 actor=upper actions=SteerDive,Move,Spin
retail_frame=464 actor=lower actions=SteerDive,Move,Spin
retail_frame=468 actor=lead actions=Move,Spin
retail_frame=468 actor=upper actions=SteerDive,Move,Spin
retail_frame=468 actor=lower actions=SteerDive,Move,Spin
retail_frame=472 actor=lead actions=Move,Spin
retail_frame=472 actor=upper actions=SteerDive,Move,Spin
retail_frame=472 actor=lower actions=SteerDive,Move,Spin
retail_frame=476 actor=lead actions=Move,Spin
retail_frame=476 actor=upper actions=SteerDive,Move,Spin
retail_frame=476 actor=lower actions=SteerDive,Move,Spin
retail_frame=480 actor=lead actions=Move,Spin,Move,Spin
retail_frame=480 actor=upper actions=SteerDive,Move,Spin
retail_frame=480 actor=lower actions=SteerDive,Move,Spin
retail_frame=484 actor=lead actions=Move,Spin
retail_frame=484 actor=upper actions=SteerDive,Move,SteerDive,Spin,Move,Spin
retail_frame=484 actor=lower actions=SteerDive,Move,SteerDive,Spin,Move,Spin
retail_frame=488 actor=lead actions=Move,Spin
retail_frame=488 actor=upper actions=SteerDive,Move,Spin
retail_frame=488 actor=lower actions=SteerDive,Move,Spin
retail_frame=492 actor=lead actions=Move,Spin
retail_frame=492 actor=upper actions=SteerDive,Move,Spin
retail_frame=492 actor=lower actions=SteerDive,Move,Spin
retail_frame=496 actor=lead actions=Move,Spin
retail_frame=496 actor=upper actions=SteerDive,Move,Spin
retail_frame=496 actor=lower actions=SteerDive,Move,Spin
retail_frame=500 actor=lead actions=Move,Spin
retail_frame=500 actor=upper actions=SteerDive,Move,Spin
retail_frame=500 actor=lower actions=SteerDive,Move,Spin
retail_frame=504 actor=lead actions=Move,Spin
retail_frame=504 actor=upper actions=SteerDive,Move,Spin
retail_frame=504 actor=lower actions=SteerDive,Move,Spin
retail_frame=508 actor=lead actions=Move,Spin
retail_frame=508 actor=upper actions=SteerDive,Move,Spin
retail_frame=508 actor=lower actions=SteerDive,Move,Spin
retail_frame=512 actor=lead actions=Move,Spin,Move
retail_frame=512 actor=upper actions=SteerDive,Move,Spin
retail_frame=512 actor=lower actions=SteerDive,Move,Spin
retail_frame=516 actor=lead actions=Spin,Move,Spin
retail_frame=516 actor=upper actions=SteerDive,Move,Spin
retail_frame=516 actor=lower actions=SteerDive,Move,Spin
retail_frame=520 actor=lead actions=Move,Spin
retail_frame=520 actor=upper actions=SteerDive,Move,SteerDive,Spin,Move,Spin
retail_frame=520 actor=lower actions=SteerDive,Move,Spin
retail_frame=524 actor=lead actions=Move,Spin
retail_frame=524 actor=upper actions=SteerDive,Move,Spin
retail_frame=524 actor=lower actions=SteerDive,Move,SteerDive,Spin,Move,Spin
retail_frame=528 actor=lead actions=Move,Spin
retail_frame=528 actor=upper actions=SteerDive,Move,Spin
retail_frame=528 actor=lower actions=SteerDive,Move,Spin
retail_frame=532 actor=lead actions=Move,Spin
retail_frame=532 actor=upper actions=SteerDive,Move,Spin
retail_frame=532 actor=lower actions=SteerDive,Move,Spin
retail_frame=536 actor=lead actions=Move,Spin
retail_frame=536 actor=upper actions=SteerDive,Move,Spin
retail_frame=536 actor=lower actions=SteerDive,Move,Spin
retail_frame=540 actor=lead actions=Move,Spin
retail_frame=540 actor=upper actions=SteerDive,Move,Spin
retail_frame=540 actor=lower actions=SteerDive,Move,Spin
retail_frame=544 actor=lead actions=Move,Spin
retail_frame=544 actor=upper actions=SteerDive,Move,Spin
retail_frame=544 actor=lower actions=SteerDive,Move,Spin
retail_frame=548 actor=lead actions=Move,Spin
retail_frame=548 actor=upper actions=SteerDive,Move,Spin
retail_frame=548 actor=lower actions=SteerDive,Move,Spin
retail_frame=552 actor=lead actions=Move,Spin
retail_frame=552 actor=upper actions=SteerDive,Move,Spin
retail_frame=552 actor=lower actions=SteerDive,Move,Spin
retail_frame=556 actor=lead actions=Move,Spin
retail_frame=556 actor=upper actions=SteerDive,Move,Spin
retail_frame=556 actor=lower actions=SteerDive,Move,Spin
retail_frame=560 actor=lead actions=Move,Spin
retail_frame=560 actor=upper actions=SteerDive,Move,Spin
retail_frame=560 actor=lower actions=SteerDive,Move,Spin
retail_frame=564 actor=lead actions=Move,Spin
retail_frame=564 actor=upper actions=SteerDive,Move,Spin
retail_frame=564 actor=lower actions=SteerDive,Move,Spin
retail_frame=568 actor=lead actions=Move,Spin
retail_frame=568 actor=upper actions=SteerDive,Move,Spin
retail_frame=568 actor=lower actions=SteerDive,Move,Spin
retail_frame=572 actor=lead actions=Move,Spin
retail_frame=572 actor=upper actions=Move,Spin
retail_frame=572 actor=lower actions=Move,Spin
retail_frame=576 actor=lead actions=Move,Spin
retail_frame=576 actor=upper actions=Move,Spin
retail_frame=576 actor=lower actions=Move,Spin
retail_frame=580 actor=lead actions=Move,Spin,Move,Spin
retail_frame=580 actor=upper actions=Move,Spin
retail_frame=580 actor=lower actions=Move,Spin
retail_frame=584 actor=lead actions=Move,Spin
retail_frame=584 actor=upper actions=Move,Spin,Move,Spin
retail_frame=584 actor=lower actions=Move,Spin
retail_frame=588 actor=lead actions=Move,Spin
retail_frame=588 actor=upper actions=Move,Spin
retail_frame=588 actor=lower actions=Move,Spin,Move,Spin
retail_frame=592 actor=lead actions=Move,Spin
retail_frame=592 actor=upper actions=Move,Spin
retail_frame=592 actor=lower actions=Move,Spin
retail_frame=596 actor=lead actions=Move,Spin
retail_frame=596 actor=upper actions=Move,Spin
retail_frame=596 actor=lower actions=Move,Spin
retail_frame=600 actor=lead actions=Move,Spin
retail_frame=600 actor=upper actions=Move,Spin
retail_frame=600 actor=lower actions=Move,Spin
retail_frame=604 actor=lead actions=Move,Spin
retail_frame=604 actor=upper actions=Move,Spin
retail_frame=604 actor=lower actions=Move,Spin
retail_frame=608 actor=lead actions=SteerDive,Move,Spin
retail_frame=608 actor=upper actions=Move,Spin
retail_frame=608 actor=lower actions=Move,Spin
retail_frame=612 actor=lead actions=SteerDive,Move,Spin
retail_frame=612 actor=upper actions=Move,Spin
retail_frame=612 actor=lower actions=Move,Spin
retail_frame=616 actor=lead actions=SteerDive,Move,Spin
retail_frame=616 actor=upper actions=Move,Spin
retail_frame=616 actor=lower actions=Move,Spin
retail_frame=620 actor=lead actions=SteerDive,Move,Spin
retail_frame=620 actor=upper actions=Move,Spin
retail_frame=620 actor=lower actions=Move,Spin
retail_frame=624 actor=lead actions=SteerDive,Move,Spin
retail_frame=624 actor=upper actions=Move,Spin
retail_frame=624 actor=lower actions=Move,Spin
retail_frame=628 actor=lead actions=SteerDive,Move,Spin
retail_frame=628 actor=upper actions=Move,Spin
retail_frame=628 actor=lower actions=Move,Spin
retail_frame=632 actor=lead actions=SteerDive,Move,Spin
retail_frame=632 actor=upper actions=Move,Spin
retail_frame=632 actor=lower actions=Move,Spin
retail_frame=636 actor=lead actions=SteerDive,Move,Spin
retail_frame=636 actor=upper actions=Move,Spin
retail_frame=636 actor=lower actions=Move,Spin
retail_frame=640 actor=lead actions=SteerDive,Move,Spin
retail_frame=640 actor=upper actions=Move,Spin
retail_frame=640 actor=lower actions=Move,Spin
retail_frame=644 actor=lead actions=SteerDive,Move,Spin
retail_frame=644 actor=upper actions=Move,Spin
retail_frame=644 actor=lower actions=Move,Spin
retail_frame=648 actor=lead actions=SteerDive,Move,SteerDive,Spin,Move
retail_frame=648 actor=upper actions=Move,Spin
retail_frame=648 actor=lower actions=Move,Spin
retail_frame=652 actor=lead actions=Spin
retail_frame=652 actor=upper actions=Move,Spin
retail_frame=652 actor=lower actions=Move,Spin
retail_frame=656 actor=lead actions=SteerDive,Move,Spin
retail_frame=656 actor=upper actions=Move,Spin
retail_frame=656 actor=lower actions=Move,Spin
retail_frame=660 actor=lead actions=SteerDive,Move,Spin
retail_frame=660 actor=upper actions=Move,Spin
retail_frame=660 actor=lower actions=Move,Spin
retail_frame=664 actor=lead actions=SteerDive,Move,Spin
retail_frame=664 actor=upper actions=Move,Spin
retail_frame=664 actor=lower actions=Move,Spin
retail_frame=668 actor=lead actions=SteerDive,Move,SteerDive,Spin,Move
retail_frame=668 actor=upper actions=Move,Spin
retail_frame=668 actor=lower actions=Move,Spin
retail_frame=672 actor=lead actions=Spin
retail_frame=672 actor=upper actions=Move,Spin
retail_frame=672 actor=lower actions=Move,Spin
retail_frame=676 actor=lead actions=SteerDive,Move,Spin
retail_frame=676 actor=upper actions=Move,Spin
retail_frame=676 actor=lower actions=Move,Spin
retail_frame=680 actor=lead actions=SteerDive,Move,Spin
retail_frame=680 actor=upper actions=Move,Spin
retail_frame=680 actor=lower actions=Move,Spin
retail_frame=684 actor=lead actions=SteerDive,Move,Spin
retail_frame=684 actor=upper actions=SteerClimb,Move,Spin
retail_frame=684 actor=lower actions=SteerClimb,Move,Spin
retail_frame=688 actor=lead actions=SteerDive,Move,Spin
retail_frame=688 actor=upper actions=SteerClimb,Move,Spin
retail_frame=688 actor=lower actions=SteerClimb,Move,Spin
retail_frame=692 actor=lead actions=SteerDive,Move,Spin
retail_frame=692 actor=upper actions=SteerClimb,Move,Spin
retail_frame=692 actor=lower actions=SteerClimb,Move,Spin
retail_frame=696 actor=lead actions=SteerDive,Move,Spin
retail_frame=696 actor=upper actions=SteerClimb,Move,Spin
retail_frame=696 actor=lower actions=SteerClimb,Move,Spin
retail_frame=700 actor=lead actions=SteerDive,Move,Spin
retail_frame=700 actor=upper actions=SteerClimb,Move,Spin
retail_frame=700 actor=lower actions=SteerClimb,Move,Spin
retail_frame=704 actor=lead actions=SteerDive,Move,Spin
retail_frame=704 actor=upper actions=SteerClimb,Move,Spin
retail_frame=704 actor=lower actions=SteerClimb,Move,Spin
retail_frame=708 actor=lead actions=SteerDive,Move,Spin
retail_frame=708 actor=upper actions=SteerClimb,Move,Spin
retail_frame=708 actor=lower actions=SteerClimb,Move,Spin
retail_frame=712 actor=lead actions=SteerDive,Move,Spin
retail_frame=712 actor=upper actions=SteerClimb,Move,Spin
retail_frame=712 actor=lower actions=SteerClimb,Move,Spin
retail_frame=716 actor=lead actions=SteerDive,Move,Spin
retail_frame=716 actor=upper actions=SteerClimb,Move,Spin
retail_frame=716 actor=lower actions=SteerClimb,Move,Spin
retail_frame=720 actor=lead actions=SteerDive,Move,SteerDive,Spin,Move,Spin
retail_frame=720 actor=upper actions=SteerClimb,Move,Spin
retail_frame=720 actor=lower actions=SteerClimb,Move,Spin
retail_frame=724 actor=lead actions=SteerDive,Move,Spin
retail_frame=724 actor=upper actions=SteerClimb,Move,SteerClimb,Spin,Move,Spin
retail_frame=724 actor=lower actions=SteerClimb,Move,SteerClimb,Spin,Move
retail_frame=728 actor=lead actions=SteerDive,Move,Spin
retail_frame=728 actor=upper actions=SteerClimb,Move,Spin
retail_frame=728 actor=lower actions=SteerClimb,Spin,Move,Spin
retail_frame=732 actor=lead actions=SteerDive,Move,Spin
retail_frame=732 actor=upper actions=SteerClimb,Move,Spin
retail_frame=732 actor=lower actions=SteerClimb,Move,Spin
retail_frame=736 actor=lead actions=SteerDive,Move,Spin
retail_frame=736 actor=upper actions=SteerClimb,Move,Spin
retail_frame=736 actor=lower actions=SteerClimb,Move,Spin
retail_frame=740 actor=lead actions=SteerDive,Move,Spin
retail_frame=740 actor=upper actions=SteerClimb,Move,Spin
retail_frame=740 actor=lower actions=SteerClimb,Move,Spin
retail_frame=744 actor=lead actions=SteerDive,Move,Spin
retail_frame=744 actor=upper actions=SteerClimb,Move,Spin
retail_frame=744 actor=lower actions=SteerClimb,Move,Spin
retail_frame=748 actor=lead actions=SteerDive,Move,Spin
retail_frame=748 actor=upper actions=SteerClimb,Move,Spin
retail_frame=748 actor=lower actions=SteerClimb,Move,Spin
retail_frame=752 actor=lead actions=SteerDive,Move,Spin
retail_frame=752 actor=upper actions=SteerClimb,Move,Spin
retail_frame=752 actor=lower actions=SteerClimb,Move,Spin
retail_frame=756 actor=lead actions=SteerDive,Move,Spin
retail_frame=756 actor=upper actions=SteerClimb,Move,Spin
retail_frame=756 actor=lower actions=SteerClimb,Move,Spin
retail_frame=760 actor=lead actions=SteerDive,Move,Spin
retail_frame=760 actor=upper actions=SteerClimb,Move,Spin
retail_frame=760 actor=lower actions=SteerClimb,Move,Spin
retail_frame=764 actor=lead actions=Move,Spin
retail_frame=764 actor=upper actions=SteerClimb,Move,Spin
retail_frame=764 actor=lower actions=SteerClimb,Move,Spin
retail_frame=768 actor=lead actions=Move,Spin
retail_frame=768 actor=upper actions=SteerClimb,Move,Spin
retail_frame=768 actor=lower actions=SteerClimb,Move,Spin
retail_frame=772 actor=lead actions=Move,Spin
retail_frame=772 actor=upper actions=SteerClimb,Move,Spin
retail_frame=772 actor=lower actions=SteerClimb,Move,Spin
retail_frame=776 actor=lead actions=Move,Spin,Move,Spin
retail_frame=776 actor=upper actions=SteerClimb,Move,Spin
retail_frame=776 actor=lower actions=SteerClimb,Move,Spin
retail_frame=780 actor=lead actions=Move,Spin
retail_frame=780 actor=upper actions=SteerClimb,Move,SteerClimb,Spin,Move,Spin
retail_frame=780 actor=lower actions=SteerClimb,Move,Spin
retail_frame=784 actor=lead actions=Move,Spin
retail_frame=784 actor=upper actions=SteerClimb,Move,Spin
retail_frame=784 actor=lower actions=SteerClimb,Move,SteerClimb,Spin,Move,Spin
retail_frame=788 actor=lead actions=Move,Spin
retail_frame=788 actor=upper actions=SteerClimb,Move,Spin
retail_frame=788 actor=lower actions=SteerClimb,Move,Spin
retail_frame=792 actor=lead actions=Move,Spin
retail_frame=792 actor=upper actions=SteerClimb,Move,Spin
retail_frame=792 actor=lower actions=SteerClimb,Move,Spin
retail_frame=796 actor=lead actions=Move,Spin
retail_frame=796 actor=upper actions=SteerClimb,Move,Spin
retail_frame=796 actor=lower actions=SteerClimb,Move,Spin
retail_frame=800 actor=lead actions=Move,Spin
retail_frame=800 actor=upper actions=SteerClimb,Move,Spin
retail_frame=800 actor=lower actions=SteerClimb,Move,Spin
retail_frame=804 actor=lead actions=Move,Spin
retail_frame=804 actor=upper actions=SteerClimb,Move,Spin
retail_frame=804 actor=lower actions=SteerClimb,Move,Spin
retail_frame=808 actor=lead actions=Move,Spin
retail_frame=808 actor=upper actions=SteerClimb,Move,Spin
retail_frame=808 actor=lower actions=SteerClimb,Move,Spin
retail_frame=812 actor=lead actions=Move,Spin
retail_frame=812 actor=upper actions=SteerClimb,Move,Spin
retail_frame=812 actor=lower actions=SteerClimb,Move,Spin
retail_frame=816 actor=lead actions=Move,Spin,Move,Spin
retail_frame=816 actor=upper actions=SteerClimb,Move,Spin
retail_frame=816 actor=lower actions=SteerClimb,Move,Spin
retail_frame=820 actor=lead actions=Move,Spin
retail_frame=820 actor=upper actions=SteerClimb,Move,SteerClimb,Spin,Move,Spin
retail_frame=820 actor=lower actions=SteerClimb,Move,SteerClimb,Spin,Move
retail_frame=824 actor=lead actions=Move,Spin
retail_frame=824 actor=upper actions=SteerClimb,Move,Spin
retail_frame=824 actor=lower actions=SteerClimb,Spin,Move,Spin
retail_frame=828 actor=lead actions=Move,Spin
retail_frame=828 actor=upper actions=SteerClimb,Move,Spin
retail_frame=828 actor=lower actions=SteerClimb,Move,Spin
retail_frame=832 actor=lead actions=Move,Spin
retail_frame=832 actor=upper actions=Move,Spin
retail_frame=832 actor=lower actions=Move,Spin
retail_frame=836 actor=lead actions=Move,Spin
retail_frame=836 actor=upper actions=Move,Spin
retail_frame=836 actor=lower actions=Move,Spin
retail_frame=840 actor=lead actions=Move,Spin
retail_frame=840 actor=upper actions=Move,Spin
retail_frame=840 actor=lower actions=Move,Spin
retail_frame=844 actor=lead actions=Move,Spin
retail_frame=844 actor=upper actions=Move,Spin
retail_frame=844 actor=lower actions=Move,Spin
retail_frame=848 actor=lead actions=Move,Spin,Move,Spin
retail_frame=848 actor=upper actions=Move,Spin
retail_frame=848 actor=lower actions=Move,Spin
retail_frame=852 actor=lead actions=Move,Spin
retail_frame=852 actor=upper actions=Move,Spin,Move,Spin
retail_frame=852 actor=lower actions=Move,Spin,Move
retail_frame=856 actor=lead actions=Move,Spin
retail_frame=856 actor=upper actions=Move,Spin
retail_frame=856 actor=lower actions=Spin,Move,Spin
retail_frame=860 actor=lead actions=Move,Spin
retail_frame=860 actor=upper actions=Move,Spin
retail_frame=860 actor=lower actions=Move,Spin
retail_frame=864 actor=lead actions=Move,Spin
retail_frame=864 actor=upper actions=Move,Spin
retail_frame=864 actor=lower actions=Move,Spin
retail_frame=868 actor=lead actions=SteerClimb,Move,Spin
retail_frame=868 actor=upper actions=Move,Spin
retail_frame=868 actor=lower actions=Move,Spin
retail_frame=872 actor=lead actions=SteerClimb,Move,Spin
retail_frame=872 actor=upper actions=Move,Spin
retail_frame=872 actor=lower actions=Move,Spin
retail_frame=876 actor=lead actions=SteerClimb,Move,Spin
retail_frame=876 actor=upper actions=Move,Spin
retail_frame=876 actor=lower actions=Move,Spin
retail_frame=880 actor=lead actions=SteerClimb,Move,Spin
retail_frame=880 actor=upper actions=Move,Spin
retail_frame=880 actor=lower actions=Move,Spin
retail_frame=884 actor=lead actions=SteerClimb,Move,SteerClimb,Spin,Move,Spin
retail_frame=884 actor=upper actions=Move,Spin
retail_frame=884 actor=lower actions=Move,Spin
retail_frame=888 actor=lead actions=SteerClimb,Move,Spin
retail_frame=888 actor=upper actions=Move,Spin,Move,Spin
retail_frame=888 actor=lower actions=Move,Spin,Move
retail_frame=892 actor=lead actions=SteerClimb,Move,Spin
retail_frame=892 actor=upper actions=Move,Spin
retail_frame=892 actor=lower actions=Spin,Move,Spin
retail_frame=896 actor=lead actions=SteerClimb,Move,Spin
retail_frame=896 actor=upper actions=Move,Spin
retail_frame=896 actor=lower actions=Move,Spin
retail_frame=900 actor=lead actions=SteerClimb,Move,Spin
retail_frame=900 actor=upper actions=Move,Spin
retail_frame=900 actor=lower actions=Move,Spin
retail_frame=904 actor=lead actions=SteerClimb,Move,Spin
retail_frame=904 actor=upper actions=Move,Spin
retail_frame=904 actor=lower actions=Move,Spin
retail_frame=908 actor=lead actions=SteerClimb,Move,Spin
retail_frame=908 actor=upper actions=Move,Spin
retail_frame=908 actor=lower actions=Move,Spin
retail_frame=912 actor=lead actions=SteerClimb,Move,Spin
retail_frame=912 actor=upper actions=Move,Spin
retail_frame=912 actor=lower actions=Move,Spin
retail_frame=916 actor=lead actions=SteerClimb,Move,Spin
retail_frame=916 actor=upper actions=Move,Spin
retail_frame=916 actor=lower actions=Move,Spin
retail_frame=920 actor=lead actions=SteerClimb,Move,SteerClimb,Spin,Move,Spin
retail_frame=920 actor=upper actions=Move,Spin,Move
retail_frame=920 actor=lower actions=Move,Spin
retail_frame=924 actor=lead actions=SteerClimb,Move,Spin
retail_frame=924 actor=upper actions=Spin,Move,Spin
retail_frame=924 actor=lower actions=Move,Spin,Move,Spin
retail_frame=928 actor=lead actions=SteerClimb,Move,Spin
retail_frame=928 actor=upper actions=Move,Spin
retail_frame=928 actor=lower actions=Move,Spin
retail_frame=932 actor=lead actions=SteerClimb,Move,Spin
retail_frame=932 actor=upper actions=Move,Spin
retail_frame=932 actor=lower actions=Move,Spin
retail_frame=936 actor=lead actions=SteerClimb,Move,Spin
retail_frame=936 actor=upper actions=Move,Spin
retail_frame=936 actor=lower actions=Move,Spin
retail_frame=940 actor=lead actions=SteerClimb,Move,Spin
retail_frame=940 actor=upper actions=Move,Spin
retail_frame=940 actor=lower actions=Move,Spin
retail_frame=944 actor=lead actions=SteerClimb,Move,SteerClimb,Spin,Move,Spin
retail_frame=944 actor=upper actions=Move,Spin,Move
retail_frame=944 actor=lower actions=Move,Spin
retail_frame=948 actor=lead actions=SteerClimb,Move,Spin
retail_frame=948 actor=upper actions=Spin,Move,Spin
retail_frame=948 actor=lower actions=Move,Spin,Move,Spin
retail_frame=952 actor=lead actions=SteerClimb,Move,Spin
retail_frame=952 actor=upper actions=Move,Spin
retail_frame=952 actor=lower actions=Move,Spin
retail_frame=956 actor=lead actions=SteerClimb,Move,Spin
retail_frame=956 actor=upper actions=Move,Spin
retail_frame=956 actor=lower actions=Move,Spin
retail_frame=960 actor=lead actions=SteerClimb,Move,Spin
retail_frame=960 actor=upper actions=Move,Spin
retail_frame=960 actor=lower actions=Move,Spin
retail_frame=964 actor=lead actions=SteerClimb,Move,Spin
retail_frame=964 actor=upper actions=Move,Spin
retail_frame=964 actor=lower actions=Move,Spin
retail_frame=968 actor=lead actions=SteerClimb,Move,SteerClimb,Spin,Move,Spin
retail_frame=968 actor=upper actions=Move,Spin
retail_frame=968 actor=lower actions=Move,Spin
retail_frame=972 actor=lead actions=SteerClimb,Move,Spin
retail_frame=972 actor=upper actions=Move,Spin,Move,Spin
retail_frame=972 actor=lower actions=Move,Spin
retail_frame=976 actor=lead actions=SteerClimb,Move,Spin
retail_frame=976 actor=upper actions=Move,Spin
retail_frame=976 actor=lower actions=Move,Spin,Move,Spin
retail_frame=980 actor=lead actions=SteerClimb,Move,Spin
retail_frame=980 actor=upper actions=Move,Spin
retail_frame=980 actor=lower actions=Move,Spin
retail_frame=984 actor=lead actions=SteerClimb,Move,Spin
retail_frame=984 actor=upper actions=Move,Spin
retail_frame=984 actor=lower actions=Move,Spin
retail_frame=988 actor=lead actions=SteerClimb,Move,Spin
retail_frame=988 actor=upper actions=Move,Spin
retail_frame=988 actor=lower actions=Move,Spin
retail_frame=992 actor=lead actions=SteerClimb,Move,Spin
retail_frame=992 actor=upper actions=Move,Spin
retail_frame=992 actor=lower actions=Move,Spin
retail_frame=996 actor=lead actions=SteerClimb,Move,SteerClimb,Spin
retail_frame=996 actor=upper actions=Move,Spin
retail_frame=996 actor=lower actions=Move,Spin
retail_frame=1000 actor=lead actions=Move,SteerClimb,Spin,Move,Spin
retail_frame=1000 actor=upper actions=Move,Spin,Move,Spin
retail_frame=1000 actor=lower actions=Move,Spin,Move,Spin
retail_frame=1004 actor=lead actions=SteerClimb,Move,Spin
retail_frame=1004 actor=upper actions=Move,Spin
retail_frame=1004 actor=lower actions=Move,Spin
retail_frame=1008 actor=lead actions=Move,Spin
retail_frame=1008 actor=upper actions=SteerDive,Move,Spin
retail_frame=1008 actor=lower actions=SteerClockwise,Move,Spin
retail_frame=1012 actor=lead actions=Move,Spin
retail_frame=1012 actor=upper actions=SteerDive,Move,Spin
retail_frame=1012 actor=lower actions=SteerClockwise,Move,Spin
retail_frame=1016 actor=lead actions=Move,Spin
retail_frame=1016 actor=upper actions=SteerDive,Move,Spin
retail_frame=1016 actor=lower actions=SteerClockwise,Move,Spin
retail_frame=1020 actor=lead actions=Move,Spin,Move,Spin
retail_frame=1020 actor=upper actions=SteerDive,Move,Spin
retail_frame=1020 actor=lower actions=SteerClockwise,Move,Spin
retail_frame=1024 actor=lead actions=Move,Spin
retail_frame=1024 actor=upper actions=SteerDive,Move,SteerDive,Spin,Move,Spin
retail_frame=1024 actor=lower actions=SteerClockwise,Move,SteerClockwise,Spin,Move,Spin
retail_frame=1028 actor=lead actions=Move,Spin
retail_frame=1028 actor=upper actions=SteerDive,Move,Spin
retail_frame=1028 actor=lower actions=SteerClockwise,Move,Spin
retail_frame=1032 actor=lead actions=Move,Spin
retail_frame=1032 actor=upper actions=SteerDive,Move,Spin
retail_frame=1032 actor=lower actions=SteerClockwise,Move,Spin
retail_frame=1036 actor=lead actions=Move,Spin
retail_frame=1036 actor=upper actions=SteerDive,Move,Spin
retail_frame=1036 actor=lower actions=SteerClockwise,Move,Spin
retail_frame=1040 actor=lead actions=Move,Spin
retail_frame=1040 actor=upper actions=SteerDive,Move,Spin
retail_frame=1040 actor=lower actions=SteerClockwise,Move,Spin
retail_frame=1044 actor=lead actions=Move,Spin,Move,Spin
retail_frame=1044 actor=upper actions=SteerDive,Move,SteerDive,Spin,Move
retail_frame=1044 actor=lower actions=SteerClockwise,Move,Spin
retail_frame=1048 actor=lead actions=Move,Spin
retail_frame=1048 actor=upper actions=SteerDive,Spin,Move,Spin
retail_frame=1048 actor=lower actions=SteerClockwise,Move,SteerClockwise,Spin,Move,Spin
retail_frame=1052 actor=lead actions=Move,Spin
retail_frame=1052 actor=upper actions=SteerDive,Move,Spin
retail_frame=1052 actor=lower actions=SteerClockwise,Move,Spin
retail_frame=1056 actor=lead actions=Move,Spin
retail_frame=1056 actor=upper actions=SteerDive,Move,Spin
retail_frame=1056 actor=lower actions=SteerClockwise,Move,Spin
retail_frame=1060 actor=lead actions=Move,Spin
retail_frame=1060 actor=upper actions=SteerDive,Move,Spin
retail_frame=1060 actor=lower actions=SteerClockwise,Move,Spin
retail_frame=1064 actor=lead actions=Move,Spin
retail_frame=1064 actor=upper actions=SteerDive,Move,Spin
retail_frame=1064 actor=lower actions=SteerClockwise,Move,Spin
retail_frame=1068 actor=lead actions=Move,Spin,Move,Spin
retail_frame=1068 actor=upper actions=SteerDive,Move,SteerDive,Spin,Move,Spin
retail_frame=1068 actor=lower actions=SteerClockwise,Move,SteerClockwise,Spin,Move
retail_frame=1072 actor=lead actions=Move,Spin
retail_frame=1072 actor=upper actions=SteerDive,Move,Spin
retail_frame=1072 actor=lower actions=SteerClockwise,Spin,Move,Spin
retail_frame=1076 actor=lead actions=Move,Spin
retail_frame=1076 actor=upper actions=SteerDive,Move,Spin
retail_frame=1076 actor=lower actions=SteerClockwise,Move,Spin
retail_frame=1080 actor=lead actions=Move,Spin
retail_frame=1080 actor=upper actions=SteerDive,Move,Spin
retail_frame=1080 actor=lower actions=SteerClockwise,Move,Spin
retail_frame=1084 actor=lead actions=Move,Spin
retail_frame=1084 actor=upper actions=SteerDive,Move,Spin
retail_frame=1084 actor=lower actions=SteerClockwise,Move,Spin
retail_frame=1088 actor=lead actions=Move,Spin
retail_frame=1088 actor=upper actions=SteerDive,Move,Spin
retail_frame=1088 actor=lower actions=SteerClockwise,Move,Spin
retail_frame=1092 actor=lead actions=Move,Spin,Move,Spin
retail_frame=1092 actor=upper actions=SteerDive,Move,SteerDive,Spin,Move,Spin
retail_frame=1092 actor=lower actions=SteerClockwise,Move,SteerClockwise,Spin,Move,Spin
retail_frame=1096 actor=lead actions=Move,Spin
retail_frame=1096 actor=upper actions=SteerDive,Move,Spin
retail_frame=1096 actor=lower actions=SteerClockwise,Move,Spin
retail_frame=1100 actor=lead actions=Move,Spin
retail_frame=1100 actor=upper actions=SteerDive,Move,Spin
retail_frame=1100 actor=lower actions=SteerClockwise,Move,Spin
retail_frame=1104 actor=lead actions=Move,Spin
retail_frame=1104 actor=upper actions=SteerDive,Move,Spin
retail_frame=1104 actor=lower actions=SteerClockwise,Move,Spin
retail_frame=1108 actor=lead actions=Move,Spin
retail_frame=1108 actor=upper actions=SteerDive,Move,Spin
retail_frame=1108 actor=lower actions=SteerClockwise,Move,Spin
retail_frame=1112 actor=lead actions=Move,Spin,Move,Spin
retail_frame=1112 actor=upper actions=SteerDive,Move,SteerDive,Spin,Move
retail_frame=1112 actor=lower actions=SteerClockwise,Move,Spin
retail_frame=1116 actor=lead actions=Move,Spin
retail_frame=1116 actor=upper actions=SteerDive,Spin,Move,Spin
retail_frame=1116 actor=lower actions=SteerClockwise,Move,SteerClockwise,Spin,Move,Spin
retail_frame=1120 actor=lead actions=Move,Spin
retail_frame=1120 actor=upper actions=SteerDive,Move,Spin
retail_frame=1120 actor=lower actions=SteerClockwise,Move,Spin
retail_frame=1124 actor=lead actions=Move,Spin
retail_frame=1124 actor=upper actions=SteerDive,Move,Spin
retail_frame=1124 actor=lower actions=SteerClockwise,Move,Spin
retail_frame=1128 actor=lead actions=Move,Spin
retail_frame=1128 actor=upper actions=SteerDive,Move,Spin
retail_frame=1128 actor=lower actions=SteerClockwise,Move,Spin
retail_frame=1132 actor=lead actions=Move,Spin
retail_frame=1132 actor=upper actions=SteerDive,Move,Spin
retail_frame=1132 actor=lower actions=SteerClockwise,Move,Spin
retail_frame=1136 actor=lead actions=Move,Spin,Move,Spin
retail_frame=1136 actor=upper actions=SteerDive,Move,SteerDive,Spin,Move,Spin
retail_frame=1136 actor=lower actions=SteerClockwise,Move,SteerClockwise,Spin
retail_frame=1140 actor=lead actions=Move,Spin
retail_frame=1140 actor=upper actions=SteerDive,Move,Spin
retail_frame=1140 actor=lower actions=Move,SteerClockwise,Spin,Move,Spin
retail_frame=1144 actor=lead actions=Move,Spin
retail_frame=1144 actor=upper actions=Move,Spin
retail_frame=1144 actor=lower actions=Move,Spin
retail_frame=1148 actor=lead actions=Move,Spin
retail_frame=1148 actor=upper actions=Move,Spin
retail_frame=1148 actor=lower actions=Move,Spin
retail_frame=1152 actor=lead actions=Move,Spin
retail_frame=1152 actor=upper actions=Move,Spin
retail_frame=1152 actor=lower actions=Move,Spin
retail_frame=1156 actor=lead actions=Move,Spin,Move
retail_frame=1156 actor=upper actions=Move,Spin
retail_frame=1156 actor=lower actions=Move,Spin
retail_frame=1160 actor=lead actions=Spin,Move,Spin
retail_frame=1160 actor=upper actions=Move,Spin,Move,Spin
retail_frame=1160 actor=lower actions=Move,Spin,Move,Spin
retail_frame=1164 actor=lead actions=Move,Spin
retail_frame=1164 actor=upper actions=Move,Spin
retail_frame=1164 actor=lower actions=Move,Spin
retail_frame=1168 actor=lead actions=Move,Spin
retail_frame=1168 actor=upper actions=Move,Spin
retail_frame=1168 actor=lower actions=Move,Spin
retail_frame=1172 actor=lead actions=Move,Spin
retail_frame=1172 actor=upper actions=Move,Spin
retail_frame=1172 actor=lower actions=Move,Spin
retail_frame=1176 actor=lead actions=Move,Spin
retail_frame=1176 actor=upper actions=Move,Spin
retail_frame=1176 actor=lower actions=Move,Spin
retail_frame=1180 actor=lead actions=Move,Spin,Move,Spin
retail_frame=1180 actor=upper actions=Move,Spin,Move,Spin
retail_frame=1180 actor=lower actions=Move,Spin,Move
retail_frame=1184 actor=lead actions=Move,Spin
retail_frame=1184 actor=upper actions=Move,Spin
retail_frame=1184 actor=lower actions=Spin,Move,Spin
retail_frame=1188 actor=lead actions=Move,Spin
retail_frame=1188 actor=upper actions=Move,Spin
retail_frame=1188 actor=lower actions=Move,Spin
retail_frame=1192 actor=lead actions=Move,Spin
retail_frame=1192 actor=upper actions=Move,Spin
retail_frame=1192 actor=lower actions=Move,Spin
retail_frame=1196 actor=lead actions=Move,Spin
retail_frame=1196 actor=upper actions=Move,Spin
retail_frame=1196 actor=lower actions=Move,Spin
retail_frame=1200 actor=lead actions=Move,Spin
retail_frame=1200 actor=upper actions=Move,Spin
retail_frame=1200 actor=lower actions=Move,Spin
retail_frame=1204 actor=lead actions=Move,Spin,Move
retail_frame=1204 actor=upper actions=Move,Spin
retail_frame=1204 actor=lower actions=Move,Spin
retail_frame=1208 actor=lead actions=Spin,Move,Spin
retail_frame=1208 actor=upper actions=Move,Spin,Move,Spin
retail_frame=1208 actor=lower actions=Move,Spin,Move,Spin
retail_frame=1212 actor=lead actions=Move,Spin
retail_frame=1212 actor=upper actions=Move,Spin
retail_frame=1212 actor=lower actions=Move,Spin
retail_frame=1216 actor=lead actions=Move,Spin
retail_frame=1216 actor=upper actions=Move,Spin
retail_frame=1216 actor=lower actions=Move,Spin
retail_frame=1220 actor=lead actions=Move,Spin
retail_frame=1220 actor=upper actions=Move,Spin
retail_frame=1220 actor=lower actions=Move,Spin
retail_frame=1224 actor=lead actions=Move,Spin
retail_frame=1224 actor=upper actions=Move,Spin
retail_frame=1224 actor=lower actions=Move,Spin
retail_frame=1228 actor=lead actions=Move,Spin,Move
retail_frame=1228 actor=upper actions=Move,Spin
retail_frame=1228 actor=lower actions=Move,Spin
retail_frame=1232 actor=lead actions=Spin,Move,Spin
retail_frame=1232 actor=upper actions=Move,Spin,Move,Spin
retail_frame=1232 actor=lower actions=Move,Spin,Move,Spin
retail_frame=1236 actor=lead actions=Move,Spin
retail_frame=1236 actor=upper actions=Move,Spin
retail_frame=1236 actor=lower actions=Move,Spin
retail_frame=1240 actor=lead actions=Move,Spin
retail_frame=1240 actor=upper actions=Move,Spin
retail_frame=1240 actor=lower actions=Move,Spin
retail_frame=1244 actor=lead actions=Move,Spin
retail_frame=1244 actor=upper actions=SteerClimb,Move,Spin
retail_frame=1244 actor=lower actions=SteerCounterClockwise,Move,Spin
retail_frame=1248 actor=lead actions=Move,Spin
retail_frame=1248 actor=upper actions=SteerClimb,Move,Spin
retail_frame=1248 actor=lower actions=SteerCounterClockwise,Move,Spin
retail_frame=1252 actor=lead actions=Move,Spin
retail_frame=1252 actor=upper actions=SteerClimb,Move,Spin
retail_frame=1252 actor=lower actions=SteerCounterClockwise,Move,Spin
retail_frame=1256 actor=lead actions=Move,Spin,Move,Spin
retail_frame=1256 actor=upper actions=SteerClimb,Move,SteerClimb,Spin,Move,Spin
retail_frame=1256 actor=lower actions=SteerCounterClockwise,Move,Spin
retail_frame=1260 actor=lead actions=Move,Spin
retail_frame=1260 actor=upper actions=SteerClimb,Move,Spin
retail_frame=1260 actor=lower actions=SteerCounterClockwise,Move,SteerCounterClockwise,Spin,Move,Spin
retail_frame=1264 actor=lead actions=Move,Spin
retail_frame=1264 actor=upper actions=SteerClimb,Move,Spin
retail_frame=1264 actor=lower actions=SteerCounterClockwise,Move,Spin
retail_frame=1268 actor=lead actions=Move,Spin
retail_frame=1268 actor=upper actions=SteerClimb,Move,Spin
retail_frame=1268 actor=lower actions=SteerCounterClockwise,Move,Spin
retail_frame=1272 actor=lead actions=Move,Spin
retail_frame=1272 actor=upper actions=SteerClimb,Move,Spin
retail_frame=1272 actor=lower actions=SteerCounterClockwise,Move,Spin
retail_frame=1276 actor=lead actions=Move,Spin
retail_frame=1276 actor=upper actions=SteerClimb,Move,Spin
retail_frame=1276 actor=lower actions=SteerCounterClockwise,Move,Spin
retail_frame=1280 actor=lead actions=Move,Spin,Move,Spin
retail_frame=1280 actor=upper actions=SteerClimb,Move,SteerClimb,Spin,Move
retail_frame=1280 actor=lower actions=SteerCounterClockwise,Move,Spin
retail_frame=1284 actor=lead actions=Move,Spin
retail_frame=1284 actor=upper actions=SteerClimb,Spin,Move,Spin
retail_frame=1284 actor=lower actions=SteerCounterClockwise,Move,SteerCounterClockwise,Spin,Move,Spin
retail_frame=1288 actor=lead actions=Move,Spin
retail_frame=1288 actor=upper actions=SteerClimb,Move,Spin
retail_frame=1288 actor=lower actions=SteerCounterClockwise,Move,Spin
retail_frame=1292 actor=lead actions=Move,Spin
retail_frame=1292 actor=upper actions=SteerClimb,Move,Spin
retail_frame=1292 actor=lower actions=SteerCounterClockwise,Move,Spin
retail_frame=1296 actor=lead actions=Move,Spin
retail_frame=1296 actor=upper actions=SteerClimb,Move,Spin
retail_frame=1296 actor=lower actions=SteerCounterClockwise,Move,Spin
retail_frame=1300 actor=lead actions=Move,Spin
retail_frame=1300 actor=upper actions=SteerClimb,Move,Spin
retail_frame=1300 actor=lower actions=SteerCounterClockwise,Move,Spin
retail_frame=1304 actor=lead actions=Move,Spin,Move
retail_frame=1304 actor=upper actions=SteerClimb,Move,Spin
retail_frame=1304 actor=lower actions=SteerCounterClockwise,Move,Spin
retail_frame=1308 actor=lead actions=Spin,Move,Spin
retail_frame=1308 actor=upper actions=SteerClimb,Move,SteerClimb,Spin,Move,Spin
retail_frame=1308 actor=lower actions=SteerCounterClockwise,Move,SteerCounterClockwise,Spin,Move,Spin
retail_frame=1312 actor=lead actions=Move,Spin
retail_frame=1312 actor=upper actions=SteerClimb,Move,Spin
retail_frame=1312 actor=lower actions=SteerCounterClockwise,Move,Spin
retail_frame=1316 actor=lead actions=Move,Spin
retail_frame=1316 actor=upper actions=SteerClimb,Move,Spin
retail_frame=1316 actor=lower actions=SteerCounterClockwise,Move,Spin
retail_frame=1320 actor=lead actions=Move,Spin
retail_frame=1320 actor=upper actions=SteerClimb,Move,Spin
retail_frame=1320 actor=lower actions=SteerCounterClockwise,Move,Spin
retail_frame=1324 actor=lead actions=Move,Spin
retail_frame=1324 actor=upper actions=SteerClimb,Move,Spin
retail_frame=1324 actor=lower actions=SteerCounterClockwise,Move,Spin
retail_frame=1328 actor=lead actions=Move,Spin
retail_frame=1328 actor=upper actions=SteerClimb,Move,Spin
retail_frame=1328 actor=lower actions=SteerCounterClockwise,Move,Spin
retail_frame=1332 actor=lead actions=Move,Spin,Move,Spin
retail_frame=1332 actor=upper actions=SteerClimb,Move,SteerClimb,Spin,Move,Spin
retail_frame=1332 actor=lower actions=SteerCounterClockwise,Move,SteerCounterClockwise,Spin,Move
retail_frame=1336 actor=lead actions=Move,Spin
retail_frame=1336 actor=upper actions=SteerClimb,Move,Spin
retail_frame=1336 actor=lower actions=SteerCounterClockwise,Spin,Move,Spin
retail_frame=1340 actor=lead actions=Move,Spin
retail_frame=1340 actor=upper actions=SteerClimb,Move,Spin
retail_frame=1340 actor=lower actions=SteerCounterClockwise,Move,Spin
retail_frame=1344 actor=lead actions=Move,Spin
retail_frame=1344 actor=upper actions=SteerClimb,Move,Spin
retail_frame=1344 actor=lower actions=SteerCounterClockwise,Move,Spin
retail_frame=1348 actor=lead actions=Move,Spin
retail_frame=1348 actor=upper actions=SteerClimb,Move,Spin
retail_frame=1348 actor=lower actions=SteerCounterClockwise,Move,Spin
retail_frame=1352 actor=lead actions=SteerClockwise,Move,Spin
retail_frame=1352 actor=upper actions=SteerClimb,Move,Spin
retail_frame=1352 actor=lower actions=SteerCounterClockwise,Move,Spin
retail_frame=1356 actor=lead actions=SteerClockwise,Move,SteerClockwise,Spin,Move,Spin
retail_frame=1356 actor=upper actions=SteerClimb,Move,Spin
retail_frame=1356 actor=lower actions=SteerCounterClockwise,Move,Spin
retail_frame=1360 actor=lead actions=SteerClockwise,Move,Spin
retail_frame=1360 actor=upper actions=SteerClimb,Move,SteerClimb,Spin,Move,Spin
retail_frame=1360 actor=lower actions=SteerCounterClockwise,Move,SteerCounterClockwise,Spin,Move,Spin
retail_frame=1364 actor=lead actions=SteerClockwise,Move,Spin
retail_frame=1364 actor=upper actions=SteerClimb,Move,Spin
retail_frame=1364 actor=lower actions=SteerCounterClockwise,Move,Spin
retail_frame=1368 actor=lead actions=SteerClockwise,Move,Spin
retail_frame=1368 actor=upper actions=SteerClimb,Move,Spin
retail_frame=1368 actor=lower actions=SteerCounterClockwise,Move,Spin
retail_frame=1372 actor=lead actions=SteerClockwise,Move,Spin
retail_frame=1372 actor=upper actions=SteerClimb,Move,Spin
retail_frame=1372 actor=lower actions=SteerCounterClockwise,Move,Spin
retail_frame=1376 actor=lead actions=SteerClockwise,Move,Spin
retail_frame=1376 actor=upper actions=SteerClimb,Move,Spin
retail_frame=1376 actor=lower actions=SteerCounterClockwise,Move,Spin
retail_frame=1380 actor=lead actions=SteerClockwise,Move,Spin
retail_frame=1380 actor=upper actions=SteerClimb,Move,Spin
retail_frame=1380 actor=lower actions=SteerCounterClockwise,Move,Spin
retail_frame=1384 actor=lead actions=SteerClockwise,Move,SteerClockwise,Spin,Move,Spin
retail_frame=1384 actor=upper actions=Move,Spin,Move,Spin
retail_frame=1384 actor=lower actions=Move,Spin,Move
retail_frame=1388 actor=lead actions=SteerClockwise,Move,Spin
retail_frame=1388 actor=upper actions=Move,Spin
retail_frame=1388 actor=lower actions=Spin,Move,Spin
retail_frame=1392 actor=lead actions=SteerClockwise,Move,Spin
retail_frame=1392 actor=upper actions=Move,Spin
retail_frame=1392 actor=lower actions=Move,Spin
retail_frame=1396 actor=lead actions=SteerClockwise,Move,Spin
retail_frame=1396 actor=upper actions=Move,Spin
retail_frame=1396 actor=lower actions=Move,Spin
retail_frame=1400 actor=lead actions=SteerClockwise,Move,Spin
retail_frame=1400 actor=upper actions=Move,Spin
retail_frame=1400 actor=lower actions=Move,Spin
retail_frame=1404 actor=lead actions=SteerClockwise,Move,Spin
retail_frame=1404 actor=upper actions=Move,Spin
retail_frame=1404 actor=lower actions=Move,Spin
retail_frame=1408 actor=lead actions=SteerClockwise,Move,SteerClockwise,Spin,Move,Spin
retail_frame=1408 actor=upper actions=Move,Spin,Move,Spin
retail_frame=1408 actor=lower actions=Move,Spin
retail_frame=1412 actor=lead actions=SteerClockwise,Move,Spin
retail_frame=1412 actor=upper actions=Move,Spin
retail_frame=1412 actor=lower actions=Move,Spin,Move,Spin
retail_frame=1416 actor=lead actions=SteerClockwise,Move,Spin
retail_frame=1416 actor=upper actions=Move,Spin
retail_frame=1416 actor=lower actions=Move,Spin
retail_frame=1420 actor=lead actions=SteerClockwise,Move,Spin
retail_frame=1420 actor=upper actions=Move,Spin
retail_frame=1420 actor=lower actions=Move,Spin
retail_frame=1424 actor=lead actions=SteerClockwise,Move,Spin
retail_frame=1424 actor=upper actions=Move,Spin
retail_frame=1424 actor=lower actions=Move,Spin
retail_frame=1428 actor=lead actions=SteerClockwise,Move,Spin
retail_frame=1428 actor=upper actions=Move,Spin
retail_frame=1428 actor=lower actions=Move,Spin
retail_frame=1432 actor=lead actions=SteerClockwise,Move,SteerClockwise,Spin
retail_frame=1432 actor=upper actions=Move,Spin
retail_frame=1432 actor=lower actions=Move,Spin
retail_frame=1436 actor=lead actions=Move,SteerClockwise,Spin,Move,Spin
retail_frame=1436 actor=upper actions=Move,Spin,Move,Spin
retail_frame=1436 actor=lower actions=Move,Spin,Move,Spin
retail_frame=1440 actor=lead actions=SteerClockwise,Move,Spin
retail_frame=1440 actor=upper actions=Move,Spin
retail_frame=1440 actor=lower actions=Move,Spin
retail_frame=1444 actor=lead actions=SteerClockwise,Move,Spin
retail_frame=1444 actor=upper actions=Move,Spin
retail_frame=1444 actor=lower actions=Move,Spin
retail_frame=1448 actor=lead actions=SteerClockwise,Move,Spin
retail_frame=1448 actor=upper actions=Move,Spin
retail_frame=1448 actor=lower actions=Move,Spin
retail_frame=1452 actor=lead actions=SteerClockwise,Move,Spin
retail_frame=1452 actor=upper actions=Move,Spin
retail_frame=1452 actor=lower actions=Move,Spin
retail_frame=1456 actor=lead actions=SteerClockwise,Move,SteerClockwise,Spin,Move,Spin
retail_frame=1456 actor=upper actions=Move,Spin,Move,Spin
retail_frame=1456 actor=lower actions=Move,Spin
retail_frame=1460 actor=lead actions=SteerClockwise,Move,Spin
retail_frame=1460 actor=upper actions=Move,Spin
retail_frame=1460 actor=lower actions=Move,Spin,Move,Spin
retail_frame=1464 actor=lead actions=SteerClockwise,Move,Spin
retail_frame=1464 actor=upper actions=Move,Spin
retail_frame=1464 actor=lower actions=Move,Spin
retail_frame=1468 actor=lead actions=SteerClockwise,Move,Spin
retail_frame=1468 actor=upper actions=Move,Spin
retail_frame=1468 actor=lower actions=Move,Spin
retail_frame=1472 actor=lead actions=SteerClockwise,Move,Spin
retail_frame=1472 actor=upper actions=Move,Spin
retail_frame=1472 actor=lower actions=Move,Spin
retail_frame=1476 actor=lead actions=SteerClockwise,Move,Spin
retail_frame=1476 actor=upper actions=Move,Spin
retail_frame=1476 actor=lower actions=Move,Spin
retail_frame=1480 actor=lead actions=SteerClockwise,Move,SteerClockwise,Spin,Move,Spin
retail_frame=1480 actor=upper actions=Move,Spin,Move,Spin
retail_frame=1480 actor=lower actions=Move,Spin,Move,Spin
retail_frame=1484 actor=lead actions=SteerClockwise,Move,Spin
retail_frame=1484 actor=upper actions=Move,Spin
retail_frame=1484 actor=lower actions=Move,Spin
retail_frame=1488 actor=lead actions=Move,Spin
retail_frame=1488 actor=upper actions=Move,Spin
retail_frame=1488 actor=lower actions=Move,Spin
retail_frame=1492 actor=lead actions=Move,Spin
retail_frame=1492 actor=upper actions=Move,Spin
retail_frame=1492 actor=lower actions=Move,Spin
retail_frame=1496 actor=lead actions=Move,Spin
retail_frame=1496 actor=upper actions=Move,Spin
retail_frame=1496 actor=lower actions=Move,Spin
retail_frame=1500 actor=lead actions=Move,Spin,Move,Spin
retail_frame=1500 actor=upper actions=Move,Spin,Move
retail_frame=1500 actor=lower actions=Move,Spin
retail_frame=1504 actor=lead actions=Move,Spin
retail_frame=1504 actor=upper actions=Spin,Move,Spin
retail_frame=1504 actor=lower actions=Move,Spin,Move,Spin
retail_frame=1508 actor=lead actions=Move,Spin
retail_frame=1508 actor=upper actions=Move,Spin
retail_frame=1508 actor=lower actions=Move,Spin
retail_frame=1512 actor=lead actions=Move,Spin
retail_frame=1512 actor=upper actions=Move,Spin
retail_frame=1512 actor=lower actions=Move,Spin
retail_frame=1516 actor=lead actions=Move,Spin
retail_frame=1516 actor=upper actions=Move,Spin
retail_frame=1516 actor=lower actions=Move,Spin
retail_frame=1520 actor=lead actions=Move,Spin,Move
retail_frame=1520 actor=upper actions=Move,Spin
retail_frame=1520 actor=lower actions=Move,Spin
retail_frame=1524 actor=lead actions=Spin,Move,Spin
retail_frame=1524 actor=upper actions=Move,Spin,Move,Spin
retail_frame=1524 actor=lower actions=Move,Spin,Move,Spin
retail_frame=1528 actor=lead actions=Move,Spin
retail_frame=1528 actor=upper actions=Move,Spin
retail_frame=1528 actor=lower actions=Move,Spin
retail_frame=1532 actor=lead actions=Move,Spin
retail_frame=1532 actor=upper actions=Move,Spin
retail_frame=1532 actor=lower actions=Move,Spin
retail_frame=1536 actor=lead actions=Move,Spin
retail_frame=1536 actor=upper actions=Move,Spin
retail_frame=1536 actor=lower actions=Move,Spin
retail_frame=1540 actor=lead actions=Move,Spin
retail_frame=1540 actor=upper actions=Move,Spin
retail_frame=1540 actor=lower actions=Move,Spin
retail_frame=1544 actor=lead actions=Move,Spin,Move,Spin
retail_frame=1544 actor=upper actions=Move,Spin,Move,Spin
retail_frame=1544 actor=lower actions=Move,Spin
retail_frame=1548 actor=lead actions=Move,Spin
retail_frame=1548 actor=upper actions=Move,Spin
retail_frame=1548 actor=lower actions=Move,Spin,Move,Spin
retail_frame=1552 actor=lead actions=Move,Spin
retail_frame=1552 actor=upper actions=Move,Spin
retail_frame=1552 actor=lower actions=Move,Spin
retail_frame=1556 actor=lead actions=Move,Spin
retail_frame=1556 actor=upper actions=Move,Spin
retail_frame=1556 actor=lower actions=Move,Spin
retail_frame=1560 actor=lead actions=Move,Spin
retail_frame=1560 actor=upper actions=Move,Spin
retail_frame=1560 actor=lower actions=Move,Spin
retail_frame=1564 actor=lead actions=Move,Spin,Move,Spin
retail_frame=1564 actor=upper actions=Move,Spin
retail_frame=1564 actor=lower actions=Move,Spin
retail_frame=1568 actor=lead actions=Move,Spin
retail_frame=1568 actor=upper actions=Move,Spin,Move,Spin
retail_frame=1568 actor=lower actions=Move,Spin,Move,Spin
retail_frame=1572 actor=lead actions=Move,Spin
retail_frame=1572 actor=upper actions=Move,Spin
retail_frame=1572 actor=lower actions=Move,Spin
retail_frame=1576 actor=lead actions=Move,Spin
retail_frame=1576 actor=upper actions=Move,Spin
retail_frame=1576 actor=lower actions=Move,Spin
retail_frame=1580 actor=lead actions=Move,Spin
retail_frame=1580 actor=upper actions=Move,Spin
retail_frame=1580 actor=lower actions=Move,Spin
retail_frame=1584 actor=lead actions=Move,Spin
retail_frame=1584 actor=upper actions=Move,Spin
retail_frame=1584 actor=lower actions=Move,Spin
retail_frame=1588 actor=lead actions=SteerCounterClockwise,Move,SteerCounterClockwise,Spin,Move,Spin
retail_frame=1588 actor=upper actions=Move,Spin,Move,Spin
retail_frame=1588 actor=lower actions=Move,Spin,Move,Spin
retail_frame=1592 actor=lead actions=SteerCounterClockwise,Move,Spin
retail_frame=1592 actor=upper actions=Move,Spin
retail_frame=1592 actor=lower actions=Move,Spin
retail_frame=1596 actor=lead actions=SteerCounterClockwise,Move,Spin
retail_frame=1596 actor=upper actions=Move,Spin
retail_frame=1596 actor=lower actions=Move,Spin
retail_frame=1600 actor=lead actions=SteerCounterClockwise,Move,Spin
retail_frame=1600 actor=upper actions=Move,Spin
retail_frame=1600 actor=lower actions=Move,Spin
retail_frame=1604 actor=lead actions=SteerCounterClockwise,Move,Spin
retail_frame=1604 actor=upper actions=Move,Spin
retail_frame=1604 actor=lower actions=Move,Spin
retail_frame=1608 actor=lead actions=SteerCounterClockwise,Move,SteerCounterClockwise,Spin,Move,Spin
retail_frame=1608 actor=upper actions=Move,Spin,Move,Spin
retail_frame=1608 actor=lower actions=Move,Spin,Move,Spin
retail_frame=1612 actor=lead actions=SteerCounterClockwise,Move,Spin
retail_frame=1612 actor=upper actions=Move,Spin
retail_frame=1612 actor=lower actions=Move,Spin
retail_frame=1616 actor=lead actions=SteerCounterClockwise,Move,Spin
retail_frame=1616 actor=upper actions=Move,Spin
retail_frame=1616 actor=lower actions=Move,Spin
retail_frame=1620 actor=lead actions=SteerCounterClockwise,Move,Spin
retail_frame=1620 actor=upper actions=Move,Spin
retail_frame=1620 actor=lower actions=Move,Spin
retail_frame=1624 actor=lead actions=SteerCounterClockwise,Move,Spin
retail_frame=1624 actor=upper actions=Move,Spin
retail_frame=1624 actor=lower actions=Move,Spin
retail_frame=1628 actor=lead actions=SteerCounterClockwise,Move,SteerCounterClockwise,Spin,Move,Spin
retail_frame=1628 actor=upper actions=Move,Spin,Move,Spin
retail_frame=1628 actor=lower actions=Move,Spin
retail_frame=1632 actor=lead actions=SteerCounterClockwise,Move,Spin
retail_frame=1632 actor=upper actions=Move,Spin
retail_frame=1632 actor=lower actions=Move,Spin,Move,Spin
retail_frame=1636 actor=lead actions=SteerCounterClockwise,Move,Spin
retail_frame=1636 actor=upper actions=Move,Spin
retail_frame=1636 actor=lower actions=Move,Spin
retail_frame=1640 actor=lead actions=SteerCounterClockwise,Move,Spin
retail_frame=1640 actor=upper actions=Move,Spin
retail_frame=1640 actor=lower actions=Move,Spin
retail_frame=1644 actor=lead actions=SteerCounterClockwise,Move,Spin
retail_frame=1644 actor=upper actions=Move,Spin
retail_frame=1644 actor=lower actions=Move,Spin
retail_frame=1648 actor=lead actions=SteerCounterClockwise,Move,SteerCounterClockwise,Spin,Move,Spin
retail_frame=1648 actor=upper actions=Move,Spin
retail_frame=1648 actor=lower actions=Move,Spin
retail_frame=1652 actor=lead actions=SteerCounterClockwise,Move,Spin
retail_frame=1652 actor=upper actions=Move,Spin,Move,Spin
retail_frame=1652 actor=lower actions=Move,Spin,Move,Spin
retail_frame=1656 actor=lead actions=SteerCounterClockwise,Move,Spin
retail_frame=1656 actor=upper actions=Move,Spin
retail_frame=1656 actor=lower actions=Move,Spin
retail_frame=1660 actor=lead actions=SteerCounterClockwise,Move,Spin
retail_frame=1660 actor=upper actions=Move,Spin
retail_frame=1660 actor=lower actions=Move,Spin
retail_frame=1664 actor=lead actions=SteerCounterClockwise,Move,Spin
retail_frame=1664 actor=upper actions=Move,Spin
retail_frame=1664 actor=lower actions=Move,Spin
retail_frame=1668 actor=lead actions=SteerCounterClockwise,Move,SteerCounterClockwise,Spin,Move,Spin
retail_frame=1668 actor=upper actions=Move,Spin
retail_frame=1668 actor=lower actions=Move,Spin
retail_frame=1672 actor=lead actions=SteerCounterClockwise,Move,Spin
retail_frame=1672 actor=upper actions=Move,Spin,Move,Spin
retail_frame=1672 actor=lower actions=Move,Spin,Move,Spin
retail_frame=1676 actor=lead actions=SteerCounterClockwise,Move,Spin
retail_frame=1676 actor=upper actions=Move,Spin
retail_frame=1676 actor=lower actions=Move,Spin
retail_frame=1680 actor=lead actions=SteerCounterClockwise,Move,Spin
retail_frame=1680 actor=upper actions=Move,Spin
retail_frame=1680 actor=lower actions=Move,Spin
retail_frame=1684 actor=lead actions=SteerCounterClockwise,Move,Spin
retail_frame=1684 actor=upper actions=Move,Spin
retail_frame=1684 actor=lower actions=Move,Spin
retail_frame=1688 actor=lead actions=SteerCounterClockwise,Move,SteerCounterClockwise,Spin,Move,Spin
retail_frame=1688 actor=upper actions=Move,Spin
retail_frame=1688 actor=lower actions=Move,Spin
retail_frame=1692 actor=lead actions=SteerCounterClockwise,Move,Spin
retail_frame=1692 actor=upper actions=Move,Spin,Move,Spin
retail_frame=1692 actor=lower actions=Move,Spin,Move,Spin
retail_frame=1696 actor=lead actions=SteerCounterClockwise,Move,Spin
retail_frame=1696 actor=upper actions=Move,Spin
retail_frame=1696 actor=lower actions=Move,Spin
retail_frame=1700 actor=lead actions=SteerCounterClockwise,Move,Spin
retail_frame=1700 actor=upper actions=Move,Spin
retail_frame=1700 actor=lower actions=Move,Spin
retail_frame=1704 actor=lead actions=SteerCounterClockwise,Move,Spin
retail_frame=1704 actor=upper actions=Move,Spin
retail_frame=1704 actor=lower actions=Move,Spin
retail_frame=1708 actor=lead actions=SteerCounterClockwise,Move,SteerCounterClockwise,Spin,Move,Spin
retail_frame=1708 actor=upper actions=Move,Spin
retail_frame=1708 actor=lower actions=Move,Spin
retail_frame=1712 actor=lead actions=SteerCounterClockwise,Move,Spin
retail_frame=1712 actor=upper actions=Move,Spin,Move,Spin
retail_frame=1712 actor=lower actions=Move,Spin,Move,Spin
retail_frame=1716 actor=lead actions=SteerCounterClockwise,Move,Spin
retail_frame=1716 actor=upper actions=Move,Spin
retail_frame=1716 actor=lower actions=Move,Spin
retail_frame=1720 actor=lead actions=Move,Spin
retail_frame=1720 actor=upper actions=Move,Spin
retail_frame=1720 actor=lower actions=SteerDive,Move,Spin
retail_frame=1724 actor=lead actions=Move,Spin
retail_frame=1724 actor=upper actions=Move,Spin
retail_frame=1724 actor=lower actions=SteerDive,Move,Spin
retail_frame=1728 actor=lead actions=Move,Spin,Move
retail_frame=1728 actor=upper actions=Move,Spin
retail_frame=1728 actor=lower actions=SteerDive,Move,Spin
retail_frame=1732 actor=lead actions=Spin,Move,Spin
retail_frame=1732 actor=upper actions=Move,Spin,Move,Spin
retail_frame=1732 actor=lower actions=SteerDive,Move,SteerDive,Spin,Move,Spin
retail_frame=1736 actor=lead actions=Move,Spin
retail_frame=1736 actor=upper actions=Move,Spin
retail_frame=1736 actor=lower actions=SteerDive,Move,Spin
retail_frame=1740 actor=lead actions=Move,Spin
retail_frame=1740 actor=upper actions=Move,Spin
retail_frame=1740 actor=lower actions=SteerDive,Move,Spin
retail_frame=1744 actor=lead actions=Move,Spin
retail_frame=1744 actor=upper actions=Move,Spin
retail_frame=1744 actor=lower actions=SteerDive,Move,Spin
retail_frame=1748 actor=lead actions=Move,Spin
retail_frame=1748 actor=upper actions=Move,Spin
retail_frame=1748 actor=lower actions=SteerDive,Move,Spin
retail_frame=1752 actor=lead actions=Move,Spin
retail_frame=1752 actor=upper actions=Move,Spin
retail_frame=1752 actor=lower actions=SteerDive,Move,Spin
retail_frame=1756 actor=lead actions=Move,Spin,Move,Spin
retail_frame=1756 actor=upper actions=Move,Spin,Move,Spin
retail_frame=1756 actor=lower actions=SteerDive,Move,SteerDive,Spin,Move,Spin
retail_frame=1760 actor=lead actions=Move,Spin
retail_frame=1760 actor=upper actions=Move,Spin
retail_frame=1760 actor=lower actions=SteerDive,Move,Spin
retail_frame=1764 actor=lead actions=Move,Spin
retail_frame=1764 actor=upper actions=Move,Spin
retail_frame=1764 actor=lower actions=SteerDive,Move,Spin
retail_frame=1768 actor=lead actions=Move,Spin
retail_frame=1768 actor=upper actions=Move,Spin
retail_frame=1768 actor=lower actions=SteerDive,Move,Spin
retail_frame=1772 actor=lead actions=Move,Spin
retail_frame=1772 actor=upper actions=Move,Spin
retail_frame=1772 actor=lower actions=SteerDive,Move,Spin
retail_frame=1776 actor=lead actions=Move,Spin,Move,Spin
retail_frame=1776 actor=upper actions=Move,Spin,Move
retail_frame=1776 actor=lower actions=SteerDive,Move,Spin
retail_frame=1780 actor=lead actions=Move,Spin
retail_frame=1780 actor=upper actions=Spin,Move,Spin
retail_frame=1780 actor=lower actions=SteerDive,Move,SteerDive,Spin,Move,Spin
retail_frame=1784 actor=lead actions=Move,Spin
retail_frame=1784 actor=upper actions=Move,Spin
retail_frame=1784 actor=lower actions=SteerDive,Move,Spin
retail_frame=1788 actor=lead actions=Move,Spin
retail_frame=1788 actor=upper actions=Move,Spin
retail_frame=1788 actor=lower actions=SteerDive,Move,Spin
retail_frame=1792 actor=lead actions=Move,Spin
retail_frame=1792 actor=upper actions=Move,Spin
retail_frame=1792 actor=lower actions=SteerDive,Move,Spin
retail_frame=1796 actor=lead actions=Move,Spin
retail_frame=1796 actor=upper actions=Move,Spin
retail_frame=1796 actor=lower actions=SteerDive,Move,Spin
retail_frame=1800 actor=lead actions=Move,Spin,Move,Spin
retail_frame=1800 actor=upper actions=Move,Spin,Move,Spin
retail_frame=1800 actor=lower actions=SteerDive,Move,Spin
retail_frame=1804 actor=lead actions=Move,Spin
retail_frame=1804 actor=upper actions=Move,Spin
retail_frame=1804 actor=lower actions=SteerDive,Move,SteerDive,Spin,Move,Spin
retail_frame=1808 actor=lead actions=Move,Spin
retail_frame=1808 actor=upper actions=Move,Spin
retail_frame=1808 actor=lower actions=SteerDive,Move,Spin
retail_frame=1812 actor=lead actions=Move,Spin
retail_frame=1812 actor=upper actions=Move,Spin
retail_frame=1812 actor=lower actions=SteerDive,Move,Spin
retail_frame=1816 actor=lead actions=Move,Spin
retail_frame=1816 actor=upper actions=Move,Spin
retail_frame=1816 actor=lower actions=SteerDive,Move,Spin
retail_frame=1820 actor=lead actions=Move,Spin
retail_frame=1820 actor=upper actions=Move,Spin
retail_frame=1820 actor=lower actions=SteerDive,Move,Spin
retail_frame=1824 actor=lead actions=Move,Spin,Move,Spin
retail_frame=1824 actor=upper actions=Move,Spin,Move,Spin
retail_frame=1824 actor=lower actions=SteerDive,Move,SteerDive,Spin,Move
retail_frame=1828 actor=lead actions=Move,Spin
retail_frame=1828 actor=upper actions=Move,Spin
retail_frame=1828 actor=lower actions=SteerDive,Spin,Move,Spin
retail_frame=1832 actor=lead actions=Move,Spin
retail_frame=1832 actor=upper actions=Move,Spin
retail_frame=1832 actor=lower actions=SteerDive,Move,Spin
retail_frame=1836 actor=lead actions=Move,Spin
retail_frame=1836 actor=upper actions=Move,Spin
retail_frame=1836 actor=lower actions=SteerDive,Move,Spin
retail_frame=1840 actor=lead actions=Move,Spin
retail_frame=1840 actor=upper actions=Move,Spin
retail_frame=1840 actor=lower actions=SteerDive,Move,Spin
retail_frame=1844 actor=lead actions=Move,Spin
retail_frame=1844 actor=upper actions=Move,Spin
retail_frame=1844 actor=lower actions=SteerDive,Move,Spin
retail_frame=1848 actor=lead actions=Move,Spin
retail_frame=1848 actor=upper actions=Move,Spin
retail_frame=1848 actor=lower actions=SteerDive,Move,Spin
retail_frame=1852 actor=lead actions=Move,Spin
retail_frame=1852 actor=upper actions=Move,Spin
retail_frame=1852 actor=lower actions=SteerDive,Move,Spin
retail_frame=1856 actor=lead actions=Move,Spin,Move
retail_frame=1856 actor=upper actions=Move,Spin
retail_frame=1856 actor=lower actions=SteerDive,Move,Spin
retail_frame=1860 actor=lead actions=Spin,Move,Spin
retail_frame=1860 actor=upper actions=Move,Spin,Move,Spin
retail_frame=1860 actor=lower actions=Move,Spin,Move,Spin
retail_frame=1864 actor=lead actions=Move,Spin
retail_frame=1864 actor=upper actions=Move,Spin
retail_frame=1864 actor=lower actions=Move,Spin
retail_frame=1868 actor=lead actions=Move,Spin
retail_frame=1868 actor=upper actions=Move,Spin
retail_frame=1868 actor=lower actions=Move,Spin
retail_frame=1872 actor=lead actions=Move,Spin
retail_frame=1872 actor=upper actions=Move,Spin
retail_frame=1872 actor=lower actions=Move,Spin
retail_frame=1876 actor=lead actions=Move,Spin
retail_frame=1876 actor=upper actions=Move,Spin
retail_frame=1876 actor=lower actions=Move,Spin
retail_frame=1880 actor=lead actions=Move,Spin
retail_frame=1880 actor=upper actions=Move,Spin
retail_frame=1880 actor=lower actions=Move,Spin
retail_frame=1884 actor=lead actions=Move,Spin
retail_frame=1884 actor=upper actions=Move,Spin
retail_frame=1884 actor=lower actions=Move,Spin
retail_frame=1888 actor=lead actions=Move,Spin
retail_frame=1888 actor=upper actions=Move,Spin
retail_frame=1888 actor=lower actions=Move,Spin
retail_frame=1892 actor=lead actions=Move,Spin
retail_frame=1892 actor=upper actions=Move,Spin
retail_frame=1892 actor=lower actions=Move,Spin
retail_frame=1896 actor=lead actions=Move,Spin
retail_frame=1896 actor=upper actions=Move,Spin
retail_frame=1896 actor=lower actions=Move,Spin
retail_frame=1900 actor=lead actions=Move,Spin
retail_frame=1900 actor=upper actions=Move,Spin
retail_frame=1900 actor=lower actions=Move,Spin
retail_frame=1904 actor=lead actions=Move,Spin
retail_frame=1904 actor=upper actions=Move,Spin
retail_frame=1904 actor=lower actions=Move,Spin
retail_frame=1908 actor=lead actions=Move,Spin
retail_frame=1908 actor=upper actions=Move,Spin
retail_frame=1908 actor=lower actions=Move,Spin
retail_frame=1912 actor=lead actions=Move,Spin
retail_frame=1912 actor=upper actions=Move,Spin
retail_frame=1912 actor=lower actions=Move,Spin
retail_frame=1916 actor=lead actions=Move,Spin
retail_frame=1916 actor=upper actions=Move,Spin
retail_frame=1916 actor=lower actions=Move,Spin
retail_frame=1920 actor=lead actions=Move,Spin
retail_frame=1920 actor=upper actions=Move,Spin
retail_frame=1920 actor=lower actions=Move,Spin
retail_frame=1924 actor=lead actions=Move,Spin,Move
retail_frame=1924 actor=upper actions=Move,Spin
retail_frame=1924 actor=lower actions=Move,Spin
retail_frame=1928 actor=lead actions=Spin,Move,Spin
retail_frame=1928 actor=upper actions=Move,Spin,Move,Spin
retail_frame=1928 actor=lower actions=Move,Spin
retail_frame=1932 actor=lead actions=Move,Spin
retail_frame=1932 actor=upper actions=Move,Spin
retail_frame=1932 actor=lower actions=Move,Spin,Move,Spin
retail_frame=1936 actor=lead actions=Move,Spin
retail_frame=1936 actor=upper actions=Move,Spin
retail_frame=1936 actor=lower actions=Move,Spin
retail_frame=1940 actor=lead actions=Move,Spin
retail_frame=1940 actor=upper actions=Move,Spin
retail_frame=1940 actor=lower actions=Move,Spin
retail_frame=1944 actor=lead actions=Move,Spin
retail_frame=1944 actor=upper actions=Move,Spin
retail_frame=1944 actor=lower actions=Move,Spin
retail_frame=1948 actor=lead actions=Move,Spin
retail_frame=1948 actor=upper actions=Move,Spin
retail_frame=1948 actor=lower actions=Move,Spin
retail_frame=1952 actor=lead actions=Move,Spin
retail_frame=1952 actor=upper actions=Move,Spin
retail_frame=1952 actor=lower actions=Move,Spin
retail_frame=1956 actor=lead actions=Move,Spin
retail_frame=1956 actor=upper actions=Move,Spin
retail_frame=1956 actor=lower actions=Move,Spin
retail_frame=1960 actor=lead actions=Move,Spin
retail_frame=1960 actor=upper actions=Move,Spin
retail_frame=1960 actor=lower actions=Move,Spin
retail_frame=1964 actor=lead actions=Move,Spin
retail_frame=1964 actor=upper actions=Move,Spin
retail_frame=1964 actor=lower actions=Move,Spin
retail_frame=1968 actor=lead actions=Move,Spin
retail_frame=1968 actor=upper actions=Move,Spin
retail_frame=1968 actor=lower actions=SteerClimb,Move,Spin
retail_frame=1972 actor=lead actions=Move,Spin
retail_frame=1972 actor=upper actions=Move,Spin
retail_frame=1972 actor=lower actions=SteerClimb,Move,Spin
retail_frame=1976 actor=lead actions=Move,Spin
retail_frame=1976 actor=upper actions=Move,Spin
retail_frame=1976 actor=lower actions=SteerClimb,Move,Spin
retail_frame=1980 actor=lead actions=Move,Spin
retail_frame=1980 actor=upper actions=Move,Spin
retail_frame=1980 actor=lower actions=SteerClimb,Move,Spin
retail_frame=1984 actor=lead actions=Move,Spin
retail_frame=1984 actor=upper actions=Move,Spin
retail_frame=1984 actor=lower actions=SteerClimb,Move,Spin
retail_frame=1988 actor=lead actions=Move,Spin
retail_frame=1988 actor=upper actions=Move,Spin
retail_frame=1988 actor=lower actions=SteerClimb,Move,Spin
retail_frame=1992 actor=lead actions=Move,Spin,Move
retail_frame=1992 actor=upper actions=Move,Spin
retail_frame=1992 actor=lower actions=SteerClimb,Move,Spin
retail_frame=1996 actor=lead actions=Spin,Move,Spin
retail_frame=1996 actor=upper actions=Move,Spin,Move,Spin
retail_frame=1996 actor=lower actions=SteerClimb,Move,SteerClimb,Spin
retail_frame=2000 actor=lead actions=Move,Spin
retail_frame=2000 actor=upper actions=Move,Spin
retail_frame=2000 actor=lower actions=Move,SteerClimb,Spin,Move
retail_frame=2004 actor=lead actions=Move,Spin
retail_frame=2004 actor=upper actions=Move,Spin
retail_frame=2004 actor=lower actions=SteerClimb,Spin,Move,Spin
retail_frame=2008 actor=lead actions=Move,Spin
retail_frame=2008 actor=upper actions=Move,Spin
retail_frame=2008 actor=lower actions=SteerClimb,Move,Spin
retail_frame=2012 actor=lead actions=Move,Spin
retail_frame=2012 actor=upper actions=Move,Spin
retail_frame=2012 actor=lower actions=SteerClimb,Move,Spin
retail_frame=2016 actor=lead actions=Move,Spin
retail_frame=2016 actor=upper actions=Move,Spin
retail_frame=2016 actor=lower actions=SteerClimb,Move,Spin
retail_frame=2020 actor=lead actions=Move,Spin
retail_frame=2020 actor=upper actions=Move,Spin
retail_frame=2020 actor=lower actions=SteerClimb,Move,Spin
retail_frame=2024 actor=lead actions=Move,Spin
retail_frame=2024 actor=upper actions=Move,Spin
retail_frame=2024 actor=lower actions=SteerClimb,Move,Spin
retail_frame=2028 actor=lead actions=Move,Spin
retail_frame=2028 actor=upper actions=Move,Spin
retail_frame=2028 actor=lower actions=SteerClimb,Move,Spin
retail_frame=2032 actor=lead actions=Move,Spin
retail_frame=2032 actor=upper actions=Move,Spin
retail_frame=2032 actor=lower actions=SteerClimb,Move,Spin
retail_frame=2036 actor=lead actions=Move,Spin
retail_frame=2036 actor=upper actions=Move,Spin
retail_frame=2036 actor=lower actions=SteerClimb,Move,Spin
retail_frame=2040 actor=lead actions=Move,Spin
retail_frame=2040 actor=upper actions=Move,Spin
retail_frame=2040 actor=lower actions=SteerClimb,Move,Spin
retail_frame=2044 actor=lead actions=Move,Spin
retail_frame=2044 actor=upper actions=Move,Spin
retail_frame=2044 actor=lower actions=SteerClimb,Move,Spin
retail_frame=2048 actor=lead actions=Move,Spin
retail_frame=2048 actor=upper actions=Move,Spin
retail_frame=2048 actor=lower actions=SteerClimb,Move,Spin
retail_frame=2052 actor=lead actions=Move,Spin
retail_frame=2052 actor=upper actions=Move,Spin
retail_frame=2052 actor=lower actions=SteerClimb,Move,Spin
retail_frame=2056 actor=lead actions=Move,Spin
retail_frame=2056 actor=upper actions=Move,Spin
retail_frame=2056 actor=lower actions=SteerClimb,Move,Spin
retail_frame=2060 actor=lead actions=Move,Spin,Move,Spin
retail_frame=2060 actor=upper actions=Move,Spin,Move,Spin
retail_frame=2060 actor=lower actions=SteerClimb,Move,Spin
retail_frame=2064 actor=lead actions=Move,Spin
retail_frame=2064 actor=upper actions=Move,Spin
retail_frame=2064 actor=lower actions=SteerClimb,Move,SteerClimb,Spin,Move,Spin
retail_frame=2068 actor=lead actions=Move,Spin
retail_frame=2068 actor=upper actions=Move,Spin
retail_frame=2068 actor=lower actions=SteerClimb,Move,Spin
retail_frame=2072 actor=lead actions=Move,Spin
retail_frame=2072 actor=upper actions=Move,Spin
retail_frame=2072 actor=lower actions=SteerClimb,Move,Spin
retail_frame=2076 actor=lead actions=Move,Spin
retail_frame=2076 actor=upper actions=Move,Spin
retail_frame=2076 actor=lower actions=SteerClimb,Move,Spin
retail_frame=2080 actor=lead actions=Move,Spin
retail_frame=2080 actor=upper actions=Move,Spin
retail_frame=2080 actor=lower actions=SteerClimb,Move,Spin
retail_frame=2084 actor=lead actions=Move,Spin,Move,Spin
retail_frame=2084 actor=upper actions=Move,Spin,Move,Spin
retail_frame=2084 actor=lower actions=SteerClimb,Move,Spin
retail_frame=2088 actor=lead actions=Move,Spin
retail_frame=2088 actor=upper actions=Move,Spin
retail_frame=2088 actor=lower actions=SteerClimb,Move,SteerClimb,Spin,Move,Spin
retail_frame=2092 actor=lead actions=Move,Spin
retail_frame=2092 actor=upper actions=Move,Spin
retail_frame=2092 actor=lower actions=SteerClimb,Move,Spin
retail_frame=2096 actor=lead actions=Move,Spin
retail_frame=2096 actor=upper actions=Move,Spin
retail_frame=2096 actor=lower actions=SteerClimb,Move,Spin
retail_frame=2100 actor=lead actions=Move,Spin
retail_frame=2100 actor=upper actions=Move,Spin
retail_frame=2100 actor=lower actions=SteerClimb,Move,Spin
retail_frame=2104 actor=lead actions=Move,Spin
retail_frame=2104 actor=upper actions=Move,Spin
retail_frame=2104 actor=lower actions=SteerClimb,Move,Spin
retail_frame=2108 actor=lead actions=Move,Spin
retail_frame=2108 actor=upper actions=Move,Spin
retail_frame=2108 actor=lower actions=SteerClimb,Move,Spin
retail_frame=2112 actor=lead actions=Move,Spin,Move,Spin
retail_frame=2112 actor=upper actions=Move,Spin,Move,Spin
retail_frame=2112 actor=lower actions=SteerClimb,Move,Spin
retail_frame=2116 actor=lead actions=Move,Spin
retail_frame=2116 actor=upper actions=Move,Spin
retail_frame=2116 actor=lower actions=Move,Spin,Move,Spin
retail_frame=2120 actor=lead actions=Move,Spin
retail_frame=2120 actor=upper actions=Move,Spin
retail_frame=2120 actor=lower actions=Move,Spin
retail_frame=2124 actor=lead actions=Move,Spin
retail_frame=2124 actor=upper actions=Move,Spin
retail_frame=2124 actor=lower actions=Move,Spin
retail_frame=2128 actor=lead actions=Move,Spin
retail_frame=2128 actor=upper actions=Move,Spin
retail_frame=2128 actor=lower actions=Move,Spin
retail_frame=2132 actor=lead actions=Move,Spin
retail_frame=2132 actor=upper actions=Move,Spin
retail_frame=2132 actor=lower actions=Move,Spin
retail_frame=2136 actor=lead actions=Move,Spin,Move
retail_frame=2136 actor=upper actions=Move,Spin
retail_frame=2136 actor=lower actions=Move,Spin
retail_frame=2140 actor=lead actions=Spin,Move,Spin
retail_frame=2140 actor=upper actions=Move,Spin,Move,Spin
retail_frame=2140 actor=lower actions=Move,Spin
retail_frame=2144 actor=lead actions=Move,Spin
retail_frame=2144 actor=upper actions=Move,Spin
retail_frame=2144 actor=lower actions=Move,Spin,Move,Spin
retail_frame=2148 actor=lead actions=Move,Spin
retail_frame=2148 actor=upper actions=Move,Spin
retail_frame=2148 actor=lower actions=Move,Spin
retail_frame=2152 actor=lead actions=Move,Spin
retail_frame=2152 actor=upper actions=Move,Spin
retail_frame=2152 actor=lower actions=Move,Spin
retail_frame=2156 actor=lead actions=Move,Spin
retail_frame=2156 actor=upper actions=Move,Spin
retail_frame=2156 actor=lower actions=Move,Spin
retail_frame=2160 actor=lead actions=Move,Spin
retail_frame=2160 actor=upper actions=Move,Spin
retail_frame=2160 actor=lower actions=Move,Spin
retail_frame=2164 actor=lead actions=Move,Spin
retail_frame=2164 actor=upper actions=Move,Spin
retail_frame=2164 actor=lower actions=Move,Spin
retail_frame=2168 actor=lead actions=Move,Spin,Move,Spin
retail_frame=2168 actor=upper actions=Move,Spin,Move,Spin
retail_frame=2168 actor=lower actions=Move,Spin,Move
retail_frame=2172 actor=lead actions=Move,Spin
retail_frame=2172 actor=upper actions=Move,Spin
retail_frame=2172 actor=lower actions=Spin,Move,Spin
retail_frame=2176 actor=lead actions=Move,Spin
retail_frame=2176 actor=upper actions=Move,Spin
retail_frame=2176 actor=lower actions=Move,Spin
retail_frame=2180 actor=lead actions=Move,Spin
retail_frame=2180 actor=upper actions=Move,Spin
retail_frame=2180 actor=lower actions=Move,Spin
retail_frame=2184 actor=lead actions=Move,Spin
retail_frame=2184 actor=upper actions=Move,Spin
retail_frame=2184 actor=lower actions=Move,Spin
retail_frame=2188 actor=lead actions=Move,Spin
retail_frame=2188 actor=upper actions=Move,Spin
retail_frame=2188 actor=lower actions=Move,Spin
retail_frame=2192 actor=lead actions=Move,Spin,Move,Spin
retail_frame=2192 actor=upper actions=Move,Spin
retail_frame=2192 actor=lower actions=Move,Spin
retail_frame=2196 actor=lead actions=Move,Spin
retail_frame=2196 actor=upper actions=Move,Spin,Move,Spin
retail_frame=2196 actor=lower actions=Move,Spin,Move,Spin
retail_frame=2200 actor=lead actions=Move,Spin
retail_frame=2200 actor=upper actions=Move,Spin
retail_frame=2200 actor=lower actions=Move,Spin
retail_frame=2204 actor=lead actions=Move,Spin
retail_frame=2204 actor=upper actions=Move,Spin
retail_frame=2204 actor=lower actions=Move,Spin
retail_frame=2208 actor=lead actions=Move,Spin
retail_frame=2208 actor=upper actions=Move,Spin
retail_frame=2208 actor=lower actions=Move,Spin
retail_frame=2212 actor=lead actions=Move,Spin
retail_frame=2212 actor=upper actions=Move,Spin
retail_frame=2212 actor=lower actions=Move,Spin
retail_frame=2216 actor=lead actions=Move,Spin
retail_frame=2216 actor=upper actions=Move,Spin
retail_frame=2216 actor=lower actions=Move,Spin
retail_frame=2220 actor=lead actions=Move,Spin,Move,Spin
retail_frame=2220 actor=upper actions=Move,Spin,Move,Spin
retail_frame=2220 actor=lower actions=Move,Spin
retail_frame=2224 actor=lead actions=Move,Spin
retail_frame=2224 actor=upper actions=Move,Spin
retail_frame=2224 actor=lower actions=Move,Spin,Move,Spin
retail_frame=2228 actor=lead actions=Move,Spin
retail_frame=2228 actor=upper actions=Move,Spin
retail_frame=2228 actor=lower actions=Move,Spin
retail_frame=2232 actor=lead actions=Move,Spin
retail_frame=2232 actor=upper actions=Move,Spin
retail_frame=2232 actor=lower actions=Move,Spin
retail_frame=2236 actor=lead actions=Move,Spin
retail_frame=2236 actor=upper actions=Move,Spin
retail_frame=2236 actor=lower actions=Move,Spin
retail_frame=2240 actor=lead actions=Move,Spin
retail_frame=2240 actor=upper actions=Move,Spin
retail_frame=2240 actor=lower actions=Move,Spin
retail_frame=2244 actor=lead actions=Move,Spin,Move,Spin
retail_frame=2244 actor=upper actions=Move,Spin,Move,Spin
retail_frame=2244 actor=lower actions=Move,Spin
retail_frame=2248 actor=lead actions=Move,Spin
retail_frame=2248 actor=upper actions=Move,Spin
retail_frame=2248 actor=lower actions=Move,Spin,Move,Spin
retail_frame=2252 actor=lead actions=Move,Spin
retail_frame=2252 actor=upper actions=Move,Spin
retail_frame=2252 actor=lower actions=Move,Spin
retail_frame=2256 actor=lead actions=SteerDive,Move,Spin
retail_frame=2256 actor=upper actions=Move,Spin
retail_frame=2256 actor=lower actions=Move,Spin
retail_frame=2260 actor=lead actions=SteerDive,Move,Spin
retail_frame=2260 actor=upper actions=Move,Spin
retail_frame=2260 actor=lower actions=Move,Spin
retail_frame=2264 actor=lead actions=SteerDive,Move,Spin
retail_frame=2264 actor=upper actions=Move,Spin
retail_frame=2264 actor=lower actions=Move,Spin
retail_frame=2268 actor=lead actions=SteerDive,Move,Spin
retail_frame=2268 actor=upper actions=Move,Spin
retail_frame=2268 actor=lower actions=Move,Spin
retail_frame=2272 actor=lead actions=SteerDive,Move,SteerDive,Spin,Move,Spin
retail_frame=2272 actor=upper actions=Move,Spin,Move,Spin
retail_frame=2272 actor=lower actions=Move,Spin,Move
retail_frame=2276 actor=lead actions=SteerDive,Move,Spin
retail_frame=2276 actor=upper actions=Move,Spin
retail_frame=2276 actor=lower actions=Spin,Move,Spin
retail_frame=2280 actor=lead actions=SteerDive,Move,Spin
retail_frame=2280 actor=upper actions=Move,Spin
retail_frame=2280 actor=lower actions=Move,Spin
retail_frame=2284 actor=lead actions=SteerDive,Move,Spin
retail_frame=2284 actor=upper actions=Move,Spin
retail_frame=2284 actor=lower actions=Move,Spin
retail_frame=2288 actor=lead actions=SteerDive,Move,Spin
retail_frame=2288 actor=upper actions=Move,Spin
retail_frame=2288 actor=lower actions=SteerCounterClockwise,Move,Spin
retail_frame=2292 actor=lead actions=SteerDive,Move,Spin
retail_frame=2292 actor=upper actions=Move,Spin
retail_frame=2292 actor=lower actions=SteerCounterClockwise,Move,Spin
retail_frame=2296 actor=lead actions=SteerDive,Move,SteerDive,Spin,Move,Spin
retail_frame=2296 actor=upper actions=Move,Spin,Move,Spin
retail_frame=2296 actor=lower actions=SteerCounterClockwise,Move,Spin
retail_frame=2300 actor=lead actions=SteerDive,Move,Spin
retail_frame=2300 actor=upper actions=Move,Spin
retail_frame=2300 actor=lower actions=SteerCounterClockwise,Move,SteerCounterClockwise,Spin,Move,Spin
retail_frame=2304 actor=lead actions=SteerDive,Move,Spin
retail_frame=2304 actor=upper actions=Move,Spin
retail_frame=2304 actor=lower actions=SteerCounterClockwise,Move,Spin
retail_frame=2308 actor=lead actions=SteerDive,Move,Spin
retail_frame=2308 actor=upper actions=Move,Spin
retail_frame=2308 actor=lower actions=SteerCounterClockwise,Move,Spin
retail_frame=2312 actor=lead actions=SteerDive,Move,Spin
retail_frame=2312 actor=upper actions=Move,Spin
retail_frame=2312 actor=lower actions=SteerCounterClockwise,Move,Spin
retail_frame=2316 actor=lead actions=SteerDive,Move,Spin
retail_frame=2316 actor=upper actions=Move,Spin
retail_frame=2316 actor=lower actions=SteerCounterClockwise,Move,Spin
retail_frame=2320 actor=lead actions=SteerDive,Move,SteerDive,Spin,Move
retail_frame=2320 actor=upper actions=Move,Spin
retail_frame=2320 actor=lower actions=SteerCounterClockwise,Move,Spin
retail_frame=2324 actor=lead actions=SteerDive,Spin,Move,Spin
retail_frame=2324 actor=upper actions=Move,Spin,Move,Spin
retail_frame=2324 actor=lower actions=SteerCounterClockwise,Move,SteerCounterClockwise,Spin,Move
retail_frame=2328 actor=lead actions=SteerDive,Move,Spin
retail_frame=2328 actor=upper actions=Move,Spin
retail_frame=2328 actor=lower actions=SteerCounterClockwise,Spin,Move,Spin
retail_frame=2332 actor=lead actions=SteerDive,Move,Spin
retail_frame=2332 actor=upper actions=Move,Spin
retail_frame=2332 actor=lower actions=SteerCounterClockwise,Move,Spin
retail_frame=2336 actor=lead actions=SteerDive,Move,Spin
retail_frame=2336 actor=upper actions=Move,Spin
retail_frame=2336 actor=lower actions=SteerCounterClockwise,Move,Spin
retail_frame=2340 actor=lead actions=SteerDive,Move,Spin
retail_frame=2340 actor=upper actions=Move,Spin
retail_frame=2340 actor=lower actions=SteerCounterClockwise,Move,Spin
retail_frame=2344 actor=lead actions=SteerDive,Move,SteerDive,Spin,Move
retail_frame=2344 actor=upper actions=Move,Spin
retail_frame=2344 actor=lower actions=SteerCounterClockwise,Move,Spin
retail_frame=2348 actor=lead actions=SteerDive,Spin,Move,Spin
retail_frame=2348 actor=upper actions=Move,Spin,Move,Spin
retail_frame=2348 actor=lower actions=SteerCounterClockwise,Move,SteerCounterClockwise,Spin,Move,Spin
retail_frame=2352 actor=lead actions=SteerDive,Move,Spin
retail_frame=2352 actor=upper actions=Move,Spin
retail_frame=2352 actor=lower actions=SteerCounterClockwise,Move,Spin
retail_frame=2356 actor=lead actions=SteerDive,Move,Spin
retail_frame=2356 actor=upper actions=Move,Spin
retail_frame=2356 actor=lower actions=SteerCounterClockwise,Move,Spin
retail_frame=2360 actor=lead actions=SteerDive,Move,Spin
retail_frame=2360 actor=upper actions=Move,Spin
retail_frame=2360 actor=lower actions=SteerCounterClockwise,Move,Spin
retail_frame=2364 actor=lead actions=SteerDive,Move,Spin
retail_frame=2364 actor=upper actions=Move,Spin
retail_frame=2364 actor=lower actions=SteerCounterClockwise,Move,Spin
retail_frame=2368 actor=lead actions=SteerDive,Move,Spin
retail_frame=2368 actor=upper actions=Move,Spin
retail_frame=2368 actor=lower actions=SteerCounterClockwise,Move,Spin
retail_frame=2372 actor=lead actions=SteerDive,Move,SteerDive,Spin,Move,Spin
retail_frame=2372 actor=upper actions=Move,Spin,Move,Spin
retail_frame=2372 actor=lower actions=SteerCounterClockwise,Move,SteerCounterClockwise,Spin,Move
retail_frame=2376 actor=lead actions=SteerDive,Move,Spin
retail_frame=2376 actor=upper actions=Move,Spin
retail_frame=2376 actor=lower actions=SteerCounterClockwise,Spin,Move,Spin
retail_frame=2380 actor=lead actions=SteerDive,Move,Spin
retail_frame=2380 actor=upper actions=Move,Spin
retail_frame=2380 actor=lower actions=SteerCounterClockwise,Move,Spin
retail_frame=2384 actor=lead actions=SteerDive,Move,Spin
retail_frame=2384 actor=upper actions=Move,Spin
retail_frame=2384 actor=lower actions=SteerCounterClockwise,Move,Spin
retail_frame=2388 actor=lead actions=SteerDive,Move,Spin
retail_frame=2388 actor=upper actions=Move,Spin
retail_frame=2388 actor=lower actions=SteerCounterClockwise,Move,Spin
retail_frame=2392 actor=lead actions=SteerDive,Move,Spin,Move,Spin
retail_frame=2392 actor=upper actions=Move,Spin
retail_frame=2392 actor=lower actions=SteerCounterClockwise,Move,Spin
retail_frame=2396 actor=lead actions=Move,Spin
retail_frame=2396 actor=upper actions=Move,Spin,Move,Spin
retail_frame=2396 actor=lower actions=SteerCounterClockwise,Move,SteerCounterClockwise,Spin,Move,Spin
retail_frame=2400 actor=lead actions=Move,Spin
retail_frame=2400 actor=upper actions=Move,Spin
retail_frame=2400 actor=lower actions=SteerCounterClockwise,Move,Spin
retail_frame=2404 actor=lead actions=Move,Spin
retail_frame=2404 actor=upper actions=Move,Spin
retail_frame=2404 actor=lower actions=SteerCounterClockwise,Move,Spin
retail_frame=2408 actor=lead actions=Move,Spin
retail_frame=2408 actor=upper actions=Move,Spin
retail_frame=2408 actor=lower actions=SteerCounterClockwise,Move,Spin
retail_frame=2412 actor=lead actions=Move,Spin
retail_frame=2412 actor=upper actions=Move,Spin
retail_frame=2412 actor=lower actions=SteerCounterClockwise,Move,Spin
retail_frame=2416 actor=lead actions=Move,Spin,Move,Spin
retail_frame=2416 actor=upper actions=Move,Spin,Move,Spin
retail_frame=2416 actor=lower actions=SteerCounterClockwise,Move,SteerCounterClockwise,Spin,Move,Spin
retail_frame=2420 actor=lead actions=Move,Spin
retail_frame=2420 actor=upper actions=Depart
retail_frame=2420 actor=lower actions=SteerCounterClockwise,Move,Spin
retail_frame=2424 actor=lead actions=Move,Spin
retail_frame=2424 actor=lower actions=Move,Spin
retail_frame=2428 actor=lead actions=Move,Spin
retail_frame=2428 actor=lower actions=Move,Spin
retail_frame=2432 actor=lead actions=Move,Spin,Move,Spin
retail_frame=2432 actor=lower actions=Move,Spin,Move,Spin
retail_frame=2436 actor=lead actions=Move,Spin
retail_frame=2436 actor=lower actions=Move,Spin
retail_frame=2440 actor=lead actions=Move,Spin
retail_frame=2440 actor=lower actions=Move,Spin
retail_frame=2444 actor=lead actions=Move,Spin,Move,Spin
retail_frame=2444 actor=lower actions=Move,Spin,Move,Spin
retail_frame=2448 actor=lead actions=Move,Spin
retail_frame=2448 actor=lower actions=Move,Spin
retail_frame=2452 actor=lead actions=Move,Spin
retail_frame=2452 actor=lower actions=Move,Spin
retail_frame=2456 actor=lead actions=Move,Spin,Move,Spin
retail_frame=2456 actor=lower actions=Move,Spin,Move
retail_frame=2460 actor=lead actions=Move,Spin
retail_frame=2460 actor=lower actions=Spin,Move,Spin
retail_frame=2464 actor=lead actions=Move,Spin
retail_frame=2464 actor=lower actions=Move,Spin
retail_frame=2468 actor=lead actions=Move,Spin
retail_frame=2468 actor=lower actions=Move,Spin
retail_frame=2472 actor=lead actions=Move,Spin,Move,Spin
retail_frame=2472 actor=lower actions=Depart
retail_frame=2476 actor=lead actions=Move,Spin
retail_frame=2480 actor=lead actions=Move,Spin,Move,Spin
retail_frame=2484 actor=lead actions=SteerClimb,Move,Spin
retail_frame=2488 actor=lead actions=SteerClimb,Move,Spin
retail_frame=2492 actor=lead actions=SteerClimb,Move,SteerClimb,Spin,Move,Spin
retail_frame=2496 actor=lead actions=SteerClimb,Move,Spin
retail_frame=2500 actor=lead actions=SteerClimb,Move,Spin
retail_frame=2504 actor=lead actions=SteerClimb,Move,SteerClimb,Spin,Move,Spin
retail_frame=2508 actor=lead actions=SteerClimb,Move,Spin
retail_frame=2512 actor=lead actions=SteerClimb,Move,Spin
retail_frame=2516 actor=lead actions=SteerClimb,Move,SteerClimb,Spin,Move,Spin
retail_frame=2520 actor=lead actions=SteerClimb,Move,Spin
retail_frame=2524 actor=lead actions=SteerClimb,Move,Spin
retail_frame=2528 actor=lead actions=SteerClimb,Move,SteerClimb,Spin,Move,Spin
retail_frame=2532 actor=lead actions=SteerClimb,Move,Spin
retail_frame=2536 actor=lead actions=SteerClimb,Move,Spin
retail_frame=2540 actor=lead actions=SteerClimb,Move,SteerClimb,Spin,Move,Spin
retail_frame=2544 actor=lead actions=SteerClimb,Move,Spin
retail_frame=2548 actor=lead actions=SteerClimb,Move,Spin
retail_frame=2552 actor=lead actions=SteerClimb,Move,SteerClimb,Spin,Move,Spin
retail_frame=2556 actor=lead actions=SteerClimb,Move,Spin
retail_frame=2560 actor=lead actions=SteerClimb,Move,Spin
retail_frame=2564 actor=lead actions=SteerClimb,Move,Spin
retail_frame=2568 actor=lead actions=Depart
