# Semantic Pigma rival actions recovered from the campaign oracle.
# raw_sample_start_elapsed=31604
# presentation_start_retail_frame=36
# flight_start_retail_frame=384
# end_retail_frame=1224
# departure_retail_frame=1228
# initial_pose=10219,0,8126,21,76,0,0
retail_frame=384 action=PigmaRivalAction::BeginApproach
retail_frame=384 action=PigmaRivalAction::AdvanceApproach(RivalApproachSteering::EntryClimb)
retail_frame=388 action=PigmaRivalAction::AdvanceApproach(RivalApproachSteering::EntryClimb)
retail_frame=392 action=PigmaRivalAction::AdvanceApproach(RivalApproachSteering::EntryClimb)
retail_frame=396 action=PigmaRivalAction::AdvanceApproach(RivalApproachSteering::EntryClimb)
retail_frame=400 action=PigmaRivalAction::AdvanceApproach(RivalApproachSteering::EntryClimb)
retail_frame=404 action=PigmaRivalAction::AdvanceApproach(RivalApproachSteering::EntryClimb)
retail_frame=408 action=PigmaRivalAction::AdvanceApproach(RivalApproachSteering::EntryClimb)
retail_frame=412 action=PigmaRivalAction::AdvanceApproach(RivalApproachSteering::EntryClimb)
retail_frame=412 action=PigmaRivalAction::AdvanceApproach(RivalApproachSteering::EntryClimb)
retail_frame=416 action=PigmaRivalAction::AdvanceApproach(RivalApproachSteering::EntryClimb)
retail_frame=420 action=PigmaRivalAction::AdvanceApproach(RivalApproachSteering::EntryClimb)
retail_frame=424 action=PigmaRivalAction::AdvanceApproach(RivalApproachSteering::EntryClimb)
retail_frame=428 action=PigmaRivalAction::AdvanceApproach(RivalApproachSteering::EntryClimb)
retail_frame=432 action=PigmaRivalAction::AdvanceApproach(RivalApproachSteering::EntryClimb)
retail_frame=436 action=PigmaRivalAction::AdvanceApproach(RivalApproachSteering::EntryClimb)
retail_frame=440 action=PigmaRivalAction::AdvanceApproach(RivalApproachSteering::EntryDive)
retail_frame=444 action=PigmaRivalAction::AdvanceApproach(RivalApproachSteering::EntryDive)
retail_frame=444 action=PigmaRivalAction::AdvanceApproach(RivalApproachSteering::EntryDive)
retail_frame=448 action=PigmaRivalAction::AdvanceApproach(RivalApproachSteering::EntryDive)
retail_frame=452 action=PigmaRivalAction::AdvanceApproach(RivalApproachSteering::EntryDive)
retail_frame=456 action=PigmaRivalAction::AdvanceApproach(RivalApproachSteering::EntryDive)
retail_frame=460 action=PigmaRivalAction::AdvanceApproach(RivalApproachSteering::EntryDive)
retail_frame=464 action=PigmaRivalAction::AdvanceApproach(RivalApproachSteering::EntryDive)
retail_frame=468 action=PigmaRivalAction::AdvanceApproach(RivalApproachSteering::EntryDive)
retail_frame=472 action=PigmaRivalAction::AdvanceApproach(RivalApproachSteering::EntryDive)
retail_frame=476 action=PigmaRivalAction::AdvanceApproach(RivalApproachSteering::EntryDive)
retail_frame=476 action=PigmaRivalAction::AdvanceApproach(RivalApproachSteering::EntryDive)
retail_frame=480 action=PigmaRivalAction::AdvanceApproach(RivalApproachSteering::EntryDive)
retail_frame=484 action=PigmaRivalAction::AdvanceApproach(RivalApproachSteering::EntryDive)
retail_frame=488 action=PigmaRivalAction::AdvanceApproach(RivalApproachSteering::EntryDive)
retail_frame=492 action=PigmaRivalAction::AdvanceApproach(RivalApproachSteering::EntryDive)
retail_frame=496 action=PigmaRivalAction::AdvanceApproach(RivalApproachSteering::EntryDive)
retail_frame=500 action=PigmaRivalAction::AdvanceApproach(RivalApproachSteering::EntryDive)
retail_frame=504 action=PigmaRivalAction::AdvanceApproach(RivalApproachSteering::EntryDive)
retail_frame=508 action=PigmaRivalAction::AdvanceApproach(RivalApproachSteering::EntryDive)
retail_frame=512 action=PigmaRivalAction::AdvanceApproach(RivalApproachSteering::EntryDive)
retail_frame=516 action=PigmaRivalAction::AdvanceApproach(RivalApproachSteering::EntryDive)
retail_frame=520 action=PigmaRivalAction::AdvanceApproach(RivalApproachSteering::EntryDive)
retail_frame=524 action=PigmaRivalAction::AdvanceApproach(RivalApproachSteering::EntryDive)
retail_frame=528 action=PigmaRivalAction::AdvanceApproach(RivalApproachSteering::EntryDive)
retail_frame=532 action=PigmaRivalAction::AdvanceApproach(RivalApproachSteering::EntryDive)
retail_frame=536 action=PigmaRivalAction::AdvanceApproach(RivalApproachSteering::EntryDive)
retail_frame=540 action=PigmaRivalAction::AdvanceApproach(RivalApproachSteering::EntryDive)
retail_frame=544 action=PigmaRivalAction::AdvanceApproach(RivalApproachSteering::EntryDive)
retail_frame=548 action=PigmaRivalAction::AdvanceApproach(RivalApproachSteering::EntryDive)
retail_frame=552 action=PigmaRivalAction::AdvanceApproach(RivalApproachSteering::EntryDive)
retail_frame=556 action=PigmaRivalAction::AdvanceApproach(RivalApproachSteering::EntryDive)
retail_frame=560 action=PigmaRivalAction::AdvanceApproach(RivalApproachSteering::EntryDive)
retail_frame=564 action=PigmaRivalAction::AdvanceApproach(RivalApproachSteering::EntryDive)
retail_frame=568 action=PigmaRivalAction::AdvanceApproach(RivalApproachSteering::EntryDive)
retail_frame=572 action=PigmaRivalAction::AdvanceApproach(RivalApproachSteering::EntryDive)
retail_frame=576 action=PigmaRivalAction::AdvanceApproach(RivalApproachSteering::EntryDive)
retail_frame=580 action=PigmaRivalAction::AdvanceApproach(RivalApproachSteering::EntryDive)
retail_frame=584 action=PigmaRivalAction::AdvanceApproach(RivalApproachSteering::EntryDive)
retail_frame=588 action=PigmaRivalAction::AdvanceApproach(RivalApproachSteering::EntryDive)
retail_frame=588 action=PigmaRivalAction::AdvanceApproach(RivalApproachSteering::EntryDive)
retail_frame=592 action=PigmaRivalAction::AdvanceApproach(RivalApproachSteering::EntryDive)
retail_frame=600 action=PigmaRivalAction::AdvanceApproach(RivalApproachSteering::EntryDive)
retail_frame=604 action=PigmaRivalAction::AdvanceApproach(RivalApproachSteering::EntryDive)
retail_frame=604 action=PigmaRivalAction::BeginCombatManeuver
retail_frame=604 action=PigmaRivalAction::ChaseRollToLevel
retail_frame=604 action=PigmaRivalAction::Advance
retail_frame=604 action=PigmaRivalAction::MaintainCombatAltitude
retail_frame=612 action=PigmaRivalAction::MaintainCombatAltitude
retail_frame=612 action=PigmaRivalAction::ChaseRollToLevel
retail_frame=612 action=PigmaRivalAction::MaintainCombatAltitude
retail_frame=612 action=PigmaRivalAction::Advance
retail_frame=612 action=PigmaRivalAction::MaintainCombatAltitude
retail_frame=612 action=PigmaRivalAction::ChaseRollToLevel
retail_frame=612 action=PigmaRivalAction::MaintainCombatAltitude
retail_frame=612 action=PigmaRivalAction::Advance
retail_frame=616 action=PigmaRivalAction::MaintainCombatAltitude
retail_frame=616 action=PigmaRivalAction::ChaseRollToLevel
retail_frame=616 action=PigmaRivalAction::MaintainCombatAltitude
retail_frame=616 action=PigmaRivalAction::Advance
retail_frame=616 action=PigmaRivalAction::MaintainCombatAltitude
retail_frame=620 action=PigmaRivalAction::MaintainCombatAltitude
retail_frame=620 action=PigmaRivalAction::ChaseRollToLevel
retail_frame=620 action=PigmaRivalAction::MaintainCombatAltitude
retail_frame=620 action=PigmaRivalAction::Advance
retail_frame=620 action=PigmaRivalAction::MaintainCombatAltitude
retail_frame=624 action=PigmaRivalAction::MaintainCombatAltitude
retail_frame=624 action=PigmaRivalAction::ChaseRollToLevel
retail_frame=624 action=PigmaRivalAction::MaintainCombatAltitude
retail_frame=624 action=PigmaRivalAction::Advance
retail_frame=624 action=PigmaRivalAction::MaintainCombatAltitude
retail_frame=628 action=PigmaRivalAction::MaintainCombatAltitude
retail_frame=628 action=PigmaRivalAction::ChaseRollToLevel
retail_frame=628 action=PigmaRivalAction::MaintainCombatAltitude
retail_frame=628 action=PigmaRivalAction::Advance
retail_frame=628 action=PigmaRivalAction::MaintainCombatAltitude
retail_frame=632 action=PigmaRivalAction::MaintainCombatAltitude
retail_frame=632 action=PigmaRivalAction::ChaseRollToLevel
retail_frame=632 action=PigmaRivalAction::MaintainCombatAltitude
retail_frame=632 action=PigmaRivalAction::Advance
retail_frame=632 action=PigmaRivalAction::MaintainCombatAltitude
retail_frame=636 action=PigmaRivalAction::MaintainCombatAltitude
retail_frame=636 action=PigmaRivalAction::ChaseRollToLevel
retail_frame=636 action=PigmaRivalAction::MaintainCombatAltitude
retail_frame=636 action=PigmaRivalAction::Advance
retail_frame=636 action=PigmaRivalAction::MaintainCombatAltitude
retail_frame=640 action=PigmaRivalAction::MaintainCombatAltitude
retail_frame=640 action=PigmaRivalAction::ChaseRollToLevel
retail_frame=640 action=PigmaRivalAction::MaintainCombatAltitude
retail_frame=640 action=PigmaRivalAction::Advance
retail_frame=640 action=PigmaRivalAction::MaintainCombatAltitude
retail_frame=644 action=PigmaRivalAction::MaintainCombatAltitude
retail_frame=644 action=PigmaRivalAction::ChaseRollToLevel
retail_frame=644 action=PigmaRivalAction::MaintainCombatAltitude
retail_frame=644 action=PigmaRivalAction::Advance
retail_frame=644 action=PigmaRivalAction::MaintainCombatAltitude
retail_frame=648 action=PigmaRivalAction::MaintainCombatAltitude
retail_frame=648 action=PigmaRivalAction::ChaseRollToLevel
retail_frame=648 action=PigmaRivalAction::MaintainCombatAltitude
retail_frame=648 action=PigmaRivalAction::Advance
retail_frame=648 action=PigmaRivalAction::MaintainCombatAltitude
retail_frame=652 action=PigmaRivalAction::MaintainCombatAltitude
retail_frame=652 action=PigmaRivalAction::ChaseRollToLevel
retail_frame=652 action=PigmaRivalAction::MaintainCombatAltitude
retail_frame=652 action=PigmaRivalAction::Advance
retail_frame=652 action=PigmaRivalAction::MaintainCombatAltitude
retail_frame=656 action=PigmaRivalAction::MaintainCombatAltitude
retail_frame=656 action=PigmaRivalAction::ChaseRollToLevel
retail_frame=656 action=PigmaRivalAction::MaintainCombatAltitude
retail_frame=656 action=PigmaRivalAction::Advance
retail_frame=656 action=PigmaRivalAction::MaintainCombatAltitude
retail_frame=660 action=PigmaRivalAction::MaintainCombatAltitude
retail_frame=660 action=PigmaRivalAction::ChaseRollToLevel
retail_frame=660 action=PigmaRivalAction::MaintainCombatAltitude
retail_frame=660 action=PigmaRivalAction::Advance
retail_frame=660 action=PigmaRivalAction::MaintainCombatAltitude
retail_frame=664 action=PigmaRivalAction::MaintainCombatAltitude
retail_frame=664 action=PigmaRivalAction::ChaseRollToLevel
retail_frame=664 action=PigmaRivalAction::MaintainCombatAltitude
retail_frame=664 action=PigmaRivalAction::Advance
retail_frame=664 action=PigmaRivalAction::MaintainCombatAltitude
retail_frame=668 action=PigmaRivalAction::MaintainCombatAltitude
retail_frame=668 action=PigmaRivalAction::ChaseRollToLevel
retail_frame=668 action=PigmaRivalAction::MaintainCombatAltitude
retail_frame=668 action=PigmaRivalAction::Advance
retail_frame=668 action=PigmaRivalAction::MaintainCombatAltitude
retail_frame=672 action=PigmaRivalAction::MaintainCombatAltitude
retail_frame=672 action=PigmaRivalAction::ChaseRollToLevel
retail_frame=672 action=PigmaRivalAction::MaintainCombatAltitude
retail_frame=672 action=PigmaRivalAction::Advance
retail_frame=672 action=PigmaRivalAction::MaintainCombatAltitude
retail_frame=676 action=PigmaRivalAction::MaintainCombatAltitude
retail_frame=676 action=PigmaRivalAction::ChaseRollToLevel
retail_frame=676 action=PigmaRivalAction::MaintainCombatAltitude
retail_frame=676 action=PigmaRivalAction::Advance
retail_frame=676 action=PigmaRivalAction::MaintainCombatAltitude
retail_frame=680 action=PigmaRivalAction::MaintainCombatAltitude
retail_frame=680 action=PigmaRivalAction::ChaseRollToLevel
retail_frame=680 action=PigmaRivalAction::MaintainCombatAltitude
retail_frame=680 action=PigmaRivalAction::Advance
retail_frame=680 action=PigmaRivalAction::MaintainCombatAltitude
retail_frame=684 action=PigmaRivalAction::MaintainCombatAltitude
retail_frame=684 action=PigmaRivalAction::ChaseRollToLevel
retail_frame=684 action=PigmaRivalAction::MaintainCombatAltitude
retail_frame=684 action=PigmaRivalAction::Advance
retail_frame=684 action=PigmaRivalAction::MaintainCombatAltitude
retail_frame=684 action=PigmaRivalAction::ChaseRollToLevel
retail_frame=684 action=PigmaRivalAction::MaintainCombatAltitude
retail_frame=684 action=PigmaRivalAction::Advance
retail_frame=684 action=PigmaRivalAction::MaintainCombatAltitude
retail_frame=688 action=PigmaRivalAction::MaintainCombatAltitude
retail_frame=688 action=PigmaRivalAction::ChaseRollToLevel
retail_frame=688 action=PigmaRivalAction::MaintainCombatAltitude
retail_frame=688 action=PigmaRivalAction::Advance
retail_frame=688 action=PigmaRivalAction::MaintainCombatAltitude
retail_frame=692 action=PigmaRivalAction::MaintainCombatAltitude
retail_frame=692 action=PigmaRivalAction::ChaseRollToLevel
retail_frame=696 action=PigmaRivalAction::MaintainCombatAltitude
retail_frame=696 action=PigmaRivalAction::BeginAttack
retail_frame=696 action=PigmaRivalAction::FacePlayerYawAndLevelPitch(PlayerTargetTiming::Previous)
retail_frame=696 action=PigmaRivalAction::MaintainCombatAltitude
retail_frame=696 action=PigmaRivalAction::Advance
retail_frame=696 action=PigmaRivalAction::MaintainCombatAltitude
retail_frame=700 action=PigmaRivalAction::MaintainCombatAltitude
retail_frame=700 action=PigmaRivalAction::FacePlayerYawAndLevelPitch(PlayerTargetTiming::Previous)
retail_frame=700 action=PigmaRivalAction::MaintainCombatAltitude
retail_frame=700 action=PigmaRivalAction::Advance
retail_frame=700 action=PigmaRivalAction::MaintainCombatAltitude
retail_frame=704 action=PigmaRivalAction::MaintainCombatAltitude
retail_frame=704 action=PigmaRivalAction::FacePlayerYawAndLevelPitch(PlayerTargetTiming::Previous)
retail_frame=704 action=PigmaRivalAction::MaintainCombatAltitude
retail_frame=704 action=PigmaRivalAction::Advance
retail_frame=704 action=PigmaRivalAction::MaintainCombatAltitude
retail_frame=704 action=PigmaRivalAction::FacePlayerYawAndLevelPitch(PlayerTargetTiming::Current)
retail_frame=704 action=PigmaRivalAction::MaintainCombatAltitude
retail_frame=704 action=PigmaRivalAction::Advance
retail_frame=708 action=PigmaRivalAction::MaintainCombatAltitude
retail_frame=708 action=PigmaRivalAction::FacePlayerYawAndLevelPitch(PlayerTargetTiming::Current)
retail_frame=708 action=PigmaRivalAction::MaintainCombatAltitude
retail_frame=708 action=PigmaRivalAction::Advance
retail_frame=708 action=PigmaRivalAction::MaintainCombatAltitude
retail_frame=712 action=PigmaRivalAction::MaintainCombatAltitude
retail_frame=712 action=PigmaRivalAction::FacePlayerYawAndLevelPitch(PlayerTargetTiming::Current)
retail_frame=712 action=PigmaRivalAction::MaintainCombatAltitude
retail_frame=712 action=PigmaRivalAction::Advance
retail_frame=712 action=PigmaRivalAction::MaintainCombatAltitude
retail_frame=716 action=PigmaRivalAction::MaintainCombatAltitude
retail_frame=716 action=PigmaRivalAction::FacePlayerYawAndLevelPitch(PlayerTargetTiming::Current)
retail_frame=716 action=PigmaRivalAction::MaintainCombatAltitude
retail_frame=716 action=PigmaRivalAction::Advance
retail_frame=716 action=PigmaRivalAction::MaintainCombatAltitude
retail_frame=720 action=PigmaRivalAction::MaintainCombatAltitude
retail_frame=720 action=PigmaRivalAction::FacePlayerYawAndLevelPitch(PlayerTargetTiming::Current)
retail_frame=720 action=PigmaRivalAction::MaintainCombatAltitude
retail_frame=720 action=PigmaRivalAction::Advance
retail_frame=720 action=PigmaRivalAction::MaintainCombatAltitude
retail_frame=724 action=PigmaRivalAction::MaintainCombatAltitude
retail_frame=724 action=PigmaRivalAction::FacePlayerYawAndLevelPitch(PlayerTargetTiming::Current)
retail_frame=724 action=PigmaRivalAction::MaintainCombatAltitude
retail_frame=724 action=PigmaRivalAction::Advance
retail_frame=724 action=PigmaRivalAction::MaintainCombatAltitude
retail_frame=728 action=PigmaRivalAction::MaintainCombatAltitude
retail_frame=728 action=PigmaRivalAction::FacePlayerYawAndLevelPitch(PlayerTargetTiming::Current)
retail_frame=728 action=PigmaRivalAction::MaintainCombatAltitude
retail_frame=728 action=PigmaRivalAction::Advance
retail_frame=728 action=PigmaRivalAction::MaintainCombatAltitude
retail_frame=732 action=PigmaRivalAction::MaintainCombatAltitude
retail_frame=732 action=PigmaRivalAction::FacePlayerYawAndLevelPitch(PlayerTargetTiming::Current)
retail_frame=732 action=PigmaRivalAction::MaintainCombatAltitude
retail_frame=732 action=PigmaRivalAction::Advance
retail_frame=732 action=PigmaRivalAction::MaintainCombatAltitude
retail_frame=736 action=PigmaRivalAction::MaintainCombatAltitude
retail_frame=736 action=PigmaRivalAction::FacePlayerYawAndLevelPitch(PlayerTargetTiming::Current)
retail_frame=736 action=PigmaRivalAction::MaintainCombatAltitude
retail_frame=736 action=PigmaRivalAction::Advance
retail_frame=736 action=PigmaRivalAction::MaintainCombatAltitude
retail_frame=740 action=PigmaRivalAction::MaintainCombatAltitude
retail_frame=740 action=PigmaRivalAction::FacePlayerSmooth(PlayerTargetTiming::Current)
retail_frame=740 action=PigmaRivalAction::MaintainCombatAltitude
retail_frame=740 action=PigmaRivalAction::Advance
retail_frame=740 action=PigmaRivalAction::MaintainCombatAltitude
retail_frame=744 action=PigmaRivalAction::MaintainCombatAltitude
retail_frame=744 action=PigmaRivalAction::FacePlayerSmooth(PlayerTargetTiming::Current)
retail_frame=744 action=PigmaRivalAction::MaintainCombatAltitude
retail_frame=744 action=PigmaRivalAction::Advance
retail_frame=744 action=PigmaRivalAction::MaintainCombatAltitude
retail_frame=748 action=PigmaRivalAction::MaintainCombatAltitude
retail_frame=748 action=PigmaRivalAction::FacePlayerSmooth(PlayerTargetTiming::Current)
retail_frame=748 action=PigmaRivalAction::MaintainCombatAltitude
retail_frame=748 action=PigmaRivalAction::Advance
retail_frame=748 action=PigmaRivalAction::MaintainCombatAltitude
retail_frame=752 action=PigmaRivalAction::MaintainCombatAltitude
retail_frame=752 action=PigmaRivalAction::FacePlayerSmooth(PlayerTargetTiming::Current)
retail_frame=752 action=PigmaRivalAction::MaintainCombatAltitude
retail_frame=752 action=PigmaRivalAction::Advance
retail_frame=752 action=PigmaRivalAction::MaintainCombatAltitude
retail_frame=756 action=PigmaRivalAction::MaintainCombatAltitude
retail_frame=756 action=PigmaRivalAction::FacePlayerSmooth(PlayerTargetTiming::Current)
retail_frame=756 action=PigmaRivalAction::MaintainCombatAltitude
retail_frame=756 action=PigmaRivalAction::Advance
retail_frame=760 action=PigmaRivalAction::FacePlayerSmooth(PlayerTargetTiming::Current)
retail_frame=760 action=PigmaRivalAction::Advance
retail_frame=764 action=PigmaRivalAction::FacePlayerSmooth(PlayerTargetTiming::Current)
retail_frame=764 action=PigmaRivalAction::Advance
retail_frame=768 action=PigmaRivalAction::FacePlayerSmooth(PlayerTargetTiming::Current)
retail_frame=768 action=PigmaRivalAction::Advance
retail_frame=772 action=PigmaRivalAction::FacePlayerSmooth(PlayerTargetTiming::Current)
retail_frame=772 action=PigmaRivalAction::Advance
retail_frame=776 action=PigmaRivalAction::FacePlayerSmooth(PlayerTargetTiming::Current)
retail_frame=776 action=PigmaRivalAction::Advance
retail_frame=780 action=PigmaRivalAction::FacePlayerSmooth(PlayerTargetTiming::Current)
retail_frame=780 action=PigmaRivalAction::Advance
retail_frame=788 action=PigmaRivalAction::FacePlayerSmooth(PlayerTargetTiming::Previous)
retail_frame=788 action=PigmaRivalAction::Advance
retail_frame=792 action=PigmaRivalAction::FacePlayerSmooth(PlayerTargetTiming::Previous)
retail_frame=792 action=PigmaRivalAction::Advance
retail_frame=796 action=PigmaRivalAction::FacePlayerSmooth(PlayerTargetTiming::Previous)
retail_frame=796 action=PigmaRivalAction::Advance
retail_frame=800 action=PigmaRivalAction::FacePlayerSmooth(PlayerTargetTiming::Current)
retail_frame=800 action=PigmaRivalAction::Advance
retail_frame=804 action=PigmaRivalAction::FacePlayerSmooth(PlayerTargetTiming::Current)
retail_frame=804 action=PigmaRivalAction::Advance
retail_frame=808 action=PigmaRivalAction::FacePlayerSmooth(PlayerTargetTiming::Current)
retail_frame=808 action=PigmaRivalAction::Advance
retail_frame=812 action=PigmaRivalAction::FacePlayerSmooth(PlayerTargetTiming::Current)
retail_frame=812 action=PigmaRivalAction::Advance
retail_frame=820 action=PigmaRivalAction::FacePlayerSmooth(PlayerTargetTiming::Previous)
retail_frame=820 action=PigmaRivalAction::Advance
retail_frame=824 action=PigmaRivalAction::FacePlayerSmooth(PlayerTargetTiming::Current)
retail_frame=824 action=PigmaRivalAction::Advance
retail_frame=828 action=PigmaRivalAction::FacePlayerSmooth(PlayerTargetTiming::Current)
retail_frame=828 action=PigmaRivalAction::Advance
retail_frame=832 action=PigmaRivalAction::FacePlayerSmooth(PlayerTargetTiming::Current)
retail_frame=832 action=PigmaRivalAction::Advance
retail_frame=840 action=PigmaRivalAction::FacePlayerSmooth(PlayerTargetTiming::Previous)
retail_frame=840 action=PigmaRivalAction::Advance
retail_frame=844 action=PigmaRivalAction::FacePlayerSmooth(PlayerTargetTiming::Current)
retail_frame=844 action=PigmaRivalAction::Advance
retail_frame=848 action=PigmaRivalAction::FacePlayerSmooth(PlayerTargetTiming::Current)
retail_frame=848 action=PigmaRivalAction::Advance
retail_frame=852 action=PigmaRivalAction::FacePlayerSmooth(PlayerTargetTiming::Current)
retail_frame=852 action=PigmaRivalAction::Advance
retail_frame=860 action=PigmaRivalAction::FacePlayerSmooth(PlayerTargetTiming::Previous)
retail_frame=860 action=PigmaRivalAction::Advance
retail_frame=864 action=PigmaRivalAction::FacePlayerSmooth(PlayerTargetTiming::Current)
retail_frame=864 action=PigmaRivalAction::Advance
retail_frame=868 action=PigmaRivalAction::FacePlayerSmooth(PlayerTargetTiming::Current)
retail_frame=868 action=PigmaRivalAction::Advance
retail_frame=872 action=PigmaRivalAction::FacePlayerSmooth(PlayerTargetTiming::Current)
retail_frame=872 action=PigmaRivalAction::Advance
retail_frame=880 action=PigmaRivalAction::FacePlayerSmooth(PlayerTargetTiming::Previous)
retail_frame=880 action=PigmaRivalAction::Advance
retail_frame=884 action=PigmaRivalAction::FacePlayerSmooth(PlayerTargetTiming::Current)
retail_frame=884 action=PigmaRivalAction::Advance
retail_frame=884 action=PigmaRivalAction::BeginSecondApproach
retail_frame=888 action=PigmaRivalAction::LaunchSecondApproach
retail_frame=888 action=PigmaRivalAction::ApplySecondApproachWave
retail_frame=896 action=PigmaRivalAction::AdvanceApproach(RivalApproachSteering::SecondClimb)
retail_frame=896 action=PigmaRivalAction::ApplySecondApproachWave
retail_frame=900 action=PigmaRivalAction::AdvanceApproach(RivalApproachSteering::SecondClimb)
retail_frame=900 action=PigmaRivalAction::ApplySecondApproachWave
retail_frame=904 action=PigmaRivalAction::AdvanceApproach(RivalApproachSteering::SecondClimb)
retail_frame=904 action=PigmaRivalAction::ApplySecondApproachWave
retail_frame=912 action=PigmaRivalAction::AdvanceApproach(RivalApproachSteering::SecondClimb)
retail_frame=912 action=PigmaRivalAction::ApplySecondApproachWave
retail_frame=916 action=PigmaRivalAction::AdvanceApproach(RivalApproachSteering::SecondClimb)
retail_frame=916 action=PigmaRivalAction::ApplySecondApproachWave
retail_frame=920 action=PigmaRivalAction::AdvanceApproach(RivalApproachSteering::SecondClimb)
retail_frame=920 action=PigmaRivalAction::ApplySecondApproachWave
retail_frame=928 action=PigmaRivalAction::AdvanceApproach(RivalApproachSteering::SecondClimb)
retail_frame=928 action=PigmaRivalAction::ApplySecondApproachWave
retail_frame=932 action=PigmaRivalAction::AdvanceApproach(RivalApproachSteering::SecondClimb)
retail_frame=932 action=PigmaRivalAction::ApplySecondApproachWave
retail_frame=940 action=PigmaRivalAction::AdvanceApproach(RivalApproachSteering::SecondClimb)
retail_frame=940 action=PigmaRivalAction::ApplySecondApproachWave
retail_frame=944 action=PigmaRivalAction::AdvanceApproach(RivalApproachSteering::SecondClimb)
retail_frame=952 action=PigmaRivalAction::AdvanceApproach(RivalApproachSteering::SecondClimb)
retail_frame=956 action=PigmaRivalAction::AdvanceApproach(RivalApproachSteering::SecondClimb)
retail_frame=960 action=PigmaRivalAction::AdvanceApproach(RivalApproachSteering::SecondClimb)
retail_frame=964 action=PigmaRivalAction::AdvanceApproach(RivalApproachSteering::SecondClimb)
retail_frame=972 action=PigmaRivalAction::AdvanceApproach(RivalApproachSteering::SecondClimb)
retail_frame=976 action=PigmaRivalAction::AdvanceApproach(RivalApproachSteering::SecondClimb)
retail_frame=980 action=PigmaRivalAction::AdvanceApproach(RivalApproachSteering::SecondDive)
retail_frame=984 action=PigmaRivalAction::AdvanceApproach(RivalApproachSteering::SecondDive)
retail_frame=992 action=PigmaRivalAction::AdvanceApproach(RivalApproachSteering::SecondDive)
retail_frame=996 action=PigmaRivalAction::AdvanceApproach(RivalApproachSteering::SecondDive)
retail_frame=1000 action=PigmaRivalAction::BeginDeceleration
retail_frame=1000 action=PigmaRivalAction::ChaseRollToLevel
retail_frame=1000 action=PigmaRivalAction::Advance
retail_frame=1004 action=PigmaRivalAction::ChaseRollToLevel
retail_frame=1004 action=PigmaRivalAction::Advance
retail_frame=1008 action=PigmaRivalAction::ChaseRollToLevel
retail_frame=1008 action=PigmaRivalAction::Advance
retail_frame=1012 action=PigmaRivalAction::ChaseRollToLevel
retail_frame=1012 action=PigmaRivalAction::BeginEscape
retail_frame=1012 action=PigmaRivalAction::TurnAwayAndAdvance
retail_frame=1012 action=PigmaRivalAction::ChasePlayerAltitude(PigmaPlayerAltitudeTiming::Previous)
retail_frame=1012 action=PigmaRivalAction::ApplyEscapeWobble
retail_frame=1016 action=PigmaRivalAction::TurnAwayAndAdvance
retail_frame=1016 action=PigmaRivalAction::ChasePlayerAltitude(PigmaPlayerAltitudeTiming::Previous)
retail_frame=1016 action=PigmaRivalAction::ApplyEscapeWobble
retail_frame=1020 action=PigmaRivalAction::TurnAwayAndAdvance
retail_frame=1020 action=PigmaRivalAction::ChasePlayerAltitude(PigmaPlayerAltitudeTiming::Previous)
retail_frame=1020 action=PigmaRivalAction::ApplyEscapeWobble
retail_frame=1024 action=PigmaRivalAction::TurnAwayAndAdvance
retail_frame=1024 action=PigmaRivalAction::ChasePlayerAltitude(PigmaPlayerAltitudeTiming::Previous)
retail_frame=1024 action=PigmaRivalAction::ApplyEscapeWobble
retail_frame=1028 action=PigmaRivalAction::TurnAwayAndAdvance
retail_frame=1028 action=PigmaRivalAction::ChasePlayerAltitude(PigmaPlayerAltitudeTiming::Previous)
retail_frame=1028 action=PigmaRivalAction::ApplyEscapeWobble
retail_frame=1032 action=PigmaRivalAction::TurnAwayAndAdvance
retail_frame=1032 action=PigmaRivalAction::ChasePlayerAltitude(PigmaPlayerAltitudeTiming::Previous)
retail_frame=1032 action=PigmaRivalAction::ApplyEscapeWobble
retail_frame=1036 action=PigmaRivalAction::TurnAwayAndAdvance
retail_frame=1036 action=PigmaRivalAction::ChasePlayerAltitude(PigmaPlayerAltitudeTiming::Previous)
retail_frame=1036 action=PigmaRivalAction::ApplyEscapeWobble
retail_frame=1040 action=PigmaRivalAction::TurnAwayAndAdvance
retail_frame=1040 action=PigmaRivalAction::ChasePlayerAltitude(PigmaPlayerAltitudeTiming::Previous)
retail_frame=1040 action=PigmaRivalAction::ApplyEscapeWobble
retail_frame=1044 action=PigmaRivalAction::TurnAwayAndAdvance
retail_frame=1044 action=PigmaRivalAction::ChasePlayerAltitude(PigmaPlayerAltitudeTiming::Previous)
retail_frame=1044 action=PigmaRivalAction::ApplyEscapeWobble
retail_frame=1048 action=PigmaRivalAction::TurnAway
retail_frame=1048 action=PigmaRivalAction::Advance
retail_frame=1048 action=PigmaRivalAction::ChasePlayerAltitude(PigmaPlayerAltitudeTiming::Previous)
retail_frame=1048 action=PigmaRivalAction::ApplyEscapeWobble
retail_frame=1052 action=PigmaRivalAction::Advance
retail_frame=1052 action=PigmaRivalAction::ChasePlayerAltitude(PigmaPlayerAltitudeTiming::Previous)
retail_frame=1052 action=PigmaRivalAction::ApplyEscapeWobble
retail_frame=1056 action=PigmaRivalAction::Advance
retail_frame=1056 action=PigmaRivalAction::ChasePlayerAltitude(PigmaPlayerAltitudeTiming::Previous)
retail_frame=1056 action=PigmaRivalAction::ApplyEscapeWobble
retail_frame=1060 action=PigmaRivalAction::Advance
retail_frame=1060 action=PigmaRivalAction::ChasePlayerAltitude(PigmaPlayerAltitudeTiming::Previous)
retail_frame=1060 action=PigmaRivalAction::ApplyEscapeWobble
retail_frame=1064 action=PigmaRivalAction::Advance
retail_frame=1064 action=PigmaRivalAction::ChasePlayerAltitude(PigmaPlayerAltitudeTiming::EarlierMidpointWithEntryRounding)
retail_frame=1064 action=PigmaRivalAction::ApplyEscapeWobble
retail_frame=1064 action=PigmaRivalAction::Advance
retail_frame=1064 action=PigmaRivalAction::ChasePlayerAltitude(PigmaPlayerAltitudeTiming::Previous)
retail_frame=1064 action=PigmaRivalAction::ApplyEscapeWobble
retail_frame=1068 action=PigmaRivalAction::Advance
retail_frame=1068 action=PigmaRivalAction::ChasePlayerAltitude(PigmaPlayerAltitudeTiming::Previous)
retail_frame=1068 action=PigmaRivalAction::ApplyEscapeWobble
retail_frame=1072 action=PigmaRivalAction::Advance
retail_frame=1072 action=PigmaRivalAction::ChasePlayerAltitude(PigmaPlayerAltitudeTiming::Previous)
retail_frame=1072 action=PigmaRivalAction::ApplyEscapeWobble
retail_frame=1076 action=PigmaRivalAction::Advance
retail_frame=1076 action=PigmaRivalAction::ChasePlayerAltitude(PigmaPlayerAltitudeTiming::Previous)
retail_frame=1076 action=PigmaRivalAction::ApplyEscapeWobble
retail_frame=1080 action=PigmaRivalAction::Advance
retail_frame=1080 action=PigmaRivalAction::ChasePlayerAltitude(PigmaPlayerAltitudeTiming::Previous)
retail_frame=1080 action=PigmaRivalAction::ApplyEscapeWobble
retail_frame=1084 action=PigmaRivalAction::Advance
retail_frame=1084 action=PigmaRivalAction::ChasePlayerAltitude(PigmaPlayerAltitudeTiming::Previous)
retail_frame=1084 action=PigmaRivalAction::ApplyEscapeWobble
retail_frame=1088 action=PigmaRivalAction::Advance
retail_frame=1088 action=PigmaRivalAction::ChasePlayerAltitude(PigmaPlayerAltitudeTiming::Previous)
retail_frame=1088 action=PigmaRivalAction::ApplyEscapeWobble
retail_frame=1092 action=PigmaRivalAction::Advance
retail_frame=1092 action=PigmaRivalAction::ChasePlayerAltitude(PigmaPlayerAltitudeTiming::EarlierMidpoint)
retail_frame=1092 action=PigmaRivalAction::ApplyEscapeWobble
retail_frame=1092 action=PigmaRivalAction::Advance
retail_frame=1092 action=PigmaRivalAction::ChasePlayerAltitude(PigmaPlayerAltitudeTiming::Previous)
retail_frame=1092 action=PigmaRivalAction::ApplyEscapeWobble
retail_frame=1096 action=PigmaRivalAction::Advance
retail_frame=1096 action=PigmaRivalAction::ChasePlayerAltitude(PigmaPlayerAltitudeTiming::Previous)
retail_frame=1096 action=PigmaRivalAction::ApplyEscapeWobble
retail_frame=1100 action=PigmaRivalAction::Advance
retail_frame=1100 action=PigmaRivalAction::ChasePlayerAltitude(PigmaPlayerAltitudeTiming::Previous)
retail_frame=1100 action=PigmaRivalAction::ApplyEscapeWobble
retail_frame=1104 action=PigmaRivalAction::Advance
retail_frame=1104 action=PigmaRivalAction::ChasePlayerAltitude(PigmaPlayerAltitudeTiming::Previous)
retail_frame=1104 action=PigmaRivalAction::ApplyEscapeWobble
retail_frame=1108 action=PigmaRivalAction::Advance
retail_frame=1108 action=PigmaRivalAction::ChasePlayerAltitude(PigmaPlayerAltitudeTiming::Previous)
retail_frame=1108 action=PigmaRivalAction::ApplyEscapeWobble
retail_frame=1112 action=PigmaRivalAction::Advance
retail_frame=1112 action=PigmaRivalAction::ChasePlayerAltitude(PigmaPlayerAltitudeTiming::Previous)
retail_frame=1112 action=PigmaRivalAction::ApplyEscapeWobble
retail_frame=1116 action=PigmaRivalAction::Advance
retail_frame=1116 action=PigmaRivalAction::ChasePlayerAltitude(PigmaPlayerAltitudeTiming::Previous)
retail_frame=1116 action=PigmaRivalAction::ApplyEscapeWobble
retail_frame=1120 action=PigmaRivalAction::Advance
retail_frame=1120 action=PigmaRivalAction::ChasePlayerAltitude(PigmaPlayerAltitudeTiming::Previous)
retail_frame=1120 action=PigmaRivalAction::ApplyEscapeWobble
retail_frame=1124 action=PigmaRivalAction::Advance
retail_frame=1124 action=PigmaRivalAction::ChasePlayerAltitude(PigmaPlayerAltitudeTiming::Previous)
retail_frame=1124 action=PigmaRivalAction::ApplyEscapeWobble
retail_frame=1128 action=PigmaRivalAction::Advance
retail_frame=1128 action=PigmaRivalAction::ChasePlayerAltitude(PigmaPlayerAltitudeTiming::Previous)
retail_frame=1128 action=PigmaRivalAction::ApplyEscapeWobble
retail_frame=1128 action=PigmaRivalAction::Advance
retail_frame=1132 action=PigmaRivalAction::ChasePlayerAltitude(PigmaPlayerAltitudeTiming::Previous)
retail_frame=1132 action=PigmaRivalAction::ApplyEscapeWobble
retail_frame=1132 action=PigmaRivalAction::Advance
retail_frame=1132 action=PigmaRivalAction::ChasePlayerAltitude(PigmaPlayerAltitudeTiming::Previous)
retail_frame=1132 action=PigmaRivalAction::ApplyEscapeWobble
retail_frame=1136 action=PigmaRivalAction::Advance
retail_frame=1136 action=PigmaRivalAction::ChasePlayerAltitude(PigmaPlayerAltitudeTiming::Previous)
retail_frame=1136 action=PigmaRivalAction::ApplyEscapeWobble
retail_frame=1140 action=PigmaRivalAction::Advance
retail_frame=1140 action=PigmaRivalAction::ChasePlayerAltitude(PigmaPlayerAltitudeTiming::Previous)
retail_frame=1140 action=PigmaRivalAction::ApplyEscapeWobble
retail_frame=1144 action=PigmaRivalAction::Advance
retail_frame=1144 action=PigmaRivalAction::ChasePlayerAltitude(PigmaPlayerAltitudeTiming::Previous)
retail_frame=1144 action=PigmaRivalAction::ApplyEscapeWobble
retail_frame=1148 action=PigmaRivalAction::Advance
retail_frame=1148 action=PigmaRivalAction::ChasePlayerAltitude(PigmaPlayerAltitudeTiming::Previous)
retail_frame=1148 action=PigmaRivalAction::ApplyEscapeWobble
retail_frame=1152 action=PigmaRivalAction::Advance
retail_frame=1152 action=PigmaRivalAction::ChasePlayerAltitude(PigmaPlayerAltitudeTiming::Previous)
retail_frame=1152 action=PigmaRivalAction::ApplyEscapeWobble
retail_frame=1156 action=PigmaRivalAction::Advance
retail_frame=1156 action=PigmaRivalAction::ChasePlayerAltitude(PigmaPlayerAltitudeTiming::Previous)
retail_frame=1156 action=PigmaRivalAction::ApplyEscapeWobble
retail_frame=1156 action=PigmaRivalAction::Advance
retail_frame=1160 action=PigmaRivalAction::ChasePlayerAltitude(PigmaPlayerAltitudeTiming::Previous)
retail_frame=1160 action=PigmaRivalAction::ApplyEscapeWobble
retail_frame=1160 action=PigmaRivalAction::Advance
retail_frame=1160 action=PigmaRivalAction::ChasePlayerAltitude(PigmaPlayerAltitudeTiming::Previous)
retail_frame=1160 action=PigmaRivalAction::ApplyEscapeWobble
retail_frame=1164 action=PigmaRivalAction::Advance
retail_frame=1164 action=PigmaRivalAction::ChasePlayerAltitude(PigmaPlayerAltitudeTiming::Previous)
retail_frame=1164 action=PigmaRivalAction::ApplyEscapeWobble
retail_frame=1168 action=PigmaRivalAction::Advance
retail_frame=1168 action=PigmaRivalAction::ChasePlayerAltitude(PigmaPlayerAltitudeTiming::Previous)
retail_frame=1168 action=PigmaRivalAction::ApplyEscapeWobble
retail_frame=1172 action=PigmaRivalAction::Advance
retail_frame=1172 action=PigmaRivalAction::ChasePlayerAltitude(PigmaPlayerAltitudeTiming::Previous)
retail_frame=1172 action=PigmaRivalAction::ApplyEscapeWobble
retail_frame=1176 action=PigmaRivalAction::Advance
retail_frame=1176 action=PigmaRivalAction::ChasePlayerAltitude(PigmaPlayerAltitudeTiming::Previous)
retail_frame=1176 action=PigmaRivalAction::ApplyEscapeWobble
retail_frame=1180 action=PigmaRivalAction::Advance
retail_frame=1180 action=PigmaRivalAction::ChasePlayerAltitude(PigmaPlayerAltitudeTiming::Previous)
retail_frame=1180 action=PigmaRivalAction::ApplyEscapeWobble
retail_frame=1184 action=PigmaRivalAction::Advance
retail_frame=1184 action=PigmaRivalAction::ChasePlayerAltitude(PigmaPlayerAltitudeTiming::Previous)
retail_frame=1184 action=PigmaRivalAction::ApplyEscapeWobble
retail_frame=1188 action=PigmaRivalAction::Advance
retail_frame=1188 action=PigmaRivalAction::ChasePlayerAltitude(PigmaPlayerAltitudeTiming::Previous)
retail_frame=1188 action=PigmaRivalAction::ApplyEscapeWobble
retail_frame=1192 action=PigmaRivalAction::Advance
retail_frame=1192 action=PigmaRivalAction::ChasePlayerAltitude(PigmaPlayerAltitudeTiming::Previous)
retail_frame=1192 action=PigmaRivalAction::ApplyEscapeWobble
retail_frame=1192 action=PigmaRivalAction::Advance
retail_frame=1192 action=PigmaRivalAction::ChasePlayerAltitude(PigmaPlayerAltitudeTiming::Previous)
retail_frame=1192 action=PigmaRivalAction::ApplyEscapeWobble
retail_frame=1196 action=PigmaRivalAction::Advance
retail_frame=1196 action=PigmaRivalAction::ChasePlayerAltitude(PigmaPlayerAltitudeTiming::Previous)
retail_frame=1196 action=PigmaRivalAction::ApplyEscapeWobble
retail_frame=1200 action=PigmaRivalAction::Advance
retail_frame=1200 action=PigmaRivalAction::ChasePlayerAltitude(PigmaPlayerAltitudeTiming::Previous)
retail_frame=1200 action=PigmaRivalAction::ApplyEscapeWobble
retail_frame=1204 action=PigmaRivalAction::Advance
retail_frame=1204 action=PigmaRivalAction::ChasePlayerAltitude(PigmaPlayerAltitudeTiming::Previous)
retail_frame=1204 action=PigmaRivalAction::ApplyEscapeWobble
retail_frame=1208 action=PigmaRivalAction::Advance
retail_frame=1208 action=PigmaRivalAction::ChasePlayerAltitude(PigmaPlayerAltitudeTiming::Previous)
retail_frame=1208 action=PigmaRivalAction::ApplyEscapeWobble
retail_frame=1212 action=PigmaRivalAction::Advance
retail_frame=1216 action=PigmaRivalAction::Advance
retail_frame=1216 action=PigmaRivalAction::ChasePlayerAltitude(PigmaPlayerAltitudeTiming::Previous)
retail_frame=1216 action=PigmaRivalAction::ApplyEscapeWobble
retail_frame=1220 action=PigmaRivalAction::Advance
retail_frame=1220 action=PigmaRivalAction::ChasePlayerAltitude(PigmaPlayerAltitudeTiming::Previous)
retail_frame=1220 action=PigmaRivalAction::ApplyEscapeWobble
retail_frame=1224 action=PigmaRivalAction::ChasePlayerAltitude(PigmaPlayerAltitudeTiming::Previous)
retail_frame=1224 action=PigmaRivalAction::ApplyEscapeWobble
