# Compact Mesen oracle evidence for the Pigma duel.
# Raw source SHA-256: 4087e996b0a8e8030e5769b433959ba672d9510623bdf5a3fb6fb4d4104c2c3e
# return_retail_frame=1677
# map_ready_retail_frame=1679
retail_frame=0 camera=0,0,0,0,0,0 player=-32763,2271,3407,0,0,0,30 wingmate=-32763,2271,12751,0,0,0,30 rival=- projectiles=-
retail_frame=4 camera=0,0,0,0,0,0 player=-32763,2271,3407,0,0,0,30 wingmate=-32763,2271,12751,0,0,0,30 rival=- projectiles=-
retail_frame=8 camera=0,0,0,0,0,0 player=-32763,2271,3407,0,0,0,30 wingmate=-32763,2271,12751,0,0,0,30 rival=- projectiles=-
retail_frame=12 camera=0,0,0,0,0,0 player=-32763,2271,3407,0,0,0,30 wingmate=-32763,2271,12751,0,0,0,30 rival=- projectiles=-
retail_frame=16 camera=0,0,0,0,0,0 player=-32763,2271,3407,0,0,0,30 wingmate=-32763,2271,12751,0,0,0,30 rival=- projectiles=-
retail_frame=20 camera=0,0,0,0,0,0 player=219,0,126,0,192,0,0 wingmate=228,0,132,0,0,0,0 rival=- projectiles=-
retail_frame=24 camera=0,0,0,0,0,0 player=219,0,126,0,192,0,0 wingmate=228,0,132,0,0,0,0 rival=- projectiles=-
retail_frame=28 camera=0,0,0,0,0,0 player=219,0,126,0,192,0,0 wingmate=228,0,132,0,0,0,0 rival=- projectiles=-
retail_frame=32 camera=0,0,0,0,0,0 player=219,0,126,0,192,0,0 wingmate=228,0,132,0,0,0,0 rival=- projectiles=-
retail_frame=36 camera=0,0,0,0,0,0 player=219,0,126,0,192,0,0 wingmate=228,0,132,0,0,0,0 rival=0,0,0,0,0,0,0 projectiles=-
retail_frame=40 camera=0,0,0,0,0,0 player=219,0,126,0,192,0,0 wingmate=228,0,132,0,0,0,0 rival=0,0,0,0,0,0,0 projectiles=-
retail_frame=44 camera=0,0,0,0,0,0 player=219,0,126,0,192,0,0 wingmate=228,0,132,0,0,0,0 rival=0,0,0,0,0,0,0 projectiles=-
retail_frame=48 camera=-32595,-32734,-32642,144,36,0 player=219,0,126,0,192,0,0 wingmate=228,0,132,0,0,0,0 rival=0,0,0,0,0,0,0 projectiles=-
retail_frame=52 camera=-32618,-32717,-32642,144,36,0 player=219,0,126,0,192,0,0 wingmate=228,0,132,0,0,0,0 rival=0,0,0,0,0,0,0 projectiles=-
retail_frame=56 camera=-32641,-32700,-32642,144,36,0 player=219,0,126,0,192,0,0 wingmate=228,0,132,0,0,0,0 rival=0,0,0,0,0,0,0 projectiles=-
retail_frame=60 camera=-32687,-32666,-32642,144,36,0 player=219,0,126,0,192,0,0 wingmate=228,0,132,0,0,0,0 rival=0,0,0,0,0,0,0 projectiles=-
retail_frame=64 camera=-32710,-32649,-32642,144,36,0 player=219,0,126,0,192,0,0 wingmate=228,0,132,0,0,0,0 rival=0,0,0,0,0,0,0 projectiles=-
retail_frame=68 camera=-32733,-32632,-32642,144,36,0 player=219,0,126,0,192,0,0 wingmate=228,0,132,0,0,0,0 rival=0,0,0,0,0,0,0 projectiles=-
retail_frame=72 camera=32757,-32598,-32642,144,36,0 player=219,0,126,0,192,0,0 wingmate=228,0,132,0,0,0,0 rival=0,0,0,0,0,0,0 projectiles=-
retail_frame=76 camera=32734,-32581,-32642,144,36,0 player=219,0,126,0,192,0,0 wingmate=228,0,132,0,0,0,0 rival=0,0,0,0,0,0,0 projectiles=-
retail_frame=80 camera=32711,-32564,-32642,144,36,0 player=219,0,126,0,192,0,0 wingmate=228,0,132,0,0,0,0 rival=0,0,0,0,0,0,0 projectiles=-
retail_frame=84 camera=32665,-32530,-32642,144,36,0 player=219,0,126,0,192,0,0 wingmate=228,0,132,0,0,0,0 rival=0,0,0,0,0,0,0 projectiles=-
retail_frame=88 camera=32642,-32513,-32642,144,36,0 player=219,0,126,0,192,0,0 wingmate=228,0,132,0,0,0,0 rival=0,0,0,0,0,0,0 projectiles=-
retail_frame=92 camera=32619,-32496,-32642,144,36,0 player=219,0,126,0,192,0,0 wingmate=228,0,132,0,0,0,0 rival=0,0,0,0,0,0,0 projectiles=-
retail_frame=96 camera=32573,-32462,-32642,144,36,0 player=219,0,126,0,192,0,0 wingmate=228,0,132,0,0,0,0 rival=0,0,0,0,0,0,0 projectiles=-
retail_frame=100 camera=32550,-32445,-32642,144,36,0 player=219,0,126,0,192,0,0 wingmate=228,0,132,0,0,0,0 rival=0,0,0,0,0,0,0 projectiles=-
retail_frame=104 camera=32504,-32411,-32642,144,36,0 player=219,0,126,0,192,0,0 wingmate=228,0,132,0,0,0,0 rival=0,0,0,0,0,0,0 projectiles=-
retail_frame=108 camera=32481,-32394,-32642,144,36,0 player=219,0,126,0,192,0,0 wingmate=228,0,132,0,0,0,0 rival=0,0,0,0,0,0,0 projectiles=-
retail_frame=112 camera=32458,-32377,-32642,144,36,0 player=219,0,126,0,192,0,0 wingmate=228,0,132,0,0,0,0 rival=0,0,0,0,0,0,0 projectiles=-
retail_frame=116 camera=32412,-32343,-32642,144,160,0 player=219,0,126,0,192,0,0 wingmate=228,0,132,0,0,0,0 rival=0,0,0,0,0,0,0 projectiles=-
retail_frame=120 camera=32389,-32326,-32642,144,36,0 player=219,0,126,0,192,0,0 wingmate=228,0,132,0,0,0,0 rival=0,0,0,0,0,0,0 projectiles=-
retail_frame=124 camera=32366,-32309,-32642,144,36,0 player=219,0,126,0,192,0,0 wingmate=228,0,132,0,0,0,0 rival=0,0,0,0,0,0,0 projectiles=-
retail_frame=128 camera=32320,-32275,-32642,144,36,0 player=219,0,126,0,192,0,0 wingmate=228,0,132,0,0,0,0 rival=0,0,0,0,0,0,0 projectiles=-
retail_frame=132 camera=32297,-32258,-32642,144,36,0 player=219,0,126,0,192,0,0 wingmate=228,0,132,0,0,0,0 rival=0,0,0,0,0,0,0 projectiles=-
retail_frame=136 camera=32274,-32241,-32642,144,36,0 player=219,0,126,0,192,0,0 wingmate=228,0,132,0,0,0,0 rival=0,0,0,0,0,0,0 projectiles=-
retail_frame=140 camera=32228,-32207,-32642,144,36,0 player=219,0,126,0,192,0,0 wingmate=228,0,132,0,0,0,0 rival=0,0,0,0,0,0,0 projectiles=-
retail_frame=144 camera=32205,-32190,-32642,144,36,0 player=219,0,126,0,192,0,0 wingmate=228,0,132,0,0,0,0 rival=0,0,0,0,0,0,0 projectiles=-
retail_frame=148 camera=32182,-32173,-32642,144,36,0 player=219,0,126,0,192,0,0 wingmate=228,0,132,0,0,0,0 rival=0,0,0,0,0,0,0 projectiles=-
retail_frame=152 camera=32136,-32139,-32642,144,36,0 player=219,0,126,0,192,0,0 wingmate=228,0,132,0,0,0,0 rival=0,0,0,0,0,0,0 projectiles=-
retail_frame=156 camera=32113,-32122,-32642,128,6,0 player=219,0,126,0,192,0,0 wingmate=228,0,132,0,0,0,0 rival=0,0,0,0,0,0,0 projectiles=-
retail_frame=160 camera=32090,-32105,-32642,128,6,0 player=219,0,126,0,192,0,0 wingmate=228,0,132,0,0,0,0 rival=0,0,0,0,0,0,0 projectiles=-
retail_frame=164 camera=32044,-32071,-32642,120,242,0 player=219,0,126,0,192,0,0 wingmate=228,0,132,0,0,0,0 rival=0,0,0,0,0,0,0 projectiles=-
retail_frame=168 camera=32021,-32054,-32642,120,212,0 player=219,0,126,0,192,0,0 wingmate=228,0,132,0,0,0,0 rival=0,0,0,0,0,0,0 projectiles=-
retail_frame=172 camera=31998,-32037,-32642,120,212,0 player=219,0,126,0,192,0,0 wingmate=228,0,132,0,0,0,0 rival=0,0,0,0,0,0,0 projectiles=-
retail_frame=176 camera=31952,-32003,-32642,104,182,0 player=219,0,126,0,192,0,0 wingmate=228,0,132,0,0,0,0 rival=0,0,0,0,0,0,0 projectiles=-
retail_frame=180 camera=31929,-31986,-32642,104,162,0 player=219,0,126,0,192,0,0 wingmate=228,0,132,0,0,0,0 rival=0,0,0,0,0,0,0 projectiles=-
retail_frame=184 camera=31906,-31969,-32642,88,132,0 player=219,0,126,0,192,0,0 wingmate=228,0,132,0,0,0,0 rival=0,0,0,0,0,0,0 projectiles=-
retail_frame=188 camera=31860,-31935,-32642,80,82,0 player=219,0,126,0,192,0,0 wingmate=228,0,132,0,0,0,0 rival=0,0,0,0,0,0,0 projectiles=-
retail_frame=192 camera=31837,-31918,-32642,64,62,0 player=219,0,126,0,192,0,0 wingmate=228,0,132,0,0,0,0 rival=0,0,0,0,0,0,0 projectiles=-
retail_frame=196 camera=31814,-31901,-32642,56,12,0 player=219,0,126,0,192,0,0 wingmate=228,0,132,0,0,0,0 rival=0,0,0,0,0,0,0 projectiles=-
retail_frame=200 camera=31768,-31867,-32642,32,188,0 player=219,0,126,0,192,0,0 wingmate=228,0,132,0,0,0,0 rival=0,0,0,0,0,0,0 projectiles=-
retail_frame=204 camera=31745,-31850,-32642,8,118,0 player=219,0,126,0,192,0,0 wingmate=228,0,132,0,0,0,0 rival=0,0,0,0,0,0,0 projectiles=-
retail_frame=208 camera=31722,-31833,-32642,248,38,0 player=219,0,126,0,192,0,0 wingmate=228,0,132,0,0,0,0 rival=0,0,0,0,0,0,0 projectiles=-
retail_frame=212 camera=31676,-31799,-32642,192,114,0 player=219,0,126,0,192,0,0 wingmate=228,0,132,0,0,0,0 rival=0,0,0,0,0,0,0 projectiles=-
retail_frame=216 camera=31653,-31782,-32642,168,14,0 player=219,0,126,0,192,0,0 wingmate=228,0,132,0,0,0,0 rival=0,0,0,0,0,0,0 projectiles=-
retail_frame=220 camera=31630,-31765,-32642,120,130,0 player=219,0,126,0,192,0,0 wingmate=228,0,132,0,0,0,0 rival=0,0,0,0,0,0,0 projectiles=-
retail_frame=224 camera=31584,-31731,-32642,16,36,0 player=219,0,126,0,192,0,0 wingmate=228,0,132,0,0,0,0 rival=0,0,0,0,0,0,0 projectiles=-
retail_frame=228 camera=31561,-31714,-32642,216,82,0 player=219,0,126,0,192,0,0 wingmate=228,0,132,0,0,0,0 rival=0,0,0,0,0,0,0 projectiles=-
retail_frame=232 camera=31538,-31697,-32642,136,78,0 player=219,0,126,0,192,0,0 wingmate=228,0,132,0,0,0,0 rival=0,0,0,0,0,0,0 projectiles=-
retail_frame=236 camera=31492,-31663,-32642,176,216,0 player=219,0,126,0,192,0,0 wingmate=228,0,132,0,0,0,0 rival=0,0,0,0,0,0,0 projectiles=-
retail_frame=240 camera=31469,-31646,-32642,64,92,0 player=219,0,126,0,192,0,0 wingmate=228,0,132,0,0,0,0 rival=0,0,0,0,0,0,0 projectiles=-
retail_frame=244 camera=31446,-31629,-32642,192,194,0 player=219,0,126,0,192,0,0 wingmate=228,0,132,0,0,0,0 rival=0,0,0,0,0,0,0 projectiles=-
retail_frame=248 camera=31400,-31595,-32642,192,242,0 player=219,0,126,0,192,0,0 wingmate=228,0,132,0,0,0,0 rival=0,0,0,0,0,0,0 projectiles=-
retail_frame=252 camera=31377,-31578,-32642,128,228,0 player=219,0,126,0,192,0,0 wingmate=228,0,132,0,0,0,0 rival=0,0,0,0,0,0,0 projectiles=-
retail_frame=256 camera=31354,-31561,-32642,24,214,0 player=219,0,126,0,192,0,0 wingmate=228,0,132,0,0,0,0 rival=0,0,0,0,0,0,0 projectiles=-
retail_frame=260 camera=31308,-31527,-32642,224,36,0 player=219,0,126,0,192,0,0 wingmate=228,0,132,0,0,0,0 rival=0,0,0,0,0,0,0 projectiles=-
retail_frame=264 camera=31285,-31510,-32642,32,148,0 player=219,0,126,0,192,0,0 wingmate=228,0,132,0,0,0,0 rival=0,0,0,0,0,0,0 projectiles=-
retail_frame=268 camera=31262,-31493,-32642,0,250,0 player=219,0,126,0,192,0,0 wingmate=228,0,132,0,0,0,0 rival=0,0,0,0,0,0,0 projectiles=-
retail_frame=272 camera=31216,-31459,-32642,112,8,0 player=219,0,126,0,192,0,0 wingmate=228,0,132,0,0,0,0 rival=0,0,0,0,0,0,0 projectiles=-
retail_frame=276 camera=31193,-31442,-32642,224,246,0 player=219,0,126,0,192,0,0 wingmate=228,0,132,0,0,0,0 rival=0,0,0,0,0,0,0 projectiles=-
retail_frame=280 camera=31170,-31425,-32642,232,108,0 player=219,0,126,0,192,0,0 wingmate=228,0,132,0,0,0,0 rival=0,0,0,0,0,0,0 projectiles=-
retail_frame=284 camera=31124,-31391,-32642,168,194,0 player=219,0,126,0,192,0,0 wingmate=228,0,132,0,0,0,0 rival=0,0,0,0,0,0,0 projectiles=-
retail_frame=288 camera=31101,-31374,-32642,48,132,0 player=219,0,126,0,192,0,0 wingmate=228,0,132,0,0,0,0 rival=0,0,0,0,0,0,0 projectiles=-
retail_frame=292 camera=31078,-31357,-32642,128,0,0 player=219,0,126,0,192,0,0 wingmate=228,0,132,0,0,0,0 rival=0,0,0,0,0,0,0 projectiles=-
retail_frame=296 camera=31032,-31323,-32642,152,92,0 player=219,0,126,0,192,0,0 wingmate=228,0,132,0,0,0,0 rival=0,0,0,0,0,0,0 projectiles=-
retail_frame=300 camera=31009,-31306,-32642,40,60,0 player=219,0,126,0,192,0,0 wingmate=228,0,132,0,0,0,0 rival=0,0,0,0,0,0,0 projectiles=-
retail_frame=304 camera=30986,-31289,-32642,8,108,0 player=219,0,126,0,192,0,0 wingmate=228,0,132,0,0,0,0 rival=0,0,0,0,0,0,0 projectiles=-
retail_frame=308 camera=30940,-31255,-32642,160,178,0 player=219,0,126,0,192,0,0 wingmate=228,0,132,0,0,0,0 rival=0,0,0,0,0,0,0 projectiles=-
retail_frame=312 camera=30917,-31238,-32642,160,168,0 player=219,0,126,0,192,0,0 wingmate=228,0,132,0,0,0,0 rival=0,0,0,0,0,0,0 projectiles=-
retail_frame=316 camera=30894,-31221,-32642,8,186,0 player=219,0,126,0,192,0,0 wingmate=228,0,132,0,0,0,0 rival=0,0,0,0,0,0,0 projectiles=-
retail_frame=320 camera=30848,-31187,-32642,104,124,0 player=219,0,126,0,192,0,0 wingmate=228,0,132,0,0,0,0 rival=0,0,0,0,0,0,0 projectiles=-
retail_frame=324 camera=30825,-31170,-32642,56,140,0 player=219,0,126,0,192,0,0 wingmate=228,0,132,0,0,0,0 rival=0,0,0,0,0,0,0 projectiles=-
retail_frame=328 camera=30802,-31153,-32642,16,206,0 player=219,0,126,0,192,0,0 wingmate=228,0,132,0,0,0,0 rival=0,0,0,0,0,0,0 projectiles=-
retail_frame=332 camera=30756,-31119,-32642,240,212,0 player=219,0,126,0,192,0,0 wingmate=228,0,132,0,0,0,0 rival=0,0,0,0,0,0,0 projectiles=-
retail_frame=336 camera=30733,-31102,-32642,216,112,0 player=219,0,126,0,192,0,0 wingmate=228,0,132,0,0,0,0 rival=0,0,0,0,0,0,0 projectiles=-
retail_frame=340 camera=30710,-31085,-32642,200,42,0 player=219,0,126,0,192,0,0 wingmate=228,0,132,0,0,0,0 rival=0,0,0,0,0,0,0 projectiles=-
retail_frame=344 camera=30664,-31051,-32642,176,168,0 player=219,0,126,0,192,0,0 wingmate=228,0,132,0,0,0,0 rival=0,0,0,0,0,0,0 projectiles=-
retail_frame=348 camera=30641,-31034,-32642,168,118,0 player=219,0,126,0,192,0,0 wingmate=228,0,132,0,0,0,0 rival=0,0,0,0,0,0,0 projectiles=-
retail_frame=352 camera=30618,-31017,-32642,168,68,0 player=219,0,126,0,192,0,0 wingmate=228,0,132,0,0,0,0 rival=0,0,0,0,0,0,0 projectiles=-
retail_frame=356 camera=30572,-30983,-32642,152,244,0 player=219,0,126,0,192,0,0 wingmate=228,0,132,0,0,0,0 rival=0,0,0,0,0,0,0 projectiles=-
retail_frame=360 camera=30549,-30966,-32642,136,224,0 player=219,0,126,0,192,0,0 wingmate=228,0,132,0,0,0,0 rival=0,0,0,0,0,0,0 projectiles=-
retail_frame=364 camera=30526,-30949,-32642,136,194,0 player=219,0,126,0,192,0,0 wingmate=228,0,132,0,0,0,0 rival=0,0,0,0,0,0,0 projectiles=-
retail_frame=368 camera=30480,-30915,-32642,128,144,0 player=219,0,126,0,192,0,0 wingmate=228,0,132,0,0,0,0 rival=0,0,0,0,0,0,0 projectiles=-
retail_frame=372 camera=30457,-30898,-32642,112,124,0 player=219,0,126,0,192,0,0 wingmate=228,0,132,0,0,0,0 rival=0,0,0,0,0,0,0 projectiles=-
retail_frame=376 camera=30434,-30881,-32642,128,94,192 player=219,0,126,0,189,254,0 wingmate=9435,0,-1410,0,185,254,0 rival=0,0,0,0,0,0,0 projectiles=-
retail_frame=380 camera=30411,-30864,-32642,0,0,0 player=219,0,126,0,186,252,1 wingmate=9307,0,-2050,0,186,252,1 rival=0,0,0,0,0,0,0 projectiles=-
retail_frame=384 camera=131,-19,134,0,0,0 player=219,0,126,0,182,249,1 wingmate=8923,0,-2946,0,178,249,1 rival=10219,0,8126,23,78,5,1 projectiles=-
retail_frame=388 camera=147,-19,136,0,0,0 player=219,0,126,0,190,2,2 wingmate=9435,0,-258,251,190,2,2 rival=10219,4,8126,25,80,9,2 projectiles=-
retail_frame=392 camera=176,-18,128,0,0,0 player=220,0,126,0,194,6,3 wingmate=176,-18,128,251,194,6,3 rival=10215,8,8126,26,82,12,3 projectiles=-
retail_frame=396 camera=192,-18,126,0,0,0 player=221,0,126,0,198,9,3 wingmate=192,-18,126,251,198,9,3 rival=10207,16,8126,27,84,15,4 projectiles=-
retail_frame=400 camera=194,-18,125,0,0,0 player=223,0,126,0,203,18,4 wingmate=9309,0,2302,0,254,254,4 rival=10195,28,8122,28,86,18,5 projectiles=-
retail_frame=404 camera=194,-18,125,0,0,0 player=223,0,126,0,208,20,4 wingmate=8799,0,3838,251,208,20,0 rival=10183,40,8114,29,88,20,6 projectiles=-
retail_frame=408 camera=215,-19,126,0,0,0 player=228,0,127,0,212,20,5 wingmate=228,-19,127,0,4,252,5 rival=10171,56,8106,30,90,22,7 projectiles=-
retail_frame=412 camera=219,-19,127,0,0,0 player=231,0,128,0,216,21,5 wingmate=7399,0,6016,0,220,251,5 rival=10139,100,8082,32,94,26,9 projectiles=-
retail_frame=416 camera=223,-19,128,0,0,0 player=234,0,130,0,221,21,6 wingmate=6634,0,6786,0,225,250,6 rival=10123,128,8066,33,96,27,10 projectiles=-
retail_frame=420 camera=227,-20,131,0,0,0 player=237,0,133,0,225,22,6 wingmate=5997,0,7429,0,229,250,6 rival=10107,160,8046,34,98,28,11 projectiles=-
retail_frame=424 camera=231,-20,135,0,0,0 player=240,0,137,0,230,21,7 wingmate=4976,0,8073,0,230,21,7 rival=10091,196,8026,35,100,29,12 projectiles=-
retail_frame=428 camera=234,-21,139,0,0,0 player=242,0,141,0,234,20,7 wingmate=4210,0,8461,0,234,20,7 rival=10075,232,8002,36,102,30,13 projectiles=-
retail_frame=432 camera=237,-22,144,0,0,0 player=246,0,153,0,239,18,8 wingmate=246,-22,153,251,239,18,8 rival=10059,272,7978,37,104,31,14 projectiles=-
retail_frame=436 camera=242,-23,157,0,0,0 player=247,0,159,0,241,18,8 wingmate=247,-23,159,0,20,250,8 rival=10043,316,7950,38,106,32,15 projectiles=-
retail_frame=440 camera=244,-23,163,0,0,0 player=248,0,165,0,244,5,8 wingmate=1528,0,9381,0,250,250,8 rival=10019,356,7914,29,104,23,16 projectiles=-
retail_frame=444 camera=245,-23,169,0,0,0 player=248,0,171,0,246,7,8 wingmate=1528,0,9387,0,250,250,8 rival=9951,408,7822,14,100,9,18 projectiles=-
retail_frame=448 camera=246,-24,176,0,0,0 player=248,0,177,0,248,8,8 wingmate=1016,0,9393,0,252,250,8 rival=9907,420,7774,8,98,3,19 projectiles=-
retail_frame=452 camera=247,-24,182,0,0,0 player=248,0,183,0,250,10,8 wingmate=632,0,9399,0,254,250,8 rival=9859,420,7726,2,96,254,20 projectiles=-
retail_frame=456 camera=248,-24,189,0,0,0 player=248,0,189,0,252,12,8 wingmate=248,0,9533,0,252,12,8 rival=9803,416,7678,253,94,250,21 projectiles=-
retail_frame=460 camera=248,-24,195,0,0,0 player=248,0,195,0,254,14,8 wingmate=-136,0,9411,0,254,14,8 rival=9743,404,7630,249,92,246,22 projectiles=-
retail_frame=464 camera=248,-23,207,0,0,0 player=248,0,207,0,2,19,8 wingmate=248,-23,207,251,2,19,8 rival=9675,384,7582,245,90,243,23 projectiles=-
retail_frame=468 camera=248,-23,213,0,0,0 player=248,0,213,0,4,22,8 wingmate=248,-23,213,251,4,22,8 rival=9607,356,7534,242,88,240,24 projectiles=-
retail_frame=472 camera=248,-23,219,0,0,0 player=248,0,219,0,6,24,8 wingmate=248,-23,219,251,6,24,8 rival=9531,320,7494,239,86,237,25 projectiles=-
retail_frame=476 camera=248,-22,225,0,0,0 player=248,0,225,0,8,27,8 wingmate=-2312,0,9057,0,12,27,8 rival=9375,224,7422,235,82,233,27 projectiles=-
retail_frame=480 camera=247,-22,231,0,0,0 player=247,0,231,0,11,35,8 wingmate=-3465,0,8807,0,17,35,8 rival=9295,168,7390,233,80,231,28 projectiles=-
retail_frame=484 camera=246,-21,237,0,0,0 player=246,0,237,0,13,36,8 wingmate=-3466,0,8813,0,17,36,8 rival=9215,104,7362,231,78,230,29 projectiles=-
retail_frame=488 camera=245,-20,243,0,0,0 player=245,0,243,0,15,37,8 wingmate=-3851,0,8563,0,15,37,8 rival=9127,36,7338,230,76,229,30 projectiles=-
retail_frame=492 camera=239,-22,261,0,0,0 player=239,-2,261,0,17,37,10 wingmate=-4241,-2,8325,0,17,37,10 rival=9039,-36,7318,229,74,228,31 projectiles=-
retail_frame=496 camera=226,-24,290,0,0,0 player=206,-9,329,0,21,38,14 wingmate=206,-28,329,251,21,38,14 rival=8947,-116,7302,228,72,227,32 projectiles=-
retail_frame=500 camera=206,-28,329,0,0,0 player=206,-9,329,0,21,38,14 wingmate=-5170,-9,7881,0,21,38,14 rival=8851,-200,7290,227,70,226,33 projectiles=-
retail_frame=504 camera=179,-33,375,0,0,0 player=179,-14,375,0,23,38,16 wingmate=-5581,-14,7671,0,23,38,16 rival=8755,-288,7282,226,68,225,34 projectiles=-
retail_frame=508 camera=145,-38,425,0,0,0 player=145,-20,425,0,25,37,17 wingmate=-5871,-20,7465,0,25,37,17 rival=8659,-380,7282,225,66,224,35 projectiles=-
retail_frame=512 camera=103,-46,480,0,0,0 player=103,-28,480,0,27,36,18 wingmate=-6297,-28,7136,0,27,36,18 rival=8563,-480,7282,224,64,223,36 projectiles=-
retail_frame=516 camera=54,-55,538,0,0,0 player=54,-37,538,0,29,35,19 wingmate=-6602,-37,6938,0,29,35,19 rival=8467,-584,7282,223,62,222,37 projectiles=-
retail_frame=520 camera=-2,-64,597,0,0,0 player=-2,-46,597,0,31,33,20 wingmate=-7042,-46,6613,0,31,33,20 rival=8371,-692,7286,222,60,221,38 projectiles=-
retail_frame=524 camera=-67,-74,655,0,0,0 player=-67,-56,655,0,34,20,21 wingmate=-7747,-56,5775,0,34,20,21 rival=8275,-808,7298,221,58,220,39 projectiles=-
retail_frame=528 camera=-136,-85,716,0,0,0 player=-136,-66,716,0,34,17,22 wingmate=-7048,-66,6988,0,34,17,22 rival=8183,-928,7314,220,56,219,40 projectiles=-
retail_frame=532 camera=-207,-96,780,0,0,0 player=-207,-77,780,0,34,15,23 wingmate=-7119,-77,7052,0,34,15,23 rival=8091,-1056,7334,219,54,218,41 projectiles=-
retail_frame=536 camera=-281,-107,846,0,0,0 player=-281,-88,846,0,34,13,24 wingmate=-7193,-88,7118,0,34,13,24 rival=8003,-1188,7358,218,52,217,42 projectiles=-
retail_frame=540 camera=-356,-132,913,128,0,0 player=-356,-112,913,0,34,11,25 wingmate=-7268,-112,7185,0,34,11,25 rival=7915,-1324,7386,217,50,216,43 projectiles=-
retail_frame=544 camera=-431,-168,980,128,0,0 player=-431,-148,980,0,34,9,26 wingmate=-7343,-148,7252,0,34,9,26 rival=7831,-1468,7418,216,48,216,44 projectiles=-
retail_frame=548 camera=-506,-214,1047,0,0,0 player=-506,-193,1047,254,34,8,27 wingmate=-7290,-577,7191,254,34,8,27 rival=7747,-1612,7454,216,46,216,45 projectiles=-
retail_frame=552 camera=-583,-261,1115,0,0,0 player=-583,-239,1116,252,34,8,28 wingmate=-7367,-1135,7260,252,34,8,28 rival=7663,-1760,7498,216,44,216,46 projectiles=-
retail_frame=556 camera=-740,-356,1258,0,0,0 player=-740,-333,1259,252,34,7,30 wingmate=-740,-356,1258,239,34,7,30 rival=7579,-1912,7546,216,42,216,47 projectiles=-
retail_frame=560 camera=-820,-404,1330,0,0,0 player=-820,-381,1330,252,34,15,30 wingmate=-820,-404,1330,239,34,15,30 rival=7495,-2068,7602,216,40,216,48 projectiles=-
retail_frame=564 camera=-903,-452,1398,0,0,0 player=-903,-429,1399,252,36,16,30 wingmate=-903,-452,1398,239,36,16,30 rival=7411,-2228,7662,216,38,216,49 projectiles=-
retail_frame=568 camera=-903,-452,1398,0,0,0 player=-903,-429,1399,252,36,16,30 wingmate=-8455,-1325,6391,252,36,16,30 rival=7331,-2392,7726,216,36,216,50 projectiles=-
retail_frame=572 camera=-987,-501,1467,0,0,0 player=-987,-477,1468,252,36,14,30 wingmate=-8027,-1373,7228,252,36,14,30 rival=7251,-2556,7798,216,34,216,51 projectiles=-
retail_frame=576 camera=-1155,-607,1604,128,0,0 player=-1155,-583,1605,252,36,11,30 wingmate=-1155,-607,1604,236,36,11,30 rival=7175,-2724,7874,216,32,216,52 projectiles=-
retail_frame=580 camera=-1235,-673,1669,128,0,0 player=-1235,-649,1670,252,36,9,30 wingmate=-1235,-673,1669,233,36,9,30 rival=7099,-2896,7954,216,30,216,53 projectiles=-
retail_frame=584 camera=-1312,-746,1732,0,0,0 player=-1312,-722,1733,251,36,8,30 wingmate=-8352,-1746,7493,251,36,8,30 rival=7027,-3072,8042,216,28,216,54 projectiles=-
retail_frame=588 camera=-1388,-823,1793,0,0,0 player=-1388,-800,1795,248,36,6,30 wingmate=-8428,-2592,7555,248,36,6,30 rival=6895,-3432,8230,216,24,216,56 projectiles=-
retail_frame=592 camera=-1465,-901,1855,0,0,0 player=-1465,-879,1858,246,36,5,30 wingmate=-8505,-3055,7618,246,36,5,30 rival=6835,-3616,8334,216,22,216,57 projectiles=-
retail_frame=596 camera=-1542,-981,1918,0,0,0 player=-1542,-959,1921,246,36,4,30 wingmate=-8582,-3135,7681,246,36,4,30 rival=6835,-3616,8334,216,22,216,57 projectiles=-
retail_frame=600 camera=-1619,-1060,1982,0,0,0 player=-1619,-1039,1985,246,36,250,30 wingmate=-8659,-3215,7745,246,36,250,30 rival=6779,-3804,8442,216,20,216,58 projectiles=-
retail_frame=604 camera=-1697,-1141,2046,0,0,0 player=-1697,-1120,2049,246,36,251,30 wingmate=-8737,-3296,7809,246,36,251,30 rival=6671,-4000,8678,216,18,221,64 projectiles=-
retail_frame=608 camera=-1776,-1221,2110,0,0,0 player=-1776,-1201,2113,246,36,251,30 wingmate=-8816,-3377,7873,246,36,251,30 rival=6671,-4000,8678,216,18,221,64 projectiles=-
retail_frame=612 camera=-1855,-1301,2174,0,0,0 player=-1855,-1282,2177,246,36,252,30 wingmate=-8895,-3458,7937,246,36,252,30 rival=6551,-4228,8942,216,18,228,70 projectiles=-
retail_frame=616 camera=-1934,-1382,2238,0,0,0 player=-1934,-1363,2241,246,36,253,30 wingmate=-8974,-3539,8001,246,36,253,30 rival=6491,-4000,9074,216,18,231,70 projectiles=-
retail_frame=620 camera=-2013,-1462,2302,0,0,0 player=-2013,-1444,2305,246,36,255,30 wingmate=-9053,-3620,8065,246,36,255,30 rival=6431,-4000,9206,216,18,234,70 projectiles=-
retail_frame=624 camera=-2092,-1543,2366,0,0,0 player=-2092,-1525,2369,246,36,0,30 wingmate=-9132,-3701,8129,246,36,0,30 rival=6371,-4000,9338,216,18,236,70 projectiles=-
retail_frame=628 camera=-2171,-1624,2430,0,0,0 player=-2171,-1606,2433,246,36,1,30 wingmate=-9211,-3782,8193,246,36,1,30 rival=6311,-4000,9470,216,18,238,70 projectiles=-
retail_frame=632 camera=-2250,-1704,2494,0,0,0 player=-2250,-1687,2497,246,36,2,30 wingmate=-9290,-3863,8257,246,36,2,30 rival=6251,-4000,9602,216,18,240,70 projectiles=-
retail_frame=636 camera=-2329,-1785,2558,0,0,0 player=-2329,-1768,2561,246,36,2,30 wingmate=-9369,-3944,8321,246,36,2,30 rival=6191,-4000,9734,216,18,242,70 projectiles=-
retail_frame=640 camera=-2408,-1866,2622,0,0,0 player=-2408,-1849,2625,246,36,3,30 wingmate=-9448,-4025,8385,246,36,3,30 rival=6131,-4000,9866,216,18,243,70 projectiles=-
retail_frame=644 camera=-2487,-1947,2686,0,0,0 player=-2487,-1930,2689,246,36,2,30 wingmate=-9527,-4106,8449,246,36,2,30 rival=6071,-4000,9998,216,18,244,70 projectiles=-
retail_frame=648 camera=-2566,-2028,2750,0,0,0 player=-2566,-2011,2753,246,36,2,30 wingmate=-9606,-4187,8513,246,36,2,30 rival=6011,-4000,10130,216,18,245,70 projectiles=-
retail_frame=652 camera=-2645,-2110,2814,0,0,0 player=-2645,-2092,2817,246,36,1,30 wingmate=-9685,-4268,8577,246,36,1,30 rival=5951,-4000,10262,216,18,246,70 projectiles=-
retail_frame=656 camera=-2814,-2247,2951,128,0,0 player=-2814,-2229,2951,246,36,255,30 wingmate=-2814,-2247,2951,238,36,255,30 rival=5891,-4000,10394,216,18,247,70 projectiles=-
retail_frame=660 camera=-2814,-2247,2951,128,0,0 player=-2910,-2263,3032,247,36,254,30 wingmate=-2910,-2283,3029,245,36,254,30 rival=5831,-4000,10526,216,18,248,70 projectiles=-
retail_frame=664 camera=-2910,-2283,3029,128,0,0 player=-3006,-2297,3110,248,36,254,30 wingmate=-9950,-4183,8792,245,36,254,30 rival=5771,-4000,10658,216,18,249,70 projectiles=-
retail_frame=668 camera=-3006,-2317,3108,128,0,0 player=-3102,-2331,3188,248,36,253,30 wingmate=-10046,-4089,8870,245,36,253,30 rival=5711,-4000,10790,216,18,250,70 projectiles=-
retail_frame=672 camera=-3198,-2387,3264,128,0,0 player=-3198,-2365,3266,248,36,253,30 wingmate=-3198,-2387,3264,245,36,253,30 rival=5651,-4000,10922,216,18,251,70 projectiles=-
retail_frame=676 camera=-3294,-2421,3342,128,0,0 player=-3294,-2399,3344,248,36,252,30 wingmate=-3294,-2421,3342,245,36,252,30 rival=5591,-4000,11054,216,18,252,70 projectiles=-
retail_frame=680 camera=-3390,-2456,3420,128,0,0 player=-3390,-2433,3422,248,36,242,30 wingmate=-10430,-4225,9182,248,36,242,30 rival=5531,-4000,11186,216,18,253,70 projectiles=-
retail_frame=684 camera=-3486,-2490,3498,128,0,0 player=-3486,-2467,3500,248,36,243,30 wingmate=-10526,-4259,9260,248,36,243,30 rival=5411,-4000,11450,216,18,255,70 projectiles=-
retail_frame=688 camera=-3582,-2524,3576,128,0,0 player=-3582,-2501,3578,248,36,244,30 wingmate=-10622,-4293,9338,248,36,244,30 rival=5351,-4000,11582,216,18,0,70 projectiles=-
retail_frame=692 camera=-3678,-2559,3654,128,0,0 player=-3678,-2535,3656,248,36,246,30 wingmate=-10718,-4327,9416,248,36,246,30 rival=5351,-4000,11582,216,18,0,70 projectiles=-
retail_frame=696 camera=-3774,-2593,3732,128,0,0 player=-3774,-2569,3734,248,36,247,30 wingmate=-10814,-4361,9494,248,36,247,30 rival=5215,-4000,11686,221,37,0,70 projectiles=-
retail_frame=700 camera=-3870,-2627,3810,128,0,0 player=-3870,-2603,3812,248,36,249,30 wingmate=-10910,-4395,9572,248,36,249,30 rival=5031,-4000,11742,225,51,0,70 projectiles=-
retail_frame=704 camera=-3966,-2661,3888,128,0,0 player=-3966,-2637,3890,248,36,250,30 wingmate=-11006,-4429,9650,248,36,250,30 rival=4607,-4156,11730,231,69,0,70 projectiles=-
retail_frame=708 camera=-4062,-2695,3966,128,0,0 player=-4062,-2671,3968,248,36,252,30 wingmate=-11102,-4463,9728,248,36,252,30 rival=4387,-4000,11670,234,75,0,70 projectiles=-
retail_frame=712 camera=-4158,-2728,4044,128,0,0 player=-4158,-2705,4046,248,36,254,30 wingmate=-11198,-4497,9806,248,36,254,30 rival=4163,-4000,11586,236,79,0,70 projectiles=-
retail_frame=716 camera=-4254,-2762,4122,128,0,0 player=-4254,-2739,4124,248,36,0,30 wingmate=-11294,-4531,9884,248,36,0,30 rival=3943,-4000,11486,238,82,0,70 projectiles=-
retail_frame=720 camera=-4350,-2796,4200,128,0,0 player=-4350,-2773,4202,248,36,2,30 wingmate=-11390,-4565,9962,248,36,2,30 rival=3727,-4000,11366,240,85,0,70 projectiles=-
retail_frame=724 camera=-4446,-2829,4278,128,0,0 player=-4446,-2807,4280,248,36,2,30 wingmate=-11486,-4599,10040,248,36,2,30 rival=3515,-4000,11234,242,87,0,70 projectiles=-
retail_frame=728 camera=-4545,-2844,4358,0,0,0 player=-4545,-2822,4360,248,36,3,30 wingmate=-11585,-4614,10120,248,36,3,30 rival=3303,-4000,11094,243,88,0,70 projectiles=-
retail_frame=732 camera=-4644,-2858,4438,0,0,0 player=-4644,-2837,4440,248,36,3,30 wingmate=-11684,-4629,10200,248,36,3,30 rival=3095,-4000,10950,244,89,0,70 projectiles=-
retail_frame=736 camera=-4743,-2872,4518,0,0,0 player=-4743,-2852,4520,248,36,4,30 wingmate=-11783,-4644,10280,248,36,4,30 rival=2887,-4000,10794,245,90,0,70 projectiles=-
retail_frame=740 camera=-4842,-2887,4598,0,0,0 player=-4842,-2867,4600,248,36,4,30 wingmate=-11882,-4659,10360,248,36,4,30 rival=2679,-4000,10630,249,91,0,70 projectiles=-
retail_frame=744 camera=-4941,-2901,4678,0,0,0 player=-4941,-2882,4680,248,36,4,30 wingmate=-11981,-4674,10440,248,36,4,30 rival=2467,-4000,10466,252,91,0,70 projectiles=-
retail_frame=748 camera=-5040,-2916,4758,0,0,0 player=-5040,-2897,4760,248,36,4,30 wingmate=-12080,-4689,10520,248,36,4,30 rival=2255,-4000,10302,254,91,0,70 projectiles=-
retail_frame=752 camera=-5139,-2931,4838,0,0,0 player=-5139,-2912,4840,248,36,3,30 wingmate=-12179,-4704,10600,248,36,3,30 rival=2039,-4000,10142,0,90,0,70 projectiles=-
retail_frame=756 camera=-5238,-2945,4918,0,0,0 player=-5238,-2927,4920,248,36,3,30 wingmate=-12278,-4719,10680,248,36,3,30 rival=1823,-3996,9982,1,90,0,70 projectiles=-
retail_frame=760 camera=-5337,-2960,4998,0,0,0 player=-5337,-2942,5000,248,36,2,30 wingmate=-12377,-4734,10760,248,36,2,30 rival=1603,-3984,9830,2,89,0,70 projectiles=-
retail_frame=764 camera=-5436,-2975,5078,0,0,0 player=-5436,-2957,5080,248,36,2,30 wingmate=-12476,-4749,10840,248,36,2,30 rival=1383,-3968,9678,3,89,0,70 projectiles=-
retail_frame=768 camera=-5539,-2990,5154,0,0,0 player=-5539,-2972,5156,248,38,4,30 wingmate=-13219,-4764,9764,248,42,4,30 rival=1159,-3944,9530,4,88,0,70 projectiles=-
retail_frame=772 camera=-5642,-3005,5230,0,0,0 player=-5642,-2987,5232,248,38,2,30 wingmate=-12938,-4779,10608,248,38,2,30 rival=931,-3912,9390,5,87,0,70 projectiles=04F8,607,-3868,9186,7,87,0,63
retail_frame=776 camera=-5745,-3021,5306,0,0,0 player=-5745,-3002,5308,248,38,0,30 wingmate=-13041,-4794,10684,248,38,0,30 rival=707,-3876,9250,6,87,0,70 projectiles=04F8,190,-3800,8929,7,87,0,63
retail_frame=780 camera=-5852,-3036,5377,0,0,0 player=-5852,-3017,5379,248,40,2,30 wingmate=-13916,-4809,9603,248,44,2,30 rival=479,-3840,9114,6,86,0,70 projectiles=04F8,-229,-3754,8738,6,87,0,63
retail_frame=784 camera=-5959,-3051,5448,0,0,0 player=-5959,-3032,5450,248,40,1,30 wingmate=-13511,-4824,10442,248,40,1,30 rival=479,-3840,9114,6,86,0,70 projectiles=04F8,-653,-3683,8423,6,86,0,63
retail_frame=788 camera=-5959,-3051,5448,0,0,0 player=-6066,-3030,5521,248,40,255,30 wingmate=-13511,-4824,10442,1,40,255,30 rival=247,-3804,8986,6,85,0,70 projectiles=04F8,-1194,-3612,8120,6,85,0,63
retail_frame=792 camera=-6066,-3050,5519,128,0,0 player=-6175,-3012,5586,249,42,2,30 wingmate=-13618,-4822,10513,6,42,2,30 rival=15,-3768,8858,6,85,0,70 projectiles=04F8,-1742,-3541,7828,6,84,0,63
retail_frame=796 camera=-6175,-3032,5584,128,0,0 player=-6175,-3012,5586,249,42,2,30 wingmate=-14495,-4548,9426,249,42,2,30 rival=-221,-3732,8734,6,84,0,70 projectiles=04F8,-2294,-3470,7546,6,83,0,63
retail_frame=800 camera=-6284,-3015,5650,128,0,0 player=-6284,-2994,5651,251,42,0,30 wingmate=-14092,-4018,10387,251,42,0,30 rival=-457,-3696,8610,6,84,0,70 projectiles=04F8,-2855,-3399,7281,6,82,0,63
retail_frame=804 camera=-6393,-2998,5715,128,0,0 player=-6393,-2976,5716,251,42,9,30 wingmate=-8105,-2976,6740,251,42,9,30 rival=-693,-3660,8490,6,83,0,70 projectiles=04F8,-3423,-3328,7029,6,81,0,63
retail_frame=808 camera=-6506,-2980,5773,128,0,0 player=-6506,-2958,5774,251,44,11,30 wingmate=-8282,-2958,6702,251,48,11,30 rival=-933,-3624,8378,6,82,0,70 projectiles=0672,-1494,-3553,8116,6,82,0,63;04F8,-3997,-3255,6797,6,80,0,63
retail_frame=812 camera=-6619,-2963,5831,128,0,0 player=-6619,-2940,5832,251,44,9,30 wingmate=-8395,-2940,6760,251,44,9,30 rival=-1173,-3588,8266,6,82,0,70 projectiles=0672,-1494,-3553,8116,6,82,0,63;04F8,-3997,-3255,6797,6,80,0,63
retail_frame=816 camera=-6732,-2945,5889,128,0,0 player=-6732,-2922,5890,251,44,8,30 wingmate=-6732,-2945,5889,6,44,8,30 rival=-1173,-3588,8266,6,82,0,70 projectiles=0672,-2058,-3482,7860,6,82,0,63;04F8,-4578,-3181,6581,6,79,0,63
retail_frame=820 camera=-6732,-2945,5889,128,0,0 player=-6732,-2922,5890,251,44,8,30 wingmate=-14796,-3946,10114,251,44,8,30 rival=-1417,-3552,8162,6,81,0,70 projectiles=0672,-2629,-3410,7614,6,81,0,63;04F8,-5169,-3099,6392,7,77,0,63
retail_frame=824 camera=-6847,-2927,5942,128,0,0 player=-6847,-2904,5943,251,46,10,30 wingmate=-8655,-2904,6791,251,50,10,30 rival=-1661,-3516,8062,6,80,0,70 projectiles=0672,-3203,-3336,7385,6,80,0,63;04F8,-5770,-3017,6233,7,75,0,63
retail_frame=828 camera=-6962,-2910,5995,128,0,0 player=-6962,-2886,5996,251,46,9,30 wingmate=-8770,-2886,6844,251,46,9,30 rival=-1909,-3480,7970,6,79,0,70 projectiles=0672,-3784,-3262,7169,6,79,0,63;04F8,-6142,-2978,6158,7,72,0,63
retail_frame=832 camera=-7077,-2892,6048,128,0,0 player=-7077,-2868,6049,251,46,7,30 wingmate=-8885,-2868,6897,251,46,7,30 rival=-2157,-3444,7878,6,79,0,70 projectiles=0672,-3784,-3262,7169,6,79,0,63;04F8,-6378,-2938,6118,7,72,0,63
retail_frame=836 camera=-7192,-2874,6101,128,0,0 player=-7192,-2850,6102,251,46,6,30 wingmate=-7192,-2874,6101,6,46,6,30 rival=-2157,-3444,7878,6,79,0,70 projectiles=0672,-4368,-3188,6970,6,78,0,63;04F8,-6618,-2906,6102,6,68,0,63
retail_frame=840 camera=-7192,-2874,6101,128,0,0 player=-7192,-2850,6102,251,49,252,30 wingmate=-15512,-3874,9942,6,49,252,105 rival=-2409,-3408,7794,6,78,0,70 projectiles=0672,-4959,-3106,6792,7,76,0,63;04F8,-6858,-2874,6086,5,67,0,63
retail_frame=844 camera=-7311,-2856,6145,128,0,0 player=-7311,-2832,6146,251,49,252,30 wingmate=-16271,-3856,8066,251,49,252,30 rival=-2661,-3372,7710,6,78,0,70 projectiles=0672,-5557,-3032,6630,6,75,0,63;04F8,-7102,-2846,6074,5,67,0,63
retail_frame=848 camera=-7430,-2838,6189,128,0,0 player=-7430,-2814,6190,251,49,253,30 wingmate=-123,14,-8,251,49,253,30 rival=-2913,-3336,7630,6,77,0,70 projectiles=04B9,-3504,-3265,7441,6,77,0,63;0672,-6158,-2950,6491,7,74,0,63;04F8,-7346,-2818,6062,5,67,0,63
retail_frame=852 camera=-7549,-2819,6233,128,0,0 player=-7549,-2796,6234,251,49,254,30 wingmate=-9421,-2796,6938,251,49,254,30 rival=-3169,-3300,7558,6,76,0,70 projectiles=04B9,-4098,-3192,7266,6,76,0,63;0672,-6533,-2911,6421,7,74,0,63;04F8,-7346,-2818,6062,5,67,0,63
retail_frame=856 camera=-7668,-2801,6277,128,0,0 player=-7668,-2778,6278,251,49,254,30 wingmate=-16244,-3802,9478,251,49,254,30 rival=-3169,-3300,7558,6,76,0,70 projectiles=04B9,-4098,-3192,7266,6,76,0,63;0672,-6769,-2871,6381,7,72,0,63;04F8,-7590,-2790,6050,5,67,0,63
retail_frame=860 camera=-7668,-2801,6277,128,0,0 player=-7668,-2778,6278,251,49,254,30 wingmate=-16244,-3802,9478,251,49,254,30 rival=-3425,-3264,7486,6,76,0,70 projectiles=04B9,-4697,-3118,7104,6,75,0,63;0672,-7009,-2839,6357,6,69,0,63;04F8,-7834,-2762,6038,5,67,0,63
retail_frame=864 camera=-7790,-2783,6315,128,0,0 player=-7790,-2760,6316,251,51,3,30 wingmate=-122,17,-14,251,55,3,30 rival=-3681,-3228,7418,6,75,0,70 projectiles=04B9,-5298,-3036,6948,7,75,0,63;0672,-7249,-2807,6333,6,69,0,63;04F8,-8078,-2734,6026,5,67,0,63
retail_frame=868 camera=-7912,-2764,6353,128,0,0 player=-7912,-2742,6354,251,51,3,30 wingmate=-123,14,-8,251,51,3,30 rival=-3941,-3192,7358,6,74,0,70 projectiles=04B9,-5902,-2965,6810,6,74,0,63;0672,-7489,-2775,6309,5,67,0,63;04F8,-8322,-2706,6014,5,67,0,63
retail_frame=872 camera=-8034,-2746,6391,160,0,0 player=-8034,-2724,6392,251,51,4,30 wingmate=-123,14,-8,251,51,4,30 rival=-4201,-3156,7298,6,74,0,70 projectiles=04B9,-6512,-2884,6695,7,72,0,63;0672,-7733,-2747,6297,5,67,0,63;04F8,-8322,-2706,6014,5,67,0,63
retail_frame=876 camera=-8145,-2729,6419,64,0,0 player=-8145,-2708,6420,251,53,8,30 wingmate=-17233,-3732,7828,251,57,8,30 rival=-4201,-3156,7298,6,74,0,70 projectiles=04B9,-6512,-2884,6695,7,72,0,63;0672,-7733,-2747,6297,5,67,0,63;04F8,-8566,-2678,6002,5,67,0,63
retail_frame=880 camera=-8145,-2729,6419,64,0,0 player=-8145,-2708,6420,251,53,8,30 wingmate=-8417,-2730,6495,251,181,8,30 rival=-4461,-3112,7246,7,73,0,70 projectiles=04B9,-7123,-2813,6595,6,71,0,63;0672,-7977,-2719,6285,4,60,0,63;04F8,-8810,-2650,5990,5,67,0,63
retail_frame=884 camera=-8247,-2713,6444,224,0,0 player=-8247,-2693,6445,251,53,7,30 wingmate=-123,11,11,251,53,7,30 rival=-4721,-2476,7194,6,73,246,70 projectiles=04B9,-7737,-2734,6516,7,70,0,63;0672,-8221,-2699,6301,4,60,0,63;04F8,-9054,-2622,5978,5,67,0,63
retail_frame=888 camera=-8337,-2690,6467,128,0,0 player=-8337,-2670,6468,251,53,6,30 wingmate=-10273,-2670,6980,251,53,6,30 rival=-5093,-2480,7114,6,73,10,100 projectiles=04B9,-7737,-2734,6516,7,70,0,63;0672,-8221,-2699,6301,4,60,0,63;04F8,-9054,-2622,5978,5,67,0,63
retail_frame=892 camera=-8337,-2690,6467,128,0,0 player=-8337,-2670,6468,251,53,4,30 wingmate=-17169,-3694,8772,13,53,4,30 rival=-5093,-2480,7114,6,73,10,100 projectiles=04B9,-7977,-2694,6500,6,68,0,63;0672,-8465,-2679,6317,4,60,0,63;04F8,-9298,-2594,5966,5,67,0,63
retail_frame=896 camera=-8419,-2661,6488,160,0,0 player=-8419,-2642,6489,251,53,4,30 wingmate=-122,17,-11,251,53,4,30 rival=-5465,-2448,7054,10,71,242,100 projectiles=04B9,-8217,-2662,6484,6,68,0,63;0672,-8709,-2659,6333,4,60,0,63;04F8,-9542,-2566,5954,5,67,0,63
retail_frame=900 camera=-8492,-2628,6506,192,0,0 player=-8492,-2609,6507,252,53,3,30 wingmate=-122,17,-11,252,53,3,30 rival=-5829,-2388,7014,13,69,255,100 projectiles=04B9,-8457,-2630,6468,6,68,0,63;0672,-8953,-2639,6349,4,60,0,63;04F8,-9786,-2538,5942,5,67,0,63
retail_frame=904 camera=-8556,-2593,6523,96,0,0 player=-8556,-2574,6523,254,53,2,30 wingmate=-122,17,-11,254,53,2,30 rival=-6185,-2300,6990,16,67,237,100 projectiles=04B9,-8697,-2598,6452,6,68,0,63;0672,-9197,-2619,6365,4,60,0,63;04F8,-10030,-2510,5930,5,67,0,63
retail_frame=908 camera=-8612,-2556,6537,128,0,0 player=-8612,-2538,6537,1,53,2,30 wingmate=-17444,-2410,8841,1,53,2,30 rival=-6185,-2300,6990,16,67,237,100 projectiles=04B9,-8697,-2598,6452,6,68,0,63;0672,-9197,-2619,6365,4,60,0,63;04F8,-10030,-2510,5930,5,67,0,63
retail_frame=912 camera=-8612,-2556,6537,128,0,0 player=-8612,-2538,6537,1,53,2,30 wingmate=-17444,-2410,8841,1,53,2,30 rival=-6529,-2184,6986,19,65,247,100 projectiles=04B9,-8937,-2566,6436,6,68,0,63;0672,-9441,-2599,6381,4,60,0,63;04F8,-10274,-2482,5918,5,67,0,63
retail_frame=916 camera=-8664,-2520,6549,128,0,0 player=-8663,-2502,6549,3,53,1,30 wingmate=-10599,-2502,7061,3,53,1,30 rival=-6865,-2052,6990,21,63,234,100 projectiles=04B9,-9177,-2534,6420,6,68,0,63;0672,-9685,-2579,6397,4,60,0,63;04F8,-10518,-2454,5906,5,67,0,63
retail_frame=920 camera=-8711,-2484,6561,128,0,0 player=-8710,-2466,6560,6,53,0,30 wingmate=-10646,-2466,7072,6,53,0,30 rival=-7189,-1904,7010,23,61,240,100 projectiles=04B9,-9417,-2502,6404,6,68,0,63;0672,-9929,-2559,6413,4,60,0,63;04F8,-10762,-2426,5894,5,67,0,63
retail_frame=924 camera=-8754,-2448,6572,128,0,0 player=-8752,-2430,6570,8,53,255,30 wingmate=-17456,-638,8874,8,53,255,30 rival=-7189,-1904,7010,23,61,240,100 projectiles=04B9,-9417,-2502,6404,6,68,0,63;0672,-9929,-2559,6413,4,60,0,63;04F8,-10762,-2426,5894,5,67,0,63
retail_frame=928 camera=-8754,-2448,6572,128,0,0 player=-8752,-2430,6570,8,53,255,30 wingmate=-9026,-2452,6638,8,53,255,30 rival=-7501,-1736,7042,25,59,231,100 projectiles=04B9,-9657,-2470,6388,6,68,0,63;0672,-10173,-2539,6429,4,60,0,63;04F8,-11006,-2398,5882,5,67,0,63
retail_frame=932 camera=-8793,-2411,6585,128,0,0 player=-8790,-2394,6582,11,50,251,30 wingmate=-10678,-2394,7238,11,46,251,30 rival=-7809,-1564,7090,26,57,234,100 projectiles=04B9,-9897,-2438,6372,6,68,0,63;0672,-10417,-2519,6445,4,60,0,63;04F8,-11250,-2370,5870,5,67,0,63
retail_frame=936 camera=-8825,-2377,6598,128,0,0 player=-8822,-2359,6595,13,47,248,29 wingmate=-16502,457,10819,13,43,248,29 rival=-7809,-1564,7090,26,57,234,100 projectiles=04B9,-9897,-2438,6372,6,68,0,63;0672,-10417,-2519,6445,4,60,0,63;04F8,-11250,-2370,5870,5,67,0,63
retail_frame=940 camera=-8825,-2377,6598,128,0,0 player=-8822,-2359,6595,13,47,248,29 wingmate=-10662,-2359,7395,13,43,248,29 rival=-8109,-1384,7154,27,55,230,100 projectiles=04B9,-10137,-2406,6356,6,68,0,63;0672,-10661,-2499,6461,4,60,0,63
retail_frame=944 camera=-8853,-2343,6614,128,0,0 player=-8850,-2325,6610,16,43,244,29 wingmate=-10594,-2325,7586,16,39,244,29 rival=-8397,-1136,7230,28,53,229,100 projectiles=04B9,-10377,-2374,6340,6,68,0,63;0672,-10905,-2479,6477,4,60,0,63
retail_frame=948 camera=-8878,-2310,6631,128,0,0 player=-8874,-2293,6626,18,40,242,28 wingmate=-10538,-2293,7730,18,36,242,28 rival=-8397,-1136,7230,28,53,229,100 projectiles=04B9,-10377,-2374,6340,6,68,0,63;0672,-10905,-2479,6477,4,60,0,63
retail_frame=952 camera=-8878,-2310,6631,128,0,0 player=-8874,-2293,6626,18,40,242,28 wingmate=-15274,1675,11874,18,40,242,28 rival=-8673,-880,7318,29,51,228,100 projectiles=04B9,-10617,-2342,6324,6,68,0,63;0672,-11149,-2459,6493,4,60,0,63
retail_frame=956 camera=-8899,-2279,6649,128,0,0 player=-8895,-2261,6643,21,36,239,28 wingmate=-10447,-2261,7907,21,32,239,28 rival=-8941,-616,7418,30,49,227,100 projectiles=04B9,-10857,-2310,6308,6,68,0,63;0672,-11393,-2439,6509,4,60,0,63
retail_frame=960 camera=-8916,-2249,6667,128,0,0 player=-8912,-2231,6660,23,32,237,27 wingmate=-10320,-2231,8068,23,28,237,27 rival=-9193,-348,7526,31,47,226,100 projectiles=04B9,-11097,-2278,6292,6,68,0,63;0672,-11637,-2419,6525,4,60,0,63
retail_frame=964 camera=-8931,-2219,6686,128,0,0 player=-8927,-2201,6678,26,28,236,27 wingmate=-13023,3303,12822,26,24,236,27 rival=-9437,-72,7646,32,45,225,100 projectiles=04B9,-11097,-2278,6292,6,68,0,63;0672,-11637,-2419,6525,4,60,0,63
retail_frame=968 camera=-8931,-2219,6686,128,0,0 player=-8938,-2173,6697,28,23,235,26 wingmate=-13023,3303,12822,35,23,235,26 rival=-9437,-72,7646,32,45,225,100 projectiles=04B9,-11337,-2246,6276,6,68,0,63;0672,-11881,-2399,6541,4,60,0,63
retail_frame=972 camera=-8942,-2192,6706,128,0,0 player=-8938,-2173,6697,28,23,235,26 wingmate=-12138,3715,13097,28,23,235,26 rival=-9665,212,7774,33,43,224,100 projectiles=04B9,-11577,-2214,6260,6,68,0,63;0672,-12125,-2379,6557,4,60,0,63
retail_frame=976 camera=-8950,-2163,6726,128,0,0 player=-8947,-2145,6716,31,19,235,26 wingmate=-11251,4255,12860,31,15,235,26 rival=-9885,504,7910,34,41,223,100 projectiles=04B9,-11817,-2182,6244,6,68,0,63
retail_frame=980 camera=-8956,-2137,6747,128,0,0 player=-8953,-2118,6736,33,15,234,25 wingmate=-10489,4666,12752,33,11,234,25 rival=-10157,732,8062,25,43,232,100 projectiles=04B9,-12057,-2150,6228,6,68,0,63
retail_frame=984 camera=-8960,-2110,6767,80,0,0 player=-8957,-2092,6755,36,10,234,25 wingmate=-9725,5204,12387,36,6,234,25 rival=-10473,888,8218,17,45,240,100 projectiles=04B9,-12297,-2118,6212,6,68,0,63
retail_frame=988 camera=-8960,-2085,6785,80,0,0 player=-8958,-2067,6773,36,6,233,24 wingmate=-9214,5229,12533,36,2,233,24 rival=-10473,888,8218,17,45,240,100 projectiles=04B9,-12297,-2118,6212,6,68,0,63
retail_frame=992 camera=-8960,-2085,6785,80,0,0 player=-8958,-2067,6773,36,6,233,24 wingmate=-9214,5229,12533,36,6,233,24 rival=-10817,980,8366,10,47,247,100 projectiles=-
retail_frame=996 camera=-8959,-2062,6803,80,0,0 player=-8958,-2043,6791,36,1,233,24 wingmate=-8574,5253,12551,36,1,233,24 rival=-11177,1016,8502,4,49,253,100 projectiles=-
retail_frame=1000 camera=-8959,-2040,6819,80,0,0 player=-8958,-2021,6807,36,253,233,23 wingmate=-8062,5275,12439,36,253,233,23 rival=-11517,1048,8630,4,49,254,95 projectiles=-
retail_frame=1004 camera=-8956,-2019,6835,80,0,0 player=-8956,-2000,6823,36,247,226,23 wingmate=-11177,1016,8502,36,166,226,23 rival=-11837,1080,8750,4,49,255,90 projectiles=-
retail_frame=1008 camera=-8953,-1999,6849,80,0,0 player=-8953,-1980,6837,36,243,227,22 wingmate=-6649,5316,12085,36,239,227,22 rival=-12141,1108,8862,4,49,0,85 projectiles=-
retail_frame=1012 camera=-8946,-1984,6865,208,0,0 player=-8947,-1965,6853,36,239,227,22 wingmate=-12141,1108,8862,36,235,227,22 rival=-12437,747,8990,4,47,246,84 projectiles=-
retail_frame=1016 camera=-8938,-1973,6881,208,0,0 player=-8939,-1955,6869,36,234,228,21 wingmate=-5611,5341,11477,36,234,228,21 rival=-12721,433,9130,4,45,10,83 projectiles=-
retail_frame=1020 camera=-8926,-1968,6896,80,0,0 player=-8928,-1950,6884,35,230,228,21 wingmate=-4960,5218,11364,35,230,228,21 rival=-12993,159,9282,4,43,248,82 projectiles=-
retail_frame=1024 camera=-8905,-1966,6917,80,0,0 player=-8907,-1947,6906,32,225,229,22 wingmate=-3915,4709,11130,32,225,229,22 rival=-13253,-80,9446,4,41,8,81 projectiles=-
retail_frame=1028 camera=-8872,-1965,6943,80,0,0 player=-8874,-1947,6934,30,221,229,23 wingmate=-3242,4325,10902,30,221,229,23 rival=-13505,-288,9622,4,39,250,80 projectiles=-
retail_frame=1032 camera=-8826,-1973,6973,80,0,0 player=-8829,-1954,6964,27,216,229,24 wingmate=-2429,3806,10292,27,216,229,24 rival=-13745,-470,9810,4,37,6,79 projectiles=-
retail_frame=1036 camera=-8772,-1988,7003,80,0,0 player=-8775,-1969,6995,22,214,232,26 wingmate=-1991,3407,10195,242,214,232,26 rival=-13973,-631,10002,4,35,252,78 projectiles=-
retail_frame=1040 camera=-8714,-2011,7037,80,0,0 player=-8717,-1993,7030,20,214,245,27 wingmate=-1933,2871,10998,22,214,232,56 rival=-14185,-773,10206,4,33,4,77 projectiles=-
retail_frame=1044 camera=-8653,-2043,7072,80,0,0 player=-8656,-2025,7066,20,214,245,27 wingmate=-1744,2327,11290,20,214,245,27 rival=-14385,-901,10418,4,31,254,76 projectiles=-
retail_frame=1048 camera=-8589,-2083,7110,80,0,0 player=-8591,-2065,7105,17,214,245,28 wingmate=-1423,1647,11457,17,214,245,28 rival=-14573,-1017,10638,4,29,2,75 projectiles=-
retail_frame=1052 camera=-8523,-2133,7148,80,0,0 player=-8525,-2115,7144,15,214,246,29 wingmate=-1101,1213,11624,15,214,246,29 rival=-14757,-1127,10854,4,29,248,74 projectiles=-
retail_frame=1056 camera=-8457,-2190,7188,80,0,0 player=-8458,-2172,7184,12,214,246,30 wingmate=-906,516,11664,12,214,246,30 rival=-14937,-1229,11066,4,29,12,73 projectiles=-
retail_frame=1060 camera=-8323,-2321,7266,80,0,0 player=-8324,-2303,7264,7,214,245,30 wingmate=-8323,-2321,7266,227,214,245,30 rival=-15117,-1325,11278,4,29,250,72 projectiles=-
retail_frame=1064 camera=-8255,-2391,7306,80,0,0 player=-8255,-2373,7305,5,214,244,30 wingmate=-447,-1349,12041,5,214,244,30 rival=-15465,-1506,11690,4,29,252,70 projectiles=-
retail_frame=1068 camera=-8185,-2463,7348,80,0,0 player=-8185,-2445,7347,5,214,244,30 wingmate=-377,-1421,12083,5,214,244,30 rival=-15637,-1593,11890,4,29,8,69 projectiles=-
retail_frame=1072 camera=-8113,-2537,7391,80,0,0 player=-8113,-2519,7390,5,214,243,30 wingmate=-305,-1495,12126,5,214,243,30 rival=-15805,-1678,12090,4,29,254,68 projectiles=-
retail_frame=1076 camera=-8040,-2613,7435,80,0,0 player=-8040,-2594,7434,5,214,243,30 wingmate=-232,-1570,12170,5,214,243,30 rival=-15969,-1762,12286,4,29,6,67 projectiles=-
retail_frame=1080 camera=-7966,-2689,7479,80,0,0 player=-7966,-2670,7478,5,214,243,30 wingmate=-158,-1646,12214,5,214,243,30 rival=-16133,-1845,12478,4,29,0,66 projectiles=-
retail_frame=1084 camera=-7891,-2766,7524,80,0,0 player=-7891,-2747,7523,5,214,244,30 wingmate=-83,-1723,12259,5,214,244,30 rival=-16293,-1927,12666,4,29,4,65 projectiles=-
retail_frame=1088 camera=-7740,-2922,7615,80,0,0 player=-7740,-2902,7614,5,214,246,30 wingmate=68,-1878,12350,5,214,246,30 rival=-16453,-2008,12854,4,29,250,64 projectiles=-
retail_frame=1092 camera=-7663,-3002,7661,80,0,0 player=-7663,-2981,7660,5,214,248,30 wingmate=145,-1957,12396,5,214,248,30 rival=-16761,-2175,13218,4,29,252,62 projectiles=-
retail_frame=1096 camera=-7585,-3082,7708,80,0,0 player=-7585,-3060,7707,5,214,249,30 wingmate=223,-2036,12443,5,214,249,30 rival=-16913,-2258,13394,4,29,12,61 projectiles=-
retail_frame=1100 camera=-7507,-3162,7755,80,0,0 player=-7507,-3140,7754,5,214,251,30 wingmate=301,-2116,12490,5,214,251,30 rival=-17061,-2340,13570,4,29,254,60 projectiles=-
retail_frame=1104 camera=-7429,-3244,7802,80,0,0 player=-7429,-3221,7801,5,214,252,30 wingmate=379,-2197,12537,5,214,252,30 rival=-17205,-2422,13742,4,29,10,59 projectiles=-
retail_frame=1108 camera=-7350,-3325,7849,80,0,0 player=-7350,-3302,7848,5,214,254,30 wingmate=458,-2278,12584,5,214,254,30 rival=-17349,-2504,13910,4,29,0,58 projectiles=-
retail_frame=1112 camera=-7270,-3407,7897,80,0,0 player=-7270,-3384,7896,5,214,0,30 wingmate=538,-2360,12632,5,214,0,30 rival=-17489,-2586,14074,4,29,8,57 projectiles=-
retail_frame=1116 camera=-7189,-3491,7945,80,0,0 player=-7189,-3467,7944,5,214,1,30 wingmate=619,-2443,12680,5,214,1,30 rival=-17625,-2668,14238,4,29,2,56 projectiles=-
retail_frame=1120 camera=-7108,-3574,7994,80,0,0 player=-7108,-3550,7993,5,214,2,30 wingmate=700,-2526,12729,5,214,2,30 rival=-17761,-2750,14398,4,29,6,55 projectiles=-
retail_frame=1124 camera=-6933,-3574,8097,80,0,0 player=-6933,-3550,8096,5,214,12,30 wingmate=-6933,-3574,8097,231,214,12,30 rival=-17893,-2832,14554,4,29,252,54 projectiles=-
retail_frame=1128 camera=-6842,-3574,8151,80,0,0 player=-6842,-3550,8150,5,214,11,30 wingmate=966,-2526,12886,5,214,11,30 rival=-18149,-2891,14858,4,29,16,52 projectiles=-
retail_frame=1132 camera=-6747,-3573,8207,80,0,0 player=-6747,-3550,8206,5,214,11,30 wingmate=1061,-2526,12942,5,214,11,30 rival=-18273,-3031,15006,4,29,14,51 projectiles=-
retail_frame=1136 camera=-6651,-3573,8264,80,0,0 player=-6651,-3550,8263,5,214,10,30 wingmate=1157,-2526,12999,5,214,10,30 rival=-18397,-3081,15150,4,29,0,50 projectiles=-
retail_frame=1140 camera=-6553,-3573,8323,80,0,0 player=-6553,-3550,8322,5,214,9,30 wingmate=1255,-2526,13058,5,214,9,30 rival=-18517,-3125,15290,4,29,12,49 projectiles=-
retail_frame=1144 camera=-6455,-3572,8382,208,0,0 player=-6455,-3550,8381,5,214,8,30 wingmate=1353,-2526,13117,5,214,8,30 rival=-18633,-3164,15430,4,29,2,48 projectiles=-
retail_frame=1148 camera=-6357,-3572,8441,208,0,0 player=-6357,-3550,8440,5,214,6,30 wingmate=1451,-2526,13176,5,214,6,30 rival=-18749,-3198,15566,4,29,10,47 projectiles=-
retail_frame=1152 camera=-6259,-3571,8499,80,0,0 player=-6160,-3550,8558,1,214,3,30 wingmate=-6160,-3570,8558,237,214,3,30 rival=-18861,-3228,15698,4,29,4,46 projectiles=-
retail_frame=1156 camera=-6060,-3570,8618,80,0,0 player=-6060,-3550,8618,1,214,2,30 wingmate=1748,-3422,13354,1,214,2,30 rival=-19077,-3238,15954,4,29,8,44 projectiles=-
retail_frame=1160 camera=-5958,-3569,8679,80,0,0 player=-5958,-3550,8679,1,214,247,30 wingmate=1850,-3422,13415,1,214,247,30 rival=-19181,-3297,16078,4,29,18,43 projectiles=-
retail_frame=1164 camera=-5854,-3569,8740,80,0,0 player=-5854,-3550,8740,1,214,247,30 wingmate=1954,-3422,13476,1,214,247,30 rival=-19281,-3318,16198,4,29,0,42 projectiles=-
retail_frame=1168 camera=-5750,-3569,8801,80,0,0 player=-5750,-3550,8801,1,214,247,30 wingmate=2058,-3422,13537,1,214,247,30 rival=-19381,-3336,16314,4,29,16,41 projectiles=-
retail_frame=1172 camera=-5646,-3568,8863,80,0,0 player=-5646,-3550,8863,1,214,247,30 wingmate=2162,-3422,13599,1,214,247,30 rival=-19477,-3352,16430,4,29,2,40 projectiles=-
retail_frame=1176 camera=-5541,-3568,8926,80,0,0 player=-5541,-3550,8926,1,214,248,30 wingmate=2267,-3422,13662,1,214,248,30 rival=-19569,-3366,16542,4,29,14,39 projectiles=-
retail_frame=1180 camera=-5435,-3568,8990,80,0,0 player=-5435,-3550,8990,1,214,248,30 wingmate=2373,-3422,13726,1,214,248,30 rival=-19661,-3378,16650,4,29,4,38 projectiles=-
retail_frame=1184 camera=-5329,-3568,9054,80,0,0 player=-5329,-3550,9054,1,214,249,30 wingmate=2479,-3422,13790,1,214,249,30 rival=-19749,-3389,16754,4,29,12,37 projectiles=-
retail_frame=1188 camera=-5115,-3569,9182,80,0,0 player=-5115,-3550,9182,1,214,250,30 wingmate=-5115,-3569,9182,246,214,250,30 rival=-19837,-3398,16858,4,29,6,36 projectiles=-
retail_frame=1192 camera=-5007,-3569,9246,80,0,0 player=-5007,-3550,9246,1,214,251,30 wingmate=2801,-3422,13982,1,214,251,30 rival=-20001,-3413,17054,4,29,0,34 projectiles=-
retail_frame=1196 camera=-4899,-3569,9310,80,0,0 player=-4899,-3550,9310,1,214,252,30 wingmate=2909,-3422,14046,1,214,252,30 rival=-20081,-3419,17146,4,29,20,33 projectiles=-
retail_frame=1200 camera=-4790,-3570,9375,80,0,0 player=-4790,-3550,9375,1,214,253,30 wingmate=3018,-3422,14111,1,214,253,30 rival=-20157,-3424,17238,4,29,2,32 projectiles=-
retail_frame=1204 camera=-4681,-3570,9440,80,0,0 player=-4681,-3550,9440,1,214,253,30 wingmate=3127,-3422,14176,1,214,253,30 rival=-20229,-3432,17326,4,29,18,31 projectiles=-
retail_frame=1208 camera=-4463,-3572,9570,80,0,0 player=-4463,-3550,9570,1,214,254,30 wingmate=-4463,-3572,9570,249,214,254,30 rival=-20301,-3439,17410,4,29,4,30 projectiles=-
retail_frame=1212 camera=-4463,-3572,9570,80,0,0 player=-4354,-3550,9635,1,214,255,30 wingmate=3345,-3422,14306,249,214,255,30 rival=-20369,-3431,17490,4,29,4,29 projectiles=-
retail_frame=1216 camera=-4354,-3572,9635,80,0,0 player=-4354,-3550,9635,1,214,255,30 wingmate=-20301,-3439,17410,1,214,255,30 rival=-20433,-3438,17570,4,29,16,28 projectiles=-
retail_frame=1220 camera=-4245,-3573,9700,80,0,0 player=-4245,-3550,9700,1,214,0,30 wingmate=3563,-3422,14436,1,214,0,30 rival=-20497,-3445,17646,4,29,6,27 projectiles=-
retail_frame=1224 camera=-4136,-3573,9765,80,0,0 player=-4136,-3550,9765,1,214,1,30 wingmate=3672,-3422,14501,1,214,1,30 rival=-20497,-3458,17646,4,29,14,27 projectiles=-
retail_frame=1228 camera=-4034,-3573,9818,80,0,0 player=-4034,-3550,9818,1,212,255,29 wingmate=4414,-3422,13274,1,208,255,29 rival=- projectiles=-
retail_frame=1232 camera=-3941,-3584,9866,80,0,0 player=-3941,-3562,9866,251,212,0,30 wingmate=4123,-4586,14090,251,212,0,30 rival=- projectiles=-
retail_frame=1236 camera=-3776,-3595,9949,80,0,0 player=-3776,-3577,9949,252,212,3,30 wingmate=4288,-4473,14173,252,212,3,30 rival=- projectiles=-
retail_frame=1240 camera=-3703,-3599,9985,80,0,0 player=-3703,-3582,9985,253,212,4,30 wingmate=4361,-4222,14209,253,212,4,30 rival=- projectiles=-
retail_frame=1244 camera=-3637,-3603,10018,80,0,0 player=-3576,-3592,10048,253,212,4,30 wingmate=4427,-4227,14242,253,212,4,30 rival=- projectiles=-
retail_frame=1248 camera=-3519,-3607,10076,80,0,0 player=-3519,-3594,10076,254,212,4,30 wingmate=4545,-3978,14300,254,212,4,30 rival=- projectiles=-
retail_frame=1252 camera=-3466,-3608,10102,80,0,0 player=-3466,-3596,10102,254,212,3,30 wingmate=4598,-3980,14326,254,212,3,30 rival=- projectiles=-
retail_frame=1256 camera=-3416,-3608,10126,80,0,0 player=-3369,-3600,10149,254,212,2,30 wingmate=-3369,-3609,10149,254,212,2,30 rival=- projectiles=-
retail_frame=1260 camera=-3324,-3609,10171,80,0,0 player=-3324,-3602,10171,254,212,2,30 wingmate=4740,-3986,14395,254,212,2,30 rival=- projectiles=-
retail_frame=1264 camera=-3282,-3608,10191,80,0,0 player=-3282,-3603,10191,254,212,1,30 wingmate=4782,-3987,14415,254,212,1,30 rival=- projectiles=-
retail_frame=1268 camera=-3242,-3607,10210,80,0,0 player=-3204,-3603,10228,255,212,255,30 wingmate=-3204,-3605,10228,255,212,255,30 rival=- projectiles=-
retail_frame=1272 camera=-3167,-3604,10245,80,0,0 player=-3167,-3603,10245,255,212,254,30 wingmate=4897,-3731,14469,255,212,254,30 rival=- projectiles=-
retail_frame=1276 camera=-3131,-3603,10262,80,0,0 player=-3131,-3603,10262,255,212,254,30 wingmate=4933,-3731,14486,255,212,254,30 rival=- projectiles=-
retail_frame=1280 camera=-3128,-3602,10264,80,0,0 player=-3062,-3603,10294,255,212,253,30 wingmate=-3069,-3601,10281,255,212,253,30 rival=- projectiles=-
retail_frame=1284 camera=-3072,-3602,10272,121,0,0 player=-3029,-3603,10310,255,212,252,30 wingmate=5035,-3731,14534,255,212,0,30 rival=- projectiles=-
retail_frame=1288 camera=-3045,-3602,10275,137,0,0 player=-2997,-3603,10325,255,212,252,30 wingmate=5067,-3731,14549,255,212,0,30 rival=- projectiles=-
retail_frame=1292 camera=-3020,-3602,10278,151,0,0 player=-2935,-3603,10354,255,212,252,30 wingmate=-2969,-3604,10290,255,212,252,30 rival=- projectiles=-
retail_frame=1296 camera=-2971,-3604,10283,175,0,0 player=-2905,-3603,10368,255,212,253,30 wingmate=5159,-3731,14592,255,212,0,30 rival=- projectiles=-
retail_frame=1300 camera=-2967,-3604,10285,185,0,0 player=-2876,-3603,10381,255,212,253,30 wingmate=5188,-3731,14605,255,212,0,30 rival=- projectiles=-
retail_frame=1304 camera=-2964,-3603,10283,228,120,0 player=-2821,-3603,10406,255,212,254,30 wingmate=-2875,-3606,10303,255,212,254,30 rival=- projectiles=-
retail_frame=1308 camera=-2905,-3601,10306,87,226,0 player=-2795,-3603,10418,255,212,255,30 wingmate=5269,-3731,14642,255,212,0,30 rival=- projectiles=-
retail_frame=1312 camera=-2878,-3600,10318,191,33,0 player=-2770,-3603,10430,255,212,0,30 wingmate=5294,-3731,14654,255,212,0,30 rival=- projectiles=-
retail_frame=1316 camera=-2852,-3599,10329,243,64,0 player=-2720,-3603,10454,255,212,2,30 wingmate=-2774,-3609,10351,255,212,2,30 rival=- projectiles=-
retail_frame=1320 camera=-2800,-3597,10351,26,88,0 player=-2695,-3603,10466,255,212,2,30 wingmate=5369,-3731,14690,255,212,0,30 rival=- projectiles=-
retail_frame=1324 camera=-2774,-3596,10362,33,92,0 player=-2670,-3603,10478,255,212,3,30 wingmate=5394,-3731,14702,255,212,0,30 rival=- projectiles=-
retail_frame=1328 camera=-2748,-3595,10374,36,94,0 player=-2620,-3603,10502,255,212,4,30 wingmate=-2674,-3610,10399,255,212,4,30 rival=- projectiles=-
retail_frame=1332 camera=-2696,-3593,10398,39,96,0 player=-2595,-3603,10514,255,212,4,30 wingmate=5469,-3731,14738,255,212,0,30 rival=- projectiles=-
retail_frame=1336 camera=-2670,-3592,10409,40,96,0 player=-2570,-3603,10526,255,212,4,30 wingmate=5494,-3731,14750,255,212,0,30 rival=- projectiles=-
retail_frame=1340 camera=-2644,-3591,10421,40,96,0 player=-2520,-3603,10550,255,212,3,30 wingmate=5519,-3731,14762,255,212,3,30 rival=- projectiles=-
retail_frame=1344 camera=-2592,-3589,10445,40,96,0 player=-2495,-3603,10562,255,212,3,30 wingmate=5569,-3731,14786,255,212,0,30 rival=- projectiles=-
retail_frame=1348 camera=-2564,-3588,10457,48,32,0 player=-2470,-3603,10574,255,212,2,30 wingmate=5594,-3731,14798,255,212,0,30 rival=- projectiles=-
retail_frame=1352 camera=-2535,-3587,10468,52,136,0 player=-2420,-3603,10598,255,212,1,30 wingmate=5619,-3731,14810,255,212,1,30 rival=- projectiles=-
retail_frame=1356 camera=-2478,-3585,10489,63,6,0 player=-2395,-3603,10610,255,212,0,30 wingmate=5669,-3731,14834,255,212,0,30 rival=- projectiles=-
retail_frame=1360 camera=-2449,-3584,10500,67,51,0 player=-2370,-3603,10622,255,212,255,30 wingmate=5694,-3731,14846,255,212,0,30 rival=- projectiles=-
retail_frame=1364 camera=-2420,-3583,10511,69,90,0 player=-2320,-3603,10646,255,212,254,30 wingmate=5719,-3731,14858,255,212,254,30 rival=- projectiles=-
retail_frame=1368 camera=-2362,-3583,10533,83,127,0 player=-2295,-3603,10658,255,212,253,30 wingmate=5769,-3731,14882,255,212,0,30 rival=- projectiles=-
retail_frame=1372 camera=-2333,-3583,10543,89,144,0 player=-2270,-3603,10670,255,212,253,30 wingmate=5794,-3731,14894,255,212,0,30 rival=- projectiles=-
retail_frame=1376 camera=-2305,-3583,10554,92,192,0 player=-2220,-3603,10694,0,212,252,30 wingmate=5819,-3731,14906,0,212,252,30 rival=- projectiles=-
retail_frame=1380 camera=-2247,-3583,10578,107,32,0 player=-2195,-3603,10706,0,212,252,30 wingmate=5997,-3603,15058,0,212,0,30 rival=- projectiles=-
retail_frame=1384 camera=-2218,-3583,10589,121,56,0 player=-2170,-3603,10718,0,212,252,30 wingmate=6022,-3603,15070,0,212,0,30 rival=- projectiles=-
retail_frame=1388 camera=-2189,-3583,10601,128,84,0 player=-2120,-3603,10742,0,212,253,30 wingmate=6047,-3603,15082,0,212,253,30 rival=- projectiles=-
retail_frame=1392 camera=-2132,-3583,10624,142,173,0 player=-2095,-3603,10754,0,212,254,30 wingmate=6097,-3603,15106,0,212,0,30 rival=- projectiles=-
retail_frame=1396 camera=-2103,-3583,10636,159,207,0 player=-2070,-3603,10766,0,212,254,30 wingmate=6122,-3603,15118,0,212,0,30 rival=- projectiles=-
retail_frame=1400 camera=-2075,-3583,10648,167,0,0 player=-2020,-3603,10790,0,212,0,30 wingmate=-2075,-3603,10686,0,212,0,30 rival=- projectiles=-
retail_frame=1404 camera=-2020,-3583,10671,197,84,0 player=-1995,-3603,10802,0,212,1,30 wingmate=6197,-3603,15154,0,212,0,30 rival=- projectiles=-
retail_frame=1408 camera=-1993,-3583,10684,214,178,0 player=-1970,-3603,10814,0,212,2,30 wingmate=6222,-3603,15166,0,212,0,30 rival=- projectiles=-
retail_frame=1412 camera=-1965,-3583,10696,231,233,0 player=-1920,-3603,10838,0,212,3,30 wingmate=-1975,-3606,10734,0,212,3,30 rival=- projectiles=-
retail_frame=1416 camera=-1909,-3583,10720,255,39,0 player=-1895,-3603,10850,0,212,3,30 wingmate=6297,-3603,15202,0,212,0,30 rival=- projectiles=-
retail_frame=1420 camera=-1881,-3583,10732,23,60,0 player=-1870,-3603,10862,0,212,4,30 wingmate=6322,-3603,15214,0,212,0,30 rival=- projectiles=-
retail_frame=1424 camera=-1854,-3583,10745,47,118,0 player=-1820,-3603,10886,0,212,4,30 wingmate=-1875,-3607,10782,0,212,4,30 rival=- projectiles=-
retail_frame=1428 camera=-1798,-3583,10770,97,194,0 player=-1795,-3603,10898,0,212,4,30 wingmate=6397,-3603,15250,0,212,0,30 rival=- projectiles=-
retail_frame=1432 camera=-1770,-3583,10783,132,225,0 player=-1770,-3603,10910,0,212,3,30 wingmate=6422,-3603,15262,0,212,0,30 rival=- projectiles=-
retail_frame=1436 camera=-1742,-3583,10795,138,249,0 player=-1720,-3603,10934,0,212,2,30 wingmate=-1775,-3606,10830,0,212,2,30 rival=- projectiles=-
retail_frame=1440 camera=-1687,-3583,10821,131,91,0 player=-1695,-3603,10946,0,212,2,30 wingmate=6497,-3603,15298,0,212,0,30 rival=- projectiles=-
retail_frame=1444 camera=-1659,-3583,10834,118,118,0 player=-1670,-3603,10958,0,212,1,30 wingmate=6522,-3603,15310,0,212,0,30 rival=- projectiles=-
retail_frame=1448 camera=-1631,-3583,10847,111,115,0 player=-1620,-3603,10982,0,212,255,30 wingmate=-1675,-3605,10878,0,212,255,30 rival=- projectiles=-
retail_frame=1452 camera=-1575,-3583,10873,86,109,0 player=-1595,-3603,10994,0,212,254,30 wingmate=6597,-3603,15346,0,212,0,30 rival=- projectiles=-
retail_frame=1456 camera=-1548,-3583,10886,79,159,0 player=-1570,-3603,11006,0,212,254,30 wingmate=6622,-3603,15358,0,212,0,30 rival=- projectiles=-
retail_frame=1460 camera=-1520,-3583,10900,76,152,0 player=-1520,-3603,11030,0,212,253,30 wingmate=-1575,-3602,10926,0,212,253,30 rival=- projectiles=-
retail_frame=1464 camera=-1465,-3583,10925,61,182,0 player=-1495,-3603,11042,0,212,252,30 wingmate=6697,-3603,15394,0,212,0,30 rival=- projectiles=-
retail_frame=1468 camera=-1437,-3583,10939,55,179,0 player=-1470,-3603,11054,0,212,252,30 wingmate=6722,-3603,15406,0,212,0,30 rival=- projectiles=-
retail_frame=1472 camera=-1410,-3583,10953,63,194,0 player=-1420,-3603,11078,0,212,252,30 wingmate=-1475,-3601,10974,0,212,252,30 rival=- projectiles=-
retail_frame=1476 camera=-1355,-3583,10980,52,225,0 player=-1395,-3603,11090,0,212,253,30 wingmate=6797,-3603,15442,0,212,0,30 rival=- projectiles=-
retail_frame=1480 camera=-1327,-3583,10994,50,209,0 player=-1370,-3603,11102,0,212,253,30 wingmate=6822,-3603,15454,0,212,0,30 rival=- projectiles=-
retail_frame=1484 camera=-1300,-3583,11007,49,217,0 player=-1320,-3603,11126,0,212,254,30 wingmate=-1375,-3602,11022,0,212,254,30 rival=- projectiles=-
retail_frame=1488 camera=-1245,-3583,11035,48,171,0 player=-1295,-3603,11138,0,212,255,30 wingmate=6897,-3603,15490,0,212,0,30 rival=- projectiles=-
retail_frame=1492 camera=-1219,-3583,11048,48,230,0 player=-1270,-3603,11150,0,212,0,30 wingmate=6922,-3603,15502,0,212,0,30 rival=- projectiles=-
retail_frame=1496 camera=-1191,-3583,11062,48,227,0 player=-1220,-3603,11174,0,212,2,30 wingmate=-1275,-3603,11070,0,212,2,30 rival=- projectiles=-
retail_frame=1500 camera=-1137,-3583,11091,74,205,0 player=-1195,-3603,11186,0,212,2,30 wingmate=6997,-3603,15538,0,212,0,30 rival=- projectiles=-
retail_frame=1504 camera=-1110,-3583,11105,81,191,0 player=-1170,-3603,11198,0,212,3,30 wingmate=7022,-3603,15550,0,212,0,30 rival=- projectiles=-
retail_frame=1508 camera=-1082,-3583,11119,92,144,0 player=-1120,-3603,11222,0,212,4,30 wingmate=-1175,-3606,11118,0,212,4,30 rival=- projectiles=-
retail_frame=1512 camera=-1029,-3583,11147,101,124,0 player=-1095,-3603,11234,0,212,4,30 wingmate=7097,-3603,15586,0,212,0,30 rival=- projectiles=-
retail_frame=1516 camera=-1002,-3583,11161,114,142,0 player=-1070,-3603,11246,0,212,4,30 wingmate=7122,-3603,15598,0,212,0,30 rival=- projectiles=-
retail_frame=1520 camera=-949,-3583,11190,121,111,0 player=-1020,-3603,11270,0,212,3,30 wingmate=-1045,-3603,11258,0,39,0,30 rival=- projectiles=-
retail_frame=1524 camera=-922,-3583,11205,158,84,0 player=-995,-3603,11282,0,212,3,30 wingmate=7197,-3603,15634,0,212,0,30 rival=- projectiles=-
retail_frame=1528 camera=-895,-3583,11220,171,250,0 player=-970,-3603,11294,0,212,2,30 wingmate=7222,-3603,15646,0,212,0,30 rival=- projectiles=-
retail_frame=1532 camera=-842,-3583,11248,177,229,0 player=-920,-3603,11318,0,212,1,30 wingmate=-945,-3603,11306,0,43,0,30 rival=- projectiles=-
retail_frame=1536 camera=-815,-3583,11263,170,249,0 player=-895,-3603,11330,0,212,0,30 wingmate=7297,-3603,15682,0,212,0,30 rival=- projectiles=-
retail_frame=1540 camera=-790,-3583,11277,245,180,0 player=-870,-3603,11342,0,212,255,30 wingmate=7322,-3603,15694,0,212,0,30 rival=- projectiles=-
retail_frame=1544 camera=-737,-3583,11307,86,42,0 player=-820,-3603,11366,0,212,254,30 wingmate=-845,-3603,11354,0,47,0,30 rival=- projectiles=-
retail_frame=1548 camera=-711,-3583,11321,7,98,0 player=-795,-3603,11378,0,212,253,30 wingmate=7397,-3603,15730,0,212,0,30 rival=- projectiles=-
retail_frame=1552 camera=-685,-3583,11336,0,185,0 player=-770,-3603,11390,0,212,253,30 wingmate=7422,-3603,15742,0,212,0,30 rival=- projectiles=-
retail_frame=1556 camera=-633,-3583,11366,204,60,0 player=-720,-3603,11414,0,212,252,30 wingmate=-745,-3603,11402,0,51,0,30 rival=- projectiles=-
retail_frame=1560 camera=-607,-3583,11381,71,3,0 player=-695,-3603,11426,0,212,252,30 wingmate=7497,-3603,15778,0,212,0,30 rival=- projectiles=-
retail_frame=1564 camera=-581,-3583,11396,8,145,0 player=-670,-3603,11438,0,212,252,30 wingmate=7522,-3603,15790,0,212,0,30 rival=- projectiles=-
retail_frame=1568 camera=-530,-3583,11425,208,160,0 player=-620,-3603,11462,0,212,253,30 wingmate=-645,-3603,11450,0,55,0,30 rival=- projectiles=-
retail_frame=1572 camera=-504,-3583,11440,112,228,0 player=-595,-3603,11474,0,212,254,30 wingmate=7597,-3603,15826,0,212,0,30 rival=- projectiles=-
retail_frame=1576 camera=-478,-3583,11455,80,34,0 player=-570,-3603,11486,0,212,254,30 wingmate=7622,-3603,15838,0,212,0,30 rival=- projectiles=-
retail_frame=1580 camera=-427,-3583,11484,56,65,0 player=-520,-3603,11510,0,212,0,30 wingmate=-545,-3603,11498,0,59,0,30 rival=- projectiles=-
retail_frame=1584 camera=-402,-3583,11499,254,4,0 player=-495,-3603,11522,0,212,1,30 wingmate=7697,-3603,15874,0,212,0,30 rival=- projectiles=-
retail_frame=1588 camera=-377,-3583,11514,239,210,0 player=-470,-3603,11534,0,212,2,30 wingmate=7722,-3603,15886,0,212,0,30 rival=- projectiles=-
retail_frame=1592 camera=-327,-3583,11544,216,137,0 player=-420,-3603,11558,0,212,3,30 wingmate=-445,-3603,11546,0,63,0,30 rival=- projectiles=-
retail_frame=1596 camera=-301,-3583,11558,178,166,0 player=-395,-3603,11570,0,212,3,30 wingmate=7797,-3603,15922,0,212,0,30 rival=- projectiles=-
retail_frame=1600 camera=-277,-3583,11572,161,35,0 player=-370,-3603,11582,0,212,4,30 wingmate=7822,-3603,15934,0,212,0,30 rival=- projectiles=-
retail_frame=1604 camera=-227,-3583,11602,153,153,0 player=-320,-3603,11606,0,212,4,30 wingmate=-345,-3603,11594,0,67,0,30 rival=- projectiles=-
retail_frame=1608 camera=-202,-3583,11617,127,102,0 player=-295,-3603,11618,0,212,4,30 wingmate=7897,-3603,15970,0,212,0,30 rival=- projectiles=-
retail_frame=1612 camera=-177,-3583,11632,120,211,0 player=-270,-3603,11630,0,212,3,30 wingmate=7922,-3603,15982,0,212,0,30 rival=- projectiles=-
retail_frame=1616 camera=-128,-3583,11661,100,41,0 player=-220,-3603,11654,0,212,2,30 wingmate=-245,-3603,11642,0,71,0,30 rival=- projectiles=-
retail_frame=1620 camera=-104,-3583,11676,65,198,0 player=-195,-3603,11666,0,212,2,30 wingmate=7997,-3603,16018,0,212,0,30 rival=- projectiles=-
retail_frame=1624 camera=-80,-3583,11691,57,27,0 player=-170,-3603,11678,0,212,1,30 wingmate=8022,-3603,16030,0,212,0,30 rival=- projectiles=-
retail_frame=1628 camera=-31,-3583,11720,41,93,0 player=-120,-3603,11702,0,212,255,30 wingmate=-145,-3603,11690,0,75,0,30 rival=- projectiles=-
retail_frame=1632 camera=-7,-3583,11735,17,215,0 player=-95,-3603,11714,0,212,254,30 wingmate=8097,-3603,16066,0,212,0,30 rival=- projectiles=-
retail_frame=1636 camera=18,-3583,11747,5,251,0 player=-70,-3603,11726,0,212,254,30 wingmate=8122,-3603,16078,0,212,0,30 rival=- projectiles=-
retail_frame=1640 camera=68,-3583,11771,247,21,0 player=-20,-3603,11750,0,212,253,30 wingmate=-45,-3603,11738,0,76,0,30 rival=- projectiles=-
retail_frame=1644 camera=93,-3583,11783,224,65,0 player=5,-3603,11762,0,212,252,30 wingmate=8197,-3603,16114,0,212,0,30 rival=- projectiles=-
retail_frame=1648 camera=118,-3583,11795,212,80,0 player=30,-3603,11774,0,212,252,30 wingmate=8222,-3603,16126,0,212,0,30 rival=- projectiles=-
retail_frame=1652 camera=168,-3583,11819,206,104,0 player=80,-3603,11798,0,212,252,30 wingmate=55,-3603,11786,0,76,0,30 rival=- projectiles=-
retail_frame=1656 camera=193,-3583,11831,190,130,0 player=105,-3603,11810,0,212,253,30 wingmate=8297,-3603,16162,0,212,0,30 rival=- projectiles=-
retail_frame=1660 camera=218,-3583,11843,179,137,0 player=130,-3603,11822,0,212,253,30 wingmate=8322,-3603,16174,0,212,0,30 rival=- projectiles=-
retail_frame=1664 camera=268,-3583,11867,174,148,0 player=180,-3603,11846,0,212,254,30 wingmate=155,-3603,11834,0,76,0,30 rival=- projectiles=-
retail_frame=1668 camera=293,-3583,11879,158,173,0 player=205,-3603,11858,0,212,255,30 wingmate=8397,-3603,16210,0,212,0,30 rival=- projectiles=-
retail_frame=1672 camera=318,-3583,11891,147,182,0 player=230,-3603,11870,0,212,0,30 wingmate=8422,-3603,16222,0,212,0,30 rival=- projectiles=-
retail_frame=1676 camera=343,-3583,11903,142,195,0 player=255,-3603,11882,0,212,1,30 wingmate=8447,-3603,16234,0,212,0,30 rival=- projectiles=-
