# Compact oracle evidence for the Pigma duel hostile projectiles.
# Raw source SHA-256: fc7b7051fd9a6bcfb1e3b4b605698039868a56b2913465e0418433cf4bdbcec4
# Source path addresses and opaque actor storage were reduced to gameplay operations.
elapsed=32375 source=04F8 action=set-cruise-speed pose=931,-3912,9390,7,87,0,30 target=-5642,-2987,5232,248,38,2,30
elapsed=32375 source=04F8 action=contract pose=931,-3912,9390,7,87,0,63 target=-5642,-2987,5232,248,38,2,30
elapsed=32375 source=04F8 action=contract pose=823,-3897,9322,7,87,0,63 target=-5642,-2987,5232,248,38,2,30
elapsed=32375 source=04F8 action=contract pose=715,-3883,9254,7,87,0,63 target=-5642,-2987,5232,248,38,2,30
elapsed=32375 source=04F8 action=face-immediate pose=607,-3868,9186,7,87,0,63 target=-5642,-2987,5232,248,38,2,30
elapsed=32376 source=04F8 action=advance-homing pose=607,-3868,9186,7,87,0,63 target=-5642,-2987,5232,248,38,2,30
elapsed=32379 source=04F8 action=contract pose=407,-3828,9062,7,87,0,63 target=-5745,-3002,5308,248,38,0,30
elapsed=32379 source=04F8 action=contract pose=299,-3814,8996,7,87,0,63 target=-5745,-3002,5308,248,38,0,30
elapsed=32379 source=04F8 action=contract pose=190,-3800,8929,7,87,0,63 target=-5745,-3002,5308,248,38,0,30
elapsed=32380 source=04F8 action=face-immediate pose=81,-3786,8862,7,87,0,63 target=-5745,-3002,5308,248,38,0,30
elapsed=32380 source=04F8 action=advance-homing pose=81,-3786,8862,6,87,0,63 target=-5745,-3002,5308,248,38,0,30
elapsed=32383 source=04F8 action=contract pose=-119,-3754,8738,6,87,0,63 target=-5852,-3017,5379,248,40,2,30
elapsed=32384 source=04F8 action=contract pose=-229,-3741,8673,6,87,0,63 target=-5852,-3017,5379,248,40,2,30
elapsed=32384 source=04F8 action=contract pose=-339,-3728,8608,6,87,0,63 target=-5852,-3017,5379,248,40,2,30
elapsed=32384 source=04F8 action=face-immediate pose=-449,-3715,8543,6,87,0,63 target=-5852,-3017,5379,248,40,2,30
elapsed=32384 source=04F8 action=advance-homing pose=-449,-3715,8543,6,86,0,63 target=-5852,-3017,5379,248,40,2,30
elapsed=32388 source=04F8 action=contract pose=-653,-3683,8423,6,86,0,63 target=-5959,-3032,5450,248,40,1,30
elapsed=32388 source=04F8 action=contract pose=-764,-3670,8360,6,86,0,63 target=-5959,-3032,5450,248,40,1,30
elapsed=32388 source=04F8 action=contract pose=-875,-3657,8298,6,86,0,63 target=-5959,-3032,5450,248,40,1,30
elapsed=32388 source=04F8 action=face-immediate pose=-986,-3644,8236,6,86,0,63 target=-5959,-3032,5450,248,40,1,30
elapsed=32388 source=04F8 action=advance-homing pose=-986,-3644,8236,6,85,0,63 target=-5959,-3032,5450,248,40,1,30
elapsed=32393 source=04F8 action=contract pose=-1194,-3612,8120,6,85,0,63 target=-6066,-3030,5521,248,40,255,30
elapsed=32393 source=04F8 action=contract pose=-1306,-3599,8060,6,85,0,63 target=-6066,-3030,5521,248,40,255,30
elapsed=32393 source=04F8 action=contract pose=-1418,-3586,8000,6,85,0,63 target=-6066,-3030,5521,248,40,255,30
elapsed=32393 source=04F8 action=face-immediate pose=-1530,-3573,7940,6,85,0,63 target=-6066,-3030,5521,248,40,255,30
elapsed=32393 source=04F8 action=advance-homing pose=-1530,-3573,7940,6,84,0,63 target=-6066,-3030,5521,248,40,255,30
elapsed=32397 source=04F8 action=contract pose=-1742,-3541,7828,6,84,0,63 target=-6175,-3012,5586,249,42,2,30
elapsed=32397 source=04F8 action=contract pose=-1856,-3528,7770,6,84,0,63 target=-6175,-3012,5586,249,42,2,30
elapsed=32397 source=04F8 action=contract pose=-1969,-3515,7712,6,84,0,63 target=-6175,-3012,5586,249,42,2,30
elapsed=32397 source=04F8 action=face-immediate pose=-2082,-3502,7654,6,84,0,63 target=-6175,-3012,5586,249,42,2,30
elapsed=32397 source=04F8 action=advance-homing pose=-2082,-3502,7654,6,83,0,63 target=-6175,-3012,5586,249,42,2,30
elapsed=32401 source=04F8 action=contract pose=-2294,-3470,7546,6,83,0,63 target=-6284,-2994,5651,251,42,0,30
elapsed=32401 source=04F8 action=contract pose=-2409,-3457,7491,6,83,0,63 target=-6284,-2994,5651,251,42,0,30
elapsed=32401 source=04F8 action=contract pose=-2524,-3444,7436,6,83,0,63 target=-6284,-2994,5651,251,42,0,30
elapsed=32401 source=04F8 action=face-immediate pose=-2639,-3431,7381,6,83,0,63 target=-6284,-2994,5651,251,42,0,30
elapsed=32401 source=04F8 action=advance-homing pose=-2639,-3431,7381,6,82,0,63 target=-6284,-2994,5651,251,42,0,30
elapsed=32406 source=04F8 action=contract pose=-2855,-3399,7281,6,82,0,63 target=-6393,-2976,5716,251,42,9,30
elapsed=32406 source=04F8 action=contract pose=-2971,-3386,7229,6,82,0,63 target=-6393,-2976,5716,251,42,9,30
elapsed=32406 source=04F8 action=contract pose=-3087,-3373,7177,6,82,0,63 target=-6393,-2976,5716,251,42,9,30
elapsed=32406 source=04F8 action=face-immediate pose=-3203,-3360,7125,6,82,0,63 target=-6393,-2976,5716,251,42,9,30
elapsed=32406 source=04F8 action=advance-homing pose=-3203,-3360,7125,6,81,0,63 target=-6393,-2976,5716,251,42,9,30
elapsed=32411 source=0672 action=set-cruise-speed pose=-933,-3624,8378,6,82,0,30 target=-6506,-2958,5774,251,44,11,30
elapsed=32411 source=0672 action=contract pose=-933,-3624,8378,6,82,0,63 target=-6506,-2958,5774,251,44,11,30
elapsed=32411 source=0672 action=contract pose=-1048,-3611,8324,6,82,0,63 target=-6506,-2958,5774,251,44,11,30
elapsed=32411 source=0672 action=contract pose=-1163,-3598,8270,6,82,0,63 target=-6506,-2958,5774,251,44,11,30
elapsed=32411 source=0672 action=face-immediate pose=-1278,-3585,8216,6,82,0,63 target=-6506,-2958,5774,251,44,11,30
elapsed=32411 source=0672 action=advance-homing pose=-1278,-3585,8216,6,82,0,63 target=-6506,-2958,5774,251,44,11,30
elapsed=32411 source=04F8 action=contract pose=-3423,-3328,7029,6,81,0,63 target=-6506,-2958,5774,251,44,11,30
elapsed=32411 source=04F8 action=contract pose=-3541,-3314,6981,6,81,0,63 target=-6506,-2958,5774,251,44,11,30
elapsed=32411 source=04F8 action=contract pose=-3659,-3300,6933,6,81,0,63 target=-6506,-2958,5774,251,44,11,30
elapsed=32411 source=04F8 action=face-immediate pose=-3777,-3287,6885,6,81,0,63 target=-6506,-2958,5774,251,44,11,30
elapsed=32411 source=04F8 action=advance-homing pose=-3777,-3287,6885,6,80,0,63 target=-6506,-2958,5774,251,44,11,30
elapsed=32416 source=0672 action=contract pose=-1494,-3553,8116,6,82,0,63 target=-6619,-2940,5832,251,44,9,30
elapsed=32416 source=0672 action=contract pose=-1610,-3540,8064,6,82,0,63 target=-6619,-2940,5832,251,44,9,30
elapsed=32416 source=0672 action=contract pose=-1726,-3527,8012,6,82,0,63 target=-6619,-2940,5832,251,44,9,30
elapsed=32416 source=0672 action=face-immediate pose=-1842,-3514,7960,6,82,0,63 target=-6619,-2940,5832,251,44,9,30
elapsed=32416 source=0672 action=advance-homing pose=-1842,-3514,7960,6,82,0,63 target=-6619,-2940,5832,251,44,9,30
elapsed=32416 source=04F8 action=contract pose=-3997,-3255,6797,6,80,0,63 target=-6619,-2940,5832,251,44,9,30
elapsed=32416 source=04F8 action=contract pose=-4116,-3241,6753,6,80,0,63 target=-6619,-2940,5832,251,44,9,30
elapsed=32416 source=04F8 action=contract pose=-4235,-3227,6709,6,80,0,63 target=-6619,-2940,5832,251,44,9,30
elapsed=32416 source=04F8 action=face-immediate pose=-4354,-3213,6665,6,80,0,63 target=-6619,-2940,5832,251,44,9,30
elapsed=32416 source=04F8 action=advance-homing pose=-4354,-3213,6665,6,79,0,63 target=-6619,-2940,5832,251,44,9,30
elapsed=32420 source=0672 action=contract pose=-2058,-3482,7860,6,82,0,63 target=-6732,-2922,5890,251,44,8,30
elapsed=32420 source=0672 action=contract pose=-2175,-3469,7810,6,82,0,63 target=-6732,-2922,5890,251,44,8,30
elapsed=32421 source=0672 action=contract pose=-2292,-3456,7760,6,82,0,63 target=-6732,-2922,5890,251,44,8,30
elapsed=32421 source=0672 action=face-immediate pose=-2409,-3442,7710,6,82,0,63 target=-6732,-2922,5890,251,44,8,30
elapsed=32421 source=0672 action=advance-homing pose=-2409,-3442,7710,6,81,0,63 target=-6732,-2922,5890,251,44,8,30
elapsed=32421 source=04F8 action=contract pose=-4578,-3181,6581,6,79,0,63 target=-6732,-2922,5890,251,44,8,30
elapsed=32421 source=04F8 action=contract pose=-4699,-3167,6542,6,79,0,63 target=-6732,-2922,5890,251,44,8,30
elapsed=32421 source=04F8 action=contract pose=-4820,-3153,6503,6,79,0,63 target=-6732,-2922,5890,251,44,8,30
elapsed=32421 source=04F8 action=face-immediate pose=-4941,-3139,6464,6,79,0,63 target=-6732,-2922,5890,251,44,8,30
elapsed=32421 source=04F8 action=advance-homing pose=-4941,-3139,6464,7,77,0,63 target=-6732,-2922,5890,251,44,8,30
elapsed=32426 source=0672 action=contract pose=-2629,-3410,7614,6,81,0,63 target=-6847,-2904,5943,251,46,10,30
elapsed=32426 source=0672 action=contract pose=-2747,-3396,7567,6,81,0,63 target=-6847,-2904,5943,251,46,10,30
elapsed=32426 source=0672 action=contract pose=-2865,-3382,7520,6,81,0,63 target=-6847,-2904,5943,251,46,10,30
elapsed=32426 source=0672 action=face-immediate pose=-2983,-3368,7473,6,81,0,63 target=-6847,-2904,5943,251,46,10,30
elapsed=32426 source=0672 action=advance-homing pose=-2983,-3368,7473,6,80,0,63 target=-6847,-2904,5943,251,46,10,30
elapsed=32426 source=04F8 action=contract pose=-5169,-3099,6392,7,77,0,63 target=-6847,-2904,5943,251,46,10,30
elapsed=32426 source=04F8 action=contract pose=-5292,-3085,6359,7,77,0,63 target=-6847,-2904,5943,251,46,10,30
elapsed=32426 source=04F8 action=contract pose=-5415,-3071,6326,7,77,0,63 target=-6847,-2904,5943,251,46,10,30
elapsed=32426 source=04F8 action=face-immediate pose=-5538,-3057,6293,7,77,0,63 target=-6847,-2904,5943,251,46,10,30
elapsed=32426 source=04F8 action=advance-homing pose=-5538,-3057,6293,7,75,0,63 target=-6847,-2904,5943,251,46,10,30
elapsed=32431 source=0672 action=contract pose=-3203,-3336,7385,6,80,0,63 target=-6962,-2886,5996,251,46,9,30
elapsed=32431 source=0672 action=contract pose=-3322,-3322,7341,6,80,0,63 target=-6962,-2886,5996,251,46,9,30
elapsed=32431 source=0672 action=contract pose=-3441,-3308,7297,6,80,0,63 target=-6962,-2886,5996,251,46,9,30
elapsed=32431 source=0672 action=face-immediate pose=-3560,-3294,7253,6,80,0,63 target=-6962,-2886,5996,251,46,9,30
elapsed=32431 source=0672 action=advance-homing pose=-3560,-3294,7253,6,79,0,63 target=-6962,-2886,5996,251,46,9,30
elapsed=32431 source=04F8 action=contract pose=-5770,-3017,6233,7,75,0,63 target=-6962,-2886,5996,251,46,9,30
elapsed=32431 source=04F8 action=contract pose=-5894,-3004,6208,7,75,0,63 target=-6962,-2886,5996,251,46,9,30
elapsed=32431 source=04F8 action=contract pose=-6018,-2991,6183,7,75,0,63 target=-6962,-2886,5996,251,46,9,30
elapsed=32431 source=04F8 action=face-immediate pose=-6142,-2978,6158,7,75,0,63 target=-6962,-2886,5996,251,46,9,30
elapsed=32431 source=04F8 action=advance-homing pose=-6142,-2978,6158,7,72,0,63 target=-6962,-2886,5996,251,46,9,30
elapsed=32436 source=0672 action=contract pose=-3784,-3262,7169,6,79,0,63 target=-7077,-2868,6049,251,46,7,30
elapsed=32436 source=0672 action=contract pose=-3904,-3248,7128,6,79,0,63 target=-7077,-2868,6049,251,46,7,30
elapsed=32436 source=0672 action=contract pose=-4024,-3234,7087,6,79,0,63 target=-7077,-2868,6049,251,46,7,30
elapsed=32436 source=0672 action=face-immediate pose=-4144,-3220,7046,6,79,0,63 target=-7077,-2868,6049,251,46,7,30
elapsed=32436 source=0672 action=advance-homing pose=-4144,-3220,7046,6,78,0,63 target=-7077,-2868,6049,251,46,7,30
elapsed=32436 source=04F8 action=face-immediate pose=-6378,-2938,6118,7,72,0,63 target=-7077,-2868,6049,251,46,7,30
elapsed=32436 source=04F8 action=set-cruise-speed pose=-6378,-2938,6118,6,68,0,63 target=-7077,-2868,6049,251,46,7,30
elapsed=32436 source=04F8 action=advance-aim pose=-6378,-2938,6118,6,68,0,63 target=-7077,-2868,6049,251,46,7,30
elapsed=32441 source=0672 action=contract pose=-4368,-3188,6970,6,78,0,63 target=-7192,-2850,6102,251,46,6,30
elapsed=32441 source=0672 action=contract pose=-4489,-3174,6932,6,78,0,63 target=-7192,-2850,6102,251,46,6,30
elapsed=32441 source=0672 action=contract pose=-4610,-3160,6894,6,78,0,63 target=-7192,-2850,6102,251,46,6,30
elapsed=32441 source=0672 action=face-immediate pose=-4731,-3146,6856,6,78,0,63 target=-7192,-2850,6102,251,46,6,30
elapsed=32441 source=0672 action=advance-homing pose=-4731,-3146,6856,7,76,0,63 target=-7192,-2850,6102,251,46,6,30
elapsed=32441 source=04F8 action=advance-aim pose=-6618,-2906,6102,6,68,0,63 target=-7192,-2850,6102,251,46,6,30
elapsed=32441 source=04F8 action=face-smooth pose=-6858,-2874,6086,6,68,0,63 target=-7192,-2850,6102,251,46,6,30
elapsed=32445 source=0672 action=contract pose=-4959,-3106,6792,7,76,0,63 target=-7311,-2832,6146,251,49,252,30
elapsed=32445 source=0672 action=contract pose=-5081,-3092,6758,7,76,0,63 target=-7311,-2832,6146,251,49,252,30
elapsed=32445 source=0672 action=contract pose=-5203,-3078,6724,7,76,0,63 target=-7311,-2832,6146,251,49,252,30
elapsed=32445 source=0672 action=face-immediate pose=-5325,-3064,6690,7,76,0,63 target=-7311,-2832,6146,251,49,252,30
elapsed=32445 source=0672 action=advance-homing pose=-5325,-3064,6690,6,75,0,63 target=-7311,-2832,6146,251,49,252,30
elapsed=32445 source=04F8 action=advance-aim pose=-6858,-2874,6086,5,67,0,63 target=-7311,-2832,6146,251,49,252,30
elapsed=32450 source=04B9 action=set-cruise-speed pose=-2913,-3336,7630,6,77,0,30 target=-7430,-2814,6190,251,49,253,30
elapsed=32450 source=04B9 action=contract pose=-2913,-3336,7630,6,77,0,63 target=-7430,-2814,6190,251,49,253,30
elapsed=32450 source=04B9 action=contract pose=-3034,-3323,7591,6,77,0,63 target=-7430,-2814,6190,251,49,253,30
elapsed=32450 source=04B9 action=contract pose=-3155,-3310,7552,6,77,0,63 target=-7430,-2814,6190,251,49,253,30
elapsed=32450 source=04B9 action=face-immediate pose=-3276,-3297,7513,6,77,0,63 target=-7430,-2814,6190,251,49,253,30
elapsed=32450 source=04B9 action=advance-homing pose=-3276,-3297,7513,6,77,0,63 target=-7430,-2814,6190,251,49,253,30
elapsed=32450 source=0672 action=contract pose=-5557,-3032,6630,6,75,0,63 target=-7430,-2814,6190,251,49,253,30
elapsed=32450 source=0672 action=contract pose=-5680,-3018,6601,6,75,0,63 target=-7430,-2814,6190,251,49,253,30
elapsed=32450 source=0672 action=contract pose=-5803,-3004,6572,6,75,0,63 target=-7430,-2814,6190,251,49,253,30
elapsed=32450 source=0672 action=face-immediate pose=-5926,-2990,6543,6,75,0,63 target=-7430,-2814,6190,251,49,253,30
elapsed=32450 source=0672 action=advance-homing pose=-5926,-2990,6543,7,74,0,63 target=-7430,-2814,6190,251,49,253,30
elapsed=32451 source=04F8 action=advance-aim pose=-7102,-2846,6074,5,67,0,63 target=-7430,-2814,6190,251,49,253,30
elapsed=32455 source=04B9 action=contract pose=-3504,-3265,7441,6,77,0,63 target=-7549,-2796,6234,251,49,254,30
elapsed=32455 source=04B9 action=contract pose=-3626,-3252,7404,6,77,0,63 target=-7549,-2796,6234,251,49,254,30
elapsed=32455 source=04B9 action=contract pose=-3748,-3238,7367,6,77,0,63 target=-7549,-2796,6234,251,49,254,30
elapsed=32455 source=04B9 action=face-immediate pose=-3870,-3224,7330,6,77,0,63 target=-7549,-2796,6234,251,49,254,30
elapsed=32455 source=04B9 action=advance-homing pose=-3870,-3224,7330,6,76,0,63 target=-7549,-2796,6234,251,49,254,30
elapsed=32455 source=0672 action=contract pose=-6158,-2950,6491,7,74,0,63 target=-7549,-2796,6234,251,49,254,30
elapsed=32455 source=0672 action=contract pose=-6283,-2937,6467,7,74,0,63 target=-7549,-2796,6234,251,49,254,30
elapsed=32455 source=0672 action=contract pose=-6408,-2924,6444,7,74,0,63 target=-7549,-2796,6234,251,49,254,30
elapsed=32455 source=0672 action=face-immediate pose=-6533,-2911,6421,7,74,0,63 target=-7549,-2796,6234,251,49,254,30
elapsed=32456 source=0672 action=advance-homing pose=-6533,-2911,6421,7,72,0,63 target=-7549,-2796,6234,251,49,254,30
elapsed=32456 source=04F8 action=advance-aim pose=-7346,-2818,6062,5,67,0,63 target=-7549,-2796,6234,251,49,254,30
elapsed=32460 source=04B9 action=contract pose=-4098,-3192,7266,6,76,0,63 target=-7668,-2778,6278,251,49,254,30
elapsed=32460 source=04B9 action=contract pose=-4220,-3178,7232,6,76,0,63 target=-7668,-2778,6278,251,49,254,30
elapsed=32460 source=04B9 action=contract pose=-4343,-3164,7198,6,76,0,63 target=-7668,-2778,6278,251,49,254,30
elapsed=32461 source=04B9 action=face-immediate pose=-4465,-3150,7164,6,76,0,63 target=-7668,-2778,6278,251,49,254,30
elapsed=32461 source=04B9 action=advance-homing pose=-4465,-3150,7164,6,75,0,63 target=-7668,-2778,6278,251,49,254,30
elapsed=32461 source=0672 action=face-immediate pose=-6769,-2871,6381,7,72,0,63 target=-7668,-2778,6278,251,49,254,30
elapsed=32461 source=0672 action=set-cruise-speed pose=-6769,-2871,6381,6,69,0,63 target=-7668,-2778,6278,251,49,254,30
elapsed=32461 source=0672 action=advance-aim pose=-6769,-2871,6381,6,69,0,63 target=-7668,-2778,6278,251,49,254,30
elapsed=32461 source=0672 action=face-smooth pose=-7009,-2839,6357,6,69,0,63 target=-7668,-2778,6278,251,49,254,30
elapsed=32461 source=04F8 action=advance-cruise pose=-7590,-2790,6050,5,67,0,63 target=-7668,-2778,6278,251,49,254,30
elapsed=32466 source=04B9 action=contract pose=-4697,-3118,7104,6,75,0,63 target=-7790,-2760,6316,251,51,3,30
elapsed=32466 source=04B9 action=contract pose=-4820,-3104,7072,6,75,0,63 target=-7790,-2760,6316,251,51,3,30
elapsed=32466 source=04B9 action=contract pose=-4943,-3090,7040,6,75,0,63 target=-7790,-2760,6316,251,51,3,30
elapsed=32466 source=04B9 action=face-immediate pose=-5066,-3076,7008,6,75,0,63 target=-7790,-2760,6316,251,51,3,30
elapsed=32466 source=04B9 action=advance-homing pose=-5066,-3076,7008,7,75,0,63 target=-7790,-2760,6316,251,51,3,30
elapsed=32466 source=0672 action=advance-aim pose=-7009,-2839,6357,6,69,0,63 target=-7790,-2760,6316,251,51,3,30
elapsed=32466 source=04F8 action=advance-cruise pose=-7834,-2762,6038,5,67,0,63 target=-7790,-2760,6316,251,51,3,30
elapsed=32470 source=04B9 action=contract pose=-5298,-3036,6948,7,75,0,63 target=-7912,-2742,6354,251,51,3,30
elapsed=32470 source=04B9 action=contract pose=-5422,-3023,6919,7,75,0,63 target=-7912,-2742,6354,251,51,3,30
elapsed=32470 source=04B9 action=contract pose=-5546,-3010,6890,7,75,0,63 target=-7912,-2742,6354,251,51,3,30
elapsed=32470 source=04B9 action=face-immediate pose=-5670,-2997,6862,7,75,0,63 target=-7912,-2742,6354,251,51,3,30
elapsed=32471 source=04B9 action=advance-homing pose=-5670,-2997,6862,6,74,0,63 target=-7912,-2742,6354,251,51,3,30
elapsed=32471 source=0672 action=advance-aim pose=-7249,-2807,6333,6,69,0,63 target=-7912,-2742,6354,251,51,3,30
elapsed=32471 source=0672 action=face-smooth pose=-7489,-2775,6309,6,69,0,63 target=-7912,-2742,6354,251,51,3,30
elapsed=32471 source=04F8 action=advance-cruise pose=-8078,-2734,6026,5,67,0,63 target=-7912,-2742,6354,251,51,3,30
elapsed=32475 source=04B9 action=contract pose=-5902,-2965,6810,6,74,0,63 target=-8034,-2724,6392,251,51,4,30
elapsed=32475 source=04B9 action=contract pose=-6027,-2952,6785,6,74,0,63 target=-8034,-2724,6392,251,51,4,30
elapsed=32475 source=04B9 action=contract pose=-6152,-2938,6760,6,74,0,63 target=-8034,-2724,6392,251,51,4,30
elapsed=32475 source=04B9 action=face-immediate pose=-6276,-2924,6735,6,74,0,63 target=-8034,-2724,6392,251,51,4,30
elapsed=32475 source=04B9 action=advance-homing pose=-6276,-2924,6735,7,72,0,63 target=-8034,-2724,6392,251,51,4,30
elapsed=32475 source=0672 action=advance-aim pose=-7489,-2775,6309,5,67,0,63 target=-8034,-2724,6392,251,51,4,30
elapsed=32476 source=04F8 action=advance-cruise pose=-8322,-2706,6014,5,67,0,63 target=-8034,-2724,6392,251,51,4,30
elapsed=32480 source=04B9 action=contract pose=-6512,-2884,6695,7,72,0,63 target=-8145,-2708,6420,251,53,8,30
elapsed=32480 source=04B9 action=contract pose=-6637,-2871,6673,7,72,0,63 target=-8145,-2708,6420,251,53,8,30
elapsed=32480 source=04B9 action=contract pose=-6762,-2858,6652,7,72,0,63 target=-8145,-2708,6420,251,53,8,30
elapsed=32480 source=04B9 action=face-immediate pose=-6887,-2845,6631,7,72,0,63 target=-8145,-2708,6420,251,53,8,30
elapsed=32480 source=04B9 action=advance-homing pose=-6887,-2845,6631,6,71,0,63 target=-8145,-2708,6420,251,53,8,30
elapsed=32480 source=0672 action=advance-aim pose=-7733,-2747,6297,5,67,0,63 target=-8145,-2708,6420,251,53,8,30
elapsed=32480 source=0672 action=face-smooth pose=-7977,-2719,6285,5,67,0,63 target=-8145,-2708,6420,251,53,8,30
elapsed=32481 source=04F8 action=advance-cruise pose=-8566,-2678,6002,5,67,0,63 target=-8145,-2708,6420,251,53,8,30
elapsed=32486 source=04B9 action=contract pose=-7123,-2813,6595,6,71,0,63 target=-8247,-2693,6445,251,53,7,30
elapsed=32486 source=04B9 action=contract pose=-7249,-2800,6578,6,71,0,63 target=-8247,-2693,6445,251,53,7,30
elapsed=32486 source=04B9 action=contract pose=-7375,-2787,6561,6,71,0,63 target=-8247,-2693,6445,251,53,7,30
elapsed=32486 source=04B9 action=face-immediate pose=-7501,-2774,6544,6,71,0,63 target=-8247,-2693,6445,251,53,7,30
elapsed=32486 source=04B9 action=advance-homing pose=-7501,-2774,6544,7,70,0,63 target=-8247,-2693,6445,251,53,7,30
elapsed=32486 source=0672 action=advance-aim pose=-7977,-2719,6285,4,60,0,63 target=-8247,-2693,6445,251,53,7,30
elapsed=32486 source=04F8 action=advance-cruise pose=-8810,-2650,5990,5,67,0,63 target=-8247,-2693,6445,251,53,7,30
elapsed=32492 source=04B9 action=face-immediate pose=-7737,-2734,6516,7,70,0,63 target=-8337,-2670,6468,251,53,6,30
elapsed=32492 source=04B9 action=set-cruise-speed pose=-7737,-2734,6516,7,68,0,63 target=-8337,-2670,6468,251,53,6,30
elapsed=32492 source=04B9 action=advance-aim pose=-7737,-2734,6516,7,68,0,63 target=-8337,-2670,6468,251,53,6,30
elapsed=32492 source=04B9 action=face-smooth pose=-7977,-2694,6500,7,68,0,63 target=-8337,-2670,6468,251,53,6,30
elapsed=32492 source=0672 action=advance-aim pose=-8221,-2699,6301,4,60,0,63 target=-8337,-2670,6468,251,53,6,30
elapsed=32492 source=04F8 action=advance-cruise pose=-9054,-2622,5978,5,67,0,63 target=-8337,-2670,6468,251,53,6,30
elapsed=32497 source=04B9 action=advance-aim pose=-7977,-2694,6500,6,68,0,63 target=-8419,-2642,6489,251,53,4,30
elapsed=32497 source=0672 action=advance-cruise pose=-8465,-2679,6317,4,60,0,63 target=-8419,-2642,6489,251,53,4,30
elapsed=32497 source=04F8 action=advance-cruise pose=-9298,-2594,5966,5,67,0,63 target=-8419,-2642,6489,251,53,4,30
elapsed=32502 source=04B9 action=advance-aim pose=-8217,-2662,6484,6,68,0,63 target=-8492,-2609,6507,252,53,3,30
elapsed=32502 source=0672 action=advance-cruise pose=-8709,-2659,6333,4,60,0,63 target=-8492,-2609,6507,252,53,3,30
elapsed=32502 source=04F8 action=advance-cruise pose=-9542,-2566,5954,5,67,0,63 target=-8492,-2609,6507,252,53,3,30
elapsed=32507 source=04B9 action=advance-aim pose=-8457,-2630,6468,6,68,0,63 target=-8556,-2574,6523,254,53,2,30
elapsed=32507 source=0672 action=advance-cruise pose=-8953,-2639,6349,4,60,0,63 target=-8556,-2574,6523,254,53,2,30
elapsed=32507 source=04F8 action=advance-cruise pose=-9786,-2538,5942,5,67,0,63 target=-8556,-2574,6523,254,53,2,30
elapsed=32512 source=04B9 action=advance-cruise pose=-8697,-2598,6452,6,68,0,63 target=-8612,-2538,6537,1,53,2,30
elapsed=32512 source=0672 action=advance-cruise pose=-9197,-2619,6365,4,60,0,63 target=-8612,-2538,6537,1,53,2,30
elapsed=32512 source=04F8 action=advance-cruise pose=-10030,-2510,5930,5,67,0,63 target=-8612,-2538,6537,1,53,2,30
elapsed=32517 source=04B9 action=advance-cruise pose=-8937,-2566,6436,6,68,0,63 target=-8663,-2502,6549,3,53,1,30
elapsed=32518 source=0672 action=advance-cruise pose=-9441,-2599,6381,4,60,0,63 target=-8663,-2502,6549,3,53,1,30
elapsed=32518 source=04F8 action=advance-cruise pose=-10274,-2482,5918,5,67,0,63 target=-8663,-2502,6549,3,53,1,30
elapsed=32523 source=04B9 action=advance-cruise pose=-9177,-2534,6420,6,68,0,63 target=-8710,-2466,6560,6,53,0,30
elapsed=32523 source=0672 action=advance-cruise pose=-9685,-2579,6397,4,60,0,63 target=-8710,-2466,6560,6,53,0,30
elapsed=32523 source=04F8 action=advance-cruise pose=-10518,-2454,5906,5,67,0,63 target=-8710,-2466,6560,6,53,0,30
elapsed=32529 source=04B9 action=advance-cruise pose=-9417,-2502,6404,6,68,0,63 target=-8752,-2430,6570,8,53,255,30
elapsed=32529 source=0672 action=advance-cruise pose=-9929,-2559,6413,4,60,0,63 target=-8752,-2430,6570,8,53,255,30
elapsed=32529 source=04F8 action=advance-cruise pose=-10762,-2426,5894,5,67,0,63 target=-8752,-2430,6570,8,53,255,30
elapsed=32534 source=04B9 action=advance-cruise pose=-9657,-2470,6388,6,68,0,63 target=-8790,-2394,6582,11,50,251,30
elapsed=32534 source=0672 action=advance-cruise pose=-10173,-2539,6429,4,60,0,63 target=-8790,-2394,6582,11,50,251,30
elapsed=32534 source=04F8 action=advance-cruise pose=-11006,-2398,5882,5,67,0,63 target=-8790,-2394,6582,11,50,251,30
elapsed=32540 source=04B9 action=advance-cruise pose=-9897,-2438,6372,6,68,0,63 target=-8822,-2359,6595,13,47,248,29
elapsed=32540 source=0672 action=advance-cruise pose=-10417,-2519,6445,4,60,0,63 target=-8822,-2359,6595,13,47,248,29
elapsed=32546 source=04B9 action=advance-cruise pose=-10137,-2406,6356,6,68,0,63 target=-8850,-2325,6610,16,43,244,29
elapsed=32546 source=0672 action=advance-cruise pose=-10661,-2499,6461,4,60,0,63 target=-8850,-2325,6610,16,43,244,29
elapsed=32552 source=04B9 action=advance-cruise pose=-10377,-2374,6340,6,68,0,63 target=-8874,-2293,6626,18,40,242,28
elapsed=32552 source=0672 action=advance-cruise pose=-10905,-2479,6477,4,60,0,63 target=-8874,-2293,6626,18,40,242,28
elapsed=32558 source=04B9 action=advance-cruise pose=-10617,-2342,6324,6,68,0,63 target=-8895,-2261,6643,21,36,239,28
elapsed=32558 source=0672 action=advance-cruise pose=-11149,-2459,6493,4,60,0,63 target=-8895,-2261,6643,21,36,239,28
elapsed=32563 source=04B9 action=advance-cruise pose=-10857,-2310,6308,6,68,0,63 target=-8912,-2231,6660,23,32,237,27
elapsed=32563 source=0672 action=advance-cruise pose=-11393,-2439,6509,4,60,0,63 target=-8912,-2231,6660,23,32,237,27
elapsed=32568 source=04B9 action=advance-cruise pose=-11097,-2278,6292,6,68,0,63 target=-8927,-2201,6678,26,28,236,27
elapsed=32568 source=0672 action=advance-cruise pose=-11637,-2419,6525,4,60,0,63 target=-8927,-2201,6678,26,28,236,27
elapsed=32572 source=04B9 action=advance-cruise pose=-11337,-2246,6276,6,68,0,63 target=-8938,-2173,6697,28,23,235,26
elapsed=32573 source=0672 action=advance-cruise pose=-11881,-2399,6541,4,60,0,63 target=-8938,-2173,6697,28,23,235,26
elapsed=32577 source=04B9 action=advance-cruise pose=-11577,-2214,6260,6,68,0,63 target=-8947,-2145,6716,31,19,235,26
elapsed=32582 source=04B9 action=advance-cruise pose=-11817,-2182,6244,6,68,0,63 target=-8953,-2118,6736,33,15,234,25
elapsed=32587 source=04B9 action=advance-cruise pose=-12057,-2150,6228,6,68,0,63 target=-8957,-2092,6755,36,10,234,25
