# Compact neutral-input oracle evidence for recurring-attacker projectiles.
# Raw source SHA-256: e3f19c2be3acf26df58c13b261ad35fb3ccd2b802016e1c6750deb7202fa01ac
# certified_retail_frames=0..1968
retail_frame=0 player=7700,-2881,2498,0,66,0,23 projectiles=-
retail_frame=4 player=7700,-2881,2498,0,66,0,23 projectiles=-
retail_frame=8 player=7700,-2881,2498,0,66,0,23 projectiles=-
retail_frame=12 player=7700,-2881,2498,0,66,0,23 projectiles=-
retail_frame=16 player=7700,-2881,2498,0,66,0,23 projectiles=-
retail_frame=20 player=7700,-2881,2498,0,66,0,23 projectiles=-
retail_frame=24 player=7700,-2881,2498,0,66,0,23 projectiles=-
retail_frame=28 player=7700,-2881,2498,0,66,0,23 projectiles=-
retail_frame=32 player=7700,-2881,2498,0,66,0,23 projectiles=-
retail_frame=36 player=7700,-2881,2498,0,66,0,23 projectiles=-
retail_frame=40 player=7700,-2881,2498,0,66,0,23 projectiles=-
retail_frame=44 player=7700,-2881,2498,0,66,0,23 projectiles=-
retail_frame=48 player=22,0,137,0,64,0,0 projectiles=-
retail_frame=52 player=22,0,137,0,64,0,0 projectiles=-
retail_frame=56 player=22,0,137,0,64,0,0 projectiles=-
retail_frame=60 player=22,0,137,0,64,0,0 projectiles=-
retail_frame=64 player=22,0,137,0,64,0,0 projectiles=-
retail_frame=68 player=22,0,137,0,64,0,0 projectiles=-
retail_frame=72 player=22,0,137,0,64,0,0 projectiles=-
retail_frame=76 player=22,0,137,0,64,0,0 projectiles=-
retail_frame=80 player=22,0,137,0,64,0,0 projectiles=-
retail_frame=84 player=22,0,137,0,64,0,0 projectiles=-
retail_frame=88 player=22,0,137,0,64,0,0 projectiles=-
retail_frame=92 player=22,0,137,0,64,0,0 projectiles=-
retail_frame=96 player=22,0,137,0,64,0,0 projectiles=-
retail_frame=100 player=22,0,137,0,64,0,0 projectiles=-
retail_frame=104 player=22,0,137,0,64,0,0 projectiles=-
retail_frame=108 player=22,0,137,0,64,0,0 projectiles=-
retail_frame=112 player=22,0,137,0,64,0,0 projectiles=-
retail_frame=116 player=22,0,137,0,64,0,0 projectiles=-
retail_frame=120 player=22,0,137,0,64,0,0 projectiles=-
retail_frame=124 player=22,0,137,0,64,0,0 projectiles=-
retail_frame=128 player=22,0,137,0,64,0,0 projectiles=-
retail_frame=132 player=22,0,137,0,64,0,0 projectiles=-
retail_frame=136 player=22,0,137,0,64,0,0 projectiles=-
retail_frame=140 player=22,0,137,0,64,0,0 projectiles=-
retail_frame=144 player=22,0,137,0,64,0,0 projectiles=-
retail_frame=148 player=22,0,137,0,64,0,0 projectiles=-
retail_frame=152 player=22,0,137,0,64,0,0 projectiles=-
retail_frame=156 player=22,0,137,0,64,0,0 projectiles=-
retail_frame=160 player=22,0,137,0,64,0,0 projectiles=-
retail_frame=164 player=22,0,137,0,64,0,0 projectiles=-
retail_frame=168 player=22,0,137,0,64,0,0 projectiles=-
retail_frame=172 player=22,0,137,0,64,0,0 projectiles=-
retail_frame=176 player=22,0,137,0,64,0,0 projectiles=-
retail_frame=180 player=22,0,137,0,64,0,0 projectiles=-
retail_frame=184 player=22,0,137,0,64,0,0 projectiles=-
retail_frame=188 player=22,0,137,0,64,0,0 projectiles=-
retail_frame=192 player=22,0,137,0,64,0,0 projectiles=-
retail_frame=196 player=22,0,137,0,64,0,0 projectiles=-
retail_frame=200 player=22,0,137,0,64,0,0 projectiles=-
retail_frame=204 player=22,0,137,0,64,0,0 projectiles=-
retail_frame=208 player=22,0,137,0,64,0,0 projectiles=-
retail_frame=212 player=22,0,137,0,64,0,0 projectiles=-
retail_frame=216 player=22,0,137,0,64,0,0 projectiles=-
retail_frame=220 player=22,0,137,0,64,0,0 projectiles=-
retail_frame=224 player=22,0,137,0,64,0,0 projectiles=-
retail_frame=228 player=22,0,137,0,64,0,0 projectiles=-
retail_frame=232 player=22,0,137,0,64,0,0 projectiles=-
retail_frame=236 player=22,0,137,0,64,0,0 projectiles=-
retail_frame=240 player=22,0,137,0,64,0,0 projectiles=-
retail_frame=244 player=0,0,0,0,0,0,0 projectiles=-
retail_frame=248 player=3403,1842,1134,0,22,40,0 projectiles=-
retail_frame=252 player=3571,2053,1168,0,28,40,0 projectiles=-
retail_frame=256 player=3704,2236,1197,0,34,40,0 projectiles=-
retail_frame=260 player=3808,2394,1220,0,40,40,0 projectiles=-
retail_frame=264 player=3888,2529,1239,0,46,40,0 projectiles=-
retail_frame=268 player=3946,2645,1253,0,52,40,0 projectiles=-
retail_frame=272 player=3987,2745,1263,0,58,40,0 projectiles=-
retail_frame=276 player=4018,2829,1267,0,64,74,0 projectiles=-
retail_frame=280 player=4041,2901,1272,0,64,104,0 projectiles=-
retail_frame=284 player=4057,2962,1277,0,64,131,0 projectiles=-
retail_frame=288 player=4066,3012,1283,0,64,155,0 projectiles=-
retail_frame=292 player=4067,3054,1289,0,64,176,0 projectiles=-
retail_frame=296 player=4060,3088,1295,0,64,195,0 projectiles=-
retail_frame=300 player=4050,3115,1301,0,64,212,0 projectiles=-
retail_frame=304 player=4036,3138,1308,0,64,227,0 projectiles=-
retail_frame=308 player=4019,3155,1315,0,64,241,0 projectiles=-
retail_frame=312 player=4001,3168,1321,0,64,254,0 projectiles=-
retail_frame=316 player=3980,3177,1328,0,64,8,2 projectiles=-
retail_frame=320 player=3978,3177,1328,0,64,6,4 projectiles=-
retail_frame=324 player=3974,3177,1328,0,64,5,6 projectiles=-
retail_frame=328 player=3974,3177,1328,0,64,5,6 projectiles=-
retail_frame=332 player=3968,3177,1328,0,64,4,8 projectiles=-
retail_frame=336 player=3961,3177,1328,0,64,3,9 projectiles=-
retail_frame=340 player=3953,3177,1328,0,64,4,10 projectiles=-
retail_frame=344 player=3944,3177,1328,0,64,4,11 projectiles=-
retail_frame=348 player=3934,3177,1328,0,64,4,12 projectiles=-
retail_frame=352 player=3934,3177,1328,0,64,4,12 projectiles=-
retail_frame=356 player=3923,3177,1328,0,64,4,13 projectiles=-
retail_frame=360 player=3911,3177,1328,0,64,3,14 projectiles=-
retail_frame=364 player=3898,3177,1328,0,64,3,15 projectiles=-
retail_frame=368 player=3884,3177,1328,0,64,2,16 projectiles=-
retail_frame=372 player=3869,3177,1328,0,64,2,17 projectiles=-
retail_frame=376 player=3853,3177,1328,0,64,1,18 projectiles=-
retail_frame=380 player=3836,3177,1328,0,64,0,19 projectiles=-
retail_frame=384 player=3818,3177,1328,0,64,255,20 projectiles=-
retail_frame=388 player=3818,3177,1328,0,64,255,20 projectiles=-
retail_frame=392 player=3799,3177,1328,0,64,254,21 projectiles=-
retail_frame=396 player=3779,3177,1328,0,64,254,22 projectiles=-
retail_frame=400 player=3758,3177,1328,0,64,253,23 projectiles=-
retail_frame=404 player=3737,3177,1328,0,64,253,23 projectiles=-
retail_frame=408 player=3716,3177,1328,0,64,252,23 projectiles=-
retail_frame=412 player=3695,3177,1328,0,64,252,23 projectiles=-
retail_frame=416 player=3674,3177,1328,0,64,252,23 projectiles=-
retail_frame=420 player=3653,3177,1328,0,64,252,23 projectiles=-
retail_frame=424 player=3653,3177,1328,0,64,252,23 projectiles=-
retail_frame=428 player=3632,3177,1328,0,64,253,23 projectiles=-
retail_frame=432 player=3611,3177,1328,0,64,253,23 projectiles=-
retail_frame=436 player=3590,3177,1328,0,64,254,23 projectiles=-
retail_frame=440 player=3569,3177,1328,0,64,254,23 projectiles=-
retail_frame=444 player=3548,3177,1328,0,64,255,23 projectiles=-
retail_frame=448 player=3527,3177,1328,0,64,0,23 projectiles=-
retail_frame=452 player=3506,3177,1328,0,64,1,23 projectiles=-
retail_frame=456 player=3506,3177,1328,0,64,1,23 projectiles=-
retail_frame=460 player=3485,3177,1328,0,64,2,23 projectiles=-
retail_frame=464 player=3464,3177,1328,0,64,2,23 projectiles=-
retail_frame=468 player=3443,3177,1328,0,64,3,23 projectiles=-
retail_frame=472 player=3422,3177,1328,0,64,3,23 projectiles=-
retail_frame=476 player=3401,3177,1328,0,64,4,23 projectiles=-
retail_frame=480 player=3380,3177,1328,0,64,4,23 projectiles=-
retail_frame=484 player=3359,3177,1328,0,64,4,23 projectiles=-
retail_frame=488 player=3359,3177,1328,0,64,4,23 projectiles=-
retail_frame=492 player=3338,3177,1328,0,64,4,23 projectiles=-
retail_frame=496 player=3317,3177,1328,0,64,3,23 projectiles=-
retail_frame=500 player=3296,3177,1328,0,64,3,23 projectiles=-
retail_frame=504 player=3275,3177,1328,0,64,2,23 projectiles=-
retail_frame=508 player=3254,3177,1328,0,64,2,23 projectiles=-
retail_frame=512 player=3233,3177,1328,0,64,1,23 projectiles=-
retail_frame=516 player=3233,3177,1328,0,64,1,23 projectiles=-
retail_frame=520 player=3212,3177,1328,0,64,0,23 projectiles=-
retail_frame=524 player=3191,3177,1328,0,64,255,23 projectiles=-
retail_frame=528 player=3170,3177,1328,0,64,254,23 projectiles=-
retail_frame=532 player=3149,3177,1328,0,64,254,23 projectiles=-
retail_frame=536 player=3128,3177,1328,0,64,253,23 projectiles=-
retail_frame=540 player=3107,3177,1328,0,64,253,23 projectiles=-
retail_frame=544 player=3086,3177,1328,0,64,252,23 projectiles=-
retail_frame=548 player=3086,3177,1328,0,64,252,23 projectiles=-
retail_frame=552 player=3065,3177,1328,0,64,252,23 projectiles=-
retail_frame=556 player=3044,3177,1328,0,64,252,23 projectiles=-
retail_frame=560 player=3023,3177,1328,0,64,252,23 projectiles=-
retail_frame=564 player=3002,3177,1328,0,64,253,23 projectiles=-
retail_frame=568 player=2981,3177,1328,0,64,253,23 projectiles=-
retail_frame=572 player=2960,3177,1328,0,64,254,23 projectiles=-
retail_frame=576 player=2960,3177,1328,0,64,254,23 projectiles=-
retail_frame=580 player=2939,3177,1328,0,64,254,23 projectiles=-
retail_frame=584 player=2918,3177,1328,0,64,255,23 projectiles=-
retail_frame=588 player=2897,3177,1328,0,64,0,23 projectiles=-
retail_frame=592 player=2876,3177,1328,0,64,1,23 projectiles=-
retail_frame=596 player=2855,3177,1328,0,64,2,23 projectiles=-
retail_frame=600 player=2834,3177,1328,0,64,2,23 projectiles=-
retail_frame=604 player=2834,3177,1328,0,64,2,23 projectiles=-
retail_frame=608 player=2813,3177,1328,0,64,3,23 projectiles=-
retail_frame=612 player=2792,3177,1328,0,64,3,23 projectiles=-
retail_frame=616 player=2771,3177,1328,0,64,4,23 projectiles=-
retail_frame=620 player=2750,3177,1328,0,64,4,23 projectiles=-
retail_frame=624 player=2729,3177,1328,0,64,4,23 projectiles=-
retail_frame=628 player=2729,3177,1328,0,64,4,23 projectiles=-
retail_frame=632 player=2708,3177,1328,0,64,4,23 projectiles=-
retail_frame=636 player=2687,3177,1328,0,64,3,23 projectiles=-
retail_frame=640 player=2666,3177,1328,0,64,3,23 projectiles=-
retail_frame=644 player=2645,3177,1328,0,64,2,23 projectiles=-
retail_frame=648 player=2624,3177,1328,0,64,2,23 projectiles=-
retail_frame=652 player=2603,3177,1328,0,64,1,23 projectiles=-
retail_frame=656 player=2582,3177,1328,0,64,0,23 projectiles=-
retail_frame=660 player=2561,3177,1328,0,64,255,23 projectiles=-
retail_frame=664 player=2540,3177,1328,0,64,254,23 projectiles=-
retail_frame=668 player=2519,3177,1328,0,64,254,23 projectiles=-
retail_frame=672 player=2519,3177,1328,0,64,254,23 projectiles=-
retail_frame=676 player=2498,3177,1328,0,64,253,23 projectiles=-
retail_frame=680 player=2477,3177,1328,0,64,253,23 projectiles=-
retail_frame=684 player=2456,3177,1328,0,64,252,23 projectiles=-
retail_frame=688 player=2435,3177,1328,0,64,252,23 projectiles=-
retail_frame=692 player=2414,3177,1328,0,64,252,23 projectiles=-
retail_frame=696 player=2393,3177,1328,0,64,252,23 projectiles=-
retail_frame=700 player=2372,3177,1328,0,64,253,23 projectiles=-
retail_frame=704 player=2351,3177,1328,0,64,253,23 projectiles=-
retail_frame=708 player=2330,3177,1328,0,64,254,23 projectiles=-
retail_frame=712 player=2309,3177,1328,0,64,254,23 projectiles=-
retail_frame=716 player=2309,3177,1328,0,64,254,23 projectiles=-
retail_frame=720 player=2288,3177,1328,0,64,255,23 projectiles=-
retail_frame=724 player=2267,3177,1328,0,64,0,23 projectiles=-
retail_frame=728 player=2246,3177,1328,0,64,1,23 projectiles=-
retail_frame=732 player=2225,3177,1328,0,64,2,23 projectiles=-
retail_frame=736 player=2204,3177,1328,0,64,2,23 projectiles=-
retail_frame=740 player=2183,3177,1328,0,64,3,23 projectiles=-
retail_frame=744 player=2162,3177,1328,0,64,3,23 projectiles=-
retail_frame=748 player=2141,3177,1328,0,64,4,23 projectiles=-
retail_frame=752 player=2141,3177,1328,0,64,4,23 projectiles=-
retail_frame=756 player=2120,3177,1328,0,64,4,23 projectiles=-
retail_frame=760 player=2099,3177,1328,0,64,4,23 projectiles=-
retail_frame=764 player=2078,3177,1328,0,64,4,23 projectiles=-
retail_frame=768 player=2057,3177,1328,0,64,3,23 projectiles=-
retail_frame=772 player=2036,3177,1328,0,64,3,23 projectiles=-
retail_frame=776 player=2015,3177,1328,0,64,2,23 projectiles=-
retail_frame=780 player=1994,3177,1328,0,64,2,23 projectiles=-
retail_frame=784 player=1973,3177,1328,0,64,1,23 projectiles=-
retail_frame=788 player=1973,3177,1328,0,64,1,23 projectiles=-
retail_frame=792 player=1952,3177,1328,0,64,0,23 projectiles=-
retail_frame=796 player=1931,3177,1328,0,64,255,23 projectiles=-
retail_frame=800 player=1910,3177,1328,0,64,254,23 projectiles=-
retail_frame=804 player=1889,3177,1328,0,64,254,23 projectiles=-
retail_frame=808 player=1868,3177,1328,0,64,253,23 projectiles=-
retail_frame=812 player=1847,3177,1328,0,64,253,23 projectiles=-
retail_frame=816 player=1826,3177,1328,0,64,252,23 projectiles=-
retail_frame=820 player=1805,3177,1328,0,64,252,23 projectiles=-
retail_frame=824 player=1805,3177,1328,0,64,252,23 projectiles=-
retail_frame=828 player=1784,3177,1328,0,64,252,23 projectiles=-
retail_frame=832 player=1763,3177,1328,0,64,252,23 projectiles=-
retail_frame=836 player=1742,3177,1328,0,64,253,23 projectiles=-
retail_frame=840 player=1721,3177,1328,0,64,253,23 projectiles=-
retail_frame=844 player=1700,3177,1328,0,64,254,23 projectiles=-
retail_frame=848 player=1679,3177,1328,0,64,254,23 projectiles=-
retail_frame=852 player=1658,3177,1328,0,64,255,23 projectiles=-
retail_frame=856 player=1637,3177,1328,0,64,0,23 projectiles=-
retail_frame=860 player=1616,3177,1328,0,64,1,23 projectiles=-
retail_frame=864 player=1595,3177,1328,0,64,2,23 projectiles=-
retail_frame=868 player=1595,3177,1328,0,64,2,23 projectiles=-
retail_frame=872 player=1574,3177,1328,0,64,2,23 projectiles=-
retail_frame=876 player=1553,3177,1328,0,64,3,23 projectiles=-
retail_frame=880 player=1532,3177,1328,0,64,3,23 projectiles=-
retail_frame=884 player=1511,3177,1328,0,64,4,23 projectiles=-
retail_frame=888 player=1490,3177,1328,0,64,4,23 projectiles=-
retail_frame=892 player=1469,3177,1328,0,64,4,23 projectiles=-
retail_frame=896 player=1448,3177,1328,0,64,4,23 projectiles=-
retail_frame=900 player=1448,3177,1328,0,64,4,23 projectiles=-
retail_frame=904 player=1427,3177,1328,0,64,3,23 projectiles=-
retail_frame=908 player=1406,3177,1328,0,64,3,23 projectiles=-
retail_frame=912 player=1385,3177,1328,0,64,2,23 projectiles=-
retail_frame=916 player=1364,3177,1328,0,64,2,23 projectiles=-
retail_frame=920 player=1343,3177,1328,0,64,1,23 projectiles=-
retail_frame=924 player=1322,3177,1328,0,64,0,23 projectiles=-
retail_frame=928 player=1301,3177,1328,0,64,255,23 projectiles=-
retail_frame=932 player=1301,3177,1328,0,64,254,23 projectiles=-
retail_frame=936 player=1280,3177,1328,0,64,254,23 projectiles=-
retail_frame=940 player=1259,3177,1328,0,64,254,23 projectiles=-
retail_frame=944 player=1238,3177,1328,0,64,253,23 projectiles=-
retail_frame=948 player=1217,3177,1328,0,64,253,23 projectiles=-
retail_frame=952 player=1196,3177,1328,0,64,252,23 projectiles=-
retail_frame=956 player=1175,3177,1328,0,64,252,23 projectiles=-
retail_frame=960 player=1154,3177,1328,0,64,252,23 projectiles=-
retail_frame=964 player=1133,3177,1328,0,64,252,23 projectiles=-
retail_frame=968 player=1112,3177,1328,0,64,253,23 projectiles=-
retail_frame=972 player=1112,3177,1328,0,64,253,23 projectiles=-
retail_frame=976 player=1091,3177,1328,0,64,253,23 projectiles=-
retail_frame=980 player=1070,3177,1328,0,64,254,23 projectiles=-
retail_frame=984 player=1049,3177,1328,0,64,254,23 projectiles=-
retail_frame=988 player=1028,3177,1328,0,64,255,23 projectiles=-
retail_frame=992 player=1007,3177,1328,0,64,0,23 projectiles=-
retail_frame=996 player=986,3177,1328,0,64,1,23 projectiles=-
retail_frame=1000 player=965,3177,1328,0,64,2,23 projectiles=-
retail_frame=1004 player=944,3177,1328,0,64,2,23 projectiles=-
retail_frame=1008 player=944,3177,1328,0,64,2,23 projectiles=-
retail_frame=1012 player=923,3177,1328,0,64,3,23 projectiles=-
retail_frame=1016 player=902,3177,1328,0,64,3,23 projectiles=-
retail_frame=1020 player=881,3177,1328,0,64,4,23 projectiles=-
retail_frame=1024 player=860,3177,1328,0,64,4,23 projectiles=-
retail_frame=1028 player=839,3177,1328,0,64,4,23 projectiles=-
retail_frame=1032 player=818,3177,1328,0,64,4,23 projectiles=-
retail_frame=1036 player=797,3177,1328,0,64,3,23 projectiles=-
retail_frame=1040 player=797,3177,1328,0,64,3,23 projectiles=-
retail_frame=1044 player=776,3177,1328,0,64,3,23 projectiles=-
retail_frame=1048 player=755,3177,1328,0,64,2,23 projectiles=-
retail_frame=1052 player=734,3177,1328,0,64,2,23 projectiles=-
retail_frame=1056 player=713,3177,1328,0,64,1,23 projectiles=-
retail_frame=1060 player=692,3177,1328,0,64,0,23 projectiles=-
retail_frame=1064 player=671,3177,1328,0,64,255,23 projectiles=-
retail_frame=1068 player=650,3177,1328,0,64,254,23 projectiles=-
retail_frame=1072 player=629,3177,1328,0,64,254,23 projectiles=-
retail_frame=1076 player=629,3177,1328,0,64,254,23 projectiles=-
retail_frame=1080 player=608,3177,1328,0,64,253,23 projectiles=-
retail_frame=1084 player=587,3177,1328,0,64,253,23 projectiles=-
retail_frame=1088 player=566,3177,1328,0,64,252,23 projectiles=-
retail_frame=1092 player=545,3177,1328,0,64,252,23 projectiles=-
retail_frame=1096 player=524,3177,1328,0,64,252,23 projectiles=-
retail_frame=1100 player=503,3177,1328,0,64,252,23 projectiles=-
retail_frame=1104 player=482,3177,1328,0,64,253,23 projectiles=-
retail_frame=1108 player=461,3177,1328,0,64,253,23 projectiles=-
retail_frame=1112 player=440,3177,1328,0,64,254,23 projectiles=-
retail_frame=1116 player=440,3177,1328,0,64,254,23 projectiles=-
retail_frame=1120 player=419,3177,1328,0,64,254,23 projectiles=-
retail_frame=1124 player=398,3177,1328,0,64,255,23 projectiles=-
retail_frame=1128 player=377,3177,1328,0,64,0,23 projectiles=-
retail_frame=1132 player=356,3177,1328,0,64,1,23 projectiles=-
retail_frame=1136 player=335,3177,1328,0,64,2,23 projectiles=-
retail_frame=1140 player=314,3177,1328,0,64,2,23 projectiles=-
retail_frame=1144 player=293,3177,1328,0,64,3,23 projectiles=-
retail_frame=1148 player=272,3177,1328,0,64,3,23 projectiles=-
retail_frame=1152 player=251,3177,1328,0,64,4,23 projectiles=-
retail_frame=1156 player=251,3177,1328,0,64,4,23 projectiles=-
retail_frame=1160 player=230,3177,1328,0,64,4,23 projectiles=047A,3509,76,5237,30,100,0,63
retail_frame=1164 player=209,3177,1328,0,64,4,23 projectiles=047A,3180,431,4841,29,100,0,63
retail_frame=1168 player=188,3177,1328,0,64,4,23 projectiles=047A,3180,431,4841,29,100,0,63
retail_frame=1172 player=167,3177,1328,0,64,3,23 projectiles=047A,2849,786,4445,29,100,0,63
retail_frame=1176 player=167,3177,1328,0,64,3,23 projectiles=047A,2517,1135,4049,29,100,0,63
retail_frame=1180 player=146,3177,1328,0,64,3,23 projectiles=047A,2178,1477,3657,28,99,0,63
retail_frame=1184 player=125,3177,1328,0,64,2,23 projectiles=047A,1832,1812,3261,27,99,0,63
retail_frame=1188 player=104,3177,1328,0,64,2,23 projectiles=047A,1832,1812,3261,27,99,0,63
retail_frame=1192 player=83,3177,1328,0,64,1,23 projectiles=047A,1481,2141,2865,27,99,0,63
retail_frame=1196 player=83,3177,1328,0,64,1,23 projectiles=047A,1122,2453,2466,26,98,0,63
retail_frame=1200 player=62,3177,1328,0,64,0,23 projectiles=047A,753,2748,2063,24,98,0,63
retail_frame=1204 player=41,3177,1328,0,64,255,23 projectiles=047A,367,3019,1660,22,97,0,63
retail_frame=1208 player=20,3177,1328,0,64,254,23 projectiles=047A,211,3123,1512,17,96,0,63
retail_frame=1212 player=-1,3177,1328,0,64,254,23 projectiles=047A,211,3123,1512,17,96,0,63
retail_frame=1216 player=-22,3177,1328,0,64,253,23 projectiles=047A,59,3223,1360,17,96,0,63
retail_frame=1220 player=-22,3177,1328,0,64,253,23 projectiles=047A,-93,3323,1208,17,96,0,63
retail_frame=1224 player=-43,3177,1328,0,64,253,23 projectiles=047A,-245,3423,1056,17,96,0,63
retail_frame=1228 player=-64,3177,1328,0,64,252,23 projectiles=047A,-397,3523,904,17,96,0,63
retail_frame=1232 player=-85,3177,1328,0,64,252,23 projectiles=047A,-549,3623,752,17,96,0,63
retail_frame=1236 player=-106,3177,1328,0,64,252,23 projectiles=047A,-701,3723,600,17,96,0,63
retail_frame=1240 player=-127,3177,1328,0,64,252,23 projectiles=047A,-701,3723,600,17,96,0,63;04B9,8449,2294,4944,5,81,0,63
retail_frame=1244 player=-127,3177,1328,0,64,252,23 projectiles=047A,-853,3823,448,17,96,0,63;04B9,7871,2356,4698,5,81,0,63
retail_frame=1248 player=-148,3177,1328,0,64,253,23 projectiles=047A,-1005,3923,296,17,96,0,63;04B9,7295,2417,4452,5,81,0,63
retail_frame=1252 player=-169,3177,1328,0,64,253,23 projectiles=047A,-1157,4023,144,17,96,0,63;04B9,6717,2478,4206,5,81,0,63
retail_frame=1256 player=-190,3177,1328,0,64,254,23 projectiles=047A,-1157,4023,144,17,96,0,63;04B9,6717,2478,4206,5,81,0,63
retail_frame=1260 player=-211,3177,1328,0,64,254,23 projectiles=047A,-1309,4123,-8,17,96,0,63;04B9,6139,2539,3971,5,80,0,63
retail_frame=1264 player=-211,3177,1328,0,64,254,23 projectiles=047A,-1461,4223,-160,17,96,0,63;04B9,5561,2600,3736,5,80,0,63
retail_frame=1268 player=-232,3177,1328,0,64,255,23 projectiles=047A,-1613,4323,-312,17,96,0,63;04B9,4983,2661,3501,5,80,0,63
retail_frame=1272 player=-253,3177,1328,0,64,0,23 projectiles=047A,-1765,4423,-464,17,96,0,63;04B9,4405,2722,3266,5,80,0,63
retail_frame=1276 player=-274,3177,1328,0,64,1,23 projectiles=047A,-1917,4523,-616,17,96,0,63;04B9,4405,2722,3266,5,80,0,63
retail_frame=1280 player=-295,3177,1328,0,64,2,23 projectiles=047A,-1917,4523,-616,17,96,0,63;04B9,3827,2783,3031,5,80,0,63
retail_frame=1284 player=-295,3177,1328,0,64,2,23 projectiles=047A,-2069,4623,-768,17,96,0,63;04B9,3249,2844,2796,5,80,0,63
retail_frame=1288 player=-316,3177,1328,0,64,2,23 projectiles=047A,-2221,4723,-920,17,96,0,63;04B9,2671,2902,2561,5,80,0,63
retail_frame=1292 player=-337,3177,1328,0,64,3,23 projectiles=047A,-2373,4823,-1072,17,96,0,63;04B9,2093,2960,2326,5,80,0,63
retail_frame=1296 player=-358,3177,1328,0,64,3,23 projectiles=047A,-2373,4823,-1072,17,96,0,63;04B9,1739,2990,2182,4,80,0,63
retail_frame=1300 player=-379,3177,1328,0,64,4,23 projectiles=04B9,1515,3010,2094,4,80,0,63
retail_frame=1304 player=-400,3177,1328,0,64,4,23 projectiles=04B9,937,3060,1862,4,80,0,63
retail_frame=1308 player=-400,3177,1328,0,64,4,23 projectiles=04B9,359,3110,1632,4,80,0,63
retail_frame=1312 player=-421,3177,1328,0,64,4,23 projectiles=04B9,131,3130,1548,4,79,0,63
retail_frame=1316 player=-442,3177,1328,0,64,4,23 projectiles=047A,3883,1000,3729,23,85,0,63;04B9,-97,3150,1464,4,79,0,63
retail_frame=1320 player=-463,3177,1328,0,64,3,23 projectiles=047A,3883,1000,3729,23,85,0,63;04B9,-97,3150,1464,4,80,0,63
retail_frame=1324 player=-463,3177,1328,0,64,3,23 projectiles=047A,3395,1281,3458,23,85,0,63;04B9,-321,3170,1376,4,80,0,63
retail_frame=1328 player=-484,3177,1328,0,64,3,23 projectiles=047A,2906,1558,3187,23,85,0,63;04B9,-545,3190,1288,4,80,0,63
retail_frame=1332 player=-505,3177,1328,0,64,2,23 projectiles=047A,2414,1826,2916,22,85,0,63;04B9,-769,3210,1200,4,80,0,63
retail_frame=1336 player=-526,3177,1328,0,64,2,23 projectiles=047A,2414,1826,2916,22,85,0,63;04B9,-769,3210,1200,4,80,0,63
retail_frame=1340 player=-547,3177,1328,0,64,1,23 projectiles=047A,1922,2091,2645,22,85,0,63;04B9,-993,3230,1112,4,80,0,63
retail_frame=1344 player=-568,3177,1328,0,64,0,23 projectiles=047A,1419,2348,2381,21,84,0,63;04B9,-1217,3250,1024,4,80,0,63
retail_frame=1348 player=-568,3177,1328,0,64,0,23 projectiles=047A,909,2595,2113,20,84,0,63;04B9,-1441,3270,936,4,80,0,63
retail_frame=1352 player=-589,3177,1328,0,64,255,23 projectiles=047A,396,2830,1845,19,84,0,63;04B9,-1665,3290,848,4,80,0,63
retail_frame=1356 player=-610,3177,1328,0,64,254,23 projectiles=047A,-127,3041,1573,17,84,0,63;04B9,-1889,3310,760,4,80,0,63
retail_frame=1360 player=-631,3177,1328,0,64,254,23 projectiles=047A,-127,3041,1573,17,84,0,63;04B9,-1889,3310,760,4,80,0,63
retail_frame=1364 player=-652,3177,1328,0,64,253,23 projectiles=047A,-331,3121,1469,14,83,0,63;04B9,-2113,3330,672,4,80,0,63
retail_frame=1368 player=-673,3177,1328,0,64,253,23 projectiles=047A,-535,3201,1365,8,82,0,63;04B9,-2337,3350,584,4,80,0,63
retail_frame=1372 player=-673,3177,1328,0,64,253,23 projectiles=047A,-751,3245,1265,8,82,0,63;04B9,-2561,3370,496,4,80,0,63
retail_frame=1376 player=-694,3177,1328,0,64,252,23 projectiles=047A,-967,3289,1165,8,82,0,63;04B9,-2785,3390,408,4,80,0,63
retail_frame=1380 player=-715,3177,1328,0,64,252,23 projectiles=047A,-1183,3333,1065,8,82,0,63;04B9,-3009,3410,320,4,80,0,63
retail_frame=1384 player=-736,3177,1328,0,64,252,23 projectiles=047A,-1183,3333,1065,8,82,0,63;04B9,-3009,3410,320,4,80,0,63
retail_frame=1388 player=-757,3177,1328,0,64,252,23 projectiles=047A,-1399,3377,965,8,82,0,63;04B9,-3233,3430,232,4,80,0,63
retail_frame=1392 player=-778,3177,1328,0,64,253,23 projectiles=047A,-1615,3421,865,8,82,0,63;04B9,-3457,3450,144,4,80,0,63
retail_frame=1396 player=-799,3177,1328,0,64,253,23 projectiles=047A,-1831,3465,765,8,82,0,63;04B9,-3681,3470,56,4,80,0,63
retail_frame=1400 player=-799,3177,1328,0,64,253,23 projectiles=047A,-2047,3509,665,8,82,0,63;04B9,-3905,3490,-32,4,80,0,63
retail_frame=1404 player=-820,3177,1328,0,64,254,23 projectiles=047A,-2263,3553,565,8,82,0,63
retail_frame=1408 player=-841,3177,1328,0,64,254,23 projectiles=047A,-2479,3597,465,8,82,0,63
retail_frame=1412 player=-862,3177,1328,0,64,255,23 projectiles=047A,-2695,3641,365,8,82,0,63
retail_frame=1416 player=-883,3177,1328,0,64,0,23 projectiles=047A,-2695,3641,365,8,82,0,63
retail_frame=1420 player=-904,3177,1328,0,64,1,23 projectiles=047A,-2911,3685,265,8,82,0,63
retail_frame=1424 player=-925,3177,1328,0,64,2,23 projectiles=047A,-3127,3729,165,8,82,0,63
retail_frame=1428 player=-946,3177,1328,0,64,2,23 projectiles=047A,-3343,3773,65,8,82,0,63
retail_frame=1432 player=-967,3177,1328,0,64,3,23 projectiles=047A,-3559,3817,-35,8,82,0,63
retail_frame=1436 player=-967,3177,1328,0,64,3,23 projectiles=047A,-3775,3861,-135,8,82,0,63
retail_frame=1440 player=-988,3177,1328,0,64,3,23 projectiles=047A,-3991,3905,-235,8,82,0,63
retail_frame=1444 player=-1009,3177,1328,0,64,4,23 projectiles=-
retail_frame=1448 player=-1030,3177,1328,0,64,4,23 projectiles=-
retail_frame=1452 player=-1051,3177,1328,0,64,4,23 projectiles=-
retail_frame=1456 player=-1072,3177,1328,0,64,4,23 projectiles=-
retail_frame=1460 player=-1093,3177,1328,0,64,3,23 projectiles=-
retail_frame=1464 player=-1114,3177,1328,0,64,3,23 projectiles=-
retail_frame=1468 player=-1135,3177,1328,0,64,2,23 projectiles=-
retail_frame=1472 player=-1135,3177,1328,0,64,2,23 projectiles=-
retail_frame=1476 player=-1156,3177,1328,0,64,2,23 projectiles=-
retail_frame=1480 player=-1177,3177,1328,0,64,1,23 projectiles=-
retail_frame=1484 player=-1198,3177,1328,0,64,0,23 projectiles=-
retail_frame=1488 player=-1219,3177,1328,0,64,255,23 projectiles=-
retail_frame=1492 player=-1240,3177,1328,0,64,254,23 projectiles=-
retail_frame=1496 player=-1261,3177,1328,0,64,254,23 projectiles=-
retail_frame=1500 player=-1282,3177,1328,0,64,253,23 projectiles=-
retail_frame=1504 player=-1303,3177,1328,0,64,253,23 projectiles=-
retail_frame=1508 player=-1303,3177,1328,0,64,253,23 projectiles=-
retail_frame=1512 player=-1324,3177,1328,0,64,252,23 projectiles=-
retail_frame=1516 player=-1345,3177,1328,0,64,252,23 projectiles=-
retail_frame=1520 player=-1366,3177,1328,0,64,252,23 projectiles=-
retail_frame=1524 player=-1387,3177,1328,0,64,252,23 projectiles=-
retail_frame=1528 player=-1408,3177,1328,0,64,253,23 projectiles=-
retail_frame=1532 player=-1429,3177,1328,0,64,253,23 projectiles=-
retail_frame=1536 player=-1450,3177,1328,0,64,254,23 projectiles=-
retail_frame=1540 player=-1471,3177,1328,0,64,254,23 projectiles=-
retail_frame=1544 player=-1471,3177,1328,0,64,254,23 projectiles=-
retail_frame=1548 player=-1492,3177,1328,0,64,255,23 projectiles=-
retail_frame=1552 player=-1513,3177,1328,0,64,0,23 projectiles=-
retail_frame=1556 player=-1534,3177,1328,0,64,1,23 projectiles=-
retail_frame=1560 player=-1555,3177,1328,0,64,2,23 projectiles=-
retail_frame=1564 player=-1576,3177,1328,0,64,2,23 projectiles=-
retail_frame=1568 player=-1597,3177,1328,0,64,3,23 projectiles=-
retail_frame=1572 player=-1618,3177,1328,0,64,3,23 projectiles=-
retail_frame=1576 player=-1639,3177,1328,0,64,4,23 projectiles=-
retail_frame=1580 player=-1660,3177,1328,0,64,4,23 projectiles=-
retail_frame=1584 player=-1681,3177,1328,0,64,4,23 projectiles=-
retail_frame=1588 player=-1702,3177,1328,0,64,4,23 projectiles=-
retail_frame=1592 player=-1702,3177,1328,0,64,4,23 projectiles=-
retail_frame=1596 player=-1723,3177,1328,0,64,3,23 projectiles=-
retail_frame=1600 player=-1744,3177,1328,0,64,3,23 projectiles=-
retail_frame=1604 player=-1765,3177,1328,0,64,2,23 projectiles=-
retail_frame=1608 player=-1786,3177,1328,0,64,2,23 projectiles=-
retail_frame=1612 player=-1807,3177,1328,0,64,1,23 projectiles=-
retail_frame=1616 player=-1828,3177,1328,0,64,0,23 projectiles=-
retail_frame=1620 player=-1849,3177,1328,0,64,255,23 projectiles=-
retail_frame=1624 player=-1870,3177,1328,0,64,254,23 projectiles=-
retail_frame=1628 player=-1891,3177,1328,0,64,254,23 projectiles=-
retail_frame=1632 player=-1891,3177,1328,0,64,253,23 projectiles=-
retail_frame=1636 player=-1912,3177,1328,0,64,253,23 projectiles=-
retail_frame=1640 player=-1933,3177,1328,0,64,253,23 projectiles=-
retail_frame=1644 player=-1954,3177,1328,0,64,252,23 projectiles=-
retail_frame=1648 player=-1975,3177,1328,0,64,252,23 projectiles=-
retail_frame=1652 player=-1996,3177,1328,0,64,252,23 projectiles=-
retail_frame=1656 player=-2017,3177,1328,0,64,252,23 projectiles=-
retail_frame=1660 player=-2038,3177,1328,0,64,253,23 projectiles=-
retail_frame=1664 player=-2059,3177,1328,0,64,253,23 projectiles=-
retail_frame=1668 player=-2080,3177,1328,0,64,254,23 projectiles=-
retail_frame=1672 player=-2101,3177,1328,0,64,254,23 projectiles=-
retail_frame=1676 player=-2122,3177,1328,0,64,255,23 projectiles=-
retail_frame=1680 player=-2122,3177,1328,0,64,255,23 projectiles=04B9,6069,-172,5546,20,84,0,63
retail_frame=1684 player=-2143,3177,1328,0,64,0,23 projectiles=04B9,5556,73,5281,20,84,0,63
retail_frame=1688 player=-2164,3177,1328,0,64,1,23 projectiles=04B9,5043,311,5016,19,84,0,63
retail_frame=1692 player=-2185,3177,1328,0,64,2,23 projectiles=04B9,4527,549,4751,19,84,0,63
retail_frame=1696 player=-2206,3177,1328,0,64,2,23 projectiles=04B9,4527,549,4751,19,84,0,63
retail_frame=1700 player=-2227,3177,1328,0,64,3,23 projectiles=04B9,4011,784,4486,19,84,0,63
retail_frame=1704 player=-2227,3177,1328,0,64,3,23 projectiles=04B9,3495,1019,4225,19,83,0,63
retail_frame=1708 player=-2248,3177,1328,0,64,3,23 projectiles=04B9,2978,1243,3964,18,83,0,63
retail_frame=1712 player=-2269,3177,1328,0,64,4,23 projectiles=04B9,2459,1464,3703,18,83,0,63
retail_frame=1716 player=-2290,3177,1328,0,64,4,23 projectiles=04B9,1940,1684,3442,18,83,0,63
retail_frame=1720 player=-2311,3177,1328,0,64,4,23 projectiles=04B9,1940,1684,3442,18,83,0,63
retail_frame=1724 player=-2332,3177,1328,0,64,4,23 projectiles=04B9,1417,1898,3178,17,83,0,63
retail_frame=1728 player=-2353,3177,1328,0,64,3,23 projectiles=04B9,891,2109,2916,17,83,0,63
retail_frame=1732 player=-2353,3177,1328,0,64,3,23 projectiles=04B9,361,2307,2654,16,83,0,63
retail_frame=1736 player=-2374,3177,1328,0,64,3,23 projectiles=04B9,-172,2503,2392,16,83,0,63
retail_frame=1740 player=-2395,3177,1328,0,64,2,23 projectiles=04B9,-705,2690,2132,15,83,0,63
retail_frame=1744 player=-2416,3177,1328,0,64,2,23 projectiles=04B9,-1245,2871,1881,15,82,0,63
retail_frame=1748 player=-2437,3177,1328,0,64,1,23 projectiles=04B9,-1245,2871,1881,15,82,0,63
retail_frame=1752 player=-2458,3177,1328,0,64,0,23 projectiles=04B9,-1792,3032,1627,13,82,0,63
retail_frame=1756 player=-2458,3177,1328,0,64,0,23 projectiles=076E,2210,532,4392,25,88,0,63;04B9,-2004,3096,1531,10,82,0,63
retail_frame=1760 player=-2479,3177,1328,0,64,255,23 projectiles=076E,1755,830,4093,24,88,0,63;04B9,-2216,3152,1435,10,82,0,63
retail_frame=1764 player=-2500,3177,1328,0,64,254,23 projectiles=076E,1657,883,4029,24,88,0,63;04B9,-2216,3152,1435,10,82,0,63
retail_frame=1768 player=-2521,3177,1328,0,64,224,23 projectiles=076E,1299,1125,3795,24,88,0,63;04B9,-2428,3208,1339,2,80,0,63
retail_frame=1772 player=-2521,3177,1328,0,64,224,23 projectiles=076E,837,1409,3491,23,88,0,63;04B9,-2652,3216,1251,2,80,0,63
retail_frame=1776 player=-2542,3177,1328,0,64,226,23 projectiles=076E,372,1690,3190,23,88,0,63;04B9,-2876,3224,1163,2,80,0,63
retail_frame=1780 player=-2563,3177,1328,0,64,229,23 projectiles=076E,-97,1962,2893,22,87,0,63;04B9,-3100,3232,1075,2,80,0,63
retail_frame=1784 player=-2584,3177,1328,0,64,231,23 projectiles=076E,-97,1962,2893,22,87,0,63;04B9,-3100,3232,1075,2,80,0,63
retail_frame=1788 player=-2605,3177,1328,0,64,233,23 projectiles=076E,-569,2230,2596,22,87,0,63;04B9,-3324,3240,987,2,80,0,63
retail_frame=1792 player=-2605,3177,1328,0,64,233,23 projectiles=076E,-1048,2488,2299,21,87,0,63;04B9,-3548,3248,899,2,80,0,63
retail_frame=1796 player=-2626,3177,1328,0,64,235,23 projectiles=076E,-1534,2736,1998,20,87,0,63;04B9,-3772,3256,811,2,80,0,63
retail_frame=1800 player=-2647,3177,1328,0,64,237,23 projectiles=076E,-2030,2969,1701,19,86,0,63;04B9,-3996,3264,723,2,80,0,63
retail_frame=1804 player=-2668,3177,1328,0,64,239,23 projectiles=076E,-2222,3057,1589,14,86,0,63;04B9,-4220,3272,635,2,80,0,63
retail_frame=1808 player=-2689,3177,1328,0,64,240,23 projectiles=076E,-2222,3057,1589,14,86,0,63;04B9,-4220,3272,635,2,80,0,63
retail_frame=1812 player=-2710,3177,1328,0,64,242,23 projectiles=076E,-2418,3137,1477,14,86,0,63;04B9,-4444,3280,547,2,80,0,63
retail_frame=1816 player=-2731,3177,1328,0,64,243,23 projectiles=076E,-2614,3217,1365,5,85,0,63;04B9,-4668,3288,459,2,80,0,63
retail_frame=1820 player=-2731,3177,1328,0,64,243,23 projectiles=076E,-2826,3245,1249,5,85,0,63;04B9,-4892,3296,371,2,80,0,63
retail_frame=1824 player=-2752,3177,1328,0,64,245,23 projectiles=076E,-3038,3273,1133,5,85,0,63;04B9,-5116,3304,283,2,80,0,63
retail_frame=1828 player=-2773,3177,1328,0,64,247,23 projectiles=076E,-3250,3301,1017,5,85,0,63;04B9,-5340,3312,195,2,80,0,63
retail_frame=1832 player=-2794,3177,1328,0,64,249,23 projectiles=076E,-3462,3329,901,5,85,0,63;04B9,-5564,3320,107,2,80,0,63
retail_frame=1836 player=-2815,3177,1328,0,64,251,23 projectiles=076E,-3462,3329,901,5,85,0,63;04B9,-5564,3320,107,2,80,0,63
retail_frame=1840 player=-2836,3177,1328,0,64,252,23 projectiles=076E,-3674,3357,785,5,85,0,63;04B9,-5788,3328,19,2,80,0,63
retail_frame=1844 player=-2857,3177,1328,0,64,254,23 projectiles=076E,-3886,3385,669,5,85,0,63;04B9,-6012,3336,-69,2,80,0,63
retail_frame=1848 player=-2857,3177,1328,0,64,254,23 projectiles=076E,-4098,3413,553,5,85,0,63
retail_frame=1852 player=-2878,3177,1328,0,64,255,23 projectiles=076E,-4310,3441,437,5,85,0,63
retail_frame=1856 player=-2899,3177,1328,0,64,1,23 projectiles=076E,-4522,3469,321,5,85,0,63
retail_frame=1860 player=-2920,3177,1328,0,64,2,23 projectiles=076E,-4734,3497,205,5,85,0,63
retail_frame=1864 player=-2941,3177,1328,0,64,3,23 projectiles=076E,-4946,3525,89,5,85,0,63
retail_frame=1868 player=-2962,3177,1328,0,64,4,23 projectiles=076E,-4946,3525,89,5,85,0,63
retail_frame=1872 player=-2983,3177,1328,0,64,3,23 projectiles=076E,-5158,3553,-27,5,85,0,63
retail_frame=1876 player=-3004,3177,1328,0,64,3,23 projectiles=076E,-5370,3581,-143,5,85,0,63
retail_frame=1880 player=-3004,3177,1328,0,64,3,23 projectiles=076E,-5582,3609,-259,5,85,0,63
retail_frame=1884 player=-3025,3177,1328,0,64,2,23 projectiles=076E,-5794,3637,-375,5,85,0,63
retail_frame=1888 player=-3046,3177,1328,0,64,2,23 projectiles=076E,-6006,3665,-491,5,85,0,63
retail_frame=1892 player=-3067,3177,1328,0,64,1,23 projectiles=076E,-6006,3665,-491,5,85,0,63
retail_frame=1896 player=-3088,3177,1328,0,64,0,23 projectiles=-
retail_frame=1900 player=-3109,3177,1328,0,64,255,23 projectiles=-
retail_frame=1904 player=-3130,3177,1328,0,64,254,23 projectiles=-
retail_frame=1908 player=-3151,3177,1328,0,64,254,23 projectiles=-
retail_frame=1912 player=-3172,3177,1328,0,64,253,23 projectiles=-
retail_frame=1916 player=-3193,3177,1328,0,64,253,23 projectiles=-
retail_frame=1920 player=-3193,3177,1328,0,64,253,23 projectiles=-
retail_frame=1924 player=-3214,3177,1328,0,64,252,23 projectiles=-
retail_frame=1928 player=-3235,3177,1328,0,64,252,23 projectiles=-
retail_frame=1932 player=-3256,3177,1328,0,64,252,23 projectiles=-
retail_frame=1936 player=-3277,3177,1328,0,64,252,23 projectiles=-
retail_frame=1940 player=-3298,3177,1328,0,64,253,23 projectiles=-
retail_frame=1944 player=-3319,3177,1328,0,64,253,23 projectiles=-
retail_frame=1948 player=-3340,3177,1328,0,64,254,23 projectiles=-
retail_frame=1952 player=-3361,3177,1328,0,64,254,23 projectiles=-
retail_frame=1956 player=-3382,3177,1328,0,64,255,23 projectiles=-
retail_frame=1960 player=-3382,3177,1328,0,64,255,23 projectiles=-
retail_frame=1964 player=-3403,3177,1328,0,64,0,23 projectiles=-
retail_frame=1968 player=-3424,3177,1328,0,64,1,23 projectiles=-
