# Compact neutral-input oracle evidence for recurring-attacker flight.
# Raw source SHA-256: 85a7c6d76dc2894259b1d6bbee0d322316ddb93d86105ab7d8960bae72ca9f4d
retail_frame=0 player=7700,-2881,2498,0,66,0,23 fighters=-/-/-/-
retail_frame=4 player=7700,-2881,2498,0,66,0,23 fighters=-/-/-/-
retail_frame=8 player=7700,-2881,2498,0,66,0,23 fighters=-/-/-/-
retail_frame=12 player=7700,-2881,2498,0,66,0,23 fighters=-/-/-/-
retail_frame=16 player=7700,-2881,2498,0,66,0,23 fighters=-/-/-/-
retail_frame=20 player=7700,-2881,2498,0,66,0,23 fighters=-/-/-/-
retail_frame=24 player=7700,-2881,2498,0,66,0,23 fighters=-/-/-/-
retail_frame=28 player=7700,-2881,2498,0,66,0,23 fighters=-/-/-/-
retail_frame=32 player=7700,-2881,2498,0,66,0,23 fighters=-/-/-/-
retail_frame=36 player=7700,-2881,2498,0,66,0,23 fighters=-/-/-/-
retail_frame=40 player=7700,-2881,2498,0,66,0,23 fighters=-/-/-/-
retail_frame=44 player=7700,-2881,2498,0,66,0,23 fighters=-/-/-/-
retail_frame=48 player=22,0,137,0,64,0,0 fighters=-/-/-/-
retail_frame=52 player=22,0,137,0,64,0,0 fighters=-/-/-/-
retail_frame=56 player=22,0,137,0,64,0,0 fighters=-/-/-/-
retail_frame=60 player=22,0,137,0,64,0,0 fighters=-/-/-/-
retail_frame=64 player=22,0,137,0,64,0,0 fighters=0,-3197,-500,0,56,0,0/1963,-1998,-3440,0,56,0,0/2938,-1998,1463,0,56,0,0/0,-1000,2500,0,0,0,0
retail_frame=68 player=22,0,137,0,64,0,0 fighters=0,-3197,-500,0,56,0,0/1963,-1998,-3440,0,56,0,0/2938,-1998,1463,0,56,0,0/-32,-4182,2500,0,56,0,10
retail_frame=72 player=22,0,137,0,64,0,0 fighters=0,-3197,-500,0,56,0,0/1963,-1998,-3440,0,56,0,0/2938,-1998,1463,0,56,0,0/-32,-4182,2500,0,56,0,10
retail_frame=76 player=22,0,137,0,64,0,0 fighters=0,-3197,-500,0,56,0,0/1963,-1998,-3440,0,56,0,0/2938,-1998,1463,0,56,0,0/-32,-4182,2500,0,56,0,10
retail_frame=80 player=22,0,137,0,64,0,0 fighters=0,-3197,-500,0,56,0,0/1931,-1983,-3440,0,56,0,10/2906,-1983,1463,0,56,0,10/-64,-4167,2500,0,56,0,10
retail_frame=84 player=22,0,137,0,64,0,0 fighters=-32,-3182,-500,0,56,0,10/1899,-1968,-3440,0,56,0,10/2874,-1968,1463,0,56,0,10/-96,-4152,2500,0,56,0,10
retail_frame=88 player=22,0,137,0,64,0,0 fighters=-64,-3167,-500,0,56,0,10/1867,-1953,-3440,0,56,0,10/2842,-1953,1463,0,56,0,10/-128,-4137,2500,0,56,0,10
retail_frame=92 player=22,0,137,0,64,0,0 fighters=-96,-3152,-500,0,56,0,10/1835,-1938,-3440,0,56,0,10/2810,-1938,1463,0,56,0,10/-160,-4122,2500,0,56,0,10
retail_frame=96 player=22,0,137,0,64,0,0 fighters=-128,-3137,-500,0,56,0,10/1803,-1924,-3440,0,56,0,10/2778,-1924,1463,0,56,0,10/-192,-4107,2500,0,56,0,10
retail_frame=100 player=22,0,137,0,64,0,0 fighters=-160,-3123,-500,0,56,0,10/1771,-1910,-3440,0,56,0,10/2746,-1910,1463,0,56,0,10/-224,-4092,2500,0,56,0,10
retail_frame=104 player=22,0,137,0,64,0,0 fighters=-192,-3109,-500,0,56,0,10/1739,-1897,-3440,0,56,0,10/2714,-1897,1463,0,56,0,10/-256,-4078,2500,0,56,0,10
retail_frame=108 player=22,0,137,0,64,0,0 fighters=-224,-3096,-500,0,56,0,10/1707,-1885,-3440,0,56,0,10/2682,-1885,1463,0,56,0,10/-288,-4064,2500,0,56,0,10
retail_frame=112 player=22,0,137,0,64,0,0 fighters=-256,-3084,-500,0,56,0,10/1675,-1874,-3440,0,56,0,10/2650,-1874,1463,0,56,0,10/-320,-4050,2500,0,56,0,10
retail_frame=116 player=22,0,137,0,64,0,0 fighters=-288,-3073,-500,0,56,0,10/1643,-1864,-3440,0,56,0,10/2618,-1864,1463,0,56,0,10/-352,-4037,2500,0,56,0,10
retail_frame=120 player=22,0,137,0,64,0,0 fighters=-320,-3063,-500,0,56,0,10/1611,-1856,-3440,0,56,0,10/2586,-1856,1463,0,56,0,10/-384,-4024,2500,0,56,0,10
retail_frame=124 player=22,0,137,0,64,0,0 fighters=-352,-3055,-500,0,56,0,10/1579,-1849,-3440,0,56,0,10/2554,-1849,1463,0,56,0,10/-416,-4012,2500,0,56,0,10
retail_frame=128 player=22,0,137,0,64,0,0 fighters=-384,-3048,-500,0,56,0,10/1547,-1843,-3440,0,56,0,10/2522,-1843,1463,0,56,0,10/-448,-4000,2500,0,56,0,10
retail_frame=132 player=22,0,137,0,64,0,0 fighters=-416,-3042,-500,0,56,0,10/1515,-1839,-3440,0,56,0,10/2490,-1839,1463,0,56,0,10/-480,-3988,2500,0,56,0,10
retail_frame=136 player=22,0,137,0,64,0,0 fighters=-448,-3038,-500,0,56,0,10/1483,-1836,-3440,0,56,0,10/2458,-1836,1463,0,56,0,10/-512,-3977,2500,0,56,0,10
retail_frame=140 player=22,0,137,0,64,0,0 fighters=-480,-3035,-500,0,56,0,10/1451,-1835,-3440,0,56,0,10/2426,-1835,1463,0,56,0,10/-544,-3967,2500,0,56,0,10
retail_frame=144 player=22,0,137,0,64,0,0 fighters=-512,-3034,-500,0,56,0,10/1419,-1835,-3440,0,56,0,10/2394,-1835,1463,0,56,0,10/-576,-3957,2500,0,56,0,10
retail_frame=148 player=22,0,137,0,64,0,0 fighters=-544,-3034,-500,0,56,0,10/1387,-1836,-3440,0,56,0,10/2362,-1836,1463,0,56,0,10/-608,-3948,2500,0,56,0,10
retail_frame=152 player=22,0,137,0,64,0,0 fighters=-576,-3035,-500,0,56,0,10/1355,-1839,-3440,0,56,0,10/2330,-1839,1463,0,56,0,10/-640,-3948,2500,0,56,0,10
retail_frame=156 player=22,0,137,0,64,0,0 fighters=-608,-3038,-500,0,56,0,10/1323,-1843,-3440,0,56,0,10/2298,-1843,1463,0,56,0,10/-672,-3931,2500,0,56,0,10
retail_frame=160 player=22,0,137,0,64,0,0 fighters=-640,-3042,-500,0,56,0,10/1291,-1849,-3440,0,56,0,10/2266,-1849,1463,0,56,0,10/-704,-3924,2500,0,56,0,10
retail_frame=164 player=22,0,137,0,64,0,0 fighters=-704,-3048,-500,0,56,0,10/1259,-1856,-3440,0,56,0,10/2234,-1856,1463,0,56,0,10/-736,-3917,2500,0,56,0,10
retail_frame=168 player=22,0,137,0,64,0,0 fighters=-736,-3063,-500,0,56,0,10/1227,-1864,-3440,0,56,0,10/2202,-1864,1463,0,56,0,10/-768,-3911,2500,0,56,0,10
retail_frame=172 player=22,0,137,0,64,0,0 fighters=-768,-3073,-500,0,56,0,10/1163,-1874,-3440,0,56,0,10/2170,-1874,1463,0,56,0,10/-800,-3906,2500,0,56,0,10
retail_frame=176 player=22,0,137,0,64,0,0 fighters=-800,-3084,-500,0,56,0,10/1131,-1897,-3440,0,56,0,10/2106,-1885,1463,0,56,0,10/-832,-3902,2500,0,56,0,10
retail_frame=180 player=22,0,137,0,64,0,0 fighters=-832,-3096,-500,0,56,0,10/1099,-1910,-3440,0,56,0,10/2074,-1910,1463,0,56,0,10/-896,-3898,2500,0,56,0,10
retail_frame=184 player=22,0,137,0,64,0,0 fighters=-864,-3109,-500,0,56,0,10/1067,-1924,-3440,0,56,0,10/2042,-1924,1463,0,56,0,10/-928,-3893,2500,0,56,0,10
retail_frame=188 player=22,0,137,0,64,0,0 fighters=-896,-3123,-500,0,56,0,10/1035,-1938,-3440,0,56,0,10/2010,-1938,1463,0,56,0,10/-960,-3892,2500,0,56,0,10
retail_frame=192 player=22,0,137,0,64,0,0 fighters=-928,-3137,-500,0,56,0,10/1003,-1953,-3440,0,56,0,10/1978,-1953,1463,0,56,0,10/-992,-3891,2500,0,56,0,10
retail_frame=196 player=22,0,137,0,64,0,0 fighters=-992,-3152,-500,0,56,0,10/971,-1968,-3440,0,56,0,10/1946,-1968,1463,0,56,0,10/-1024,-3891,2500,0,56,0,10
retail_frame=200 player=22,0,137,0,64,0,0 fighters=-1024,-3182,-500,0,56,0,10/907,-1983,-3440,0,56,0,10/1914,-1983,1463,0,56,0,10/-1056,-3891,2500,0,56,0,10
retail_frame=204 player=22,0,137,0,64,0,0 fighters=-1056,-3197,-500,0,56,0,10/875,-2013,-3440,0,56,0,10/1850,-1998,1463,0,56,0,10/-1088,-3892,2500,0,56,0,10
retail_frame=208 player=22,0,137,0,64,0,0 fighters=-1088,-3212,-500,0,56,0,10/843,-2028,-3440,0,56,0,10/1818,-2028,1463,0,56,0,10/-1152,-3893,2500,0,56,0,10
retail_frame=212 player=22,0,137,0,64,0,0 fighters=-1120,-3227,-500,0,56,0,10/811,-2043,-3440,0,56,0,10/1786,-2043,1463,0,56,0,10/-1184,-3898,2500,0,56,0,10
retail_frame=216 player=22,0,137,0,64,0,0 fighters=-1152,-3242,-500,0,56,0,10/779,-2057,-3440,0,56,0,10/1754,-2057,1463,0,56,0,10/-1216,-3902,2500,0,56,0,10
retail_frame=220 player=22,0,137,0,64,0,0 fighters=-1216,-3270,-500,0,56,0,10/747,-2071,-3440,0,56,0,10/1722,-2071,1463,0,56,0,10/-1248,-3906,2500,0,56,0,10
retail_frame=224 player=22,0,137,0,64,0,0 fighters=-1248,-3283,-500,0,56,0,10/683,-2096,-3440,0,56,0,10/1690,-2084,1463,0,56,0,10/-1280,-3911,2500,0,56,0,10
retail_frame=228 player=22,0,137,0,64,0,0 fighters=-1280,-3295,-500,0,56,0,10/651,-2107,-3440,0,56,0,10/1626,-2096,1463,0,56,0,10/-1312,-3917,2500,0,56,0,10
retail_frame=232 player=22,0,137,0,64,0,0 fighters=-1312,-3306,-500,0,56,0,10/619,-2117,-3440,0,56,0,10/1594,-2117,1463,0,56,0,10/-1376,-3931,2500,0,56,0,10
retail_frame=236 player=22,0,137,0,64,0,0 fighters=-1344,-3316,-500,0,56,0,10/587,-2125,-3440,0,56,0,10/1562,-2125,1463,0,56,0,10/-1408,-3939,2500,0,56,0,10
retail_frame=240 player=22,0,137,0,64,0,0 fighters=-1376,-3324,-500,0,56,0,10/555,-2132,-3440,0,56,0,10/1530,-2132,1463,0,56,0,10/-1440,-3948,2500,0,56,0,10
retail_frame=244 player=0,0,0,0,0,0,0 fighters=-1408,-3331,-500,0,56,0,10/523,-2138,-3440,0,56,0,10/1498,-2138,1463,0,56,0,10/-1472,-3957,2500,0,56,0,10
retail_frame=248 player=3403,1842,1134,0,22,40,0 fighters=-1440,-3337,-500,0,56,0,10/491,-2142,-3440,0,56,0,10/1466,-2142,1463,0,56,0,10/-1504,-3967,2500,0,56,0,10
retail_frame=252 player=3571,2053,1168,0,28,40,0 fighters=-1504,-3341,-500,0,56,0,10/459,-2145,-3440,0,56,0,10/1434,-2145,1463,0,56,0,10/-1536,-3977,2500,0,56,0,10
retail_frame=256 player=3704,2236,1197,0,34,40,0 fighters=-1504,-3344,-500,0,56,0,10/427,-2146,-3440,0,56,0,10/1402,-2146,1463,0,56,0,10/-1568,-3988,2500,0,56,0,10
retail_frame=260 player=3808,2394,1220,0,40,40,0 fighters=-1536,-3345,-500,0,56,0,10/395,-2146,-3440,0,56,0,10/1370,-2146,1463,0,56,0,10/-1600,-4000,2500,0,56,0,10
retail_frame=264 player=3888,2529,1239,0,46,40,0 fighters=-1568,-3345,-500,0,56,0,10/363,-2145,-3440,0,56,0,10/1338,-2145,1463,0,56,0,10/-1632,-4012,2500,0,56,0,10
retail_frame=268 player=3946,2645,1253,0,52,40,0 fighters=-1632,-3344,-500,0,56,0,10/331,-2142,-3440,0,56,0,10/1306,-2142,1463,0,56,0,10/-1664,-4024,2500,0,56,0,10
retail_frame=272 player=3987,2745,1263,0,58,40,0 fighters=-1664,-3341,-500,0,56,0,10/299,-2138,-3440,0,56,0,10/1274,-2138,1463,0,56,0,10/-1696,-4037,2500,0,56,0,10
retail_frame=276 player=4018,2829,1267,0,64,74,0 fighters=-1696,-3331,-500,0,56,0,10/267,-2132,-3440,0,56,0,10/1242,-2132,1463,0,56,0,10/-1728,-4050,2500,0,56,0,10
retail_frame=280 player=4041,2901,1272,0,64,104,0 fighters=-1728,-3324,-500,0,56,0,10/235,-2125,-3440,0,56,0,10/1210,-2125,1463,0,56,0,10/-1760,-4064,2500,0,56,0,10
retail_frame=284 player=4057,2962,1277,0,64,131,0 fighters=-1728,-3324,-500,0,56,0,10/123,-1829,-3424,0,56,1,30/1102,-2117,1479,0,56,0,29/-1792,-4078,2500,0,56,0,10
retail_frame=288 player=4066,3012,1283,0,64,155,0 fighters=-1940,-3306,-468,0,56,0,28/-293,-1566,-3352,0,56,3,60/998,-2107,1495,0,56,0,28/-1824,-4092,2500,0,56,0,10
retail_frame=292 player=4067,3054,1289,0,64,176,0 fighters=-2040,-3295,-452,0,56,0,27/-521,-1123,-3320,0,57,4,60/898,-2096,1511,0,56,0,27/-1856,-4107,2500,0,56,0,10
retail_frame=296 player=4060,3088,1295,0,64,195,0 fighters=-2136,-3283,-440,0,56,0,26/-749,-938,-3292,0,58,5,60/710,-2084,1535,0,56,0,25/-1888,-4122,2500,0,56,0,10
retail_frame=300 player=4050,3115,1301,0,64,212,0 fighters=-2228,-3270,-428,0,56,0,25/-981,-772,-3268,0,59,6,60/622,-2057,1547,0,56,0,24/-1920,-4137,2500,0,56,0,10
retail_frame=304 player=4036,3138,1308,0,64,227,0 fighters=-2316,-3256,-416,0,56,0,24/-1213,-625,-3252,0,60,7,60/538,-2043,1559,0,56,0,23/-1984,-4152,2500,0,56,0,10
retail_frame=308 player=4019,3155,1315,0,64,241,0 fighters=-2400,-3242,-404,0,56,0,23/-1445,-495,-3248,0,62,8,60/458,-2028,1571,0,56,0,22/-1984,-4167,2500,0,56,0,10
retail_frame=312 player=4001,3168,1321,0,64,254,0 fighters=-2480,-3227,-392,0,56,0,22/-1677,-379,-3248,0,64,9,60/382,-2013,1579,0,56,0,21/-2016,-4182,2500,0,56,0,10
retail_frame=316 player=3980,3177,1328,0,64,8,2 fighters=-2556,-3212,-384,0,56,0,21/-1909,-277,-3252,0,66,10,60/382,-2013,1579,0,56,0,21/-2048,-4197,2500,0,56,0,10
retail_frame=320 player=3978,3177,1328,0,64,6,4 fighters=-2628,-3197,-376,0,56,0,20/-1909,-277,-3252,0,66,10,60/310,-1998,1587,0,56,0,20/-2080,-4212,2500,0,56,0,10
retail_frame=324 player=3974,3177,1328,0,64,5,6 fighters=-2628,-3197,-376,0,56,0,20/-2141,-188,-3268,0,68,11,60/242,-1983,1595,0,56,0,19/-2112,-4227,2500,0,56,0,10
retail_frame=328 player=3974,3177,1328,0,64,5,6 fighters=-2696,-3182,-368,0,56,0,19/-2369,-110,-3300,0,71,12,60/178,-1968,1603,0,56,0,18/-2144,-4242,2500,0,56,0,10
retail_frame=332 player=3968,3177,1328,0,64,4,8 fighters=-2760,-3167,-360,0,56,0,18/-2593,-42,-3352,0,74,13,60/118,-1953,1611,0,56,0,17/-2176,-4257,2500,0,56,0,10
retail_frame=336 player=3961,3177,1328,0,64,3,9 fighters=-2820,-3152,-352,0,56,0,17/-2777,448,-3543,0,77,13,60/62,-1938,1619,0,56,0,16/-2208,-4272,2500,0,56,0,10
retail_frame=340 player=3953,3177,1328,0,64,4,10 fighters=-2876,-3137,-344,0,56,0,16/-2953,875,-3750,0,80,13,60/10,-1924,1623,0,56,0,15/-2208,-4272,2500,0,56,0,10
retail_frame=344 player=3944,3177,1328,0,64,4,11 fighters=-2928,-3123,-340,0,56,0,15/-2953,875,-3750,0,80,13,60/10,-1924,1623,0,56,0,15/-2240,-4287,2500,0,56,0,10
retail_frame=348 player=3934,3177,1328,0,64,4,12 fighters=-2976,-3123,-336,0,56,0,14/-3121,1247,-3973,0,83,13,60/-38,-1910,1627,0,56,0,14/-2272,-4302,2500,0,56,0,10
retail_frame=352 player=3934,3177,1328,0,64,4,12 fighters=-2976,-3109,-336,0,56,0,14/-3281,1569,-4212,0,86,13,60/-82,-1897,1631,0,56,0,13/-2304,-4316,2500,0,56,0,10
retail_frame=356 player=3923,3177,1328,0,64,4,13 fighters=-3020,-3096,-332,0,56,0,13/-3433,1848,-4467,0,89,13,60/-122,-1885,1635,0,56,0,12/-2336,-4330,2500,0,56,0,10
retail_frame=360 player=3911,3177,1328,0,64,3,14 fighters=-3060,-3084,-328,0,56,0,12/-3573,2087,-4734,0,92,13,60/-162,-1874,1639,0,56,0,12/-2368,-4344,2500,0,56,0,10
retail_frame=364 player=3898,3177,1328,0,64,3,15 fighters=-3100,-3073,-324,0,56,0,12/-3701,2293,-5013,0,95,13,60/-282,-1541,1659,0,56,1,32/-2400,-4357,2500,0,56,0,10
retail_frame=368 player=3884,3177,1328,0,64,2,16 fighters=-3208,-3063,-308,0,56,0,29/-3817,2469,-5308,0,98,13,60/-478,-1254,1691,0,56,2,52/-2400,-4357,2500,0,56,0,10
retail_frame=372 player=3869,3177,1328,0,64,2,17 fighters=-3312,-3055,-292,0,56,0,28/-3921,2618,-5611,0,101,13,60/-478,-1254,1691,0,56,2,52/-2432,-4370,2500,0,56,0,10
retail_frame=376 player=3853,3177,1328,0,64,1,18 fighters=-3412,-3048,-276,0,56,0,27/-3921,2618,-5611,0,101,13,60/-706,-1008,1731,0,56,3,60/-2464,-4382,2500,0,56,0,10
retail_frame=380 player=3836,3177,1328,0,64,0,19 fighters=-3508,-3048,-264,0,56,0,26/-4009,2744,-5926,0,104,13,60/-934,-797,1763,0,57,4,60/-2496,-4394,2500,0,56,0,10
retail_frame=384 player=3818,3177,1328,0,64,255,20 fighters=-3508,-3042,-264,0,56,0,26/-4085,2849,-6249,0,107,13,60/-1162,-618,1791,0,58,5,60/-2528,-4406,2500,0,56,0,10
retail_frame=388 player=3818,3177,1328,0,64,255,20 fighters=-3600,-3038,-252,0,56,0,25/-4145,2935,-6580,0,110,13,60/-1394,-467,1815,0,59,6,60/-2560,-4417,2500,0,56,0,10
retail_frame=392 player=3799,3177,1328,0,64,254,21 fighters=-3688,-3035,-240,0,56,0,24/-4189,3005,-6919,0,113,13,60/-1626,-340,1831,0,60,7,60/-2592,-4427,2500,0,56,0,10
retail_frame=396 player=3779,3177,1328,0,64,254,22 fighters=-3772,-3034,-228,0,56,0,23/-4213,3061,-7262,0,116,13,60/-1858,-234,1835,0,62,8,60/-2624,-4437,2500,0,56,0,10
retail_frame=400 player=3758,3177,1328,0,64,253,23 fighters=-3852,-3034,-216,0,56,0,22/-4221,3105,-7609,0,119,13,60/-2090,-146,1835,0,64,9,60/-2656,-4446,2500,0,56,0,10
retail_frame=404 player=3737,3177,1328,0,64,253,23 fighters=-3928,-3035,-208,0,56,0,21/-4213,3138,-7960,0,122,13,60/-2322,-75,1831,0,66,10,60/-2688,-4455,2500,0,56,0,10
retail_frame=408 player=3716,3177,1328,0,64,252,23 fighters=-4000,-3038,-200,0,56,0,20/-4189,3162,-8315,0,125,13,60/-2554,-93,1815,0,68,11,60/-2688,-4455,2500,0,56,0,10
retail_frame=412 player=3695,3177,1328,0,64,252,23 fighters=-4068,-3042,-192,0,56,0,19/-4189,3162,-8547,0,128,13,60/-2554,-18,1815,0,68,11,60/-2720,-4463,2500,0,56,0,10
retail_frame=416 player=3674,3177,1328,0,64,252,23 fighters=-4132,-3042,-184,0,56,0,18/-4153,3178,-8670,0,128,13,60/-2782,27,1783,0,71,12,60/-2752,-4470,2500,0,56,0,10
retail_frame=420 player=3653,3177,1328,0,64,252,23 fighters=-4132,-3048,-184,0,56,0,18/-4105,3187,-9025,0,131,13,60/-3006,62,1731,0,74,13,60/-2784,-4477,2500,0,56,0,10
retail_frame=424 player=3653,3177,1328,0,64,252,23 fighters=-4192,-3055,-176,0,56,0,17/-4041,3190,-9376,0,134,13,60/-3226,87,1663,0,77,13,60/-2816,-4483,2500,0,56,0,10
retail_frame=428 player=3632,3177,1328,0,64,253,23 fighters=-4248,-3063,-168,0,56,0,16/-3961,3188,-9723,0,137,13,60/-3438,105,1579,0,80,13,60/-2848,-4488,2500,0,56,0,10
retail_frame=432 player=3611,3177,1328,0,64,253,23 fighters=-4300,-3073,-164,0,56,0,15/-3865,3183,-10066,0,140,13,60/-3642,117,1479,0,83,13,60/-2880,-4492,2500,0,56,0,10
retail_frame=436 player=3590,3177,1328,0,64,254,23 fighters=-4348,-3084,-160,0,56,0,14/-3749,3174,-10405,0,143,13,60/-3838,123,1363,0,86,13,60/-2912,-4496,2500,0,56,0,10
retail_frame=440 player=3569,3177,1328,0,64,254,23 fighters=-4392,-3096,-156,0,56,0,13/-3617,3164,-10736,0,146,13,60/-4026,126,1231,0,89,13,60/-2912,-4496,2500,0,56,0,10
retail_frame=444 player=3548,3177,1328,0,64,255,23 fighters=-4432,-3109,-152,0,56,0,12/-3505,3108,-10936,0,149,13,60/-4026,126,1231,0,89,13,60/-2944,-4499,2500,0,56,0,10
retail_frame=448 player=3527,3177,1328,0,64,0,23 fighters=-4472,-3123,-148,0,56,0,12/-3469,3151,-11059,0,149,13,60/-4202,125,1087,0,92,13,60/-2976,-4501,2500,0,56,0,10
retail_frame=452 player=3506,3177,1328,0,64,1,23 fighters=-4472,-3123,-148,0,56,0,12/-3309,3138,-11374,0,152,13,60/-4366,122,931,0,95,13,60/-3008,-4502,2500,0,56,0,10
retail_frame=456 player=3506,3177,1328,0,64,1,23 fighters=-4512,-3137,-144,0,56,0,12/-3133,3125,-11677,0,155,13,60/-4518,118,759,0,98,13,60/-3040,-4503,2500,0,56,0,10
retail_frame=460 player=3485,3177,1328,0,64,2,23 fighters=-4552,-3152,-140,0,56,0,12/-2945,3112,-11972,0,158,13,60/-4658,113,579,0,101,13,60/-3072,-4503,2500,0,56,0,10
retail_frame=464 player=3464,3177,1328,0,64,2,23 fighters=-4592,-3167,-136,0,56,0,12/-2745,3100,-12251,0,161,13,60/-4782,107,387,0,104,13,60/-3104,-4503,2500,0,56,0,10
retail_frame=468 player=3443,3177,1328,0,64,3,23 fighters=-4632,-3182,-132,0,56,0,12/-2533,3089,-12518,0,164,13,60/-4894,102,187,0,107,13,60/-3136,-4503,2500,0,56,0,10
retail_frame=472 player=3422,3177,1328,0,64,3,23 fighters=-4672,-3197,-128,0,56,0,12/-2309,3080,-12773,0,167,13,60/-4990,102,-21,0,110,13,60/-3136,-4502,2500,0,56,0,10
retail_frame=476 player=3401,3177,1328,0,64,4,23 fighters=-4712,-3212,-124,0,56,0,12/-2113,3080,-12889,0,170,13,60/-4990,98,-21,0,110,13,60/-3168,-4501,2500,0,56,0,10
retail_frame=480 player=3380,3177,1328,0,64,4,23 fighters=-4712,-3212,-124,0,56,0,12/-2077,3073,-13012,0,170,13,60/-5070,95,-237,0,113,13,60/-3200,-4499,2500,0,56,0,10
retail_frame=484 player=3359,3177,1328,0,64,4,23 fighters=-4752,-3227,-120,0,56,0,12/-1837,3068,-13235,0,173,13,60/-5130,94,-457,0,116,13,60/-3232,-4496,2500,0,56,0,10
retail_frame=488 player=3359,3177,1328,0,64,4,23 fighters=-4792,-3242,-116,0,56,0,12/-1589,3066,-13442,0,176,13,60/-5174,95,-681,0,119,13,60/-3264,-4492,2500,0,56,0,10
retail_frame=492 player=3338,3177,1328,0,64,4,23 fighters=-4832,-3256,-112,0,56,0,12/-1333,3066,-13633,0,179,13,60/-5202,98,-909,0,122,13,60/-3296,-4488,2500,0,56,0,10
retail_frame=496 player=3317,3177,1328,0,64,3,23 fighters=-4872,-3270,-108,0,56,0,12/-1073,3069,-13808,0,182,13,60/-5214,104,-1141,0,125,13,60/-3328,-4483,2500,0,56,0,10
retail_frame=500 player=3296,3177,1328,0,64,3,23 fighters=-4912,-3283,-104,0,56,0,12/-809,3074,-13963,0,185,13,60/-5214,112,-1373,0,128,13,60/-3360,-4483,2500,0,56,0,10
retail_frame=504 player=3275,3177,1328,0,64,2,23 fighters=-4952,-3295,-100,0,56,0,12/-541,3083,-14102,0,188,13,60/-5214,112,-1373,0,128,13,60/-3360,-4477,2500,0,56,0,10
retail_frame=508 player=3254,3177,1328,0,64,2,23 fighters=-4992,-3306,-96,0,56,0,12/-541,3083,-14102,0,188,13,60/-5202,123,-1605,0,131,13,60/-3392,-4470,2500,0,56,0,10
retail_frame=512 player=3233,3177,1328,0,64,1,23 fighters=-4992,-3306,-96,0,56,0,12/-273,3095,-14225,0,191,13,60/-5174,136,-1833,0,134,13,60/-3424,-4463,2500,0,56,0,10
retail_frame=516 player=3233,3177,1328,0,64,1,23 fighters=-5032,-3316,-92,0,56,0,12/-5,3109,-14344,0,194,13,60/-5130,152,-2057,0,137,13,60/-3456,-4455,2500,0,56,0,10
retail_frame=520 player=3212,3177,1328,0,64,0,23 fighters=-5072,-3324,-88,0,56,0,12/263,3127,-14443,0,197,13,60/-5070,171,-2277,0,140,13,60/-3488,-4446,2500,0,56,0,10
retail_frame=524 player=3191,3177,1328,0,64,255,23 fighters=-5112,-3331,-84,0,56,0,12/527,3147,-14526,0,200,13,60/-4990,192,-2493,0,143,13,60/-3520,-4437,2500,0,56,0,10
retail_frame=528 player=3170,3177,1328,0,64,254,23 fighters=-5152,-3337,-80,0,56,0,12/787,3170,-14593,0,203,13,60/-4894,216,-2701,0,146,13,60/-3552,-4427,2500,0,56,0,10
retail_frame=532 player=3149,3177,1328,0,64,254,23 fighters=-5192,-3341,-76,0,56,0,12/1039,3195,-14644,0,206,13,60/-4782,242,-2901,0,149,13,60/-3552,-4427,2500,0,56,0,10
retail_frame=536 player=3128,3177,1328,0,64,253,23 fighters=-5232,-3344,-72,0,56,0,12/1251,3195,-14556,0,209,13,60/-4782,242,-2901,0,149,13,60/-3584,-4417,2500,0,56,0,10
retail_frame=540 player=3107,3177,1328,0,64,253,23 fighters=-5272,-3344,-68,0,56,0,12/1287,3222,-14679,0,209,13,60/-4658,270,-3093,0,152,13,60/-3616,-4406,2500,0,56,0,10
retail_frame=544 player=3086,3177,1328,0,64,252,23 fighters=-5272,-3345,-68,0,56,0,12/1527,3251,-14698,0,212,13,60/-4518,300,-3273,0,155,13,60/-3648,-4394,2500,0,56,0,10
retail_frame=548 player=3086,3177,1328,0,64,252,23 fighters=-5312,-3345,-64,0,56,0,12/1759,3282,-14701,0,215,13,60/-4366,331,-3445,0,158,13,60/-3680,-4382,2500,0,56,0,10
retail_frame=552 player=3065,3177,1328,0,64,252,23 fighters=-5352,-3344,-60,0,56,0,12/1979,3314,-14688,0,218,13,60/-4202,364,-3601,0,161,13,60/-3712,-4370,2500,0,56,0,10
retail_frame=556 player=3044,3177,1328,0,64,252,23 fighters=-5392,-3341,-56,0,56,0,12/2191,3347,-14663,0,221,13,60/-4026,398,-3745,0,164,13,60/-3744,-4357,2500,0,56,0,10
retail_frame=560 player=3023,3177,1328,0,64,252,23 fighters=-5432,-3337,-52,0,56,0,12/2387,3382,-14626,0,224,13,60/-3838,433,-3877,0,167,13,60/-3776,-4357,2500,0,56,0,10
retail_frame=564 player=3002,3177,1328,0,64,253,23 fighters=-5472,-3331,-48,0,56,0,12/2571,3417,-14573,0,227,13,60/-3838,433,-3877,0,167,13,60/-3776,-4344,2500,0,56,0,10
retail_frame=568 player=2981,3177,1328,0,64,253,23 fighters=-5512,-3331,-44,0,56,0,12/2571,3417,-14573,0,227,13,60/-3642,468,-3993,0,170,13,60/-3808,-4330,2500,0,56,0,10
retail_frame=572 player=2960,3177,1328,0,64,254,23 fighters=-5512,-3324,-44,0,56,0,12/2614,2849,-14466,0,227,12,60/-3420,493,-4128,0,173,13,60/-3840,-4316,2500,0,56,0,10
retail_frame=576 player=2960,3177,1328,0,64,254,23 fighters=-5552,-3316,-40,0,56,0,12/2657,2357,-14359,0,227,11,60/-3190,519,-4247,0,176,13,60/-3872,-4302,2500,0,56,0,10
retail_frame=580 player=2939,3177,1328,0,64,254,23 fighters=-5592,-3306,-36,0,56,0,12/2700,1930,-14252,0,227,10,60/-2952,545,-4350,0,179,13,60/-3904,-4287,2500,0,56,0,10
retail_frame=584 player=2918,3177,1328,0,64,255,23 fighters=-5632,-3295,-32,0,56,0,12/2743,1560,-14145,0,227,9,60/-2710,572,-4437,0,182,13,60/-3936,-4272,2500,0,56,0,10
retail_frame=588 player=2897,3177,1328,0,64,0,23 fighters=-5672,-3283,-28,0,56,0,12/2786,1239,-14038,0,227,8,60/-2464,598,-4504,0,185,13,60/-3936,-4272,2500,0,56,0,10
retail_frame=592 player=2876,3177,1328,0,64,1,23 fighters=-5712,-3270,-24,0,56,0,12/2934,1295,-13862,0,227,7,60/-2464,598,-4504,0,185,13,60/-3968,-4257,2500,0,56,0,10
retail_frame=596 player=2855,3177,1328,0,64,2,23 fighters=-5752,-3270,-20,0,56,0,12/2829,962,-13931,0,227,7,60/-2214,625,-4555,0,188,13,60/-4000,-4242,2500,0,56,0,10
retail_frame=600 player=2834,3177,1328,0,64,2,23 fighters=-5752,-3256,-20,0,56,0,12/2872,721,-13824,0,227,6,60/-1964,650,-4590,0,191,13,60/-4032,-4227,2500,0,56,0,10
retail_frame=604 player=2834,3177,1328,0,64,2,23 fighters=-5792,-3242,-16,0,56,0,12/2915,512,-13717,0,227,5,60/-1714,674,-4621,0,194,13,60/-4064,-4212,2500,0,56,0,10
retail_frame=608 player=2813,3177,1328,0,64,3,23 fighters=-5832,-3227,-12,0,56,0,12/2958,331,-13610,0,227,4,60/-1464,696,-4632,0,197,13,60/-4096,-4197,2500,0,56,0,10
retail_frame=612 player=2792,3177,1328,0,64,3,23 fighters=-5872,-3212,-8,0,56,0,12/3001,174,-13503,0,227,3,60/-1218,717,-4627,0,200,13,60/-4096,-4197,2500,0,56,0,10
retail_frame=616 player=2771,3177,1328,0,64,4,23 fighters=-5912,-3197,-4,0,56,0,12/3044,36,-13396,0,227,2,60/-1218,717,-4627,0,200,13,60/-4128,-4182,2500,0,56,0,10
retail_frame=620 player=2750,3177,1328,0,64,4,23 fighters=-5952,-3182,0,0,56,0,12/3044,36,-13396,0,227,2,60/-976,735,-4606,0,203,13,60/-4160,-4167,2500,0,56,0,10
retail_frame=624 player=2729,3177,1328,0,64,4,23 fighters=-5952,-3182,0,0,56,0,12/3087,-85,-13289,0,227,1,60/-742,751,-4569,0,206,13,60/-4192,-4152,2500,0,56,0,10
retail_frame=628 player=2729,3177,1328,0,64,4,23 fighters=-5992,-3167,4,0,56,0,12/3130,-191,-13182,0,227,0,60/-508,764,-4532,0,206,12,60/-4224,-4137,2500,0,56,0,10
retail_frame=632 player=2708,3177,1328,0,64,4,23 fighters=-6032,-3152,8,0,56,0,12/3173,-286,-13075,0,227,0,60/-274,773,-4495,0,206,11,60/-4256,-4122,2500,0,56,0,10
retail_frame=636 player=2687,3177,1328,0,64,3,23 fighters=-6072,-3137,12,0,56,0,12/3216,-371,-12968,0,227,0,60/-40,780,-4458,0,206,10,60/-4288,-4107,2500,0,56,0,10
retail_frame=640 player=2666,3177,1328,0,64,3,23 fighters=-6112,-3123,16,0,56,0,12/3259,-447,-12861,0,227,0,60/194,784,-4421,0,206,9,60/-4320,-4092,2500,0,56,0,10
retail_frame=644 player=2645,3177,1328,0,64,2,23 fighters=-6152,-3109,20,0,56,0,12/3302,-517,-12754,0,227,0,60/428,784,-4384,0,206,8,60/-4352,-4078,2500,0,56,0,10
retail_frame=648 player=2624,3177,1328,0,64,2,23 fighters=-6192,-3096,24,0,56,0,12/3345,-581,-12647,0,227,0,60/662,781,-4347,0,206,7,60/-4384,-4078,2500,0,56,0,10
retail_frame=652 player=2603,3177,1328,0,64,1,23 fighters=-6232,-3084,28,0,56,0,12/3388,-641,-12540,0,227,0,60/896,774,-4310,0,206,6,60/-4384,-4064,2500,0,56,0,10
retail_frame=656 player=2582,3177,1328,0,64,0,23 fighters=-6272,-3073,32,0,56,0,12/3431,-697,-12433,0,227,0,60/896,774,-4310,0,206,6,60/-4416,-4050,2500,0,56,0,10
retail_frame=660 player=2561,3177,1328,0,64,255,23 fighters=-6312,-3063,36,0,56,0,12/3579,-697,-12257,0,227,0,60/1130,765,-4273,0,206,5,60/-4448,-4037,2500,0,56,0,10
retail_frame=664 player=2540,3177,1328,0,64,254,23 fighters=-6312,-3063,36,0,56,0,12/3474,-750,-12326,0,227,0,60/1364,752,-4236,0,206,4,60/-4480,-4024,2500,0,56,0,10
retail_frame=668 player=2519,3177,1328,0,64,254,23 fighters=-6352,-3055,40,0,56,0,12/3517,-802,-12219,0,227,0,60/1598,736,-4199,0,206,3,60/-4512,-4012,2500,0,56,0,10
retail_frame=672 player=2519,3177,1328,0,64,254,23 fighters=-6392,-3048,44,0,56,0,12/3560,-852,-12112,0,227,0,60/1832,717,-4162,0,206,2,60/-4544,-4000,2500,0,56,0,10
retail_frame=676 player=2498,3177,1328,0,64,253,23 fighters=-6432,-3042,48,0,56,0,12/3603,-901,-12005,0,227,0,60/2066,696,-4125,0,206,1,60/-4576,-3988,2500,0,56,0,10
retail_frame=680 player=2477,3177,1328,0,64,253,23 fighters=-6472,-3038,52,0,56,0,12/3646,-949,-11898,0,227,0,60/2300,672,-4088,0,206,0,60/-4608,-3977,2500,0,56,0,10
retail_frame=684 player=2456,3177,1328,0,64,252,23 fighters=-6512,-3035,56,0,56,0,12/3689,-996,-11791,0,227,0,60/2534,646,-4051,0,206,0,60/-4640,-3967,2500,0,56,0,10
retail_frame=688 player=2435,3177,1328,0,64,252,23 fighters=-6552,-3034,60,0,56,0,12/3732,-1043,-11684,0,227,0,60/2768,618,-4014,0,206,0,60/-4672,-3957,2500,0,56,0,10
retail_frame=692 player=2414,3177,1328,0,64,252,23 fighters=-6592,-3034,64,0,56,0,12/3775,-1089,-11577,0,227,0,60/3002,588,-3977,0,206,0,60/-4704,-3957,2500,0,56,0,10
retail_frame=696 player=2393,3177,1328,0,64,252,23 fighters=-6632,-3035,68,0,56,0,12/3818,-1135,-11470,0,227,0,60/3218,576,-3905,0,206,0,60/-4704,-3948,2500,0,56,0,10
retail_frame=700 player=2372,3177,1328,0,64,253,23 fighters=-6672,-3038,72,0,56,0,12/3966,-1153,-11294,0,227,0,60/3236,556,-3940,0,206,0,60/-4736,-3939,2500,0,56,0,10
retail_frame=704 player=2351,3177,1328,0,64,253,23 fighters=-6712,-3042,76,0,56,0,12/3861,-1180,-11363,0,227,0,60/3470,523,-3903,0,206,0,60/-4768,-3931,2500,0,56,0,10
retail_frame=708 player=2330,3177,1328,0,64,254,23 fighters=-6712,-3042,76,0,56,0,12/3904,-1225,-11256,0,227,0,60/3704,489,-3866,0,206,0,60/-4800,-3924,2500,0,56,0,10
retail_frame=712 player=2309,3177,1328,0,64,254,23 fighters=-6752,-3048,80,0,56,0,12/3947,-1268,-11149,0,227,0,60/3938,455,-3829,0,206,0,60/-4832,-3917,2500,0,56,0,10
retail_frame=716 player=2309,3177,1328,0,64,254,23 fighters=-6792,-3055,84,0,56,0,12/3990,-1311,-11042,0,227,0,60/4253,253,-3664,0,206,0,60/-4864,-3911,2500,0,56,0,10
retail_frame=720 player=2288,3177,1328,0,64,255,23 fighters=-6832,-3063,88,0,56,0,12/4033,-1353,-10935,0,227,0,60/4568,72,-3499,0,206,0,60/-4896,-3906,2500,0,56,0,10
retail_frame=724 player=2267,3177,1328,0,64,0,23 fighters=-6872,-3073,92,0,56,0,12/4100,-1029,-10749,0,227,0,60/4883,-90,-3334,0,206,0,60/-4928,-3902,2500,0,56,0,10
retail_frame=728 player=2246,3177,1328,0,64,1,23 fighters=-6912,-3084,96,0,56,0,12/4167,-750,-10563,0,227,0,60/5198,-236,-3169,0,206,0,60/-4960,-3898,2500,0,56,0,10
retail_frame=732 player=2225,3177,1328,0,64,2,23 fighters=-6952,-3096,100,0,56,0,12/4234,-509,-10377,0,227,0,60/5513,-366,-3004,0,206,0,60/-4992,-3895,2500,0,56,0,10
retail_frame=736 player=2204,3177,1328,0,64,2,23 fighters=-6992,-3109,104,0,56,0,12/4301,-301,-10191,0,227,0,60/5729,-484,-2932,0,206,0,60/-4992,-3895,2500,0,56,0,10
retail_frame=740 player=2183,3177,1328,0,64,3,23 fighters=-7032,-3123,108,0,56,0,12/4449,-359,-10015,0,227,0,60/5828,-484,-2839,0,206,0,60/-5024,-3893,2500,0,56,0,10
retail_frame=744 player=2162,3177,1328,0,64,3,23 fighters=-7072,-3123,112,0,56,0,12/4368,-121,-10005,0,227,0,60/6143,-589,-2674,0,206,0,60/-5056,-3892,2500,0,56,0,10
retail_frame=748 player=2141,3177,1328,0,64,4,23 fighters=-7072,-3137,112,0,56,0,12/4435,35,-9819,0,227,0,60/6458,-682,-2509,0,206,0,60/-5088,-3891,2500,0,56,0,10
retail_frame=752 player=2141,3177,1328,0,64,4,23 fighters=-7112,-3152,116,0,56,0,12/4502,169,-9633,0,227,0,60/6773,-765,-2344,0,206,0,60/-5120,-3891,2500,0,56,0,10
retail_frame=756 player=2120,3177,1328,0,64,4,23 fighters=-7152,-3167,120,0,56,0,12/4569,286,-9447,0,227,0,60/7088,-839,-2179,0,206,0,60/-5152,-3891,2500,0,56,0,10
retail_frame=760 player=2099,3177,1328,0,64,4,23 fighters=-7192,-3182,124,0,56,0,12/4636,388,-9261,0,227,0,60/7403,-904,-2014,0,206,0,60/-5184,-3892,2500,0,56,0,10
retail_frame=764 player=2078,3177,1328,0,64,4,23 fighters=-7232,-3197,128,0,56,0,12/4703,477,-9075,0,227,0,60/7703,-918,-2045,0,206,0,60/-5216,-3893,2500,0,56,0,10
retail_frame=768 player=2057,3177,1328,0,64,3,23 fighters=-7272,-3212,132,0,56,0,12/4770,556,-8889,0,227,0,60/8003,-929,-2076,0,206,0,60/-5248,-3895,2500,0,56,0,10
retail_frame=772 player=2036,3177,1328,0,64,3,23 fighters=-7312,-3227,136,0,56,0,12/4837,627,-8703,0,227,0,60/8303,-937,-2107,0,206,0,60/-5248,-3895,2500,0,56,0,10
retail_frame=776 player=2015,3177,1328,0,64,2,23 fighters=-7352,-3242,140,0,56,0,12/4985,569,-8527,0,227,0,60/8303,-937,-2107,0,206,0,60/-5280,-3898,2500,0,56,0,10
retail_frame=780 player=1994,3177,1328,0,64,2,23 fighters=-7392,-3256,144,0,56,0,12/4904,691,-8517,0,227,0,60/8603,-943,-2138,0,206,0,60/-5312,-3902,2500,0,56,0,10
retail_frame=784 player=1973,3177,1328,0,64,1,23 fighters=-7392,-3256,144,0,56,0,12/4971,749,-8331,0,227,0,60/8903,-946,-2169,0,206,0,60/-5344,-3906,2500,0,56,0,10
retail_frame=788 player=1973,3177,1328,0,64,1,23 fighters=-7432,-3270,148,0,56,0,12/5038,803,-8145,0,227,0,60/9203,-945,-2200,0,206,0,60/-5376,-3911,2500,0,56,0,10
retail_frame=792 player=1952,3177,1328,0,64,0,23 fighters=-7472,-3283,152,0,56,0,12/5105,853,-7959,0,227,0,60/9503,-942,-2231,0,206,0,60/-5408,-3917,2500,0,56,0,10
retail_frame=796 player=1931,3177,1328,0,64,255,23 fighters=-7512,-3295,156,0,56,0,12/5172,901,-7773,0,227,0,60/9803,-935,-2262,0,206,0,60/-5440,-3924,2500,0,56,0,10
retail_frame=800 player=1910,3177,1328,0,64,254,23 fighters=-7552,-3306,160,0,56,0,12/5239,946,-7587,0,227,0,60/10103,-925,-2293,0,206,0,60/-5472,-3931,2500,0,56,0,10
retail_frame=804 player=1889,3177,1328,0,64,254,23 fighters=-7592,-3316,164,0,56,0,12/5306,990,-7401,0,227,0,60/10403,-912,-2324,0,206,0,60/-5504,-3939,2500,0,56,0,10
retail_frame=808 player=1868,3177,1328,0,64,253,23 fighters=-7632,-3324,168,0,56,0,12/5373,1034,-7215,0,227,0,60/10703,-895,-2355,0,206,0,60/-5536,-3939,2500,0,56,0,10
retail_frame=812 player=1847,3177,1328,0,64,253,23 fighters=-7672,-3331,172,0,56,0,12/5440,1077,-7029,0,227,0,60/10919,-895,-2283,0,206,0,60/-5536,-3948,2500,0,56,0,10
retail_frame=816 player=1826,3177,1328,0,64,252,23 fighters=-7712,-3337,176,0,56,0,12/5588,1077,-6853,0,227,0,60/11003,-876,-2386,0,206,0,60/-5568,-3957,2500,0,56,0,10
retail_frame=820 player=1805,3177,1328,0,64,252,23 fighters=-7752,-3337,180,0,56,0,12/5507,1120,-6843,0,227,0,60/11303,-854,-2417,0,206,0,60/-5600,-3967,2500,0,56,0,10
retail_frame=824 player=1805,3177,1328,0,64,252,23 fighters=-7752,-3341,180,0,56,0,12/5574,1163,-6657,0,227,0,60/11603,-830,-2448,0,206,0,60/-5632,-3977,2500,0,56,0,10
retail_frame=828 player=1784,3177,1328,0,64,252,23 fighters=-7792,-3344,184,0,56,0,12/5641,1205,-6471,0,227,0,60/11903,-803,-2479,0,206,0,60/-5664,-3988,2500,0,56,0,10
retail_frame=832 player=1763,3177,1328,0,64,252,23 fighters=-7832,-3345,188,0,56,0,12/5708,1247,-6285,0,227,0,60/12203,-775,-2510,0,206,0,60/-5696,-4000,2500,0,56,0,10
retail_frame=836 player=1742,3177,1328,0,64,253,23 fighters=-7872,-3345,192,0,56,0,12/5775,1289,-6099,0,227,0,60/12503,-745,-2541,0,206,0,60/-5728,-4012,2500,0,56,0,10
retail_frame=840 player=1721,3177,1328,0,64,253,23 fighters=-7912,-3344,196,0,56,0,12/5842,1331,-5913,0,227,0,60/12803,-713,-2572,0,206,0,60/-5760,-4024,2500,0,56,0,10
retail_frame=844 player=1700,3177,1328,0,64,254,23 fighters=-7952,-3341,200,0,56,0,12/5909,1373,-5727,0,227,0,60/13103,-680,-2603,0,206,0,60/-5792,-4037,2500,0,56,0,10
retail_frame=848 player=1679,3177,1328,0,64,254,23 fighters=-7992,-3337,204,0,56,0,12/5976,1415,-5541,0,227,0,60/13403,-646,-2634,0,206,0,60/-5792,-4037,2500,0,56,0,10
retail_frame=852 player=1658,3177,1328,0,64,255,23 fighters=-8032,-3331,208,0,56,0,12/6043,1457,-5355,0,227,0,60/13403,-646,-2634,0,206,0,60/-5824,-4050,2500,0,56,0,10
retail_frame=856 player=1637,3177,1328,0,64,0,23 fighters=-8072,-3324,212,0,56,0,12/6043,1457,-5355,0,227,0,60/13703,-612,-2665,0,206,0,60/-5856,-4064,2500,0,56,0,10
retail_frame=860 player=1616,3177,1328,0,64,1,23 fighters=-8072,-3324,212,0,56,0,12/6110,1499,-5169,0,227,0,60/13814,-49,-2515,0,206,0,60/-5888,-4078,2500,0,56,0,10
retail_frame=864 player=1595,3177,1328,0,64,2,23 fighters=-8112,-3316,216,0,56,0,12/6325,959,-4959,0,227,0,60/13925,448,-2365,0,206,0,60/-5920,-4092,2500,0,56,0,10
retail_frame=868 player=1595,3177,1328,0,64,2,23 fighters=-8152,-3306,220,0,56,0,12/6540,490,-4749,0,227,0,60/14036,886,-2215,0,206,0,60/-5952,-4107,2500,0,56,0,10
retail_frame=872 player=1574,3177,1328,0,64,2,23 fighters=-8192,-3295,224,0,56,0,12/6755,84,-4539,0,227,0,60/14147,1274,-2065,0,206,0,60/-5984,-4122,2500,0,56,0,10
retail_frame=876 player=1553,3177,1328,0,64,3,23 fighters=-8232,-3283,228,0,56,0,12/6970,-269,-4329,0,227,0,60/14258,1616,-1915,0,206,0,60/-6016,-4137,2500,0,56,0,10
retail_frame=880 player=1532,3177,1328,0,64,3,23 fighters=-8272,-3270,232,0,56,0,12/7185,-574,-4119,0,227,0,60/14369,1919,-1765,0,206,0,60/-6048,-4152,2500,0,56,0,10
retail_frame=884 player=1511,3177,1328,0,64,4,23 fighters=-8312,-3256,236,0,56,0,12/7400,-840,-3909,0,227,0,60/14480,2185,-1615,0,206,0,60/-6080,-4152,2500,0,56,0,10
retail_frame=888 player=1490,3177,1328,0,64,4,23 fighters=-8352,-3242,240,0,56,0,12/7548,-780,-3733,0,227,0,60/14480,2185,-1615,0,206,0,60/-6080,-4167,2500,0,56,0,10
retail_frame=892 player=1469,3177,1328,0,64,4,23 fighters=-8352,-3242,240,0,56,0,12/7615,-1071,-3699,0,227,0,60/14591,2420,-1465,0,206,0,60/-6112,-4182,2500,0,56,0,10
retail_frame=896 player=1448,3177,1328,0,64,4,23 fighters=-8392,-3227,244,0,56,0,12/7830,-1271,-3489,0,227,0,60/14702,2627,-1315,0,206,0,60/-6144,-4197,2500,0,56,0,10
retail_frame=900 player=1448,3177,1328,0,64,4,23 fighters=-8432,-3212,248,0,56,0,12/8045,-1445,-3279,0,227,0,60/14813,2809,-1165,0,206,0,60/-6176,-4212,2500,0,56,0,10
retail_frame=904 player=1427,3177,1328,0,64,3,23 fighters=-8472,-3197,252,0,56,0,12/8260,-1597,-3069,0,227,0,60/14924,2969,-1015,0,206,0,60/-6208,-4227,2500,0,56,0,10
retail_frame=908 player=1406,3177,1328,0,64,3,23 fighters=-8512,-3182,256,0,56,0,12/8475,-1730,-2859,0,227,0,60/15035,3109,-865,0,206,1,60/-6240,-4242,2500,0,56,0,10
retail_frame=912 player=1385,3177,1328,0,64,2,23 fighters=-8552,-3167,260,0,56,0,12/8690,-1848,-2649,0,227,0,60/15146,3230,-715,0,206,2,60/-6272,-4257,2500,0,56,0,10
retail_frame=916 player=1364,3177,1328,0,64,2,23 fighters=-8592,-3152,264,0,56,0,12/8905,-1953,-2439,0,227,0,60/15257,3334,-565,0,206,3,60/-6272,-4257,2500,0,56,0,10
retail_frame=920 player=1343,3177,1328,0,64,1,23 fighters=-8632,-3137,268,0,56,0,12/9120,-2046,-2229,0,227,0,60/15257,3334,-565,0,206,3,60/-6304,-4272,2500,0,56,0,10
retail_frame=924 player=1322,3177,1328,0,64,0,23 fighters=-8672,-3123,272,0,56,0,12/9120,-2046,-2229,0,227,0,60/15368,3424,-407,0,207,4,60/-6336,-4287,2500,0,56,0,10
retail_frame=928 player=1301,3177,1328,0,64,255,23 fighters=-8672,-3123,272,0,56,0,12/9335,-2129,-2019,0,227,0,60/15475,3501,-245,0,208,5,60/-6368,-4302,2500,0,56,0,10
retail_frame=932 player=1301,3177,1328,0,64,254,23 fighters=-8712,-3109,276,0,56,0,12/9550,-2205,-1809,0,227,0,60/15582,3564,-79,0,209,6,60/-6400,-4316,2500,0,56,0,10
retail_frame=936 player=1280,3177,1328,0,64,254,23 fighters=-8752,-3096,280,0,56,0,12/9765,-2275,-1599,0,227,0,60/15685,3617,95,0,210,7,60/-6432,-4330,2500,0,56,0,10
retail_frame=940 player=1259,3177,1328,0,64,254,23 fighters=-8792,-3084,284,0,56,0,12/9980,-2340,-1389,0,227,0,60/15847,3158,250,0,212,8,60/-6464,-4344,2500,0,56,0,10
retail_frame=944 player=1238,3177,1328,0,64,253,23 fighters=-8832,-3073,288,0,56,0,12/10195,-2401,-1179,0,227,1,60/16001,2753,417,0,214,9,60/-6496,-4357,2500,0,56,0,10
retail_frame=948 player=1217,3177,1328,0,64,253,23 fighters=-8872,-3063,292,0,56,0,12/10410,-2458,-969,0,227,2,60/16151,2394,592,0,216,10,60/-6528,-4370,2500,0,56,0,10
retail_frame=952 player=1196,3177,1328,0,64,252,23 fighters=-8912,-3055,296,0,56,0,12/10625,-2513,-759,0,227,3,60/16293,2075,779,0,218,11,60/-6560,-4370,2500,0,56,0,10
retail_frame=956 player=1175,3177,1328,0,64,252,23 fighters=-8952,-3048,300,0,56,0,12/10836,-2566,-549,0,228,4,60/16469,2075,927,0,221,12,60/-6560,-4382,2500,0,56,0,10
retail_frame=960 player=1154,3177,1328,0,64,252,23 fighters=-8992,-3042,304,0,56,0,12/10976,-2566,-369,0,229,5,60/16427,1791,978,0,221,12,60/-6592,-4394,2500,0,56,0,10
retail_frame=964 player=1133,3177,1328,0,64,252,23 fighters=-8992,-3042,304,0,56,0,12/11043,-2618,-335,0,229,5,60/16545,1538,1189,0,224,13,60/-6624,-4406,2500,0,56,0,10
retail_frame=968 player=1112,3177,1328,0,64,253,23 fighters=-9032,-3038,308,0,56,0,12/11246,-2668,-117,0,230,6,60/16651,1311,1416,0,227,14,60/-6656,-4417,2500,0,56,0,10
retail_frame=972 player=1112,3177,1328,0,64,253,23 fighters=-9072,-3035,312,0,56,0,12/11445,-2717,105,0,231,7,60/16745,1107,1651,0,230,14,60/-6688,-4427,2500,0,56,0,10
retail_frame=976 player=1091,3177,1328,0,64,253,23 fighters=-9112,-3034,316,0,56,0,12/11632,-2765,335,0,233,8,60/16823,923,1898,0,233,14,60/-6720,-4437,2500,0,56,0,10
retail_frame=980 player=1070,3177,1328,0,64,254,23 fighters=-9152,-3034,320,0,56,0,12/11811,-2813,569,0,235,9,60/16885,757,2153,0,236,14,60/-6752,-4446,2500,0,56,0,10
retail_frame=984 player=1049,3177,1328,0,64,254,23 fighters=-9192,-3035,324,0,56,0,12/11978,-2860,807,0,237,10,60/16931,607,2416,0,239,14,60/-6784,-4455,2500,0,56,0,10
retail_frame=988 player=1028,3177,1328,0,64,255,23 fighters=-9232,-3038,328,0,56,0,12/12133,-2906,1053,0,239,11,60/16961,470,2683,0,242,14,60/-6816,-4455,2500,0,56,0,10
retail_frame=992 player=1007,3177,1328,0,64,0,23 fighters=-9272,-3042,332,0,56,0,12/12272,-2952,1303,0,242,12,60/17017,470,2907,0,245,14,60/-6816,-4463,2500,0,56,0,10
retail_frame=996 player=986,3177,1328,0,64,1,23 fighters=-9312,-3048,336,0,56,0,12/12328,-2952,1527,0,245,12,60/16975,345,2958,0,245,14,60/-6848,-4470,2500,0,56,0,10
retail_frame=1000 player=965,3177,1328,0,64,2,23 fighters=-9352,-3048,340,0,56,0,12/12395,-2996,1561,0,245,12,60/16973,231,3237,0,248,14,60/-6880,-4477,2500,0,56,0,10
retail_frame=1004 player=944,3177,1328,0,64,2,23 fighters=-9352,-3055,340,0,56,0,12/12502,-3040,1823,0,248,12,60/16955,126,3520,0,251,14,60/-6912,-4483,2500,0,56,0,10
retail_frame=1008 player=944,3177,1328,0,64,2,23 fighters=-9392,-3063,344,0,56,0,12/12593,-3083,2089,0,251,12,60/16917,30,3803,0,254,14,60/-6944,-4488,2500,0,56,0,10
retail_frame=1012 player=923,3177,1328,0,64,3,23 fighters=-9432,-3073,348,0,56,0,12/12483,-2897,2309,0,254,12,60/16875,-58,4086,0,1,14,60/-6976,-4492,2500,0,56,0,10
retail_frame=1016 player=902,3177,1328,0,64,3,23 fighters=-9472,-3084,352,0,56,0,12/12369,-2738,2529,0,1,12,60/16817,-139,4369,0,4,14,60/-7008,-4496,2500,0,56,0,10
retail_frame=1020 player=881,3177,1328,0,64,4,23 fighters=-9512,-3096,356,0,56,0,12/12239,-2602,2749,0,4,12,60/16743,-212,4648,0,7,14,60/-7040,-4499,2500,0,56,0,10
retail_frame=1024 player=860,3177,1328,0,64,4,23 fighters=-9552,-3109,360,0,56,0,12/12093,-2486,2965,0,7,12,60/16649,-280,4923,0,10,14,60/-7072,-4499,2500,0,56,0,10
retail_frame=1028 player=839,3177,1328,0,64,4,23 fighters=-9592,-3123,364,0,56,0,12/11927,-2387,3177,0,10,12,60/16649,-280,4923,0,10,14,60/-7072,-4501,2500,0,56,0,10
retail_frame=1032 player=818,3177,1328,0,64,4,23 fighters=-9632,-3137,368,0,56,0,12/11927,-2387,3177,0,10,12,60/16539,-341,5194,0,13,14,60/-7104,-4502,2500,0,56,0,10
retail_frame=1036 player=797,3177,1328,0,64,3,23 fighters=-9632,-3137,368,0,56,0,12/11745,-2302,3385,0,13,12,60/16547,140,5314,0,16,14,60/-7136,-4503,2500,0,56,0,10
retail_frame=1040 player=797,3177,1328,0,64,3,23 fighters=-9672,-3152,372,0,56,0,12/11547,-2229,3585,0,16,12,60/16539,559,5426,0,19,14,60/-7168,-4503,2500,0,56,0,10
retail_frame=1044 player=776,3177,1328,0,64,3,23 fighters=-9712,-3167,376,0,56,0,12/11333,-2166,3777,0,19,12,60/16515,925,5530,0,22,14,60/-7200,-4503,2500,0,56,0,10
retail_frame=1048 player=755,3177,1328,0,64,2,23 fighters=-9752,-3182,380,0,56,0,12/11103,-2111,3961,0,22,12,60/16475,1245,5626,0,25,14,60/-7232,-4502,2500,0,56,0,10
retail_frame=1052 player=734,3177,1328,0,64,2,23 fighters=-9792,-3197,384,0,56,0,12/10857,-2063,4137,0,25,12,60/16423,1525,5710,0,28,14,60/-7264,-4501,2500,0,56,0,10
retail_frame=1056 player=713,3177,1328,0,64,1,23 fighters=-9832,-3212,388,0,56,0,12/10599,-2020,4301,0,28,12,60/16359,1771,5782,0,31,14,60/-7296,-4499,2500,0,56,0,10
retail_frame=1060 player=692,3177,1328,0,64,0,23 fighters=-9872,-3227,392,0,56,0,12/10329,-1981,4453,0,31,12,60/16279,1988,5934,0,34,14,60/-7296,-4499,2500,0,56,0,10
retail_frame=1064 player=671,3177,1328,0,64,255,23 fighters=-9912,-3242,396,0,56,0,12/10043,-1945,4593,0,34,12,60/16279,1988,5842,0,34,14,60/-7328,-4496,2500,0,56,0,10
retail_frame=1068 player=650,3177,1328,0,64,254,23 fighters=-9952,-3256,400,0,56,0,12/10043,-1945,4593,0,34,12,60/16191,2180,5890,0,37,14,60/-7360,-4492,2500,0,56,0,10
retail_frame=1072 player=629,3177,1328,0,64,254,23 fighters=-9952,-3256,400,0,56,0,12/9749,-1912,4721,0,37,12,60/16091,2349,5922,0,40,14,60/-7392,-4488,2500,0,56,0,10
retail_frame=1076 player=629,3177,1328,0,64,254,23 fighters=-9992,-3270,404,0,56,0,12/9443,-1879,4833,0,40,12,60/15983,2501,5942,0,43,14,60/-7424,-4483,2500,0,56,0,10
retail_frame=1080 player=608,3177,1328,0,64,253,23 fighters=-10032,-3283,408,0,56,0,12/9129,-1848,4933,0,43,12,60/15867,2636,5946,0,46,14,60/-7456,-4477,2500,0,56,0,10
retail_frame=1084 player=587,3177,1328,0,64,253,23 fighters=-10072,-3295,412,0,56,0,12/8807,-1816,5017,0,46,12,60/15751,2759,5950,0,46,13,60/-7488,-4470,2500,0,56,0,10
retail_frame=1088 player=566,3177,1328,0,64,252,23 fighters=-10112,-3306,416,0,56,0,12/8477,-1785,5085,0,49,12,60/15635,2870,5954,0,46,12,60/-7520,-4463,2500,0,56,0,10
retail_frame=1092 player=545,3177,1328,0,64,252,23 fighters=-10152,-3316,420,0,56,0,12/8143,-1753,5133,0,52,12,60/15519,2972,5958,0,46,11,60/-7552,-4455,2500,0,56,0,10
retail_frame=1096 player=524,3177,1328,0,64,252,23 fighters=-10192,-3324,424,0,56,0,12/7805,-1720,5165,0,55,12,60/15403,3066,5962,0,46,10,60/-7584,-4455,2500,0,56,0,10
retail_frame=1100 player=503,3177,1328,0,64,252,23 fighters=-10232,-3331,428,0,56,0,12/7467,-1687,5197,0,55,11,60/15403,3066,5962,0,46,9,60/-7584,-4446,2500,0,56,0,10
retail_frame=1104 player=482,3177,1328,0,64,253,23 fighters=-10272,-3337,432,0,56,0,12/7243,-1687,5241,0,55,10,60/15287,3153,5966,0,46,9,60/-7616,-4437,2500,0,56,0,10
retail_frame=1108 player=461,3177,1328,0,64,253,23 fighters=-10272,-3337,432,0,56,0,12/7129,-1653,5229,0,55,10,60/15171,3234,5970,0,46,8,60/-7648,-4427,2500,0,56,0,10
retail_frame=1112 player=440,3177,1328,0,64,254,23 fighters=-10312,-3341,436,0,56,0,12/6791,-1618,5261,0,55,9,60/15055,3310,5974,0,46,7,60/-7680,-4417,2500,0,56,0,10
retail_frame=1116 player=440,3177,1328,0,64,254,23 fighters=-10352,-3344,440,0,56,0,12/6453,-1582,5293,0,55,8,60/14939,3382,5978,0,46,6,60/-7712,-4406,2500,0,56,0,10
retail_frame=1120 player=419,3177,1328,0,64,254,23 fighters=-10392,-3345,444,0,56,0,12/6115,-1545,5325,0,55,7,60/14823,3450,5982,0,46,5,60/-7744,-4394,2500,0,56,0,10
retail_frame=1124 player=398,3177,1328,0,64,255,23 fighters=-10432,-3345,448,0,56,0,12/5777,-1507,5357,0,55,6,60/14707,3515,5986,0,46,4,60/-7776,-4382,2500,0,56,0,10
retail_frame=1128 player=377,3177,1328,0,64,0,23 fighters=-10472,-3344,452,0,56,0,12/5439,-1469,5389,0,55,5,60/14591,3577,5990,0,46,3,60/-7808,-4370,2500,0,56,0,10
retail_frame=1132 player=356,3177,1328,0,64,1,23 fighters=-10512,-3341,456,0,56,0,12/5101,-1430,5421,0,55,4,60/14475,3637,5994,0,46,2,60/-7840,-4357,2500,0,56,0,10
retail_frame=1136 player=335,3177,1328,0,64,2,23 fighters=-10552,-3337,460,0,56,0,12/4763,-1391,5453,0,55,3,60/14359,3694,5998,0,46,1,60/-7872,-4344,2500,0,56,0,10
retail_frame=1140 player=314,3177,1328,0,64,2,23 fighters=-10592,-3331,464,0,56,0,12/4425,-1352,5485,0,55,2,60/14151,3723,6094,0,46,0,60/-7872,-4344,2500,0,56,0,10
retail_frame=1144 player=293,3177,1328,0,64,3,23 fighters=-10632,-3324,468,0,56,0,12/4087,-1313,5517,0,55,1,60/14243,3749,6002,0,46,0,60/-7904,-4330,2500,0,56,0,10
retail_frame=1148 player=272,3177,1328,0,64,3,23 fighters=-10672,-3316,472,0,56,0,12/4087,-1313,5517,0,55,1,60/14111,3802,5966,0,53,0,60/-7936,-4316,2500,0,56,0,10
retail_frame=1152 player=251,3177,1328,0,64,4,23 fighters=-10672,-3316,472,0,56,0,12/3963,-767,5597,0,55,0,60/13971,3853,5898,0,59,0,60/-7968,-4302,2500,0,56,0,10
retail_frame=1156 player=251,3177,1328,0,64,4,23 fighters=-10712,-3306,476,0,56,0,12/3831,-286,5629,0,66,0,60/13831,3901,5806,0,63,0,60/-8000,-4287,2500,0,56,0,10
retail_frame=1160 player=230,3177,1328,0,64,4,23 fighters=-10752,-3295,480,0,56,0,12/3707,139,5613,0,74,0,60/13519,3659,5823,0,66,0,60/-8032,-4272,2500,0,56,0,10
retail_frame=1164 player=209,3177,1328,0,64,4,23 fighters=-10792,-3283,484,0,56,0,12/3595,514,5565,0,80,0,60/13207,3450,5799,0,69,0,60/-8032,-4272,2500,0,56,0,10
retail_frame=1168 player=188,3177,1328,0,64,4,23 fighters=-10832,-3270,488,0,56,0,12/3395,570,5453,0,85,0,60/13207,3450,5820,0,69,0,60/-8064,-4257,2500,0,56,0,10
retail_frame=1172 player=167,3177,1328,0,64,3,23 fighters=-10832,-3270,488,0,56,0,12/3495,845,5489,0,85,0,60/12899,3271,5809,0,71,0,60/-8096,-4242,2500,0,56,0,10
retail_frame=1176 player=167,3177,1328,0,64,3,23 fighters=-10872,-3256,492,0,56,0,12/3407,1137,5393,0,89,0,60/12591,3116,5790,0,72,0,60/-8128,-4227,2500,0,56,0,10
retail_frame=1180 player=146,3177,1328,0,64,3,23 fighters=-10912,-3242,496,0,56,0,12/3331,1394,5285,0,92,0,60/12287,2982,5767,0,73,0,60/-8160,-4212,2500,0,56,0,10
retail_frame=1184 player=125,3177,1328,0,64,2,23 fighters=-10952,-3227,500,0,56,0,12/3259,1621,5169,0,94,0,60/11983,2866,5736,0,74,0,60/-8192,-4212,2500,0,56,0,10
retail_frame=1188 player=104,3177,1328,0,64,2,23 fighters=-10992,-3212,504,0,56,0,12/3195,1820,5049,0,95,3,60/11983,2866,5736,0,74,0,60/-8192,-4197,2500,0,56,0,10
retail_frame=1192 player=83,3177,1328,0,64,1,23 fighters=-10992,-3212,504,0,56,0,12/3195,1820,5049,0,95,3,60/11679,2766,5701,0,75,0,60/-8224,-4182,2500,0,56,0,10
retail_frame=1196 player=83,3177,1328,0,64,1,23 fighters=-11032,-3197,508,0,56,0,12/3135,1994,4925,0,96,5,60/11379,2678,5662,0,76,0,60/-8256,-4167,2500,0,56,0,10
retail_frame=1200 player=62,3177,1328,0,64,0,23 fighters=-11072,-3182,512,0,56,0,12/3079,2147,4797,0,97,7,60/11079,2601,5615,0,77,0,60/-8288,-4152,2500,0,56,0,10
retail_frame=1204 player=41,3177,1328,0,64,255,23 fighters=-11112,-3167,516,0,56,0,12/3031,2280,4657,0,99,9,60/10783,2533,5564,0,78,0,60/-8320,-4137,2500,0,56,0,10
retail_frame=1208 player=20,3177,1328,0,64,254,23 fighters=-11152,-3152,520,0,56,0,12/2991,2394,4513,0,101,10,60/10567,2533,5484,0,79,0,60/-8320,-4137,2500,0,56,0,10
retail_frame=1212 player=-1,3177,1328,0,64,254,23 fighters=-11192,-3137,524,0,56,0,12/2859,2394,4325,0,103,11,60/10487,2472,5505,0,79,0,60/-8352,-4122,2500,0,56,0,10
retail_frame=1216 player=-22,3177,1328,0,64,253,23 fighters=-11192,-3137,524,0,56,0,12/2959,2492,4361,0,103,11,60/10195,2417,5442,0,80,0,60/-8384,-4107,2500,0,56,0,10
retail_frame=1220 player=-22,3177,1328,0,64,253,23 fighters=-11232,-3123,528,0,56,0,12/2943,2576,4201,0,106,12,60/9903,2367,5379,0,80,0,60/-8416,-4092,2500,0,56,0,10
retail_frame=1224 player=-43,3177,1328,0,64,253,23 fighters=-11272,-3109,532,0,56,0,12/2943,2646,4033,0,109,13,60/9611,2319,5316,0,80,0,60/-8448,-4078,2500,0,56,0,10
retail_frame=1228 player=-64,3177,1328,0,64,252,23 fighters=-11312,-3096,536,0,56,0,12/2959,2705,3857,0,112,14,60/9319,2275,5253,0,80,0,60/-8480,-4064,2500,0,56,0,10
retail_frame=1232 player=-85,3177,1328,0,64,252,23 fighters=-11352,-3084,540,0,56,0,12/2991,2752,3673,0,115,15,60/9027,2232,5190,0,80,0,60/-8512,-4050,2500,0,56,0,10
retail_frame=1236 player=-106,3177,1328,0,64,252,23 fighters=-11392,-3073,544,0,56,0,12/2979,2404,3327,0,119,16,60/9027,2232,5190,5,81,0,60/-8512,-4050,2500,0,56,0,10
retail_frame=1240 player=-127,3177,1328,0,64,252,23 fighters=-11392,-3073,544,0,56,0,12/2979,2404,3327,0,119,16,60/8735,2191,5123,0,81,0,60/-8544,-4037,2500,0,56,0,10
retail_frame=1244 player=-127,3177,1328,0,64,252,23 fighters=-11432,-3063,548,0,56,0,12/2987,2095,2973,0,123,17,60/8443,2151,5056,0,81,0,60/-8576,-4024,2500,0,56,0,10
retail_frame=1248 player=-148,3177,1328,0,64,253,23 fighters=-11472,-3055,552,0,56,0,12/3019,1819,2619,0,127,18,60/8151,2110,4989,0,81,0,60/-8608,-4012,2500,0,56,0,10
retail_frame=1252 player=-169,3177,1328,0,64,253,23 fighters=-11512,-3048,556,0,56,0,12/3063,1573,2265,0,131,19,60/7859,2070,4922,0,81,0,60/-8608,-4012,2500,0,56,0,10
retail_frame=1256 player=-190,3177,1328,0,64,254,23 fighters=-11552,-3042,560,0,56,0,12/3135,1353,1915,0,136,20,60/7859,2070,4922,0,81,0,60/-8640,-4000,2500,0,56,0,10
retail_frame=1260 player=-211,3177,1328,0,64,254,23 fighters=-11552,-3042,560,0,56,0,12/3135,1353,1915,0,136,20,60/7571,2030,4847,0,82,0,60/-8672,-3988,2500,0,56,0,10
retail_frame=1264 player=-211,3177,1328,0,64,254,23 fighters=-11592,-3038,564,0,56,0,12/3235,1155,1573,0,141,21,60/7283,1990,4772,0,82,0,60/-8704,-3977,2500,0,56,0,10
retail_frame=1268 player=-232,3177,1328,0,64,255,23 fighters=-11632,-3035,568,0,56,0,12/3363,977,1243,0,146,22,60/6995,1949,4697,0,82,0,60/-8736,-3967,2500,0,56,0,10
retail_frame=1272 player=-253,3177,1328,0,64,0,23 fighters=-11672,-3034,572,0,56,0,12/3515,816,925,0,151,23,60/6707,1908,4622,0,82,0,60/-8768,-3957,2500,0,56,0,10
retail_frame=1276 player=-274,3177,1328,0,64,1,23 fighters=-11712,-3034,576,0,56,0,12/3695,669,627,0,157,24,60/6499,1908,4526,0,82,0,60/-8768,-3957,2500,0,56,0,10
retail_frame=1280 player=-295,3177,1328,0,64,2,23 fighters=-11752,-3035,580,0,56,0,12/3695,669,627,0,157,24,60/6419,1867,4547,0,82,0,60/-8800,-3948,2500,0,56,0,10
retail_frame=1284 player=-295,3177,1328,0,64,2,23 fighters=-11752,-3035,580,0,56,0,12/3903,536,357,0,163,24,60/6135,1826,4468,0,83,0,60/-8832,-3939,2500,0,56,0,10
retail_frame=1288 player=-316,3177,1328,0,64,2,23 fighters=-11792,-3038,584,0,56,0,12/4111,414,87,0,163,21,60/5851,1785,4389,0,83,0,60/-8864,-3931,2500,0,56,0,10
retail_frame=1292 player=-337,3177,1328,0,64,3,23 fighters=-11832,-3042,588,0,56,0,12/4319,302,-183,0,163,19,60/5567,1744,4310,0,83,0,60/-8896,-3924,2500,0,56,0,10
retail_frame=1296 player=-358,3177,1328,0,64,3,23 fighters=-11872,-3048,592,0,56,0,12/4527,200,-453,0,163,17,60/5283,1703,4231,0,83,0,60/-8896,-3924,2500,0,56,0,10
retail_frame=1300 player=-379,3177,1328,0,64,4,23 fighters=-11912,-3055,596,0,56,0,12/4703,105,-601,0,163,15,60/5283,1703,4231,0,83,0,60/-8928,-3917,2500,0,56,0,10
retail_frame=1304 player=-400,3177,1328,0,64,4,23 fighters=-11912,-3055,596,0,56,0,12/4735,105,-723,0,163,15,60/4999,1662,4148,0,84,0,60/-8960,-3911,2500,0,56,0,10
retail_frame=1308 player=-400,3177,1328,0,64,4,23 fighters=-11952,-3063,600,0,56,0,12/4943,18,-993,0,163,14,60/4684,1161,4074,0,84,0,60/-8992,-3906,2500,0,56,0,10
retail_frame=1312 player=-421,3177,1328,0,64,4,23 fighters=-11992,-3073,604,0,56,0,12/5151,-62,-1263,0,163,13,60/4369,719,4000,0,84,0,60/-9024,-3902,2500,0,56,0,10
retail_frame=1316 player=-442,3177,1328,0,64,4,23 fighters=-12032,-3084,608,0,56,0,12/5359,-136,-1533,0,163,12,60/4058,328,3918,0,85,0,60/-9024,-3902,2500,0,56,0,10
retail_frame=1320 player=-463,3177,1328,0,64,3,23 fighters=-12072,-3096,612,0,56,0,12/5535,-136,-1681,0,163,11,60/4058,328,3918,0,85,0,60/-9056,-3898,2500,0,56,0,10
retail_frame=1324 player=-463,3177,1328,0,64,3,23 fighters=-12072,-3096,612,0,56,0,12/5567,-204,-1803,0,163,11,60/3751,-16,3832,0,86,0,60/-9088,-3895,2500,0,56,0,10
retail_frame=1328 player=-484,3177,1328,0,64,3,23 fighters=-12112,-3109,616,0,56,0,12/5775,-267,-2073,0,163,10,60/3444,-321,3746,0,86,254,60/-9120,-3893,2500,0,56,0,10
retail_frame=1332 player=-505,3177,1328,0,64,2,23 fighters=-12152,-3123,620,0,56,0,12/5983,-324,-2343,0,163,9,60/3133,-590,3664,0,85,252,60/-9152,-3892,2500,0,56,0,10
retail_frame=1336 player=-526,3177,1328,0,64,2,23 fighters=-12192,-3137,624,0,56,0,12/6179,-554,-2451,0,163,8,60/2929,-590,3560,0,84,250,60/-9152,-3892,2500,0,56,0,10
retail_frame=1340 player=-547,3177,1328,0,64,1,23 fighters=-12232,-3152,628,0,56,0,12/6179,-554,-2451,0,163,8,60/2818,-827,3590,0,84,250,60/-9184,-3891,2500,0,56,0,10
retail_frame=1344 player=-568,3177,1328,0,64,0,23 fighters=-12232,-3152,628,0,56,0,12/6375,-757,-2559,0,163,7,60/2503,-1036,3520,0,83,249,60/-9216,-3891,2500,0,56,0,10
retail_frame=1348 player=-568,3177,1328,0,64,0,23 fighters=-12272,-3167,632,0,56,0,12/6571,-935,-2667,0,163,6,60/2180,-1220,3462,0,81,248,60/-9248,-3891,2500,0,56,0,10
retail_frame=1352 player=-589,3177,1328,0,64,255,23 fighters=-12312,-3182,636,0,56,0,12/6767,-1091,-2775,0,163,5,60/1853,-1381,3412,0,79,247,60/-9280,-3892,2500,0,56,0,10
retail_frame=1356 player=-610,3177,1328,0,64,254,23 fighters=-12352,-3197,640,0,56,0,12/6963,-1228,-2883,0,163,4,60/1522,-1521,3374,0,77,246,60/-9312,-3893,2500,0,56,0,10
retail_frame=1360 player=-631,3177,1328,0,64,254,23 fighters=-12392,-3212,644,0,56,0,12/7159,-1347,-2991,0,163,3,60/1187,-1643,3348,0,75,245,60/-9312,-3893,2500,0,56,0,10
retail_frame=1364 player=-652,3177,1328,0,64,253,23 fighters=-12432,-3212,648,0,56,0,12/7159,-1347,-2991,0,163,3,60/1187,-1643,3348,0,75,245,60/-9344,-3895,2500,0,56,0,10
retail_frame=1368 player=-673,3177,1328,0,64,253,23 fighters=-12432,-3227,648,0,56,0,12/7355,-1449,-3099,0,163,2,60/848,-1748,3338,0,72,244,60/-9376,-3898,2500,0,56,0,10
retail_frame=1372 player=-673,3177,1328,0,64,253,23 fighters=-12472,-3242,652,0,56,0,12/7551,-1536,-3207,0,163,1,60/505,-1838,3344,0,69,243,60/-9408,-3902,2500,0,56,0,10
retail_frame=1376 player=-694,3177,1328,0,64,252,23 fighters=-12512,-3256,656,0,56,0,12/7747,-1611,-3315,0,163,0,60/162,-1915,3370,0,66,242,60/-9440,-3906,2500,0,56,0,10
retail_frame=1380 player=-715,3177,1328,0,64,252,23 fighters=-12552,-3270,660,0,56,0,12/7943,-1673,-3423,0,163,0,60/-181,-1979,3400,0,63,241,60/-9472,-3911,2500,0,56,0,10
retail_frame=1384 player=-736,3177,1328,0,64,252,23 fighters=-12592,-3283,664,0,56,0,12/8139,-1725,-3531,0,163,1,60/-524,-2032,3454,0,59,240,60/-9472,-3911,2500,0,56,0,10
retail_frame=1388 player=-757,3177,1328,0,64,252,23 fighters=-12632,-3295,668,0,56,0,12/8315,-1769,-3679,0,163,2,60/-524,-2032,3454,0,59,240,60/-9504,-3917,2500,0,56,0,10
retail_frame=1392 player=-778,3177,1328,0,64,253,23 fighters=-12672,-3295,672,0,56,0,12/8257,-2011,-3605,0,163,2,60/-830,-1984,3494,0,55,239,60/-9536,-3924,2500,0,56,0,10
retail_frame=1396 player=-799,3177,1328,0,64,253,23 fighters=-12672,-3306,672,0,56,0,12/8375,-2258,-3679,0,163,3,60/-1132,-1939,3558,0,51,238,60/-9568,-3931,2500,0,56,0,10
retail_frame=1400 player=-799,3177,1328,0,64,253,23 fighters=-12712,-3316,676,0,56,0,12/8493,-2470,-3749,0,164,4,60/-1426,-1895,3642,0,47,237,60/-9600,-3939,2500,0,56,0,10
retail_frame=1404 player=-820,3177,1328,0,64,254,23 fighters=-12752,-3324,680,0,56,0,12/8615,-2650,-3815,0,165,5,60/-1704,-1851,3754,0,42,236,60/-9632,-3948,2500,0,56,0,10
retail_frame=1408 player=-841,3177,1328,0,64,254,23 fighters=-12792,-3331,684,0,56,0,12/8741,-2803,-3877,0,166,6,60/-1966,-1808,3890,0,37,235,60/-9664,-3957,2500,0,56,0,10
retail_frame=1412 player=-862,3177,1328,0,64,255,23 fighters=-12832,-3337,688,0,56,0,12/8871,-2932,-3935,0,167,7,60/-2228,-1765,4026,0,37,237,60/-9696,-3967,2500,0,56,0,10
retail_frame=1416 player=-883,3177,1328,0,64,0,23 fighters=-12872,-3341,692,0,56,0,12/9009,-3039,-3981,0,169,8,60/-2490,-1723,4162,0,37,239,60/-9696,-3967,2500,0,56,0,10
retail_frame=1420 player=-904,3177,1328,0,64,1,23 fighters=-12912,-3344,696,0,56,0,12/9209,-3045,-4093,0,171,9,60/-2490,-1723,4162,0,37,239,60/-9728,-3977,2500,0,56,0,10
retail_frame=1424 player=-925,3177,1328,0,64,2,23 fighters=-12952,-3345,700,0,56,0,12/9151,-3128,-4019,0,171,9,60/-2752,-1681,4298,0,37,241,60/-9760,-3988,2500,0,56,0,10
retail_frame=1428 player=-946,3177,1328,0,64,2,23 fighters=-12952,-3345,700,0,56,0,12/9297,-3200,-4045,0,173,10,60/-3014,-1639,4434,0,37,242,60/-9792,-4000,2500,0,56,0,10
retail_frame=1432 player=-967,3177,1328,0,64,3,23 fighters=-12992,-3345,704,0,56,0,12/9451,-3258,-4059,0,175,11,60/-3276,-1597,4570,0,37,243,60/-9824,-4012,2500,0,56,0,10
retail_frame=1436 player=-967,3177,1328,0,64,3,23 fighters=-13032,-3344,708,0,56,0,12/9609,-3304,-4057,0,178,12,60/-3538,-1555,4706,0,37,244,60/-9856,-4024,2500,0,56,0,10
retail_frame=1440 player=-988,3177,1328,0,64,3,23 fighters=-13072,-3341,712,0,56,0,12/9775,-3339,-4039,0,181,12,60/-3800,-1513,4842,0,37,245,60/-9888,-4037,2500,0,56,0,10
retail_frame=1444 player=-1009,3177,1328,0,64,4,23 fighters=-13112,-3337,716,0,56,0,12/9945,-3364,-4005,0,184,12,60/-4062,-1471,4978,0,37,246,60/-9920,-4050,2500,0,56,0,10
retail_frame=1448 player=-1030,3177,1328,0,64,4,23 fighters=-13152,-3331,720,0,56,0,12/10119,-3381,-3955,0,187,12,60/-4324,-1429,5114,0,37,247,60/-9952,-4064,2500,0,56,0,10
retail_frame=1452 player=-1051,3177,1328,0,64,4,23 fighters=-13192,-3324,724,0,56,0,12/10293,-3391,-3885,0,190,12,60/-4586,-1387,5250,0,37,248,60/-9952,-4064,2500,0,56,0,10
retail_frame=1456 player=-1072,3177,1328,0,64,4,23 fighters=-13232,-3316,728,0,56,0,12/10467,-3395,-3811,0,193,12,60/-4586,-1387,5250,0,37,249,60/-9984,-4078,2500,0,56,0,10
retail_frame=1460 player=-1093,3177,1328,0,64,3,23 fighters=-13272,-3306,732,0,56,0,12/10699,-3395,-3795,0,196,12,60/-4707,-1470,5466,0,37,249,60/-10016,-4092,2500,0,56,0,10
retail_frame=1464 player=-1114,3177,1328,0,64,3,23 fighters=-13272,-3306,732,0,56,0,12/10641,-3395,-3721,0,196,12,60/-4828,-1539,5682,0,37,250,60/-10048,-4107,2500,0,56,0,10
retail_frame=1468 player=-1135,3177,1328,0,64,2,23 fighters=-13312,-3295,736,0,56,0,12/10811,-3391,-3615,0,199,12,60/-4949,-1595,5898,0,37,251,60/-10080,-4122,2500,0,56,0,10
retail_frame=1472 player=-1135,3177,1328,0,64,2,23 fighters=-13352,-3283,740,0,56,0,12/10977,-3385,-3489,0,202,12,60/-5070,-1642,6114,0,37,252,60/-10112,-4137,2500,0,56,0,10
retail_frame=1476 player=-1156,3177,1328,0,64,2,23 fighters=-13392,-3270,744,0,56,0,12/11139,-3376,-3347,0,205,12,60/-5191,-1679,6330,0,37,253,60/-10144,-4152,2500,0,56,0,10
retail_frame=1480 player=-1177,3177,1328,0,64,1,23 fighters=-13432,-3256,748,0,56,0,12/11293,-3367,-3189,0,208,12,60/-5312,-1710,6546,0,37,254,60/-10176,-4167,2500,0,56,0,10
retail_frame=1484 player=-1198,3177,1328,0,64,0,23 fighters=-13472,-3242,752,0,56,0,12/11439,-3357,-3015,0,211,12,60/-5433,-1735,6762,0,37,255,60/-10208,-4182,2500,0,56,0,10
retail_frame=1488 player=-1219,3177,1328,0,64,255,23 fighters=-13512,-3227,756,0,56,0,12/11577,-3346,-2825,0,214,12,60/-5554,-1755,6978,0,37,0,60/-10208,-4182,2500,0,56,0,10
retail_frame=1492 player=-1240,3177,1328,0,64,254,23 fighters=-13552,-3212,760,0,56,0,12/11707,-3336,-2619,0,217,12,60/-5554,-1755,6978,0,37,0,60/-10240,-4197,2500,0,56,0,10
retail_frame=1496 player=-1261,3177,1328,0,64,254,23 fighters=-13592,-3197,764,0,56,0,12/11707,-3336,-2619,0,217,12,60/-5675,-1772,7194,0,37,0,60/-10272,-4212,2500,0,56,0,10
retail_frame=1500 player=-1282,3177,1328,0,64,253,23 fighters=-13592,-3197,764,0,56,0,12/11825,-3327,-2401,0,220,12,60/-5796,-1787,7410,0,37,0,60/-10304,-4227,2500,0,56,0,10
retail_frame=1504 player=-1303,3177,1328,0,64,253,23 fighters=-13632,-3182,768,0,56,0,12/11931,-3319,-2171,0,223,12,60/-5917,-1800,7626,0,37,0,60/-10336,-4242,2500,0,56,0,10
retail_frame=1508 player=-1303,3177,1328,0,64,253,23 fighters=-13672,-3167,772,0,56,0,12/12025,-3313,-1925,0,226,12,60/-6038,-1812,7842,0,37,0,60/-10368,-4257,2500,0,56,0,10
retail_frame=1512 player=-1324,3177,1328,0,64,252,23 fighters=-13712,-3152,776,0,56,0,12/12107,-3310,-1671,0,229,12,60/-6159,-1825,8058,0,37,0,60/-10400,-4272,2500,0,56,0,10
retail_frame=1516 player=-1345,3177,1328,0,64,252,23 fighters=-13752,-3137,780,0,56,0,12/12173,-3309,-1405,0,232,12,60/-6280,-1838,8274,0,37,0,60/-10432,-4287,2500,0,56,0,10
retail_frame=1520 player=-1366,3177,1328,0,64,252,23 fighters=-13792,-3123,784,0,56,0,12/12227,-3310,-1131,0,235,12,60/-6401,-1851,8490,0,37,0,60/-10464,-4302,2500,0,56,0,10
retail_frame=1524 player=-1387,3177,1328,0,64,252,23 fighters=-13832,-3109,788,0,56,0,12/12265,-3314,-849,0,238,12,60/-6522,-1866,8706,0,37,0,60/-10464,-4302,2500,0,56,0,10
retail_frame=1528 player=-1408,3177,1328,0,64,253,23 fighters=-13872,-3096,792,0,56,0,12/12287,-3320,-559,0,241,12,60/-6522,-1866,8706,0,37,0,60/-10496,-4316,2500,0,56,0,10
retail_frame=1532 player=-1429,3177,1328,0,64,253,23 fighters=-13912,-3084,796,0,56,0,12/12287,-3320,-559,0,241,12,60/-6643,-1881,8922,0,37,0,60/-10528,-4330,2500,0,56,0,10
retail_frame=1536 player=-1450,3177,1328,0,64,254,23 fighters=-13912,-3084,796,0,56,0,12/12289,-3330,-265,0,244,12,60/-6764,-1899,9138,0,37,255,60/-10560,-4344,2500,0,56,0,10
retail_frame=1540 player=-1471,3177,1328,0,64,254,23 fighters=-13952,-3073,800,0,56,0,12/12275,-3342,33,0,247,12,60/-6885,-1918,9354,0,37,254,60/-10592,-4357,2500,0,56,0,10
retail_frame=1544 player=-1471,3177,1328,0,64,254,23 fighters=-13992,-3063,804,0,56,0,12/12245,-3357,335,0,250,12,60/-7006,-1939,9570,0,37,253,60/-10624,-4370,2500,0,56,0,10
retail_frame=1548 player=-1492,3177,1328,0,64,255,23 fighters=-14032,-3055,808,0,56,0,12/12199,-3375,641,0,253,12,60/-7123,-1963,9790,0,36,252,60/-10656,-4382,2500,0,56,0,10
retail_frame=1552 player=-1513,3177,1328,0,64,0,23 fighters=-14072,-3048,812,0,56,0,12/12141,-3395,947,0,0,12,60/-7240,-1988,10014,0,35,251,60/-10688,-4394,2500,0,56,0,10
retail_frame=1556 player=-1534,3177,1328,0,64,1,23 fighters=-14112,-3042,816,0,56,0,12/12071,-3418,1253,0,3,12,60/-7353,-2015,10242,0,34,250,60/-10720,-4406,2500,0,56,0,10
retail_frame=1560 player=-1555,3177,1328,0,64,2,23 fighters=-14152,-3038,820,0,56,0,12/11985,-3444,1555,0,6,12,60/-7458,-2044,10474,0,33,249,60/-10752,-4417,2500,0,56,0,10
retail_frame=1564 player=-1576,3177,1328,0,64,2,23 fighters=-14192,-3035,824,0,56,0,12/11883,-3472,1853,0,9,12,60/-7555,-2075,10714,0,31,248,60/-10784,-4417,2500,0,56,0,10
retail_frame=1568 player=-1597,3177,1328,0,64,3,23 fighters=-14232,-3034,828,0,56,0,12/11765,-3501,2147,0,12,12,60/-7644,-2107,10966,0,29,247,60/-10784,-4427,2500,0,56,0,10
retail_frame=1572 player=-1618,3177,1328,0,64,3,23 fighters=-14272,-3034,832,0,56,0,12/11627,-3532,2437,0,15,12,60/-7784,-2107,10966,0,27,246,60/-10816,-4437,2500,0,56,0,10
retail_frame=1576 player=-1639,3177,1328,0,64,4,23 fighters=-14312,-3035,836,0,56,0,12/11531,-3544,2645,0,18,12,60/-7725,-2140,11222,0,27,246,60/-10848,-4446,2500,0,56,0,10
retail_frame=1580 player=-1660,3177,1328,0,64,4,23 fighters=-14352,-3035,840,0,56,0,12/11473,-3564,2719,0,18,12,60/-7798,-2175,11486,0,25,245,60/-10880,-4455,2500,0,56,0,10
retail_frame=1584 player=-1681,3177,1328,0,64,4,23 fighters=-14352,-3038,840,0,56,0,12/11303,-3598,2993,0,21,12,60/-7855,-2210,11758,0,22,244,60/-10912,-4463,2500,0,56,0,10
retail_frame=1588 player=-1702,3177,1328,0,64,4,23 fighters=-14392,-3042,844,0,56,0,12/11121,-3633,3259,0,24,12,60/-7896,-2246,12038,0,19,243,60/-10944,-4470,2500,0,56,0,10
retail_frame=1592 player=-1702,3177,1328,0,64,4,23 fighters=-14432,-3048,848,0,56,0,12/10923,-3668,3513,0,27,12,60/-7921,-2282,12326,0,16,242,60/-10976,-4477,2500,0,56,0,10
retail_frame=1596 player=-1723,3177,1328,0,64,3,23 fighters=-14472,-3055,852,0,56,0,12/10740,-3210,3697,0,30,12,60/-7930,-2319,12622,0,13,242,60/-11008,-4483,2500,0,56,0,10
retail_frame=1600 player=-1744,3177,1328,0,64,3,23 fighters=-14512,-3063,856,0,56,0,12/10545,-2813,3865,0,33,12,60/-7983,-2480,12882,0,10,242,60/-11040,-4488,2500,0,56,0,10
retail_frame=1604 player=-1765,3177,1328,0,64,2,23 fighters=-14552,-3073,860,0,56,0,12/10338,-2469,4021,0,36,12,60/-8016,-2624,13146,0,7,242,60/-11072,-4492,2500,0,56,0,10
retail_frame=1608 player=-1786,3177,1328,0,64,2,23 fighters=-14592,-3084,864,0,56,0,12/10119,-2173,4165,0,39,12,60/-8033,-2755,13414,0,4,242,60/-11104,-4496,2500,0,56,0,10
retail_frame=1612 player=-1807,3177,1328,0,64,1,23 fighters=-14632,-3096,868,0,56,0,12/9892,-1916,4293,0,42,12,60/-8034,-2872,13682,0,1,242,60/-11104,-4496,2500,0,56,0,10
retail_frame=1616 player=-1828,3177,1328,0,64,0,23 fighters=-14672,-3109,872,0,56,0,12/9657,-1695,4405,0,45,12,60/-8030,-2872,13914,0,254,242,60/-11136,-4499,2500,0,56,0,10
retail_frame=1620 player=-1849,3177,1328,0,64,255,23 fighters=-14712,-3123,876,0,56,0,12/9453,-1753,4505,0,45,11,60/-8031,-2978,13950,0,254,242,60/-11168,-4501,2500,0,56,0,10
retail_frame=1624 player=-1870,3177,1328,0,64,254,23 fighters=-14752,-3137,880,0,56,0,12/9422,-1503,4517,0,45,11,60/-8008,-3072,14218,0,251,242,60/-11200,-4502,2500,0,56,0,10
retail_frame=1628 player=-1891,3177,1328,0,64,254,23 fighters=-14752,-3137,880,0,56,0,12/9187,-1337,4629,0,45,10,60/-7969,-3156,14482,0,248,242,60/-11232,-4503,2500,0,56,0,10
retail_frame=1632 player=-1891,3177,1328,0,64,253,23 fighters=-14792,-3152,884,0,56,0,12/8952,-1194,4741,0,45,9,60/-7914,-3232,14742,0,245,242,60/-11264,-4503,2500,0,56,0,10
retail_frame=1636 player=-1912,3177,1328,0,64,253,23 fighters=-14832,-3167,888,0,56,0,12/8717,-1069,4853,0,45,8,60/-7843,-3299,14994,0,242,242,60/-11296,-4503,2500,0,56,0,10
retail_frame=1640 player=-1933,3177,1328,0,64,253,23 fighters=-14872,-3182,892,0,56,0,12/8482,-960,4965,0,45,7,60/-7759,-3370,15205,0,239,242,60/-11328,-4502,2500,0,56,0,10
retail_frame=1644 player=-1954,3177,1328,0,64,252,23 fighters=-14912,-3197,896,0,56,0,12/8247,-865,5077,0,45,6,60/-7659,-3432,15408,0,236,242,60/-11360,-4501,2500,0,56,0,10
retail_frame=1648 player=-1975,3177,1328,0,64,252,23 fighters=-14952,-3212,900,0,56,0,12/8012,-781,5189,0,45,5,60/-7536,-3148,15693,0,233,242,60/-11392,-4499,2500,0,56,0,10
retail_frame=1652 player=-1996,3177,1328,0,64,252,23 fighters=-14992,-3227,904,0,56,0,12/7777,-705,5301,0,45,4,60/-7397,-2897,15966,0,230,242,60/-11424,-4496,2500,0,56,0,10
retail_frame=1656 player=-2017,3177,1328,0,64,252,23 fighters=-15032,-3242,908,0,56,0,12/7542,-637,5413,0,45,3,60/-7246,-2676,16231,0,227,242,60/-11456,-4492,2500,0,56,0,10
retail_frame=1660 player=-2038,3177,1328,0,64,253,23 fighters=-15072,-3256,912,0,56,0,12/7307,-576,5525,0,45,2,60/-7083,-2481,16480,0,224,242,60/-11488,-4492,2500,0,56,0,10
retail_frame=1664 player=-2059,3177,1328,0,64,253,23 fighters=-15112,-3270,916,0,56,0,12/7072,-519,5637,0,45,1,60/-6907,-2533,16628,0,221,242,60/-11488,-4488,2500,0,56,0,10
retail_frame=1668 player=-2080,3177,1328,0,64,254,23 fighters=-15152,-3283,920,0,56,0,12/6837,-467,5749,0,45,0,60/-6904,-2307,16717,0,221,242,60/-11520,-4483,2500,0,56,0,10
retail_frame=1672 player=-2101,3177,1328,0,64,254,23 fighters=-15192,-3295,924,0,56,0,12/6837,-467,5749,0,45,0,60/-6717,-2152,16942,0,218,242,60/-11552,-4477,2500,0,56,0,10
retail_frame=1676 player=-2122,3177,1328,0,64,255,23 fighters=-15192,-3295,924,0,56,0,12/6582,-417,5813,0,54,0,60/-6518,-2012,17151,0,215,242,60/-11584,-4470,2500,0,56,0,10
retail_frame=1680 player=-2122,3177,1328,0,64,255,23 fighters=-15232,-3306,928,0,56,0,12/6319,-369,5837,0,61,0,60/-6311,-1886,17344,0,212,242,60/-11616,-4463,2500,0,56,0,10
retail_frame=1684 player=-2143,3177,1328,0,64,0,23 fighters=-15272,-3316,932,0,56,0,12/6056,-323,5845,0,66,0,60/-6096,-1771,17521,0,209,242,60/-11648,-4455,2500,0,56,0,10
retail_frame=1688 player=-2164,3177,1328,0,64,1,23 fighters=-15312,-3324,936,0,56,0,12/5797,-278,5829,0,70,0,60/-5877,-1665,17682,0,206,242,60/-11680,-4455,2500,0,56,0,10
retail_frame=1692 player=-2185,3177,1328,0,64,2,23 fighters=-15352,-3331,940,0,56,0,12/5542,-234,5797,0,73,0,60/-5877,-1665,17682,0,206,242,60/-11680,-4446,2500,0,56,0,10
retail_frame=1696 player=-2206,3177,1328,0,64,2,23 fighters=-15392,-3337,944,0,56,0,12/5322,-234,5737,0,76,0,60/-5650,-1568,17827,0,203,242,60/-11712,-4437,2500,0,56,0,10
retail_frame=1700 player=-2227,3177,1328,0,64,3,23 fighters=-15392,-3337,944,0,56,0,12/5291,-190,5749,0,76,0,60/-5419,-1478,17956,0,200,242,60/-11744,-4427,2500,0,56,0,10
retail_frame=1704 player=-2227,3177,1328,0,64,3,23 fighters=-15432,-3341,948,0,56,0,12/5044,-146,5689,0,78,0,60/-5184,-1394,18069,0,197,242,60/-11776,-4417,2500,0,56,0,10
retail_frame=1708 player=-2248,3177,1328,0,64,3,23 fighters=-15472,-3344,952,0,56,0,12/4801,-103,5617,0,80,0,60/-4949,-1315,18162,0,194,242,60/-11808,-4406,2500,0,56,0,10
retail_frame=1712 player=-2269,3177,1328,0,64,4,23 fighters=-15512,-3345,956,0,56,0,12/4558,-60,5541,0,81,0,60/-4714,-1241,18251,0,191,242,60/-11840,-4394,2500,0,56,0,10
retail_frame=1716 player=-2290,3177,1328,0,64,4,23 fighters=-15552,-3345,960,0,56,0,12/4319,-17,5457,0,82,0,60/-4479,-1171,18324,0,188,242,60/-11840,-4394,2500,0,56,0,10
retail_frame=1720 player=-2311,3177,1328,0,64,4,23 fighters=-15592,-3344,964,0,56,0,12/4084,26,5369,0,83,0,60/-4479,-1171,18324,0,188,242,60/-11872,-4382,2500,0,56,0,10
retail_frame=1724 player=-2332,3177,1328,0,64,4,23 fighters=-15632,-3344,968,0,56,0,12/4084,26,5369,0,83,0,60/-4248,-1105,18381,0,185,242,60/-11904,-4370,2500,0,56,0,10
retail_frame=1728 player=-2353,3177,1328,0,64,3,23 fighters=-15632,-3341,968,0,56,0,12/3849,69,5277,0,84,0,60/-4021,-1042,18418,0,182,242,60/-11936,-4357,2500,0,56,0,10
retail_frame=1732 player=-2353,3177,1328,0,64,3,23 fighters=-15672,-3337,972,0,56,0,12/3618,112,5177,0,85,0,60/-3798,-981,18439,0,179,242,60/-11968,-4344,2500,0,56,0,10
retail_frame=1736 player=-2374,3177,1328,0,64,3,23 fighters=-15712,-3331,976,0,56,0,12/3391,154,5073,0,86,0,60/-3583,-923,18444,0,176,242,60/-12000,-4330,2500,0,56,0,10
retail_frame=1740 player=-2395,3177,1328,0,64,2,23 fighters=-15752,-3324,980,0,56,0,12/3164,196,4965,0,87,0,60/-3376,-867,18433,0,173,242,60/-12032,-4316,2500,0,56,0,10
retail_frame=1744 player=-2416,3177,1328,0,64,2,23 fighters=-15792,-3316,984,0,56,0,12/2941,237,4853,0,88,0,60/-3376,-867,18433,0,170,242,60/-12032,-4316,2500,0,56,0,10
retail_frame=1748 player=-2437,3177,1328,0,64,1,23 fighters=-15832,-3306,988,0,56,0,12/2749,237,4729,0,88,0,60/-3177,-814,18406,0,170,242,60/-12064,-4302,2500,0,56,0,10
retail_frame=1752 player=-2458,3177,1328,0,64,0,23 fighters=-15832,-3306,988,0,56,0,12/2665,227,4692,0,88,0,60/-2986,-764,18363,0,167,242,60/-12096,-4287,2500,0,56,0,10
retail_frame=1756 player=-2458,3177,1328,0,64,0,23 fighters=-15872,-3295,992,0,56,0,12/2389,223,4531,0,88,0,60/-2755,-173,18313,0,164,242,60/-12128,-4272,2500,0,56,0,10
retail_frame=1760 player=-2479,3177,1328,0,64,255,23 fighters=-15912,-3283,996,0,56,0,12/2113,222,4370,0,88,0,60/-2536,347,18251,0,161,242,60/-12160,-4272,2500,0,56,0,10
retail_frame=1764 player=-2500,3177,1328,0,64,254,23 fighters=-15952,-3270,1000,0,56,0,12/1837,224,4209,0,88,0,60/-2536,347,18251,0,161,242,60/-12160,-4257,2500,0,56,0,10
retail_frame=1768 player=-2521,3177,1328,0,64,224,23 fighters=-15952,-3270,1000,0,56,0,12/1837,224,4209,0,88,0,60/-2329,805,18173,0,158,242,60/-12192,-4242,2500,0,56,0,10
retail_frame=1772 player=-2521,3177,1328,0,64,224,23 fighters=-15992,-3256,1004,0,56,0,12/1561,228,4048,0,88,0,60/-2134,1208,18087,0,155,242,60/-12224,-4227,2500,0,56,0,10
retail_frame=1776 player=-2542,3177,1328,0,64,226,23 fighters=-16032,-3242,1008,0,56,0,12/1285,233,3887,0,88,3,60/-1939,1562,18001,0,155,243,60/-12256,-4212,2500,0,56,0,10
retail_frame=1780 player=-2563,3177,1328,0,64,229,23 fighters=-16072,-3227,1012,0,56,0,12/1013,239,3718,0,89,5,60/-1939,1562,18001,0,155,244,60/-12256,-4212,2500,0,56,0,10
retail_frame=1784 player=-2584,3177,1328,0,64,231,23 fighters=-16112,-3212,1016,0,56,0,12/829,239,3582,0,90,7,60/-1744,1874,17915,0,155,244,60/-12288,-4197,2500,0,56,0,10
retail_frame=1788 player=-2605,3177,1328,0,64,233,23 fighters=-16112,-3212,1016,0,56,0,12/745,245,3545,0,90,7,60/-1549,2148,17829,0,155,245,60/-12320,-4182,2500,0,56,0,10
retail_frame=1792 player=-2605,3177,1328,0,64,233,23 fighters=-16152,-3197,1020,0,56,0,12/485,251,3364,0,92,9,60/-1354,2387,17743,0,155,246,60/-12352,-4167,2500,0,56,0,10
retail_frame=1796 player=-2626,3177,1328,0,64,235,23 fighters=-16192,-3182,1024,0,56,0,12/229,256,3175,0,94,11,60/-1159,2597,17657,0,155,247,60/-12384,-4152,2500,0,56,0,10
retail_frame=1800 player=-2647,3177,1328,0,64,237,23 fighters=-16232,-3167,1028,0,56,0,12/-11,259,2974,0,97,12,60/-964,2779,17571,0,155,248,60/-12416,-4137,2500,0,56,0,10
retail_frame=1804 player=-2668,3177,1328,0,64,239,23 fighters=-16272,-3152,1032,0,56,0,12/-239,260,2761,0,100,13,60/-824,2779,17391,0,155,249,60/-12416,-4137,2500,0,56,0,10
retail_frame=1808 player=-2689,3177,1328,0,64,240,23 fighters=-16312,-3137,1036,0,56,0,12/-371,318,2573,0,103,14,60/-769,2937,17485,0,155,249,60/-12448,-4122,2500,0,56,0,10
retail_frame=1812 player=-2710,3177,1328,0,64,242,23 fighters=-16352,-3137,1040,0,56,0,12/-455,259,2536,0,103,14,60/-574,3073,17399,0,155,250,60/-12480,-4107,2500,0,56,0,10
retail_frame=1816 player=-2731,3177,1328,0,64,243,23 fighters=-16352,-3123,1040,0,56,0,12/-655,257,2303,0,106,15,60/-379,3191,17313,0,155,251,60/-12512,-4092,2500,0,56,0,10
retail_frame=1820 player=-2731,3177,1328,0,64,243,23 fighters=-16392,-3109,1044,0,56,0,12/-835,251,2058,0,110,16,60/-184,3290,17227,0,155,252,60/-12544,-4078,2500,0,56,0,10
retail_frame=1824 player=-2752,3177,1328,0,64,245,23 fighters=-16432,-3096,1048,0,56,0,12/-991,244,1805,0,114,17,60/11,3374,17141,0,155,253,60/-12576,-4064,2500,0,56,0,10
retail_frame=1828 player=-2773,3177,1328,0,64,247,23 fighters=-16472,-3084,1052,0,56,0,12/-1127,233,1544,0,118,18,60/206,3444,17055,0,155,254,60/-12608,-4050,2500,0,56,0,10
retail_frame=1832 player=-2794,3177,1328,0,64,249,23 fighters=-16512,-3073,1056,0,56,0,12/-1239,220,1279,0,122,19,60/346,3484,16875,0,155,255,60/-12608,-4050,2500,0,56,0,10
retail_frame=1836 player=-2815,3177,1328,0,64,251,23 fighters=-16552,-3063,1060,0,56,0,12/-1239,255,1047,0,127,20,60/401,3501,16969,0,155,255,60/-12640,-4037,2500,0,56,0,10
retail_frame=1840 player=-2836,3177,1328,0,64,252,23 fighters=-16592,-3063,1064,0,56,0,12/-1323,204,1010,0,127,20,60/596,3547,16883,0,155,0,60/-12672,-4024,2500,0,56,0,10
retail_frame=1844 player=-2857,3177,1328,0,64,254,23 fighters=-16592,-3055,1064,0,56,0,12/-1391,185,741,0,132,21,60/751,3582,16773,0,147,0,60/-12704,-4012,2500,0,56,0,10
retail_frame=1848 player=-2857,3177,1328,0,64,254,23 fighters=-16632,-3048,1068,0,56,0,12/-1431,164,480,0,137,22,60/730,2697,16635,0,140,0,60/-12736,-4000,2500,0,56,0,10
retail_frame=1852 player=-2878,3177,1328,0,64,255,23 fighters=-16672,-3042,1072,0,56,0,12/-1443,140,227,0,142,23,60/681,1917,16489,0,135,0,60/-12768,-3988,2500,0,56,0,10
retail_frame=1856 player=-2899,3177,1328,0,64,1,23 fighters=-16712,-3038,1076,0,56,0,12/-1423,114,-14,0,148,24,60/612,1230,16339,0,131,0,60/-12800,-3977,2500,0,56,0,10
retail_frame=1860 player=-2920,3177,1328,0,64,2,23 fighters=-16752,-3035,1080,0,56,0,12/-1371,86,-235,0,154,25,60/531,623,16189,0,128,0,60/-12800,-3977,2500,0,56,0,10
retail_frame=1864 player=-2941,3177,1328,0,64,3,23 fighters=-16792,-3034,1084,0,56,0,12/-1295,56,-432,0,160,26,60/531,623,16189,0,128,0,60/-12832,-3967,2500,0,56,0,10
retail_frame=1868 player=-2962,3177,1328,0,64,4,23 fighters=-16832,-3034,1088,0,56,0,12/-1135,56,-592,0,160,23,60/446,87,16039,0,126,0,60/-12864,-3957,2500,0,56,0,10
retail_frame=1872 player=-2983,3177,1328,0,64,3,23 fighters=-16832,-3034,1088,0,56,0,12/-1219,25,-629,0,160,23,60/353,-387,15889,0,125,0,60/-12896,-3948,2500,0,56,0,10
retail_frame=1876 player=-3004,3177,1328,0,64,3,23 fighters=-16872,-3035,1092,0,56,0,12/-1143,-8,-826,0,160,21,60/256,-807,15739,0,124,0,60/-12928,-3939,2500,0,56,0,10
retail_frame=1880 player=-3004,3177,1328,0,64,3,23 fighters=-16912,-3038,1096,0,56,0,12/-1067,-42,-1023,0,160,19,60/151,-1180,15589,0,123,0,60/-12960,-3931,2500,0,56,0,10
retail_frame=1884 player=-3025,3177,1328,0,64,2,23 fighters=-16952,-3042,1100,0,56,0,12/-991,-77,-1220,0,160,17,60/42,-1512,15443,0,122,0,60/-12992,-3924,2500,0,56,0,10
retail_frame=1888 player=-3046,3177,1328,0,64,2,23 fighters=-16992,-3048,1104,0,56,0,12/-915,-112,-1417,0,160,15,60/-71,-1807,15297,0,121,0,60/-13024,-3917,2500,0,56,0,10
retail_frame=1892 player=-3067,3177,1328,0,64,1,23 fighters=-17032,-3055,1108,0,56,0,12/-854,-151,-1516,0,160,14,60/-192,-2070,15151,0,120,0,60/-13056,-3911,2500,0,56,0,10
retail_frame=1896 player=-3088,3177,1328,0,64,0,23 fighters=-17072,-3063,1112,0,56,0,12/-811,-345,-1772,0,160,13,60/-313,-2305,15005,0,120,0,60/-13088,-3911,2500,0,56,0,10
retail_frame=1900 player=-3109,3177,1328,0,64,255,23 fighters=-17112,-3073,1116,0,56,0,12/-768,-518,-2028,0,160,12,60/-353,-2305,14777,0,120,0,60/-13088,-3906,2500,0,56,0,10
retail_frame=1904 player=-3130,3177,1328,0,64,254,23 fighters=-17152,-3084,1120,0,56,0,12/-608,-567,-2188,0,160,11,60/-434,-2514,14859,0,120,0,60/-13120,-3902,2500,0,56,0,10
retail_frame=1908 player=-3151,3177,1328,0,64,254,23 fighters=-17192,-3096,1124,0,56,0,12/-725,-674,-2284,0,160,11,60/-555,-2701,14713,0,120,0,60/-13152,-3898,2500,0,56,0,10
retail_frame=1912 player=-3172,3177,1328,0,64,253,23 fighters=-17192,-3096,1124,0,56,0,12/-682,-813,-2540,0,160,10,60/-668,-2867,14567,0,121,0,60/-13184,-3895,2500,0,56,0,10
retail_frame=1916 player=-3193,3177,1328,0,64,253,23 fighters=-17232,-3109,1128,0,56,0,12/-639,-938,-2796,0,160,9,60/-781,-3016,14421,0,121,0,60/-13216,-3893,2500,0,56,0,10
retail_frame=1920 player=-3193,3177,1328,0,64,253,23 fighters=-17272,-3123,1132,0,56,0,12/-596,-1049,-3052,0,160,8,60/-894,-3148,14275,0,121,0,60/-13248,-3892,2500,0,56,0,10
retail_frame=1924 player=-3214,3177,1328,0,64,252,23 fighters=-17312,-3137,1136,0,56,0,12/-553,-1148,-3308,0,160,7,60/-1007,-3265,14129,0,121,0,60/-13280,-3891,2500,0,56,0,10
retail_frame=1928 player=-3235,3177,1328,0,64,252,23 fighters=-17352,-3152,1140,0,56,0,12/-510,-1236,-3564,0,160,6,60/-1116,-3369,13983,0,122,0,60/-13312,-3891,2500,0,56,0,10
retail_frame=1932 player=-3256,3177,1328,0,64,252,23 fighters=-17392,-3167,1144,0,56,0,12/-467,-1314,-3820,0,160,5,60/-1225,-3461,13837,0,122,0,60/-13344,-3891,2500,0,56,0,10
retail_frame=1936 player=-3277,3177,1328,0,64,252,23 fighters=-17432,-3182,1148,0,56,0,12/-424,-1383,-4076,0,160,4,60/-1334,-3542,13691,0,122,0,60/-13376,-3892,2500,0,56,0,10
retail_frame=1940 player=-3298,3177,1328,0,64,253,23 fighters=-17472,-3197,1152,0,56,0,12/-321,-1666,-4165,0,160,3,60/-1443,-3613,13545,0,122,0,60/-13376,-3892,2500,0,56,0,10
retail_frame=1944 player=-3319,3177,1328,0,64,253,23 fighters=-17512,-3212,1156,0,56,0,12/-218,-1912,-4254,0,160,2,60/-1443,-3613,13545,0,122,0,60/-13408,-3893,2500,0,56,0,10
retail_frame=1948 player=-3340,3177,1328,0,64,254,23 fighters=-17552,-3227,1160,0,56,0,12/-58,-1912,-4414,0,160,1,60/-1552,-3674,13399,0,122,0,60/-13440,-3895,2500,0,56,0,10
retail_frame=1952 player=-3361,3177,1328,0,64,254,23 fighters=-17552,-3227,1160,0,56,0,12/-115,-2126,-4343,0,160,1,60/-1457,-2874,13164,0,123,0,60/-13472,-3898,2500,0,56,0,10
retail_frame=1956 player=-3382,3177,1328,0,64,255,23 fighters=-17592,-3242,1164,0,56,0,12/-12,-2311,-4432,0,160,0,60/-1366,-2172,12933,0,122,0,60/-13504,-3902,2500,0,56,0,10
retail_frame=1960 player=-3382,3177,1328,0,64,255,23 fighters=-17632,-3256,1168,0,56,0,12/91,-2472,-4521,0,160,0,60/-1275,-1556,12702,0,122,0,60/-13536,-3906,2500,0,56,0,10
retail_frame=1964 player=-3403,3177,1328,0,64,0,23 fighters=-17672,-3270,1172,0,56,0,12/194,-2609,-4610,0,160,0,60/-1188,-1014,12471,0,121,0,60/-13568,-3911,2500,0,56,0,10
retail_frame=1968 player=-3424,3177,1328,0,64,1,23 fighters=-17712,-3283,1176,0,56,0,12/297,-2726,-4699,0,160,0,60/-1109,-537,12240,0,120,0,60/-13600,-3917,2500,0,56,0,10
retail_frame=1972 player=-3445,3177,1328,0,64,2,23 fighters=-17752,-3295,1180,0,56,0,12/400,-2824,-4788,0,160,0,60/-1030,-115,12009,0,120,0,60/-13632,-3924,2500,0,56,0,10
retail_frame=1976 player=-3466,3177,1328,0,64,2,23 fighters=-17792,-3306,1184,0,56,0,12/503,-2906,-4877,0,160,0,60/-955,258,11782,0,119,0,60/-13664,-3931,2500,0,56,0,10
retail_frame=1980 player=-3487,3177,1328,0,64,3,23 fighters=-17832,-3316,1188,0,56,0,12/606,-2974,-4966,0,160,0,60/-880,589,11555,0,119,0,60/-13664,-3931,2500,0,56,0,10
retail_frame=1984 player=-3508,3177,1328,0,64,3,23 fighters=-17872,-3324,1192,0,56,0,12/709,-3028,-5055,0,160,0,60/-880,589,11555,0,118,0,60/-13696,-3939,2500,0,56,0,10
retail_frame=1988 player=-3529,3177,1328,0,64,4,23 fighters=-17912,-3331,1196,0,56,0,12/869,-3028,-5215,0,160,0,60/-813,883,11328,0,118,0,60/-13728,-3948,2500,0,56,0,10
retail_frame=1992 player=-3550,3177,1328,0,64,4,23 fighters=-17952,-3331,1200,0,56,0,12/812,-3071,-5144,0,160,0,60/-746,1145,11101,0,118,0,60/-13760,-3957,2500,0,56,0,10
retail_frame=1996 player=-3571,3177,1328,0,64,4,23 fighters=-17952,-3337,1200,0,56,0,12/915,-3103,-5233,0,160,0,60/-683,1380,10874,0,117,0,60/-13792,-3967,2500,0,56,0,10
retail_frame=2000 player=-3571,3177,1328,0,64,4,23 fighters=-17992,-3341,1204,0,56,0,12/1018,-3126,-5322,0,160,0,60/-620,1590,10647,0,117,0,60/-13824,-3977,2500,0,56,0,10
retail_frame=2004 player=-3592,3177,1328,0,64,4,23 fighters=-18032,-3344,1208,0,56,0,12/1121,-3141,-5411,0,160,0,60/-561,1779,10424,0,116,0,60/-13856,-3988,2500,0,56,0,10
retail_frame=2008 player=-3613,3177,1328,0,64,3,23 fighters=-18072,-3345,1212,0,56,0,12/1224,-3149,-5500,0,160,0,60/-510,1950,10201,0,115,0,60/-13888,-4000,2500,0,56,0,10
retail_frame=2012 player=-3634,3177,1328,0,64,3,23 fighters=-18112,-3345,1216,0,56,0,12/1327,-3151,-5589,0,160,0,60/-578,1956,9981,0,115,0,60/-13888,-4000,2500,0,56,0,10
retail_frame=2016 player=-3655,3177,1328,0,64,2,23 fighters=-18152,-3344,1220,0,56,0,12/1327,-3151,-5589,0,160,0,60/-459,2105,9978,0,115,0,60/-13920,-4012,2500,0,56,0,10
retail_frame=2020 player=-3676,3177,1328,0,64,2,23 fighters=-18152,-3344,1220,0,56,0,12/1430,-3147,-5678,0,160,0,60/-412,2246,9759,0,114,0,60/-13952,-4024,2500,0,56,0,10
