# Shared-RNG oracle evidence for the surviving recurring fighter.
# Raw source SHA-256: 3feba6cc6ebe2c16a99d6a5e748d3d6b174683d8b62bbcc78d06ae99a1842535
# Values are the four-byte generator state visible before each fighter decision.
retail_frame=7172 slices=104,209,204,171@-29667,3177,1229>29458,-41,-3959,0,79,0,60>29242,-41,-4039,0,79,0,60>0>-/181,150,201,29@-29688,3177,1229>29272,-79,-4091,0,79,0,60>29056,-79,-4171,0,79,0,60>0>-
retail_frame=7176 slices=130,30,85,55@-29709,3177,1229>29086,-118,-4223,0,79,0,60>28870,-118,-4303,0,79,0,60>0>-
retail_frame=7180 slices=84,99,14,215@-29730,3177,1229>28900,-157,-4355,0,79,0,60>28684,-157,-4435,0,79,0,60>0>-
retail_frame=7184 slices=84,99,14,215@-29751,3177,1229>28714,-196,-4487,0,79,1,60>28498,-196,-4567,0,79,1,60>0>-/124,92,120,159@-29772,3177,1229>28528,-236,-4619,0,79,2,60>28312,-236,-4699,0,79,2,60>0>-
retail_frame=7188 slices=139,31,167,7@-29793,3177,1229>28342,-276,-4751,0,79,3,60>28126,-276,-4831,0,79,3,60>0>-
retail_frame=7192 slices=49,107,196,188@-29814,3177,1229>28156,-316,-4883,0,79,4,60>27944,-316,-4967,0,80,4,60>0>-
retail_frame=7196 slices=18,197,0,68@-29835,3177,1229>27974,-356,-5019,0,80,5,60>27762,-356,-5107,0,81,5,60>0>-/245,76,75,7@-29856,3177,1229>27792,-397,-5159,0,81,6,60>27584,-397,-5255,0,82,6,60>0>-
retail_frame=7200 slices=97,168,93,86@-29877,3177,1229>27614,-437,-5307,0,82,7,60>27410,-437,-5407,0,83,7,60>0>97,168,93,86
retail_frame=7204 slices=141,145,164,51@-29898,3177,1229>27440,-477,-5459,0,83,8,60>27240,-477,-5571,0,85,8,60>0>-
retail_frame=7208 slices=150,251,86,35@-29919,3177,1229>27289,-839,-5533,0,85,9,60>27093,-839,-5653,0,87,9,60>0>-/138,154,67,32@-29940,3177,1229>27142,-1159,-5615,0,87,10,60>26954,-1159,-5747,0,89,10,60>0>-
retail_frame=7212 slices=1,239,171,139@-29961,3177,1229>27003,-1444,-5709,0,89,11,60>26823,-1444,-5849,0,91,11,60>0>-
retail_frame=7216 slices=215,17,101,217@-29982,3177,1229>26872,-1696,-5811,0,91,12,60>26700,-1696,-5963,0,94,12,60>0>-
retail_frame=7220 slices=175,197,96,135@-30003,3177,1229>26749,-1920,-5925,0,94,13,60>26593,-1920,-6089,0,97,13,60>0>-/82,233,136,1@-30024,3177,1229>26642,-2117,-6051,0,97,14,60>26498,-2117,-6227,0,100,14,60>0>-
retail_frame=7224 slices=139,104,223,221@-30045,3177,1229>26547,-2291,-6189,0,100,14,60>26415,-2291,-6377,0,103,14,60>0>-
retail_frame=7228 slices=217,34,67,101@-30066,3177,1229>26464,-2445,-6339,0,103,14,60>26348,-2445,-6535,0,106,14,60>0>-
retail_frame=7232 slices=53,182,115,14@-30087,3177,1229>26397,-2581,-6497,0,106,14,60>26297,-2581,-6701,0,109,14,60>0>-/198,126,10,252@-30108,3177,1229>26346,-2700,-6663,0,109,14,60>26262,-2700,-6875,0,112,14,60>0>-
retail_frame=7236 slices=122,71,61,65@-30129,3177,1229>26311,-2804,-6837,0,112,14,60>26243,-2804,-7057,0,115,14,60>0>-
retail_frame=7240 slices=57,50,245,179@-30150,3177,1229>26292,-2894,-7019,0,115,14,60>26240,-2894,-7243,0,118,14,60>0>-
retail_frame=7244 slices=35,6,17,93@-30171,3177,1229>26289,-2971,-7205,0,118,14,60>26257,-2971,-7433,0,121,14,60>0>-/138,28,11,174@-30192,3177,1229>26306,-3037,-7395,0,121,14,60>26290,-3037,-7627,0,124,14,60>0>138,28,11,174
retail_frame=7248 slices=191,138,149,175@-30213,3177,1229>26339,-3094,-7589,0,124,14,60>26339,-3094,-7821,0,127,14,60>0>-
retail_frame=7252 slices=47,52,159,239@-30234,3177,1229>26236,-2962,-7710,0,127,14,60>26240,-2962,-7942,0,130,14,60>0>-
retail_frame=7256 slices=59,250,90,107@-30255,3177,1229>26137,-2844,-7831,0,130,14,60>26161,-2844,-8063,0,133,14,60>0>-/62,64,229,121@-30276,3177,1229>26058,-2736,-7952,0,133,14,60>26098,-2736,-8180,0,136,14,60>0>-
retail_frame=7260 slices=95,253,23,158@-30297,3177,1229>25995,-2638,-8069,0,136,14,60>26051,-2638,-8293,0,139,14,60>0>-
retail_frame=7264 slices=75,97,73,171@-30318,3177,1229>25948,-2548,-8182,0,139,14,60>26020,-2548,-8398,0,142,14,60>0>-
retail_frame=7268 slices=168,233,159,244@-30339,3177,1229>25917,-2464,-8287,0,142,14,60>26005,-2464,-8499,0,145,14,60>0>-/129,190,30,42@-30360,3177,1229>25902,-2386,-8388,0,145,14,60>26006,-2386,-8592,0,148,14,60>0>-
retail_frame=7272 slices=248,194,163,121@-30381,3177,1229>25903,-2313,-8481,0,148,14,60>26023,-2313,-8677,0,151,14,60>0>-
retail_frame=7276 slices=32,53,146,24@-30402,3177,1229>25920,-2244,-8566,0,151,14,60>26056,-2244,-8750,0,154,14,60>0>-
retail_frame=7280 slices=31,234,87,63@-30423,3177,1229>25953,-2178,-8639,0,154,14,60>26101,-2178,-8815,0,157,14,60>0>-/125,52,220,156@-30444,3177,1229>25998,-2115,-8704,0,157,14,60>26158,-2115,-8864,0,160,14,60>0>-
retail_frame=7284 slices=81,72,108,207@-30465,3177,1229>26055,-2055,-8753,0,160,14,60>26231,-2055,-8901,0,163,14,60>0>-
retail_frame=7288 slices=122,8,156,204@-30486,3177,1229>26128,-1997,-8790,0,163,14,60>26312,-1997,-8926,0,166,14,60>0>-
retail_frame=7292 slices=142,113,213,8@-30507,3177,1229>26209,-1941,-8815,0,166,14,60>26405,-1941,-8935,0,169,14,60>0>-/176,28,71,62@-30528,3177,1229>26302,-1887,-8824,0,169,14,60>26506,-1887,-8928,0,172,14,60>0>-
retail_frame=7296 slices=94,147,76,14@-30549,3177,1229>26403,-1835,-8817,0,172,14,60>26615,-1835,-8905,0,175,14,60>0>-
retail_frame=7300 slices=17,202,125,111@-30570,3177,1229>26512,-1784,-8794,0,175,14,60>26728,-1784,-8866,0,178,14,60>0>-
retail_frame=7304 slices=71,70,200,88@-30591,3177,1229>26625,-1735,-8755,0,178,14,60>26849,-1735,-8811,0,181,14,60>0>71,70,200,88/180,161,207,238@-30612,3177,1229>26746,-1689,-8700,0,181,14,60>26974,-1689,-8740,0,184,14,60>0>-
retail_frame=7308 slices=159,18,67,84@-30633,3177,1229>26919,-1183,-8811,0,184,14,60>27151,-1183,-8835,0,187,14,60>0>-
retail_frame=7312 slices=85,140,73,245@-30654,3177,1229>27096,-737,-8906,0,187,14,60>27328,-737,-8910,0,190,14,60>0>-
retail_frame=7316 slices=51,200,126,137@-30675,3177,1229>27273,-343,-8981,0,190,14,60>27505,-343,-8981,0,193,14,60>0>-/46,106,235,97@-30696,3177,1229>27450,3,-9052,0,193,14,60>27682,3,-9036,0,196,14,60>0>-
retail_frame=7320 slices=71,195,215,117@-30717,3177,1229>27627,308,-9107,0,196,14,60>27855,308,-9075,0,199,14,60>0>-
retail_frame=7324 slices=238,131,171,53@-30738,3177,1229>27800,576,-9146,0,199,14,60>28024,576,-9094,0,202,14,60>0>-
retail_frame=7328 slices=155,106,191,137@-30759,3177,1229>27969,812,-9165,0,202,14,60>28189,812,-9097,0,205,14,60>0>-/75,48,113,231@-30780,3177,1229>28134,1018,-9168,0,205,13,60>28354,1018,-9100,0,205,13,60>0>-
retail_frame=7332 slices=117,26,169,193@-30801,3177,1229>28299,1198,-9171,0,205,12,60>28519,1198,-9103,0,205,12,60>0>-
retail_frame=7336 slices=121,90,177,239@-30822,3177,1229>28464,1355,-9174,0,205,11,60>28684,1355,-9106,0,205,11,60>0>-/3,30,109,125@-30843,3177,1229>28629,1491,-9177,0,205,10,60>28849,1491,-9109,0,205,10,60>0>-
retail_frame=7340 slices=245,228,118,249@-30864,3177,1229>28794,1608,-9180,0,205,9,60>29014,1608,-9112,0,205,9,60>0>-
retail_frame=7344 slices=170,16,154,160@-30885,3177,1229>28959,1708,-9183,0,205,8,60>29179,1708,-9115,0,205,8,60>0>-
retail_frame=7348 slices=180,153,255,94@-30906,3177,1229>29124,1792,-9186,0,205,7,60>29344,1792,-9118,0,205,7,60>0>-
retail_frame=7352 slices=7,26,27,188@-30927,3177,1229>29289,1863,-9189,0,205,6,60>29509,1863,-9121,0,205,6,60>0>-/13,236,208,20@-30948,3177,1229>29454,1921,-9192,0,205,5,60>29674,1921,-9124,0,205,5,60>0>-
retail_frame=7356 slices=45,32,79,58@-30969,3177,1229>29619,1968,-9195,0,205,4,60>29839,1968,-9127,0,205,4,60>0>45,32,79,58
retail_frame=7360 slices=14,249,254,79@-30990,3177,1229>29784,2005,-9198,0,205,3,60>30004,2005,-9130,0,205,3,60>0>-
retail_frame=7364 slices=182,20,21,197@-31011,3177,1229>30098,1963,-9193,0,205,2,60>30318,1963,-9125,0,205,2,60>0>-/16,161,140,199@-31032,3177,1229>30412,1921,-9188,0,205,1,60>30632,1921,-9120,0,205,1,60>0>-
retail_frame=7368 slices=9,110,225,25@-31053,3177,1229>30726,1879,-9183,0,205,0,60>30946,1879,-9115,0,205,0,60>0>-
retail_frame=7372 slices=149,154,184,158@-31074,3177,1229>31040,1837,-9178,0,214,0,60>31236,1837,-9062,0,214,0,60>0>-
retail_frame=7376 slices=31,18,208,44@-31095,3177,1229>31330,1795,-9125,0,221,0,60>31506,1795,-8977,0,221,0,60>0>-/240,12,60,15@-31116,3177,1229>31600,1753,-9040,0,227,0,60>31748,1753,-8864,0,227,0,60>1>-
retail_frame=7380 slices=219,196,28,132@-31137,3177,1229>31842,1711,-8927,0,232,0,60>31966,1711,-8735,0,232,0,60>0>-
retail_frame=7384 slices=219,196,28,132@-31158,3177,1229>32060,1669,-8798,0,235,0,60>32172,1669,-8598,0,235,0,60>0>-
retail_frame=7388 slices=154,22,250,117@-31179,3177,1229>32266,1627,-8661,0,238,0,60>32362,1627,-8453,0,238,0,60>0>-
retail_frame=7392 slices=121,131,137,19@-31200,3177,1229>32456,1585,-8516,0,240,0,60>32540,1585,-8304,0,240,0,60>0>-/223,245,107,88@-31221,3177,1229>32634,1544,-8367,0,242,0,60>32706,1544,-8151,0,242,0,60>0>223,245,107,88
retail_frame=7396 slices=216,50,229,216@-31242,3177,1229>-32736,1503,-8214,0,244,0,60>-32676,1503,-7994,0,244,0,60>0>-
retail_frame=7400 slices=14,165,192,231@-31263,3177,1229>-32752,975,-8122,0,245,0,60>-32696,975,-7898,0,245,0,60>0>-
retail_frame=7404 slices=176,104,167,191@-31284,3177,1229>32764,509,-8026,0,246,0,60>-32720,509,-7802,0,246,0,60>0>-
retail_frame=7408 slices=47,71,160,224@-31305,3177,1229>32740,97,-7930,0,247,0,60>-32752,97,-7706,0,247,0,60>0>-
retail_frame=7412 slices=54,231,70,102@-31326,3177,1229>32708,-266,-7834,0,248,0,60>32748,-266,-7606,0,248,0,60>0>-/106,78,7,161@-31347,3177,1229>32672,-587,-7734,0,249,0,60>32704,-587,-7506,0,249,0,60>0>-
retail_frame=7416 slices=8,27,20,115@-31368,3177,1229>32628,-870,-7634,0,250,0,60>32656,-870,-7406,0,250,0,60>0>-
retail_frame=7420 slices=92,236,215,100@-31389,3177,1229>32580,-1119,-7534,0,249,0,60>32612,-1119,-7306,0,249,0,60>0>-
retail_frame=7424 slices=214,111,151,50@-31410,3177,1229>32536,-1339,-7434,0,249,0,60>32568,-1339,-7206,0,249,0,60>0>-
retail_frame=7428 slices=198,102,207,156@-31431,3177,1229>32492,-1532,-7334,0,249,0,60>32524,-1532,-7106,0,249,0,60>0>-
retail_frame=7432 slices=27,204,59,72@-31452,3177,1229>32448,-1701,-7234,0,249,0,60>32480,-1701,-7006,0,249,0,60>1>-
retail_frame=7436 slices=27,204,59,72@-31473,3177,1229>32404,-1849,-7134,0,249,0,60>32436,-1849,-6906,0,249,0,60>0>-/174,78,18,202@-31494,3177,1229>32360,-1977,-7034,0,248,0,60>32400,-1977,-6806,0,248,0,60>0>-
retail_frame=7440 slices=212,95,77,131@-31515,3177,1229>32324,-2088,-6934,0,248,0,60>32364,-2088,-6706,0,248,0,60>0>-
retail_frame=7444 slices=191,90,51,143@-31536,3177,1229>32288,-2183,-6834,0,248,0,60>32328,-2183,-6606,0,248,0,60>0>-
retail_frame=7448 slices=191,90,51,143@-31557,3177,1229>32252,-2264,-6734,0,248,0,60>32292,-2264,-6506,0,248,0,60>0>-
retail_frame=7452 slices=226,100,49,162@-31578,3177,1229>32216,-2332,-6634,0,248,0,60>32256,-2332,-6406,0,248,0,60>0>-
retail_frame=7456 slices=139,73,253,82@-31599,3177,1229>32180,-2389,-6534,0,248,0,60>32220,-2389,-6306,0,248,0,60>0>139,73,253,82
retail_frame=7460 slices=89,202,26,250@-31620,3177,1229>32144,-2434,-6434,0,247,0,60>32188,-2434,-6210,0,247,0,60>0>-
retail_frame=7464 slices=131,144,28,163@-31641,3177,1229>32188,-2499,-6249,0,247,0,60>32232,-2499,-6025,0,247,0,60>0>-/131,144,28,163@-31662,3177,1229>32232,-2552,-6064,0,248,0,60>32272,-2552,-5836,0,248,0,60>0>-
retail_frame=7468 slices=175,242,213,50@-31683,3177,1229>32272,-2593,-5875,0,248,0,60>32312,-2593,-5647,0,248,0,60>0>-
retail_frame=7472 slices=167,71,96,172@-31704,3177,1229>32312,-2625,-5686,0,248,0,60>32352,-2625,-5458,0,248,0,60>0>167,71,96,172
retail_frame=7476 slices=5,193,87,232@-31725,3177,1229>32352,-2647,-5497,0,248,0,60>32392,-2647,-5269,0,248,0,60>0>-
retail_frame=7480 slices=206,185,206,203@-31746,3177,1229>32404,-2477,-5392,0,248,0,60>32444,-2477,-5164,0,248,0,60>0>-
retail_frame=7484 slices=206,185,206,203@-31767,3177,1229>32456,-2323,-5287,0,248,0,60>32496,-2323,-5059,0,248,0,60>0>-
retail_frame=7488 slices=42,150,80,214@-31788,3177,1229>32508,-2183,-5182,0,249,0,60>32540,-2183,-4954,0,249,0,60>1>-
retail_frame=7492 slices=65,147,66,108@-31809,3177,1229>32552,-2056,-5077,0,249,0,60>32584,-2056,-4849,0,249,0,60>0>-/65,147,66,108@-31830,3177,1229>32596,-1939,-4972,0,249,0,60>32628,-1939,-4744,0,249,0,60>0>-
retail_frame=7496 slices=188,173,106,254@-31851,3177,1229>32640,-1832,-4867,0,250,0,60>32668,-1832,-4639,0,250,0,60>0>-
retail_frame=7500 slices=232,14,164,165@-31872,3177,1229>32680,-1733,-4762,0,250,0,60>32708,-1733,-4534,0,250,0,60>0>-
retail_frame=7504 slices=167,217,53,144@-31893,3177,1229>32720,-1642,-4657,0,250,0,60>32748,-1642,-4429,0,250,0,60>0>-
retail_frame=7508 slices=96,205,151,7@-31914,3177,1229>32760,-1557,-4552,0,250,0,60>-32748,-1557,-4324,0,250,0,60>0>-
retail_frame=7512 slices=146,146,250,242@-31935,3177,1229>-32736,-1478,-4447,0,251,0,60>-32712,-1478,-4215,0,251,0,60>0>-/127,255,4,18@-31956,3177,1229>-32700,-1406,-4338,0,251,0,60>-32676,-1406,-4106,0,251,0,60>0>-
retail_frame=7516 slices=157,105,239,134@-31977,3177,1229>-32664,-1338,-4229,0,251,0,60>-32640,-1338,-3997,0,251,0,60>0>-
retail_frame=7520 slices=157,105,239,134@-31998,3177,1229>-32628,-1276,-4120,0,252,0,60>-32612,-1276,-3888,0,252,0,60>0>157,105,239,134
retail_frame=7524 slices=6,66,250,26@-32019,3177,1229>-32600,-1218,-4011,0,252,0,60>-32584,-1218,-3779,0,252,0,60>0>-
retail_frame=7528 slices=197,227,26,109@-32040,3177,1229>-32554,-510,-3887,0,253,0,60>-32542,-510,-3655,0,253,0,60>0>-
retail_frame=7532 slices=197,227,26,109@-32061,3177,1229>-32512,111,-3763,0,253,0,60>-32500,111,-3531,0,253,0,60>0>-
retail_frame=7536 slices=253,178,235,145@-32082,3177,1229>-32470,656,-3639,0,253,253,60>-32458,656,-3407,0,253,253,60>0>-/136,132,37,88@-32103,3177,1229>-32428,1134,-3515,0,253,250,60>-32412,1134,-3283,0,252,250,60>0>-
retail_frame=7540 slices=253,3,222,133@-32124,3177,1229>-32382,1552,-3391,0,252,247,60>-32354,1552,-3163,0,250,247,60>0>-
retail_frame=7544 slices=152,249,27,150@-32145,3177,1229>-32324,1918,-3271,0,250,245,60>-32284,1918,-3043,0,248,245,60>0>-
retail_frame=7548 slices=83,158,130,236@-32166,3177,1229>-32254,2237,-3151,0,248,243,60>-32198,2237,-2927,0,245,243,60>0>-
retail_frame=7552 slices=212,60,11,198@-32187,3177,1229>-32168,2515,-3035,0,245,241,60>-32096,2515,-2819,0,242,241,60>0>-/241,151,140,198@-32208,3177,1229>-32066,2756,-2927,0,242,239,60>-31970,2756,-2719,0,238,239,60>0>-
retail_frame=7556 slices=241,151,140,198@-32229,3177,1229>-31940,2965,-2827,0,238,238,60>-31824,2965,-2631,0,234,238,60>0>-
retail_frame=7560 slices=21,89,205,6@-32250,3177,1229>-31794,3145,-2739,0,234,237,60>-31658,3145,-2555,0,230,237,60>0>-
retail_frame=7564 slices=209,187,237,230@-32271,3177,1229>-31628,3299,-2663,0,230,236,60>-31472,3299,-2499,0,225,236,60>0>-/111,21,40,65@-32292,3177,1229>-31442,3430,-2607,0,225,235,60>-31266,3430,-2463,0,220,235,60>0>-
retail_frame=7568 slices=128,89,49,240@-32313,3177,1229>-31236,3541,-2571,0,220,234,60>-31040,3541,-2451,0,215,234,60>0>-
retail_frame=7572 slices=132,38,245,4@-32334,3177,1229>-31010,3634,-2559,0,215,233,60>-30802,3634,-2463,0,210,233,60>0>-
retail_frame=7576 slices=223,93,104,99@-32355,3177,1229>-30772,3710,-2571,0,210,232,60>-30552,3710,-2511,0,204,232,60>0>-
retail_frame=7580 slices=174,84,59,133@-32376,3177,1229>-30522,3772,-2619,0,204,231,60>-30294,3772,-2591,0,198,231,60>0>-/234,89,30,153@-32397,3177,1229>-30264,3821,-2699,0,198,230,60>-30032,3821,-2699,0,192,230,60>0>-
retail_frame=7584 slices=238,144,114,217@-32418,3177,1229>-30002,3859,-2807,0,192,229,60>-29774,3859,-2835,0,186,229,60>0>-
retail_frame=7588 slices=238,144,114,217@-32439,3177,1229>-29744,3887,-2943,0,186,228,60>-29524,3887,-3011,0,179,228,60>0>-
retail_frame=7592 slices=35,93,235,17@-32460,3177,1229>-29494,3906,-3119,0,179,227,60>-29290,3906,-3223,0,172,227,60>0>-/164,197,217,199@-32481,3177,1229>-29260,3917,-3331,0,172,226,60>-29080,3917,-3471,0,165,226,60>0>-
retail_frame=7596 slices=152,222,4,61@-32502,3177,1229>-29050,3922,-3579,0,165,225,60>-28898,3922,-3751,0,158,225,60>0>-
retail_frame=7600 slices=223,185,180,119@-32523,3177,1229>-28868,3921,-3859,0,158,228,60>-28716,3921,-4031,0,158,228,60>0>-
retail_frame=7604 slices=25,37,113,249@-32544,3177,1229>-28686,3915,-4139,0,158,231,60>-28534,3915,-4311,0,158,231,60>0>-/110,243,129,136@-32565,3177,1229>-28504,3905,-4419,0,158,234,60>-28352,3905,-4591,0,158,234,60>0>-
retail_frame=7608 slices=1,122,248,111@-32586,3177,1229>-28322,3891,-4699,0,158,236,60>-28170,3891,-4871,0,158,236,60>0>-
retail_frame=7612 slices=28,134,141,29@-32607,3177,1229>-28140,3874,-4979,0,158,238,60>-27988,3874,-5151,0,158,238,60>0>-
retail_frame=7616 slices=205,149,7,234@-32628,3177,1229>-27958,3856,-5259,0,158,240,60>-27806,3856,-5431,0,158,240,60>0>-/120,55,48,70@-32649,3177,1229>-27776,3836,-5539,0,158,242,60>-27624,3836,-5711,0,158,242,60>0>-
retail_frame=7620 slices=81,64,16,202@-32670,3177,1229>-27594,3816,-5819,0,158,243,60>-27442,3816,-5991,0,158,243,60>0>-
retail_frame=7624 slices=228,16,0,54@-32691,3177,1229>-27412,3795,-6099,0,158,244,60>-27260,3795,-6271,0,158,244,60>0>-/185,211,211,157@-32712,3177,1229>-27230,3775,-6379,0,158,245,60>-27078,3775,-6551,0,158,245,60>0>-
retail_frame=7628 slices=186,229,17,116@-32733,3177,1229>-27048,3755,-6659,0,158,246,60>-26896,3755,-6831,0,158,246,60>0>-
retail_frame=7632 slices=148,212,194,78@-32754,3177,1229>-26866,3736,-6939,0,158,247,60>-26714,3736,-7111,0,158,247,60>0>-
retail_frame=7636 slices=25,191,252,173@32761,3177,1229>-26684,3719,-7219,0,158,248,60>-26532,3719,-7391,0,158,248,60>0>-/148,89,92,174@32740,3177,1229>-26502,3704,-7499,0,158,249,60>-26350,3704,-7671,0,158,249,60>0>-
retail_frame=7640 slices=155,58,222,47@32719,3177,1229>-26320,3691,-7779,0,158,250,60>-26168,3691,-7951,0,158,250,60>0>-
retail_frame=7644 slices=183,96,130,82@32698,3177,1229>-26138,3680,-8059,0,158,251,60>-25986,3680,-8231,0,158,251,60>0>-
retail_frame=7648 slices=202,86,212,129@32677,3177,1229>-25956,3672,-8339,0,158,252,60>-25804,3672,-8511,0,158,252,60>0>-
retail_frame=7652 slices=83,115,159,29@32656,3177,1229>-25774,3667,-8619,0,158,253,60>-25622,3667,-8791,0,158,253,60>0>-/207,223,63,34@32635,3177,1229>-25592,3664,-8899,0,158,254,60>-25440,3664,-9071,0,158,254,60>0>-
retail_frame=7656 slices=190,239,175,141@32614,3177,1229>-25410,3665,-9179,0,158,255,60>-25258,3665,-9351,0,158,255,60>0>-
retail_frame=7660 slices=210,206,30,145@32593,3177,1229>-25228,3669,-9459,0,158,0,60>-25076,3669,-9631,0,158,0,60>0>-/129,3,229,83@32572,3177,1229>-25046,3677,-9739,0,158,0,60>-24894,3677,-9911,0,158,0,60>0>-
retail_frame=7664 slices=195,125,152,68@32551,3177,1229>-24864,3687,-10019,0,158,255,60>-24712,3687,-10191,0,158,255,60>0>-
retail_frame=7668 slices=164,68,146,72@32530,3177,1229>-24682,3700,-10299,0,158,254,60>-24530,3700,-10471,0,158,254,60>0>-
retail_frame=7672 slices=224,95,205,132@32509,3177,1229>-24500,3717,-10579,0,158,253,60>-24348,3717,-10751,0,158,253,60>0>-
retail_frame=7676 slices=78,128,179,46@32488,3177,1229>-24318,3736,-10859,0,158,252,60>-24170,3736,-11035,0,157,252,60>0>-/156,205,25,235@32467,3177,1229>-24140,3758,-11143,0,157,251,60>-23996,3758,-11319,0,156,251,60>0>-
retail_frame=7680 slices=44,206,180,201@32446,3177,1229>-23966,3782,-11427,0,156,250,60>-23826,3782,-11607,0,155,250,60>0>-
retail_frame=7684 slices=177,93,168,222@32425,3177,1229>-23796,3809,-11715,0,155,249,60>-23660,3809,-11899,0,154,249,60>0>-
retail_frame=7688 slices=26,83,171,204@32404,3177,1229>-23630,3838,-12007,0,154,248,60>-23506,3838,-12199,0,152,248,60>0>-/51,198,26,78@32383,3177,1229>-23476,3868,-12307,0,152,247,60>-23360,3868,-12503,0,150,247,60>0>-
retail_frame=7692 slices=208,108,81,3@32362,3177,1229>-23330,3900,-12611,0,150,246,60>-23226,3900,-12815,0,148,246,60>0>-
retail_frame=7696 slices=63,99,18,15@32341,3177,1229>-23196,3933,-12923,0,148,245,60>-23100,3933,-13131,0,146,245,60>0>-
retail_frame=7700 slices=122,219,200,185@32320,3177,1229>-23070,3967,-13239,0,146,244,60>-22990,3967,-13455,0,143,244,60>0>161,158,213,27
retail_frame=7704 slices=161,245,116,65@32299,3177,1229>-22960,4001,-13563,0,143,243,60>-22900,4001,-13783,0,140,243,60>0>-/83,171,54,245@32278,3177,1229>-22843,3556,-13751,0,140,243,60>-22799,3556,-13975,0,137,243,60>0>-
retail_frame=7708 slices=83,171,54,245@32257,3177,1229>-22742,3171,-13943,0,137,243,60>-22714,3171,-14171,0,134,243,60>0>-
retail_frame=7712 slices=39,167,112,123@32236,3177,1229>-22657,2837,-14139,0,134,243,60>-22645,2837,-14371,0,131,243,60>0>-
retail_frame=7716 slices=107,127,14,147@32215,3177,1229>-22588,2550,-14339,0,131,243,60>-22588,2550,-14571,0,128,243,60>0>-/222,235,220,73@32194,3177,1229>-22531,2301,-14539,0,128,243,60>-22543,2301,-14771,0,125,243,60>0>-
retail_frame=7720 slices=237,242,21,204@32173,3177,1229>-22486,2087,-14739,0,125,243,60>-22514,2087,-14967,0,122,243,60>0>-
retail_frame=7724 slices=43,250,228,24@32152,3177,1229>-22457,1901,-14935,0,122,243,60>-22501,1901,-15159,0,119,243,60>0>-
retail_frame=7728 slices=7,48,75,50@32131,3177,1229>-22444,1740,-15127,0,119,243,60>-22504,1740,-15347,0,116,243,60>0>-
retail_frame=7732 slices=69,122,239,150@32110,3177,1229>-22447,1601,-15315,0,116,243,60>-22527,1601,-15531,0,113,243,60>0>-/254,202,218,67@32089,3177,1229>-22470,1480,-15499,0,113,243,60>-22566,1480,-15707,0,110,243,60>0>-
retail_frame=7736 slices=254,202,218,67@32068,3177,1229>-22509,1374,-15675,0,110,243,60>-22621,1374,-15875,0,107,243,60>0>-
retail_frame=7740 slices=23,51,89,21@32047,3177,1229>-22564,1282,-15843,0,107,243,60>-22688,1282,-16035,0,104,243,60>0>-
retail_frame=7744 slices=93,227,137,116@32026,3177,1229>-22631,1200,-16003,0,104,243,60>-22771,1200,-16183,0,101,243,60>0>-/29,121,239,122@32005,3177,1229>-22714,1127,-16151,0,101,243,60>-22866,1127,-16323,0,98,243,60>0>-
retail_frame=7748 slices=27,163,179,56@31984,3177,1229>-22809,1061,-16291,0,98,243,60>-22973,1061,-16447,0,95,243,60>0>-
retail_frame=7752 slices=111,119,195,138@31963,3177,1229>-22916,1002,-16415,0,95,243,60>-23092,1002,-16559,0,92,243,60>0>-
retail_frame=7756 slices=57,247,51,169@31942,3177,1229>-23035,947,-16527,0,92,243,60>-23223,947,-16659,0,89,243,60>0>-/42,65,13,100@31921,3177,1229>-23166,896,-16627,0,89,243,60>-23362,896,-16743,0,86,243,60>0>-
retail_frame=7760 slices=76,232,218,118@31900,3177,1229>-23305,847,-16711,0,86,243,60>-23509,847,-16811,0,83,243,60>0>-
retail_frame=7764 slices=197,99,136,17@31879,3177,1229>-23452,800,-16779,0,83,243,60>-23664,800,-16863,0,80,243,60>0>-
retail_frame=7768 slices=251,160,198,254@31858,3177,1229>-23607,755,-16831,0,80,243,60>-23827,755,-16899,0,77,243,60>0>-
retail_frame=7772 slices=153,90,148,149@31837,3177,1229>-23770,710,-16867,0,77,243,60>-23994,710,-16919,0,74,243,60>0>-/123,62,170,20@31816,3177,1229>-23937,667,-16887,0,74,243,60>-24165,667,-16919,0,71,243,60>0>-
retail_frame=7776 slices=2,60,146,125@31795,3177,1229>-24108,624,-16887,0,71,243,60>-24340,624,-16903,0,68,243,60>0>-
retail_frame=7780 slices=178,197,50,181@31774,3177,1229>-24283,581,-16871,0,68,243,60>-24515,581,-16871,0,65,243,60>0>-
