# Compact oracle evidence for the recurring-attacker sortie hostile projectiles.
# Raw source SHA-256: 6f1a7fa76a69e00d96d6728b90d62b82074cd7baaa18d9079ae1786ca86b459b
# Source path addresses and opaque actor storage were reduced to gameplay operations.
elapsed=74990 source=047A action=set-cruise-speed pose=3831,-286,5629,30,100,0,30 target=230,3177,1328,0,64,4,23
elapsed=74990 source=047A action=contract pose=3831,-286,5629,30,100,0,63 target=230,3177,1328,0,64,4,23
elapsed=74990 source=047A action=contract pose=3761,-220,5545,30,100,0,63 target=230,3177,1328,0,64,4,23
elapsed=74990 source=047A action=contract pose=3691,-154,5461,30,100,0,63 target=230,3177,1328,0,64,4,23
elapsed=74990 source=047A action=face-immediate pose=3621,-88,5377,30,100,0,63 target=230,3177,1328,0,64,4,23
elapsed=74990 source=047A action=advance-homing pose=3621,-88,5377,30,100,0,63 target=230,3177,1328,0,64,4,23
elapsed=74995 source=047A action=contract pose=3509,76,5237,30,100,0,63 target=209,3177,1328,0,64,4,23
elapsed=74995 source=047A action=contract pose=3438,141,5153,30,100,0,63 target=209,3177,1328,0,64,4,23
elapsed=74995 source=047A action=contract pose=3367,206,5069,30,100,0,63 target=209,3177,1328,0,64,4,23
elapsed=74995 source=047A action=face-immediate pose=3296,271,4985,30,100,0,63 target=209,3177,1328,0,64,4,23
elapsed=74995 source=047A action=advance-homing pose=3296,271,4985,29,100,0,63 target=209,3177,1328,0,64,4,23
elapsed=75000 source=047A action=contract pose=3180,431,4841,29,100,0,63 target=188,3177,1328,0,64,4,23
elapsed=75000 source=047A action=contract pose=3108,496,4757,29,100,0,63 target=188,3177,1328,0,64,4,23
elapsed=75000 source=047A action=contract pose=3037,561,4673,29,100,0,63 target=188,3177,1328,0,64,4,23
elapsed=75000 source=047A action=face-immediate pose=2965,626,4589,29,100,0,63 target=188,3177,1328,0,64,4,23
elapsed=75000 source=047A action=advance-homing pose=2965,626,4589,29,100,0,63 target=188,3177,1328,0,64,4,23
elapsed=75005 source=047A action=contract pose=2849,786,4445,29,100,0,63 target=167,3177,1328,0,64,3,23
elapsed=75005 source=047A action=contract pose=2777,849,4361,29,100,0,63 target=167,3177,1328,0,64,3,23
elapsed=75005 source=047A action=contract pose=2705,912,4277,29,100,0,63 target=167,3177,1328,0,64,3,23
elapsed=75005 source=047A action=face-immediate pose=2633,975,4193,29,100,0,63 target=167,3177,1328,0,64,3,23
elapsed=75005 source=047A action=advance-homing pose=2633,975,4193,29,100,0,63 target=167,3177,1328,0,64,3,23
elapsed=75010 source=047A action=contract pose=2517,1135,4049,29,100,0,63 target=146,3177,1328,0,64,3,23
elapsed=75010 source=047A action=contract pose=2444,1197,3965,29,100,0,63 target=146,3177,1328,0,64,3,23
elapsed=75010 source=047A action=contract pose=2371,1259,3881,29,100,0,63 target=146,3177,1328,0,64,3,23
elapsed=75010 source=047A action=face-immediate pose=2298,1321,3797,29,100,0,63 target=146,3177,1328,0,64,3,23
elapsed=75010 source=047A action=advance-homing pose=2298,1321,3797,28,99,0,63 target=146,3177,1328,0,64,3,23
elapsed=75015 source=047A action=contract pose=2178,1477,3657,28,99,0,63 target=125,3177,1328,0,64,2,23
elapsed=75015 source=047A action=contract pose=2104,1538,3573,28,99,0,63 target=125,3177,1328,0,64,2,23
elapsed=75015 source=047A action=contract pose=2030,1599,3489,28,99,0,63 target=125,3177,1328,0,64,2,23
elapsed=75015 source=047A action=face-immediate pose=1956,1660,3405,28,99,0,63 target=125,3177,1328,0,64,2,23
elapsed=75015 source=047A action=advance-homing pose=1956,1660,3405,27,99,0,63 target=125,3177,1328,0,64,2,23
elapsed=75020 source=047A action=contract pose=1832,1812,3261,27,99,0,63 target=104,3177,1328,0,64,2,23
elapsed=75020 source=047A action=contract pose=1756,1871,3177,27,99,0,63 target=104,3177,1328,0,64,2,23
elapsed=75020 source=047A action=contract pose=1681,1930,3093,27,99,0,63 target=104,3177,1328,0,64,2,23
elapsed=75020 source=047A action=face-immediate pose=1605,1989,3009,27,99,0,63 target=104,3177,1328,0,64,2,23
elapsed=75020 source=047A action=advance-homing pose=1605,1989,3009,27,99,0,63 target=104,3177,1328,0,64,2,23
elapsed=75024 source=047A action=contract pose=1481,2141,2865,27,99,0,63 target=83,3177,1328,0,64,1,23
elapsed=75024 source=047A action=contract pose=1404,2197,2780,27,99,0,63 target=83,3177,1328,0,64,1,23
elapsed=75025 source=047A action=contract pose=1327,2253,2695,27,99,0,63 target=83,3177,1328,0,64,1,23
elapsed=75025 source=047A action=face-immediate pose=1250,2309,2610,27,99,0,63 target=83,3177,1328,0,64,1,23
elapsed=75025 source=047A action=advance-homing pose=1250,2309,2610,26,98,0,63 target=83,3177,1328,0,64,1,23
elapsed=75029 source=047A action=contract pose=1122,2453,2466,26,98,0,63 target=62,3177,1328,0,64,0,23
elapsed=75029 source=047A action=contract pose=1043,2506,2381,26,98,0,63 target=62,3177,1328,0,64,0,23
elapsed=75029 source=047A action=contract pose=964,2559,2296,26,98,0,63 target=62,3177,1328,0,64,0,23
elapsed=75029 source=047A action=face-immediate pose=885,2612,2211,26,98,0,63 target=62,3177,1328,0,64,0,23
elapsed=75029 source=047A action=advance-homing pose=885,2612,2211,24,98,0,63 target=62,3177,1328,0,64,0,23
elapsed=75034 source=047A action=contract pose=753,2748,2063,24,98,0,63 target=41,3177,1328,0,64,255,23
elapsed=75034 source=047A action=contract pose=671,2797,1978,24,98,0,63 target=41,3177,1328,0,64,255,23
elapsed=75034 source=047A action=contract pose=589,2846,1893,24,98,0,63 target=41,3177,1328,0,64,255,23
elapsed=75034 source=047A action=face-immediate pose=507,2895,1808,24,98,0,63 target=41,3177,1328,0,64,255,23
elapsed=75034 source=047A action=advance-homing pose=507,2895,1808,22,97,0,63 target=41,3177,1328,0,64,255,23
elapsed=75039 source=047A action=face-immediate pose=367,3019,1660,22,97,0,63 target=20,3177,1328,0,64,254,23
elapsed=75039 source=047A action=set-cruise-speed pose=367,3019,1660,18,95,0,63 target=20,3177,1328,0,64,254,23
elapsed=75039 source=047A action=advance-aim pose=367,3019,1660,18,95,0,63 target=20,3177,1328,0,64,254,23
elapsed=75039 source=047A action=face-smooth pose=211,3123,1512,18,95,0,63 target=20,3177,1328,0,64,254,23
elapsed=75044 source=047A action=advance-aim pose=211,3123,1512,17,96,0,63 target=-1,3177,1328,0,64,254,23
elapsed=75049 source=047A action=advance-aim pose=59,3223,1360,17,96,0,63 target=-22,3177,1328,0,64,253,23
elapsed=75053 source=047A action=advance-cruise pose=-93,3323,1208,17,96,0,63 target=-43,3177,1328,0,64,253,23
elapsed=75058 source=047A action=advance-cruise pose=-245,3423,1056,17,96,0,63 target=-64,3177,1328,0,64,252,23
elapsed=75063 source=047A action=advance-cruise pose=-397,3523,904,17,96,0,63 target=-85,3177,1328,0,64,252,23
elapsed=75067 source=047A action=advance-cruise pose=-549,3623,752,17,96,0,63 target=-106,3177,1328,0,64,252,23
elapsed=75068 source=04B9 action=set-cruise-speed pose=9027,2232,5190,5,81,0,30 target=-106,3177,1328,0,64,252,23
elapsed=75068 source=04B9 action=contract pose=9027,2232,5190,5,81,0,63 target=-106,3177,1328,0,64,252,23
elapsed=75068 source=04B9 action=contract pose=8909,2244,5140,5,81,0,63 target=-106,3177,1328,0,64,252,23
elapsed=75068 source=04B9 action=contract pose=8791,2255,5090,5,81,0,63 target=-106,3177,1328,0,64,252,23
elapsed=75068 source=04B9 action=face-immediate pose=8673,2266,5040,5,81,0,63 target=-106,3177,1328,0,64,252,23
elapsed=75068 source=04B9 action=advance-homing pose=8673,2266,5040,5,81,0,63 target=-106,3177,1328,0,64,252,23
elapsed=75073 source=047A action=advance-cruise pose=-701,3723,600,17,96,0,63 target=-127,3177,1328,0,64,252,23
elapsed=75073 source=04B9 action=contract pose=8449,2294,4944,5,81,0,63 target=-127,3177,1328,0,64,252,23
elapsed=75073 source=04B9 action=contract pose=8331,2305,4894,5,81,0,63 target=-127,3177,1328,0,64,252,23
elapsed=75073 source=04B9 action=contract pose=8213,2317,4844,5,81,0,63 target=-127,3177,1328,0,64,252,23
elapsed=75073 source=04B9 action=face-immediate pose=8095,2328,4794,5,81,0,63 target=-127,3177,1328,0,64,252,23
elapsed=75073 source=04B9 action=advance-homing pose=8095,2328,4794,5,81,0,63 target=-127,3177,1328,0,64,252,23
elapsed=75078 source=047A action=advance-cruise pose=-853,3823,448,17,96,0,63 target=-148,3177,1328,0,64,253,23
elapsed=75078 source=04B9 action=contract pose=7871,2356,4698,5,81,0,63 target=-148,3177,1328,0,64,253,23
elapsed=75078 source=04B9 action=contract pose=7754,2367,4648,5,81,0,63 target=-148,3177,1328,0,64,253,23
elapsed=75078 source=04B9 action=contract pose=7636,2378,4598,5,81,0,63 target=-148,3177,1328,0,64,253,23
elapsed=75078 source=04B9 action=face-immediate pose=7519,2389,4548,5,81,0,63 target=-148,3177,1328,0,64,253,23
elapsed=75078 source=04B9 action=advance-homing pose=7519,2389,4548,5,81,0,63 target=-148,3177,1328,0,64,253,23
elapsed=75083 source=047A action=advance-cruise pose=-1005,3923,296,17,96,0,63 target=-169,3177,1328,0,64,253,23
elapsed=75083 source=04B9 action=contract pose=7295,2417,4452,5,81,0,63 target=-169,3177,1328,0,64,253,23
elapsed=75083 source=04B9 action=contract pose=7177,2428,4402,5,81,0,63 target=-169,3177,1328,0,64,253,23
elapsed=75083 source=04B9 action=contract pose=7059,2439,4352,5,81,0,63 target=-169,3177,1328,0,64,253,23
elapsed=75083 source=04B9 action=face-immediate pose=6941,2450,4302,5,81,0,63 target=-169,3177,1328,0,64,253,23
elapsed=75083 source=04B9 action=advance-homing pose=6941,2450,4302,5,81,0,63 target=-169,3177,1328,0,64,253,23
elapsed=75088 source=047A action=advance-cruise pose=-1157,4023,144,17,96,0,63 target=-190,3177,1328,0,64,254,23
elapsed=75088 source=04B9 action=contract pose=6717,2478,4206,5,81,0,63 target=-190,3177,1328,0,64,254,23
elapsed=75088 source=04B9 action=contract pose=6599,2489,4157,5,81,0,63 target=-190,3177,1328,0,64,254,23
elapsed=75088 source=04B9 action=contract pose=6481,2500,4108,5,81,0,63 target=-190,3177,1328,0,64,254,23
elapsed=75088 source=04B9 action=face-immediate pose=6363,2511,4059,5,81,0,63 target=-190,3177,1328,0,64,254,23
elapsed=75088 source=04B9 action=advance-homing pose=6363,2511,4059,5,80,0,63 target=-190,3177,1328,0,64,254,23
elapsed=75092 source=047A action=advance-cruise pose=-1309,4123,-8,17,96,0,63 target=-211,3177,1328,0,64,254,23
elapsed=75093 source=04B9 action=contract pose=6139,2539,3971,5,80,0,63 target=-211,3177,1328,0,64,254,23
elapsed=75093 source=04B9 action=contract pose=6021,2550,3922,5,80,0,63 target=-211,3177,1328,0,64,254,23
elapsed=75093 source=04B9 action=contract pose=5903,2561,3873,5,80,0,63 target=-211,3177,1328,0,64,254,23
elapsed=75093 source=04B9 action=face-immediate pose=5785,2572,3824,5,80,0,63 target=-211,3177,1328,0,64,254,23
elapsed=75093 source=04B9 action=advance-homing pose=5785,2572,3824,5,80,0,63 target=-211,3177,1328,0,64,254,23
elapsed=75097 source=047A action=advance-cruise pose=-1461,4223,-160,17,96,0,63 target=-232,3177,1328,0,64,255,23
elapsed=75098 source=04B9 action=contract pose=5561,2600,3736,5,80,0,63 target=-232,3177,1328,0,64,255,23
elapsed=75098 source=04B9 action=contract pose=5443,2611,3687,5,80,0,63 target=-232,3177,1328,0,64,255,23
elapsed=75098 source=04B9 action=contract pose=5325,2622,3638,5,80,0,63 target=-232,3177,1328,0,64,255,23
elapsed=75098 source=04B9 action=face-immediate pose=5207,2633,3589,5,80,0,63 target=-232,3177,1328,0,64,255,23
elapsed=75098 source=04B9 action=advance-homing pose=5207,2633,3589,5,80,0,63 target=-232,3177,1328,0,64,255,23
elapsed=75102 source=047A action=advance-cruise pose=-1613,4323,-312,17,96,0,63 target=-253,3177,1328,0,64,0,23
elapsed=75103 source=04B9 action=contract pose=4983,2661,3501,5,80,0,63 target=-253,3177,1328,0,64,0,23
elapsed=75103 source=04B9 action=contract pose=4865,2672,3452,5,80,0,63 target=-253,3177,1328,0,64,0,23
elapsed=75103 source=04B9 action=contract pose=4747,2683,3403,5,80,0,63 target=-253,3177,1328,0,64,0,23
elapsed=75103 source=04B9 action=face-immediate pose=4629,2694,3354,5,80,0,63 target=-253,3177,1328,0,64,0,23
elapsed=75103 source=04B9 action=advance-homing pose=4629,2694,3354,5,80,0,63 target=-253,3177,1328,0,64,0,23
elapsed=75107 source=047A action=advance-cruise pose=-1765,4423,-464,17,96,0,63 target=-274,3177,1328,0,64,1,23
elapsed=75108 source=04B9 action=contract pose=4405,2722,3266,5,80,0,63 target=-274,3177,1328,0,64,1,23
elapsed=75108 source=04B9 action=contract pose=4287,2733,3217,5,80,0,63 target=-274,3177,1328,0,64,1,23
elapsed=75108 source=04B9 action=contract pose=4169,2744,3168,5,80,0,63 target=-274,3177,1328,0,64,1,23
elapsed=75108 source=04B9 action=face-immediate pose=4051,2755,3119,5,80,0,63 target=-274,3177,1328,0,64,1,23
elapsed=75108 source=04B9 action=advance-homing pose=4051,2755,3119,5,80,0,63 target=-274,3177,1328,0,64,1,23
elapsed=75112 source=047A action=advance-cruise pose=-1917,4523,-616,17,96,0,63 target=-295,3177,1328,0,64,2,23
elapsed=75113 source=04B9 action=contract pose=3827,2783,3031,5,80,0,63 target=-295,3177,1328,0,64,2,23
elapsed=75113 source=04B9 action=contract pose=3709,2794,2982,5,80,0,63 target=-295,3177,1328,0,64,2,23
elapsed=75113 source=04B9 action=contract pose=3591,2805,2933,5,80,0,63 target=-295,3177,1328,0,64,2,23
elapsed=75113 source=04B9 action=face-immediate pose=3473,2816,2884,5,80,0,63 target=-295,3177,1328,0,64,2,23
elapsed=75113 source=04B9 action=advance-homing pose=3473,2816,2884,5,80,0,63 target=-295,3177,1328,0,64,2,23
elapsed=75117 source=047A action=advance-cruise pose=-2069,4623,-768,17,96,0,63 target=-316,3177,1328,0,64,2,23
elapsed=75118 source=04B9 action=contract pose=3249,2844,2796,5,80,0,63 target=-316,3177,1328,0,64,2,23
elapsed=75118 source=04B9 action=contract pose=3131,2854,2747,5,80,0,63 target=-316,3177,1328,0,64,2,23
elapsed=75118 source=04B9 action=contract pose=3013,2864,2698,5,80,0,63 target=-316,3177,1328,0,64,2,23
elapsed=75118 source=04B9 action=face-immediate pose=2895,2874,2649,5,80,0,63 target=-316,3177,1328,0,64,2,23
elapsed=75118 source=04B9 action=advance-homing pose=2895,2874,2649,5,80,0,63 target=-316,3177,1328,0,64,2,23
elapsed=75122 source=047A action=advance-cruise pose=-2221,4723,-920,17,96,0,63 target=-337,3177,1328,0,64,3,23
elapsed=75122 source=04B9 action=contract pose=2671,2902,2561,5,80,0,63 target=-337,3177,1328,0,64,3,23
elapsed=75123 source=04B9 action=contract pose=2553,2912,2512,5,80,0,63 target=-337,3177,1328,0,64,3,23
elapsed=75123 source=04B9 action=contract pose=2435,2922,2463,5,80,0,63 target=-337,3177,1328,0,64,3,23
elapsed=75123 source=04B9 action=face-immediate pose=2317,2932,2414,5,80,0,63 target=-337,3177,1328,0,64,3,23
elapsed=75123 source=04B9 action=advance-homing pose=2317,2932,2414,5,80,0,63 target=-337,3177,1328,0,64,3,23
elapsed=75127 source=04B9 action=contract pose=2093,2960,2326,5,80,0,63 target=-358,3177,1328,0,64,3,23
elapsed=75127 source=04B9 action=contract pose=1975,2970,2278,5,80,0,63 target=-358,3177,1328,0,64,3,23
elapsed=75127 source=04B9 action=contract pose=1857,2980,2230,5,80,0,63 target=-358,3177,1328,0,64,3,23
elapsed=75127 source=04B9 action=face-immediate pose=1739,2990,2182,5,80,0,63 target=-358,3177,1328,0,64,3,23
elapsed=75127 source=04B9 action=advance-homing pose=1739,2990,2182,4,80,0,63 target=-358,3177,1328,0,64,3,23
elapsed=75132 source=04B9 action=contract pose=1515,3010,2094,4,80,0,63 target=-379,3177,1328,0,64,4,23
elapsed=75132 source=04B9 action=contract pose=1397,3020,2046,4,80,0,63 target=-379,3177,1328,0,64,4,23
elapsed=75132 source=04B9 action=contract pose=1279,3030,1998,4,80,0,63 target=-379,3177,1328,0,64,4,23
elapsed=75132 source=04B9 action=face-immediate pose=1161,3040,1950,4,80,0,63 target=-379,3177,1328,0,64,4,23
elapsed=75132 source=04B9 action=advance-homing pose=1161,3040,1950,4,80,0,63 target=-379,3177,1328,0,64,4,23
elapsed=75137 source=04B9 action=contract pose=937,3060,1862,4,80,0,63 target=-400,3177,1328,0,64,4,23
elapsed=75137 source=04B9 action=contract pose=819,3070,1815,4,80,0,63 target=-400,3177,1328,0,64,4,23
elapsed=75137 source=04B9 action=contract pose=701,3080,1768,4,80,0,63 target=-400,3177,1328,0,64,4,23
elapsed=75137 source=04B9 action=face-immediate pose=583,3090,1720,4,80,0,63 target=-400,3177,1328,0,64,4,23
elapsed=75137 source=04B9 action=advance-homing pose=583,3090,1720,4,80,0,63 target=-400,3177,1328,0,64,4,23
elapsed=75142 source=04B9 action=face-immediate pose=359,3110,1632,4,80,0,63 target=-421,3177,1328,0,64,4,23
elapsed=75142 source=04B9 action=set-cruise-speed pose=359,3110,1632,4,79,0,63 target=-421,3177,1328,0,64,4,23
elapsed=75142 source=04B9 action=advance-aim pose=359,3110,1632,4,79,0,63 target=-421,3177,1328,0,64,4,23
elapsed=75147 source=047A action=set-cruise-speed pose=4369,719,4000,23,85,0,30 target=-442,3177,1328,0,64,4,23
elapsed=75147 source=047A action=contract pose=4369,719,4000,23,85,0,63 target=-442,3177,1328,0,64,4,23
elapsed=75147 source=047A action=contract pose=4267,770,3943,23,85,0,63 target=-442,3177,1328,0,64,4,23
elapsed=75147 source=047A action=contract pose=4165,821,3886,23,85,0,63 target=-442,3177,1328,0,64,4,23
elapsed=75147 source=047A action=face-immediate pose=4063,872,3829,23,85,0,63 target=-442,3177,1328,0,64,4,23
elapsed=75147 source=047A action=advance-homing pose=4063,872,3829,23,85,0,63 target=-442,3177,1328,0,64,4,23
elapsed=75147 source=04B9 action=advance-aim pose=131,3130,1548,4,79,0,63 target=-442,3177,1328,0,64,4,23
elapsed=75148 source=04B9 action=face-smooth pose=-97,3150,1464,4,79,0,63 target=-442,3177,1328,0,64,4,23
elapsed=75152 source=047A action=contract pose=3883,1000,3729,23,85,0,63 target=-463,3177,1328,0,64,3,23
elapsed=75152 source=047A action=contract pose=3781,1051,3672,23,85,0,63 target=-463,3177,1328,0,64,3,23
elapsed=75152 source=047A action=contract pose=3678,1102,3615,23,85,0,63 target=-463,3177,1328,0,64,3,23
elapsed=75152 source=047A action=face-immediate pose=3575,1153,3558,23,85,0,63 target=-463,3177,1328,0,64,3,23
elapsed=75152 source=047A action=advance-homing pose=3575,1153,3558,23,85,0,63 target=-463,3177,1328,0,64,3,23
elapsed=75153 source=04B9 action=advance-aim pose=-97,3150,1464,4,80,0,63 target=-463,3177,1328,0,64,3,23
elapsed=75157 source=047A action=contract pose=3395,1281,3458,23,85,0,63 target=-484,3177,1328,0,64,3,23
elapsed=75157 source=047A action=contract pose=3292,1331,3401,23,85,0,63 target=-484,3177,1328,0,64,3,23
elapsed=75157 source=047A action=contract pose=3189,1380,3344,23,85,0,63 target=-484,3177,1328,0,64,3,23
elapsed=75158 source=047A action=face-immediate pose=3086,1430,3287,23,85,0,63 target=-484,3177,1328,0,64,3,23
elapsed=75158 source=047A action=advance-homing pose=3086,1430,3287,23,85,0,63 target=-484,3177,1328,0,64,3,23
elapsed=75158 source=04B9 action=advance-aim pose=-321,3170,1376,4,80,0,63 target=-484,3177,1328,0,64,3,23
elapsed=75163 source=047A action=contract pose=2906,1558,3187,23,85,0,63 target=-505,3177,1328,0,64,2,23
elapsed=75163 source=047A action=contract pose=2802,1606,3130,23,85,0,63 target=-505,3177,1328,0,64,2,23
elapsed=75163 source=047A action=contract pose=2698,1654,3073,23,85,0,63 target=-505,3177,1328,0,64,2,23
elapsed=75163 source=047A action=face-immediate pose=2594,1702,3016,23,85,0,63 target=-505,3177,1328,0,64,2,23
elapsed=75163 source=047A action=advance-homing pose=2594,1702,3016,22,85,0,63 target=-505,3177,1328,0,64,2,23
elapsed=75163 source=04B9 action=advance-cruise pose=-545,3190,1288,4,80,0,63 target=-505,3177,1328,0,64,2,23
elapsed=75168 source=047A action=contract pose=2414,1826,2916,22,85,0,63 target=-526,3177,1328,0,64,2,23
elapsed=75168 source=047A action=contract pose=2310,1873,2859,22,85,0,63 target=-526,3177,1328,0,64,2,23
elapsed=75168 source=047A action=contract pose=2206,1920,2802,22,85,0,63 target=-526,3177,1328,0,64,2,23
elapsed=75168 source=047A action=face-immediate pose=2102,1967,2745,22,85,0,63 target=-526,3177,1328,0,64,2,23
elapsed=75168 source=047A action=advance-homing pose=2102,1967,2745,22,85,0,63 target=-526,3177,1328,0,64,2,23
elapsed=75168 source=04B9 action=advance-cruise pose=-769,3210,1200,4,80,0,63 target=-526,3177,1328,0,64,2,23
elapsed=75173 source=047A action=contract pose=1922,2091,2645,22,85,0,63 target=-547,3177,1328,0,64,1,23
elapsed=75173 source=047A action=contract pose=1817,2136,2589,22,85,0,63 target=-547,3177,1328,0,64,1,23
elapsed=75173 source=047A action=contract pose=1712,2182,2533,22,85,0,63 target=-547,3177,1328,0,64,1,23
elapsed=75173 source=047A action=face-immediate pose=1607,2228,2477,22,85,0,63 target=-547,3177,1328,0,64,1,23
elapsed=75173 source=047A action=advance-homing pose=1607,2228,2477,21,84,0,63 target=-547,3177,1328,0,64,1,23
elapsed=75173 source=04B9 action=advance-cruise pose=-993,3230,1112,4,80,0,63 target=-547,3177,1328,0,64,1,23
elapsed=75177 source=047A action=contract pose=1419,2348,2381,21,84,0,63 target=-568,3177,1328,0,64,0,23
elapsed=75178 source=047A action=contract pose=1313,2391,2325,21,84,0,63 target=-568,3177,1328,0,64,0,23
elapsed=75178 source=047A action=contract pose=1207,2435,2269,21,84,0,63 target=-568,3177,1328,0,64,0,23
elapsed=75178 source=047A action=face-immediate pose=1101,2479,2213,21,84,0,63 target=-568,3177,1328,0,64,0,23
elapsed=75178 source=047A action=advance-homing pose=1101,2479,2213,20,84,0,63 target=-568,3177,1328,0,64,0,23
elapsed=75178 source=04B9 action=advance-cruise pose=-1217,3250,1024,4,80,0,63 target=-568,3177,1328,0,64,0,23
elapsed=75182 source=047A action=contract pose=909,2595,2113,20,84,0,63 target=-589,3177,1328,0,64,255,23
elapsed=75182 source=047A action=contract pose=802,2636,2057,20,84,0,63 target=-589,3177,1328,0,64,255,23
elapsed=75182 source=047A action=contract pose=695,2677,2001,20,84,0,63 target=-589,3177,1328,0,64,255,23
elapsed=75182 source=047A action=face-immediate pose=588,2718,1945,20,84,0,63 target=-589,3177,1328,0,64,255,23
elapsed=75182 source=047A action=advance-homing pose=588,2718,1945,19,84,0,63 target=-589,3177,1328,0,64,255,23
elapsed=75182 source=04B9 action=advance-cruise pose=-1441,3270,936,4,80,0,63 target=-589,3177,1328,0,64,255,23
elapsed=75187 source=047A action=contract pose=396,2830,1845,19,84,0,63 target=-610,3177,1328,0,64,254,23
elapsed=75187 source=047A action=contract pose=287,2867,1789,19,84,0,63 target=-610,3177,1328,0,64,254,23
elapsed=75187 source=047A action=contract pose=178,2904,1733,19,84,0,63 target=-610,3177,1328,0,64,254,23
elapsed=75187 source=047A action=face-immediate pose=69,2941,1677,19,84,0,63 target=-610,3177,1328,0,64,254,23
elapsed=75187 source=047A action=advance-homing pose=69,2941,1677,17,84,0,63 target=-610,3177,1328,0,64,254,23
elapsed=75187 source=04B9 action=advance-cruise pose=-1665,3290,848,4,80,0,63 target=-610,3177,1328,0,64,254,23
elapsed=75192 source=047A action=face-immediate pose=-127,3041,1573,17,84,0,63 target=-631,3177,1328,0,64,254,23
elapsed=75192 source=047A action=set-cruise-speed pose=-127,3041,1573,14,83,0,63 target=-631,3177,1328,0,64,254,23
elapsed=75192 source=047A action=advance-aim pose=-127,3041,1573,14,83,0,63 target=-631,3177,1328,0,64,254,23
elapsed=75192 source=04B9 action=advance-cruise pose=-1889,3310,760,4,80,0,63 target=-631,3177,1328,0,64,254,23
elapsed=75197 source=047A action=advance-aim pose=-331,3121,1469,14,83,0,63 target=-652,3177,1328,0,64,253,23
elapsed=75197 source=047A action=face-smooth pose=-535,3201,1365,14,83,0,63 target=-652,3177,1328,0,64,253,23
elapsed=75197 source=04B9 action=advance-cruise pose=-2113,3330,672,4,80,0,63 target=-652,3177,1328,0,64,253,23
elapsed=75201 source=047A action=advance-aim pose=-535,3201,1365,8,82,0,63 target=-673,3177,1328,0,64,253,23
elapsed=75201 source=04B9 action=advance-cruise pose=-2337,3350,584,4,80,0,63 target=-673,3177,1328,0,64,253,23
elapsed=75206 source=047A action=advance-cruise pose=-751,3245,1265,8,82,0,63 target=-694,3177,1328,0,64,252,23
elapsed=75206 source=04B9 action=advance-cruise pose=-2561,3370,496,4,80,0,63 target=-694,3177,1328,0,64,252,23
elapsed=75211 source=047A action=advance-cruise pose=-967,3289,1165,8,82,0,63 target=-715,3177,1328,0,64,252,23
elapsed=75211 source=04B9 action=advance-cruise pose=-2785,3390,408,4,80,0,63 target=-715,3177,1328,0,64,252,23
elapsed=75216 source=047A action=advance-cruise pose=-1183,3333,1065,8,82,0,63 target=-736,3177,1328,0,64,252,23
elapsed=75216 source=04B9 action=advance-cruise pose=-3009,3410,320,4,80,0,63 target=-736,3177,1328,0,64,252,23
elapsed=75220 source=047A action=advance-cruise pose=-1399,3377,965,8,82,0,63 target=-757,3177,1328,0,64,252,23
elapsed=75220 source=04B9 action=advance-cruise pose=-3233,3430,232,4,80,0,63 target=-757,3177,1328,0,64,252,23
elapsed=75225 source=047A action=advance-cruise pose=-1615,3421,865,8,82,0,63 target=-778,3177,1328,0,64,253,23
elapsed=75225 source=04B9 action=advance-cruise pose=-3457,3450,144,4,80,0,63 target=-778,3177,1328,0,64,253,23
elapsed=75229 source=047A action=advance-cruise pose=-1831,3465,765,8,82,0,63 target=-799,3177,1328,0,64,253,23
elapsed=75229 source=04B9 action=advance-cruise pose=-3681,3470,56,4,80,0,63 target=-799,3177,1328,0,64,253,23
elapsed=75234 source=047A action=advance-cruise pose=-2047,3509,665,8,82,0,63 target=-820,3177,1328,0,64,254,23
elapsed=75238 source=047A action=advance-cruise pose=-2263,3553,565,8,82,0,63 target=-841,3177,1328,0,64,254,23
elapsed=75243 source=047A action=advance-cruise pose=-2479,3597,465,8,82,0,63 target=-862,3177,1328,0,64,255,23
elapsed=75248 source=047A action=advance-cruise pose=-2695,3641,365,8,82,0,63 target=-883,3177,1328,0,64,0,23
elapsed=75252 source=047A action=advance-cruise pose=-2911,3685,265,8,82,0,63 target=-904,3177,1328,0,64,1,23
elapsed=75256 source=047A action=advance-cruise pose=-3127,3729,165,8,82,0,63 target=-925,3177,1328,0,64,2,23
elapsed=75261 source=047A action=advance-cruise pose=-3343,3773,65,8,82,0,63 target=-946,3177,1328,0,64,2,23
elapsed=75265 source=047A action=advance-cruise pose=-3559,3817,-35,8,82,0,63 target=-967,3177,1328,0,64,3,23
elapsed=75270 source=047A action=advance-cruise pose=-3775,3861,-135,8,82,0,63 target=-988,3177,1328,0,64,3,23
elapsed=75509 source=04B9 action=set-cruise-speed pose=6582,-417,5813,20,84,0,30 target=-2122,3177,1328,0,64,255,23
elapsed=75509 source=04B9 action=contract pose=6582,-417,5813,20,84,0,63 target=-2122,3177,1328,0,64,255,23
elapsed=75509 source=04B9 action=contract pose=6475,-374,5758,20,84,0,63 target=-2122,3177,1328,0,64,255,23
elapsed=75509 source=04B9 action=contract pose=6368,-331,5702,20,84,0,63 target=-2122,3177,1328,0,64,255,23
elapsed=75509 source=04B9 action=face-immediate pose=6261,-288,5646,20,84,0,63 target=-2122,3177,1328,0,64,255,23
elapsed=75509 source=04B9 action=advance-homing pose=6261,-288,5646,20,84,0,63 target=-2122,3177,1328,0,64,255,23
elapsed=75514 source=04B9 action=contract pose=6069,-172,5546,20,84,0,63 target=-2143,3177,1328,0,64,0,23
elapsed=75514 source=04B9 action=contract pose=5962,-129,5491,20,84,0,63 target=-2143,3177,1328,0,64,0,23
elapsed=75514 source=04B9 action=contract pose=5855,-86,5436,20,84,0,63 target=-2143,3177,1328,0,64,0,23
elapsed=75514 source=04B9 action=face-immediate pose=5748,-43,5381,20,84,0,63 target=-2143,3177,1328,0,64,0,23
elapsed=75514 source=04B9 action=advance-homing pose=5748,-43,5381,20,84,0,63 target=-2143,3177,1328,0,64,0,23
elapsed=75519 source=04B9 action=contract pose=5556,73,5281,20,84,0,63 target=-2164,3177,1328,0,64,1,23
elapsed=75519 source=04B9 action=contract pose=5449,115,5226,20,84,0,63 target=-2164,3177,1328,0,64,1,23
elapsed=75519 source=04B9 action=contract pose=5342,157,5171,20,84,0,63 target=-2164,3177,1328,0,64,1,23
elapsed=75519 source=04B9 action=face-immediate pose=5235,199,5116,20,84,0,63 target=-2164,3177,1328,0,64,1,23
elapsed=75519 source=04B9 action=advance-homing pose=5235,199,5116,19,84,0,63 target=-2164,3177,1328,0,64,1,23
elapsed=75523 source=04B9 action=contract pose=5043,311,5016,19,84,0,63 target=-2185,3177,1328,0,64,2,23
elapsed=75523 source=04B9 action=contract pose=4935,353,4961,19,84,0,63 target=-2185,3177,1328,0,64,2,23
elapsed=75523 source=04B9 action=contract pose=4827,395,4906,19,84,0,63 target=-2185,3177,1328,0,64,2,23
elapsed=75523 source=04B9 action=face-immediate pose=4719,437,4851,19,84,0,63 target=-2185,3177,1328,0,64,2,23
elapsed=75523 source=04B9 action=advance-homing pose=4719,437,4851,19,84,0,63 target=-2185,3177,1328,0,64,2,23
elapsed=75528 source=04B9 action=contract pose=4527,549,4751,19,84,0,63 target=-2206,3177,1328,0,64,2,23
elapsed=75528 source=04B9 action=contract pose=4419,590,4696,19,84,0,63 target=-2206,3177,1328,0,64,2,23
elapsed=75528 source=04B9 action=contract pose=4311,631,4641,19,84,0,63 target=-2206,3177,1328,0,64,2,23
elapsed=75528 source=04B9 action=face-immediate pose=4203,672,4586,19,84,0,63 target=-2206,3177,1328,0,64,2,23
elapsed=75528 source=04B9 action=advance-homing pose=4203,672,4586,19,84,0,63 target=-2206,3177,1328,0,64,2,23
elapsed=75533 source=04B9 action=contract pose=4011,784,4486,19,84,0,63 target=-2227,3177,1328,0,64,3,23
elapsed=75533 source=04B9 action=contract pose=3903,825,4431,19,84,0,63 target=-2227,3177,1328,0,64,3,23
elapsed=75533 source=04B9 action=contract pose=3795,866,4376,19,84,0,63 target=-2227,3177,1328,0,64,3,23
elapsed=75533 source=04B9 action=face-immediate pose=3687,907,4321,19,84,0,63 target=-2227,3177,1328,0,64,3,23
elapsed=75533 source=04B9 action=advance-homing pose=3687,907,4321,19,83,0,63 target=-2227,3177,1328,0,64,3,23
elapsed=75537 source=04B9 action=contract pose=3495,1019,4225,19,83,0,63 target=-2248,3177,1328,0,64,3,23
elapsed=75537 source=04B9 action=contract pose=3386,1059,4170,19,83,0,63 target=-2248,3177,1328,0,64,3,23
elapsed=75538 source=04B9 action=contract pose=3278,1099,4115,19,83,0,63 target=-2248,3177,1328,0,64,3,23
elapsed=75538 source=04B9 action=face-immediate pose=3170,1139,4060,19,83,0,63 target=-2248,3177,1328,0,64,3,23
elapsed=75538 source=04B9 action=advance-homing pose=3170,1139,4060,18,83,0,63 target=-2248,3177,1328,0,64,3,23
elapsed=75542 source=04B9 action=contract pose=2978,1243,3964,18,83,0,63 target=-2269,3177,1328,0,64,4,23
elapsed=75542 source=04B9 action=contract pose=2869,1282,3909,18,83,0,63 target=-2269,3177,1328,0,64,4,23
elapsed=75542 source=04B9 action=contract pose=2760,1321,3854,18,83,0,63 target=-2269,3177,1328,0,64,4,23
elapsed=75542 source=04B9 action=face-immediate pose=2651,1360,3799,18,83,0,63 target=-2269,3177,1328,0,64,4,23
elapsed=75542 source=04B9 action=advance-homing pose=2651,1360,3799,18,83,0,63 target=-2269,3177,1328,0,64,4,23
elapsed=75547 source=04B9 action=contract pose=2459,1464,3703,18,83,0,63 target=-2290,3177,1328,0,64,4,23
elapsed=75547 source=04B9 action=contract pose=2350,1503,3648,18,83,0,63 target=-2290,3177,1328,0,64,4,23
elapsed=75547 source=04B9 action=contract pose=2241,1542,3593,18,83,0,63 target=-2290,3177,1328,0,64,4,23
elapsed=75547 source=04B9 action=face-immediate pose=2132,1580,3538,18,83,0,63 target=-2290,3177,1328,0,64,4,23
elapsed=75547 source=04B9 action=advance-homing pose=2132,1580,3538,18,83,0,63 target=-2290,3177,1328,0,64,4,23
elapsed=75551 source=04B9 action=contract pose=1940,1684,3442,18,83,0,63 target=-2311,3177,1328,0,64,4,23
elapsed=75552 source=04B9 action=contract pose=1831,1722,3387,18,83,0,63 target=-2311,3177,1328,0,64,4,23
elapsed=75552 source=04B9 action=contract pose=1722,1760,3332,18,83,0,63 target=-2311,3177,1328,0,64,4,23
elapsed=75552 source=04B9 action=face-immediate pose=1613,1798,3278,18,83,0,63 target=-2311,3177,1328,0,64,4,23
elapsed=75552 source=04B9 action=advance-homing pose=1613,1798,3278,17,83,0,63 target=-2311,3177,1328,0,64,4,23
elapsed=75556 source=04B9 action=contract pose=1417,1898,3178,17,83,0,63 target=-2332,3177,1328,0,64,4,23
elapsed=75556 source=04B9 action=contract pose=1307,1935,3124,17,83,0,63 target=-2332,3177,1328,0,64,4,23
elapsed=75556 source=04B9 action=contract pose=1197,1972,3070,17,83,0,63 target=-2332,3177,1328,0,64,4,23
elapsed=75556 source=04B9 action=face-immediate pose=1087,2009,3016,17,83,0,63 target=-2332,3177,1328,0,64,4,23
elapsed=75556 source=04B9 action=advance-homing pose=1087,2009,3016,17,83,0,63 target=-2332,3177,1328,0,64,4,23
elapsed=75561 source=04B9 action=contract pose=891,2109,2916,17,83,0,63 target=-2353,3177,1328,0,64,3,23
elapsed=75561 source=04B9 action=contract pose=781,2144,2862,17,83,0,63 target=-2353,3177,1328,0,64,3,23
elapsed=75561 source=04B9 action=contract pose=671,2179,2808,17,83,0,63 target=-2353,3177,1328,0,64,3,23
elapsed=75561 source=04B9 action=face-immediate pose=561,2215,2754,17,83,0,63 target=-2353,3177,1328,0,64,3,23
elapsed=75561 source=04B9 action=advance-homing pose=561,2215,2754,16,83,0,63 target=-2353,3177,1328,0,64,3,23
elapsed=75566 source=04B9 action=contract pose=361,2307,2654,16,83,0,63 target=-2374,3177,1328,0,64,3,23
elapsed=75566 source=04B9 action=contract pose=250,2341,2600,16,83,0,63 target=-2374,3177,1328,0,64,3,23
elapsed=75566 source=04B9 action=contract pose=139,2376,2546,16,83,0,63 target=-2374,3177,1328,0,64,3,23
elapsed=75566 source=04B9 action=face-immediate pose=28,2411,2492,16,83,0,63 target=-2374,3177,1328,0,64,3,23
elapsed=75566 source=04B9 action=advance-homing pose=28,2411,2492,16,83,0,63 target=-2374,3177,1328,0,64,3,23
elapsed=75570 source=04B9 action=contract pose=-172,2503,2392,16,83,0,63 target=-2395,3177,1328,0,64,2,23
elapsed=75570 source=04B9 action=contract pose=-283,2536,2338,16,83,0,63 target=-2395,3177,1328,0,64,2,23
elapsed=75570 source=04B9 action=contract pose=-394,2569,2285,16,83,0,63 target=-2395,3177,1328,0,64,2,23
elapsed=75571 source=04B9 action=face-immediate pose=-505,2602,2232,16,83,0,63 target=-2395,3177,1328,0,64,2,23
elapsed=75571 source=04B9 action=advance-homing pose=-505,2602,2232,15,83,0,63 target=-2395,3177,1328,0,64,2,23
elapsed=75575 source=04B9 action=contract pose=-705,2690,2132,15,83,0,63 target=-2416,3177,1328,0,64,2,23
elapsed=75575 source=04B9 action=contract pose=-817,2721,2079,15,83,0,63 target=-2416,3177,1328,0,64,2,23
elapsed=75575 source=04B9 action=contract pose=-929,2752,2026,15,83,0,63 target=-2416,3177,1328,0,64,2,23
elapsed=75575 source=04B9 action=face-immediate pose=-1041,2783,1973,15,83,0,63 target=-2416,3177,1328,0,64,2,23
elapsed=75575 source=04B9 action=advance-homing pose=-1041,2783,1973,15,82,0,63 target=-2416,3177,1328,0,64,2,23
elapsed=75580 source=04B9 action=contract pose=-1245,2871,1881,15,82,0,63 target=-2437,3177,1328,0,64,1,23
elapsed=75580 source=04B9 action=contract pose=-1358,2899,1828,15,82,0,63 target=-2437,3177,1328,0,64,1,23
elapsed=75580 source=04B9 action=contract pose=-1471,2927,1775,15,82,0,63 target=-2437,3177,1328,0,64,1,23
elapsed=75580 source=04B9 action=face-immediate pose=-1584,2956,1723,15,82,0,63 target=-2437,3177,1328,0,64,1,23
elapsed=75580 source=04B9 action=advance-homing pose=-1584,2956,1723,13,82,0,63 target=-2437,3177,1328,0,64,1,23
elapsed=75585 source=076E action=set-cruise-speed pose=2665,227,4692,25,88,0,30 target=-2458,3177,1328,0,64,0,23
elapsed=75585 source=076E action=contract pose=2665,227,4692,25,88,0,63 target=-2458,3177,1328,0,64,0,23
elapsed=75585 source=076E action=contract pose=2568,282,4628,25,88,0,63 target=-2458,3177,1328,0,64,0,23
elapsed=75585 source=076E action=contract pose=2471,337,4564,25,88,0,63 target=-2458,3177,1328,0,64,0,23
elapsed=75585 source=076E action=face-immediate pose=2374,392,4500,25,88,0,63 target=-2458,3177,1328,0,64,0,23
elapsed=75585 source=076E action=advance-homing pose=2374,392,4500,25,88,0,63 target=-2458,3177,1328,0,64,0,23
elapsed=75585 source=04B9 action=face-immediate pose=-1792,3032,1627,13,82,0,63 target=-2458,3177,1328,0,64,0,23
elapsed=75586 source=04B9 action=set-cruise-speed pose=-1792,3032,1627,11,82,0,63 target=-2458,3177,1328,0,64,0,23
elapsed=75586 source=04B9 action=advance-aim pose=-1792,3032,1627,11,82,0,63 target=-2458,3177,1328,0,64,0,23
elapsed=75586 source=04B9 action=face-smooth pose=-2004,3096,1531,11,82,0,63 target=-2458,3177,1328,0,64,0,23
elapsed=75590 source=076E action=contract pose=2210,532,4392,25,88,0,63 target=-2479,3177,1328,0,64,255,23
elapsed=75591 source=076E action=contract pose=2113,586,4328,25,88,0,63 target=-2479,3177,1328,0,64,255,23
elapsed=75591 source=076E action=contract pose=2016,640,4264,25,88,0,63 target=-2479,3177,1328,0,64,255,23
elapsed=75591 source=076E action=face-immediate pose=1919,694,4201,25,88,0,63 target=-2479,3177,1328,0,64,255,23
elapsed=75591 source=076E action=advance-homing pose=1919,694,4201,24,88,0,63 target=-2479,3177,1328,0,64,255,23
elapsed=75591 source=04B9 action=advance-aim pose=-2004,3096,1531,10,82,0,63 target=-2479,3177,1328,0,64,255,23
elapsed=75595 source=076E action=contract pose=1755,830,4093,24,88,0,63 target=-2500,3177,1328,0,64,254,23
elapsed=75595 source=076E action=contract pose=1657,883,4029,24,88,0,63 target=-2500,3177,1328,0,64,254,23
elapsed=75596 source=076E action=contract pose=1560,936,3966,24,88,0,63 target=-2500,3177,1328,0,64,254,23
elapsed=75596 source=076E action=face-immediate pose=1463,989,3903,24,88,0,63 target=-2500,3177,1328,0,64,254,23
elapsed=75596 source=076E action=advance-homing pose=1463,989,3903,24,88,0,63 target=-2500,3177,1328,0,64,254,23
elapsed=75596 source=04B9 action=advance-aim pose=-2216,3152,1435,10,82,0,63 target=-2500,3177,1328,0,64,254,23
elapsed=75596 source=04B9 action=face-smooth pose=-2428,3208,1339,10,82,0,63 target=-2500,3177,1328,0,64,254,23
elapsed=75601 source=076E action=contract pose=1299,1125,3795,24,88,0,63 target=-2521,3177,1328,0,64,224,23
elapsed=75601 source=076E action=contract pose=1201,1177,3731,24,88,0,63 target=-2521,3177,1328,0,64,224,23
elapsed=75601 source=076E action=contract pose=1103,1229,3667,24,88,0,63 target=-2521,3177,1328,0,64,224,23
elapsed=75601 source=076E action=face-immediate pose=1005,1281,3603,24,88,0,63 target=-2521,3177,1328,0,64,224,23
elapsed=75601 source=076E action=advance-homing pose=1005,1281,3603,23,88,0,63 target=-2521,3177,1328,0,64,224,23
elapsed=75601 source=04B9 action=advance-aim pose=-2428,3208,1339,2,80,0,63 target=-2521,3177,1328,0,64,224,23
elapsed=75606 source=076E action=contract pose=837,1409,3491,23,88,0,63 target=-2542,3177,1328,0,64,226,23
elapsed=75606 source=076E action=contract pose=738,1460,3428,23,88,0,63 target=-2542,3177,1328,0,64,226,23
elapsed=75606 source=076E action=contract pose=639,1511,3365,23,88,0,63 target=-2542,3177,1328,0,64,226,23
elapsed=75606 source=076E action=face-immediate pose=540,1562,3302,23,88,0,63 target=-2542,3177,1328,0,64,226,23
elapsed=75606 source=076E action=advance-homing pose=540,1562,3302,23,88,0,63 target=-2542,3177,1328,0,64,226,23
elapsed=75606 source=04B9 action=advance-cruise pose=-2652,3216,1251,2,80,0,63 target=-2542,3177,1328,0,64,226,23
elapsed=75611 source=076E action=contract pose=372,1690,3190,23,88,0,63 target=-2563,3177,1328,0,64,229,23
elapsed=75611 source=076E action=contract pose=273,1740,3127,23,88,0,63 target=-2563,3177,1328,0,64,229,23
elapsed=75611 source=076E action=contract pose=174,1789,3064,23,88,0,63 target=-2563,3177,1328,0,64,229,23
elapsed=75611 source=076E action=face-immediate pose=75,1838,3001,23,88,0,63 target=-2563,3177,1328,0,64,229,23
elapsed=75611 source=076E action=advance-homing pose=75,1838,3001,22,87,0,63 target=-2563,3177,1328,0,64,229,23
elapsed=75611 source=04B9 action=advance-cruise pose=-2876,3224,1163,2,80,0,63 target=-2563,3177,1328,0,64,229,23
elapsed=75616 source=076E action=contract pose=-97,1962,2893,22,87,0,63 target=-2584,3177,1328,0,64,231,23
elapsed=75616 source=076E action=contract pose=-197,2010,2830,22,87,0,63 target=-2584,3177,1328,0,64,231,23
elapsed=75616 source=076E action=contract pose=-297,2058,2767,22,87,0,63 target=-2584,3177,1328,0,64,231,23
elapsed=75616 source=076E action=face-immediate pose=-397,2106,2704,22,87,0,63 target=-2584,3177,1328,0,64,231,23
elapsed=75616 source=076E action=advance-homing pose=-397,2106,2704,22,87,0,63 target=-2584,3177,1328,0,64,231,23
elapsed=75616 source=04B9 action=advance-cruise pose=-3100,3232,1075,2,80,0,63 target=-2584,3177,1328,0,64,231,23
elapsed=75621 source=076E action=contract pose=-569,2230,2596,22,87,0,63 target=-2605,3177,1328,0,64,233,23
elapsed=75621 source=076E action=contract pose=-670,2276,2533,22,87,0,63 target=-2605,3177,1328,0,64,233,23
elapsed=75621 source=076E action=contract pose=-771,2322,2470,22,87,0,63 target=-2605,3177,1328,0,64,233,23
elapsed=75621 source=076E action=face-immediate pose=-872,2368,2407,22,87,0,63 target=-2605,3177,1328,0,64,233,23
elapsed=75621 source=076E action=advance-homing pose=-872,2368,2407,21,87,0,63 target=-2605,3177,1328,0,64,233,23
elapsed=75621 source=04B9 action=advance-cruise pose=-3324,3240,987,2,80,0,63 target=-2605,3177,1328,0,64,233,23
elapsed=75625 source=076E action=contract pose=-1048,2488,2299,21,87,0,63 target=-2626,3177,1328,0,64,235,23
elapsed=75625 source=076E action=contract pose=-1150,2532,2236,21,87,0,63 target=-2626,3177,1328,0,64,235,23
elapsed=75625 source=076E action=contract pose=-1252,2576,2173,21,87,0,63 target=-2626,3177,1328,0,64,235,23
elapsed=75625 source=076E action=face-immediate pose=-1354,2620,2110,21,87,0,63 target=-2626,3177,1328,0,64,235,23
elapsed=75626 source=076E action=advance-homing pose=-1354,2620,2110,20,87,0,63 target=-2626,3177,1328,0,64,235,23
elapsed=75626 source=04B9 action=advance-cruise pose=-3548,3248,899,2,80,0,63 target=-2626,3177,1328,0,64,235,23
elapsed=75630 source=076E action=contract pose=-1534,2736,1998,20,87,0,63 target=-2647,3177,1328,0,64,237,23
elapsed=75630 source=076E action=contract pose=-1638,2776,1935,20,87,0,63 target=-2647,3177,1328,0,64,237,23
elapsed=75630 source=076E action=contract pose=-1742,2816,1872,20,87,0,63 target=-2647,3177,1328,0,64,237,23
elapsed=75630 source=076E action=face-immediate pose=-1846,2857,1809,20,87,0,63 target=-2647,3177,1328,0,64,237,23
elapsed=75630 source=076E action=advance-homing pose=-1846,2857,1809,19,86,0,63 target=-2647,3177,1328,0,64,237,23
elapsed=75630 source=04B9 action=advance-cruise pose=-3772,3256,811,2,80,0,63 target=-2647,3177,1328,0,64,237,23
elapsed=75635 source=076E action=face-immediate pose=-2030,2969,1701,19,86,0,63 target=-2668,3177,1328,0,64,239,23
elapsed=75635 source=076E action=set-cruise-speed pose=-2030,2969,1701,15,86,0,63 target=-2668,3177,1328,0,64,239,23
elapsed=75635 source=076E action=advance-aim pose=-2030,2969,1701,15,86,0,63 target=-2668,3177,1328,0,64,239,23
elapsed=75635 source=076E action=face-smooth pose=-2222,3057,1589,15,86,0,63 target=-2668,3177,1328,0,64,239,23
elapsed=75635 source=04B9 action=advance-cruise pose=-3996,3264,723,2,80,0,63 target=-2668,3177,1328,0,64,239,23
elapsed=75640 source=076E action=advance-aim pose=-2222,3057,1589,14,86,0,63 target=-2689,3177,1328,0,64,240,23
elapsed=75640 source=04B9 action=advance-cruise pose=-4220,3272,635,2,80,0,63 target=-2689,3177,1328,0,64,240,23
elapsed=75644 source=076E action=advance-aim pose=-2418,3137,1477,14,86,0,63 target=-2710,3177,1328,0,64,242,23
elapsed=75644 source=076E action=face-smooth pose=-2614,3217,1365,14,86,0,63 target=-2710,3177,1328,0,64,242,23
elapsed=75645 source=04B9 action=advance-cruise pose=-4444,3280,547,2,80,0,63 target=-2710,3177,1328,0,64,242,23
elapsed=75649 source=076E action=advance-aim pose=-2614,3217,1365,5,85,0,63 target=-2731,3177,1328,0,64,243,23
elapsed=75649 source=04B9 action=advance-cruise pose=-4668,3288,459,2,80,0,63 target=-2731,3177,1328,0,64,243,23
elapsed=75654 source=076E action=advance-cruise pose=-2826,3245,1249,5,85,0,63 target=-2752,3177,1328,0,64,245,23
elapsed=75654 source=04B9 action=advance-cruise pose=-4892,3296,371,2,80,0,63 target=-2752,3177,1328,0,64,245,23
elapsed=75659 source=076E action=advance-cruise pose=-3038,3273,1133,5,85,0,63 target=-2773,3177,1328,0,64,247,23
elapsed=75659 source=04B9 action=advance-cruise pose=-5116,3304,283,2,80,0,63 target=-2773,3177,1328,0,64,247,23
elapsed=75663 source=076E action=advance-cruise pose=-3250,3301,1017,5,85,0,63 target=-2794,3177,1328,0,64,249,23
elapsed=75663 source=04B9 action=advance-cruise pose=-5340,3312,195,2,80,0,63 target=-2794,3177,1328,0,64,249,23
elapsed=75668 source=076E action=advance-cruise pose=-3462,3329,901,5,85,0,63 target=-2815,3177,1328,0,64,251,23
elapsed=75668 source=04B9 action=advance-cruise pose=-5564,3320,107,2,80,0,63 target=-2815,3177,1328,0,64,251,23
elapsed=75672 source=076E action=advance-cruise pose=-3674,3357,785,5,85,0,63 target=-2836,3177,1328,0,64,252,23
elapsed=75672 source=04B9 action=advance-cruise pose=-5788,3328,19,2,80,0,63 target=-2836,3177,1328,0,64,252,23
elapsed=75677 source=076E action=advance-cruise pose=-3886,3385,669,5,85,0,63 target=-2857,3177,1328,0,64,254,23
elapsed=75682 source=076E action=advance-cruise pose=-4098,3413,553,5,85,0,63 target=-2878,3177,1328,0,64,255,23
elapsed=75686 source=076E action=advance-cruise pose=-4310,3441,437,5,85,0,63 target=-2899,3177,1328,0,64,1,23
elapsed=75691 source=076E action=advance-cruise pose=-4522,3469,321,5,85,0,63 target=-2920,3177,1328,0,64,2,23
elapsed=75695 source=076E action=advance-cruise pose=-4734,3497,205,5,85,0,63 target=-2941,3177,1328,0,64,3,23
elapsed=75700 source=076E action=advance-cruise pose=-4946,3525,89,5,85,0,63 target=-2962,3177,1328,0,64,4,23
elapsed=75704 source=076E action=advance-cruise pose=-5158,3553,-27,5,85,0,63 target=-2983,3177,1328,0,64,3,23
elapsed=75709 source=076E action=advance-cruise pose=-5370,3581,-143,5,85,0,63 target=-3004,3177,1328,0,64,3,23
elapsed=75713 source=076E action=advance-cruise pose=-5582,3609,-259,5,85,0,63 target=-3025,3177,1328,0,64,2,23
elapsed=75718 source=076E action=advance-cruise pose=-5794,3637,-375,5,85,0,63 target=-3046,3177,1328,0,64,2,23
