# Compact Mesen oracle evidence for recurring-attacker neutral flight.
# Shipping Rust retains the entry poses and semantic update cadence,
# not the live player or camera samples below.
# Static routines: player control 06:ECB0..06:EE06,
# player motion 06:EE0A..06:EED4, camera control 07:84EC.
# Sortie source SHA-256: 0fd0bcd62c1a39e25aeadcea06ec45e7cf63ffde771829f074f7535553fef23f
# Dynamics source SHA-256: e37d8721ee24708b5971e9be01ab45112735221831067ce126f4311f00a4a4fd
# entry_last_retail_frame=312
# live_first_retail_frame=316
# live_last_retail_frame=2016
# neutral_last_retail_frame=1764
retail_frame=0 player_updates=0 camera_updates=0 camera=0,0,0,0,0,0 player=7700,-2881,2498,0,66,0,23
retail_frame=4 player_updates=0 camera_updates=0 camera=0,0,0,0,0,0 player=7700,-2881,2498,0,66,0,23
retail_frame=8 player_updates=0 camera_updates=0 camera=0,0,0,0,0,0 player=7700,-2881,2498,0,66,0,23
retail_frame=12 player_updates=0 camera_updates=0 camera=0,0,0,0,0,0 player=7700,-2881,2498,0,66,0,23
retail_frame=16 player_updates=0 camera_updates=0 camera=0,0,0,0,0,0 player=7700,-2881,2498,0,66,0,23
retail_frame=20 player_updates=0 camera_updates=0 camera=0,0,0,0,0,0 player=7700,-2881,2498,0,66,0,23
retail_frame=24 player_updates=0 camera_updates=0 camera=0,0,0,0,0,0 player=7700,-2881,2498,0,66,0,23
retail_frame=28 player_updates=0 camera_updates=0 camera=0,0,0,0,0,0 player=7700,-2881,2498,0,66,0,23
retail_frame=32 player_updates=0 camera_updates=0 camera=0,0,0,0,0,0 player=7700,-2881,2498,0,66,0,23
retail_frame=36 player_updates=0 camera_updates=0 camera=0,0,0,0,0,0 player=7700,-2881,2498,0,66,0,23
retail_frame=40 player_updates=0 camera_updates=0 camera=0,0,0,0,0,0 player=7700,-2881,2498,0,66,0,23
retail_frame=44 player_updates=0 camera_updates=0 camera=0,0,0,0,0,0 player=7700,-2881,2498,0,66,0,23
retail_frame=48 player_updates=0 camera_updates=0 camera=0,0,0,0,0,0 player=22,0,137,0,64,0,0
retail_frame=52 player_updates=0 camera_updates=0 camera=0,0,0,0,0,0 player=22,0,137,0,64,0,0
retail_frame=56 player_updates=0 camera_updates=0 camera=0,0,0,0,0,0 player=22,0,137,0,64,0,0
retail_frame=60 player_updates=0 camera_updates=0 camera=0,0,0,0,0,0 player=22,0,137,0,64,0,0
retail_frame=64 player_updates=0 camera_updates=0 camera=0,0,0,0,0,0 player=22,0,137,0,64,0,0
retail_frame=68 player_updates=0 camera_updates=0 camera=0,0,0,0,0,0 player=22,0,137,0,64,0,0
retail_frame=72 player_updates=0 camera_updates=0 camera=0,0,0,0,0,0 player=22,0,137,0,64,0,0
retail_frame=76 player_updates=0 camera_updates=0 camera=0,0,0,0,0,0 player=22,0,137,0,64,0,0
retail_frame=80 player_updates=0 camera_updates=0 camera=-1514,-4447,823,208,80,0 player=22,0,137,0,64,0,0
retail_frame=84 player_updates=0 camera_updates=0 camera=-1507,-4400,831,16,16,0 player=22,0,137,0,64,0,0
retail_frame=88 player_updates=0 camera_updates=0 camera=-1500,-4352,839,64,192,0 player=22,0,137,0,64,0,0
retail_frame=92 player_updates=0 camera_updates=0 camera=-1493,-4305,847,128,128,0 player=22,0,137,0,64,0,0
retail_frame=96 player_updates=0 camera_updates=0 camera=-1486,-4258,855,208,80,0 player=22,0,137,0,64,0,0
retail_frame=100 player_updates=0 camera_updates=0 camera=-1479,-4211,863,32,32,0 player=22,0,137,0,64,0,0
retail_frame=104 player_updates=0 camera_updates=0 camera=-1472,-4164,871,96,16,0 player=22,0,137,0,64,0,0
retail_frame=108 player_updates=0 camera_updates=0 camera=-1465,-4117,879,192,16,0 player=22,0,137,0,64,0,0
retail_frame=112 player_updates=0 camera_updates=0 camera=-1459,-4070,887,48,32,0 player=22,0,137,0,64,0,0
retail_frame=116 player_updates=0 camera_updates=0 camera=-1452,-4023,895,144,64,0 player=22,0,137,0,64,0,0
retail_frame=120 player_updates=0 camera_updates=0 camera=-1445,-3976,903,48,96,0 player=22,0,137,0,64,0,0
retail_frame=124 player_updates=0 camera_updates=0 camera=-1445,-3976,903,48,96,0 player=22,0,137,0,64,0,0
retail_frame=128 player_updates=0 camera_updates=0 camera=-1431,-3923,911,176,224,0 player=22,0,137,0,64,0,0
retail_frame=132 player_updates=0 camera_updates=0 camera=-1409,-3862,919,192,192,0 player=22,0,137,0,64,0,0
retail_frame=136 player_updates=0 camera_updates=0 camera=-1380,-3795,927,48,240,0 player=22,0,137,0,64,0,0
retail_frame=140 player_updates=0 camera_updates=0 camera=-1343,-3721,935,240,144,0 player=22,0,137,0,64,0,0
retail_frame=144 player_updates=0 camera_updates=0 camera=-1299,-3641,943,16,192,0 player=22,0,137,0,64,0,0
retail_frame=148 player_updates=0 camera_updates=0 camera=-1248,-3553,951,16,128,0 player=22,0,137,0,64,0,0
retail_frame=152 player_updates=0 camera_updates=0 camera=-1189,-3459,959,48,0,0 player=22,0,137,0,64,0,0
retail_frame=156 player_updates=0 camera_updates=0 camera=-1050,-3251,975,112,0,0 player=22,0,137,0,64,0,0
retail_frame=160 player_updates=0 camera_updates=0 camera=-969,-3137,983,16,80,0 player=22,0,137,0,64,0,0
retail_frame=164 player_updates=0 camera_updates=0 camera=-880,-3016,991,112,240,0 player=22,0,137,0,64,0,0
retail_frame=168 player_updates=0 camera_updates=0 camera=-785,-2889,999,224,64,0 player=22,0,137,0,64,0,0
retail_frame=172 player_updates=0 camera_updates=0 camera=-682,-2754,1007,208,64,0 player=22,0,137,0,64,0,0
retail_frame=176 player_updates=0 camera_updates=0 camera=-571,-2613,1015,128,144,0 player=22,0,137,0,64,0,0
retail_frame=180 player_updates=0 camera_updates=0 camera=-453,-2466,1023,80,64,0 player=22,0,137,0,64,0,0
retail_frame=184 player_updates=0 camera_updates=0 camera=-328,-2311,1031,240,32,0 player=22,0,137,0,64,0,0
retail_frame=188 player_updates=0 camera_updates=0 camera=-55,-1982,1047,0,48,0 player=22,0,137,0,64,0,0
retail_frame=192 player_updates=0 camera_updates=0 camera=93,-1807,1055,192,128,0 player=22,0,137,0,64,0,0
retail_frame=196 player_updates=0 camera_updates=0 camera=248,-1626,1063,80,112,0 player=22,0,137,0,64,0,0
retail_frame=200 player_updates=0 camera_updates=0 camera=411,-1438,1071,208,48,0 player=22,0,137,0,64,0,0
retail_frame=204 player_updates=0 camera_updates=0 camera=580,-1243,1079,80,176,0 player=22,0,137,0,64,0,0
retail_frame=208 player_updates=0 camera_updates=0 camera=758,-1042,1087,160,208,0 player=22,0,137,0,64,0,0
retail_frame=212 player_updates=0 camera_updates=0 camera=942,-834,1095,240,0,0 player=22,0,137,0,64,0,0
retail_frame=216 player_updates=0 camera_updates=0 camera=1334,-397,1111,112,192,0 player=22,0,137,0,64,0,0
retail_frame=220 player_updates=0 camera_updates=0 camera=1541,-169,1119,160,128,0 player=22,0,137,0,64,0,0
retail_frame=224 player_updates=0 camera_updates=0 camera=1755,66,1127,224,64,0 player=22,0,137,0,64,0,0
retail_frame=228 player_updates=0 camera_updates=0 camera=1977,308,1135,16,224,0 player=22,0,137,0,64,0,0
retail_frame=232 player_updates=0 camera_updates=0 camera=2206,556,1143,48,80,0 player=22,0,137,0,64,0,0
retail_frame=236 player_updates=0 camera_updates=0 camera=2686,1073,1159,128,64,0 player=22,0,137,0,64,0,0
retail_frame=240 player_updates=0 camera_updates=0 camera=2938,1342,1167,160,176,0 player=22,0,137,0,64,0,0
retail_frame=244 player_updates=0 camera_updates=0 camera=3197,1617,1175,87,42,0 player=0,0,0,0,0,0,0
retail_frame=248 player_updates=0 camera_updates=0 camera=3421,1862,1183,60,75,0 player=3403,1842,1134,0,22,40,0
retail_frame=252 player_updates=0 camera_updates=0 camera=3610,2073,1191,203,40,0 player=3571,2053,1168,0,28,40,0
retail_frame=256 player_updates=0 camera_updates=0 camera=3766,2256,1199,160,210,0 player=3704,2236,1197,0,34,40,0
retail_frame=260 player_updates=0 camera_updates=0 camera=3895,2414,1207,111,84,0 player=3808,2394,1220,0,40,40,0
retail_frame=264 player_updates=0 camera_updates=0 camera=4000,2549,1215,254,183,0 player=3888,2529,1239,0,46,40,0
retail_frame=268 player_updates=0 camera_updates=0 camera=4083,2665,1223,32,4,0 player=3946,2645,1253,0,52,40,0
retail_frame=272 player_updates=0 camera_updates=0 camera=4148,2765,1231,177,62,0 player=3987,2745,1263,0,58,40,0
retail_frame=276 player_updates=0 camera_updates=0 camera=4196,2849,1239,152,107,0 player=4018,2829,1267,0,64,74,0
retail_frame=280 player_updates=0 camera_updates=0 camera=4230,2921,1247,193,141,0 player=4041,2901,1272,0,64,104,0
retail_frame=284 player_updates=0 camera_updates=0 camera=4252,2982,1255,28,167,0 player=4057,2962,1277,0,64,131,0
retail_frame=288 player_updates=0 camera_updates=0 camera=4263,3032,1263,158,187,0 player=4066,3012,1283,0,64,155,0
retail_frame=292 player_updates=0 camera_updates=0 camera=4264,3074,1271,62,202,0 player=4067,3054,1289,0,64,176,0
retail_frame=296 player_updates=0 camera_updates=0 camera=4256,3108,1279,245,214,0 player=4060,3088,1295,0,64,195,0
retail_frame=300 player_updates=0 camera_updates=0 camera=4242,3135,1287,189,223,0 player=4050,3115,1301,0,64,212,0
retail_frame=304 player_updates=0 camera_updates=0 camera=4221,3158,1295,146,230,0 player=4036,3138,1308,0,64,227,0
retail_frame=308 player_updates=0 camera_updates=0 camera=4195,3175,1303,112,235,0 player=4019,3155,1315,0,64,241,0
retail_frame=312 player_updates=0 camera_updates=0 camera=4164,3188,1311,86,239,0 player=4001,3168,1321,0,64,254,0
retail_frame=316 player_updates=1 camera_updates=1 camera=4127,3196,1321,0,0,0 player=3980,3177,1328,0,64,8,2
retail_frame=320 player_updates=1 camera_updates=1 camera=4109,3176,1322,0,0,0 player=3978,3177,1328,0,64,6,4
retail_frame=324 player_updates=1 camera_updates=0 camera=4109,3176,1322,0,0,0 player=3974,3177,1328,0,64,5,6
retail_frame=328 player_updates=0 camera_updates=1 camera=4089,3175,1323,0,0,0 player=3974,3177,1328,0,64,5,6
retail_frame=332 player_updates=1 camera_updates=1 camera=4067,3174,1324,0,0,0 player=3968,3177,1328,0,64,4,8
retail_frame=336 player_updates=1 camera_updates=1 camera=4045,3174,1325,0,0,0 player=3961,3177,1328,0,64,3,9
retail_frame=340 player_updates=1 camera_updates=1 camera=4021,3173,1326,0,0,0 player=3953,3177,1328,0,64,4,10
retail_frame=344 player_updates=1 camera_updates=1 camera=3996,3172,1327,0,0,0 player=3944,3177,1328,0,64,4,11
retail_frame=348 player_updates=1 camera_updates=1 camera=3992,3171,1328,0,0,0 player=3934,3177,1328,0,64,4,12
retail_frame=352 player_updates=0 camera_updates=0 camera=3992,3171,1328,0,0,0 player=3934,3177,1328,0,64,4,12
retail_frame=356 player_updates=1 camera_updates=1 camera=3965,3170,1328,0,0,0 player=3923,3177,1328,0,64,4,13
retail_frame=360 player_updates=1 camera_updates=1 camera=3951,3168,1328,0,0,0 player=3911,3177,1328,0,64,3,14
retail_frame=364 player_updates=1 camera_updates=1 camera=3936,3167,1328,0,0,0 player=3898,3177,1328,0,64,3,15
retail_frame=368 player_updates=1 camera_updates=1 camera=3920,3166,1328,0,0,0 player=3884,3177,1328,0,64,2,16
retail_frame=372 player_updates=1 camera_updates=1 camera=3903,3164,1328,0,0,0 player=3869,3177,1328,0,64,2,17
retail_frame=376 player_updates=1 camera_updates=1 camera=3885,3163,1328,0,0,0 player=3853,3177,1328,0,64,1,18
retail_frame=380 player_updates=1 camera_updates=1 camera=3866,3161,1328,0,0,0 player=3836,3177,1328,0,64,0,19
retail_frame=384 player_updates=1 camera_updates=0 camera=3866,3161,1328,0,0,0 player=3818,3177,1328,0,64,255,20
retail_frame=388 player_updates=0 camera_updates=1 camera=3847,3159,1328,0,0,0 player=3818,3177,1328,0,64,255,20
retail_frame=392 player_updates=1 camera_updates=1 camera=3827,3158,1328,0,0,0 player=3799,3177,1328,0,64,254,21
retail_frame=396 player_updates=1 camera_updates=1 camera=3806,3156,1328,0,0,0 player=3779,3177,1328,0,64,254,22
retail_frame=400 player_updates=1 camera_updates=1 camera=3784,3155,1328,0,0,0 player=3758,3177,1328,0,64,253,23
retail_frame=404 player_updates=1 camera_updates=1 camera=3762,3154,1328,0,0,0 player=3737,3177,1328,0,64,253,23
retail_frame=408 player_updates=1 camera_updates=1 camera=3740,3153,1328,0,0,0 player=3716,3177,1328,0,64,252,23
retail_frame=412 player_updates=1 camera_updates=1 camera=3718,3153,1328,0,0,0 player=3695,3177,1328,0,64,252,23
retail_frame=416 player_updates=1 camera_updates=1 camera=3696,3153,1328,0,0,0 player=3674,3177,1328,0,64,252,23
retail_frame=420 player_updates=1 camera_updates=0 camera=3653,3153,1328,0,0,0 player=3653,3177,1328,0,64,252,23
retail_frame=424 player_updates=0 camera_updates=1 camera=3674,3153,1328,0,0,0 player=3653,3177,1328,0,64,252,23
retail_frame=428 player_updates=1 camera_updates=1 camera=3652,3153,1328,0,0,0 player=3632,3177,1328,0,64,253,23
retail_frame=432 player_updates=1 camera_updates=1 camera=3630,3154,1328,0,0,0 player=3611,3177,1328,0,64,253,23
retail_frame=436 player_updates=1 camera_updates=1 camera=3608,3154,1328,0,0,0 player=3590,3177,1328,0,64,254,23
retail_frame=440 player_updates=1 camera_updates=1 camera=3586,3154,1328,0,0,0 player=3569,3177,1328,0,64,254,23
retail_frame=444 player_updates=1 camera_updates=1 camera=3564,3155,1328,0,0,0 player=3548,3177,1328,0,64,255,23
retail_frame=448 player_updates=1 camera_updates=1 camera=3542,3155,1328,0,0,0 player=3527,3177,1328,0,64,0,23
retail_frame=452 player_updates=1 camera_updates=1 camera=3520,3156,1328,0,0,0 player=3506,3177,1328,0,64,1,23
retail_frame=456 player_updates=0 camera_updates=0 camera=3520,3156,1328,0,0,0 player=3506,3177,1328,0,64,1,23
retail_frame=460 player_updates=1 camera_updates=1 camera=3498,3157,1328,0,0,0 player=3485,3177,1328,0,64,2,23
retail_frame=464 player_updates=1 camera_updates=1 camera=3476,3157,1328,0,0,0 player=3464,3177,1328,0,64,2,23
retail_frame=468 player_updates=1 camera_updates=1 camera=3454,3158,1328,0,0,0 player=3443,3177,1328,0,64,3,23
retail_frame=472 player_updates=1 camera_updates=1 camera=3432,3158,1328,0,0,0 player=3422,3177,1328,0,64,3,23
retail_frame=476 player_updates=1 camera_updates=1 camera=3410,3158,1328,0,0,0 player=3401,3177,1328,0,64,4,23
retail_frame=480 player_updates=1 camera_updates=1 camera=3388,3159,1328,0,0,0 player=3380,3177,1328,0,64,4,23
retail_frame=484 player_updates=1 camera_updates=1 camera=3366,3159,1328,0,0,0 player=3359,3177,1328,0,64,4,23
retail_frame=488 player_updates=0 camera_updates=0 camera=3366,3159,1328,0,0,0 player=3359,3177,1328,0,64,4,23
retail_frame=492 player_updates=1 camera_updates=1 camera=3344,3159,1328,0,0,0 player=3338,3177,1328,0,64,4,23
retail_frame=496 player_updates=1 camera_updates=1 camera=3322,3159,1328,0,0,0 player=3317,3177,1328,0,64,3,23
retail_frame=500 player_updates=1 camera_updates=1 camera=3300,3159,1328,0,0,0 player=3296,3177,1328,0,64,3,23
retail_frame=504 player_updates=1 camera_updates=1 camera=3278,3158,1328,0,0,0 player=3275,3177,1328,0,64,2,23
retail_frame=508 player_updates=1 camera_updates=1 camera=3256,3158,1328,0,0,0 player=3254,3177,1328,0,64,2,23
retail_frame=512 player_updates=1 camera_updates=1 camera=3234,3158,1328,0,0,0 player=3233,3177,1328,0,64,1,23
retail_frame=516 player_updates=0 camera_updates=0 camera=3234,3158,1328,0,0,0 player=3233,3177,1328,0,64,1,23
retail_frame=520 player_updates=1 camera_updates=1 camera=3212,3157,1328,0,0,0 player=3212,3177,1328,0,64,0,23
retail_frame=524 player_updates=1 camera_updates=1 camera=3191,3157,1328,0,0,0 player=3191,3177,1328,0,64,255,23
retail_frame=528 player_updates=1 camera_updates=1 camera=3170,3156,1328,0,0,0 player=3170,3177,1328,0,64,254,23
retail_frame=532 player_updates=1 camera_updates=1 camera=3149,3155,1328,0,0,0 player=3149,3177,1328,0,64,254,23
retail_frame=536 player_updates=1 camera_updates=1 camera=3128,3155,1328,0,0,0 player=3128,3177,1328,0,64,253,23
retail_frame=540 player_updates=1 camera_updates=1 camera=3107,3154,1328,0,0,0 player=3107,3177,1328,0,64,253,23
retail_frame=544 player_updates=1 camera_updates=1 camera=3086,3154,1328,0,0,0 player=3086,3177,1328,0,64,252,23
retail_frame=548 player_updates=0 camera_updates=0 camera=3086,3154,1328,0,0,0 player=3086,3177,1328,0,64,252,23
retail_frame=552 player_updates=1 camera_updates=1 camera=3065,3154,1328,0,0,0 player=3065,3177,1328,0,64,252,23
retail_frame=556 player_updates=1 camera_updates=1 camera=3044,3153,1328,0,0,0 player=3044,3177,1328,0,64,252,23
retail_frame=560 player_updates=1 camera_updates=1 camera=3023,3153,1328,0,0,0 player=3023,3177,1328,0,64,252,23
retail_frame=564 player_updates=1 camera_updates=1 camera=3002,3153,1328,0,0,0 player=3002,3177,1328,0,64,253,23
retail_frame=568 player_updates=1 camera_updates=1 camera=2981,3153,1328,0,0,0 player=2981,3177,1328,0,64,253,23
retail_frame=572 player_updates=1 camera_updates=1 camera=2960,3153,1328,0,0,0 player=2960,3177,1328,0,64,254,23
retail_frame=576 player_updates=0 camera_updates=0 camera=2960,3153,1328,0,0,0 player=2960,3177,1328,0,64,254,23
retail_frame=580 player_updates=1 camera_updates=1 camera=2939,3154,1328,0,0,0 player=2939,3177,1328,0,64,254,23
retail_frame=584 player_updates=1 camera_updates=1 camera=2918,3154,1328,0,0,0 player=2918,3177,1328,0,64,255,23
retail_frame=588 player_updates=1 camera_updates=1 camera=2897,3154,1328,0,0,0 player=2897,3177,1328,0,64,0,23
retail_frame=592 player_updates=1 camera_updates=1 camera=2876,3155,1328,0,0,0 player=2876,3177,1328,0,64,1,23
retail_frame=596 player_updates=1 camera_updates=1 camera=2855,3155,1328,0,0,0 player=2855,3177,1328,0,64,2,23
retail_frame=600 player_updates=1 camera_updates=0 camera=2855,3155,1328,0,0,0 player=2834,3177,1328,0,64,2,23
retail_frame=604 player_updates=0 camera_updates=1 camera=2834,3156,1328,0,0,0 player=2834,3177,1328,0,64,2,23
retail_frame=608 player_updates=1 camera_updates=1 camera=2813,3157,1328,0,0,0 player=2813,3177,1328,0,64,3,23
retail_frame=612 player_updates=1 camera_updates=1 camera=2792,3157,1328,0,0,0 player=2792,3177,1328,0,64,3,23
retail_frame=616 player_updates=1 camera_updates=1 camera=2771,3158,1328,0,0,0 player=2771,3177,1328,0,64,4,23
retail_frame=620 player_updates=1 camera_updates=1 camera=2750,3158,1328,0,0,0 player=2750,3177,1328,0,64,4,23
retail_frame=624 player_updates=1 camera_updates=1 camera=2729,3158,1328,0,0,0 player=2729,3177,1328,0,64,4,23
retail_frame=628 player_updates=0 camera_updates=0 camera=2729,3158,1328,0,0,0 player=2729,3177,1328,0,64,4,23
retail_frame=632 player_updates=1 camera_updates=1 camera=2708,3159,1328,0,0,0 player=2708,3177,1328,0,64,4,23
retail_frame=636 player_updates=1 camera_updates=1 camera=2687,3159,1328,0,0,0 player=2687,3177,1328,0,64,3,23
retail_frame=640 player_updates=1 camera_updates=1 camera=2666,3159,1328,0,0,0 player=2666,3177,1328,0,64,3,23
retail_frame=644 player_updates=1 camera_updates=1 camera=2645,3159,1328,0,0,0 player=2645,3177,1328,0,64,2,23
retail_frame=648 player_updates=1 camera_updates=1 camera=2624,3159,1328,0,0,0 player=2624,3177,1328,0,64,2,23
retail_frame=652 player_updates=1 camera_updates=1 camera=2603,3158,1328,0,0,0 player=2603,3177,1328,0,64,1,23
retail_frame=656 player_updates=1 camera_updates=1 camera=2582,3158,1328,0,0,0 player=2582,3177,1328,0,64,0,23
retail_frame=660 player_updates=1 camera_updates=1 camera=2561,3158,1328,0,0,0 player=2561,3177,1328,0,64,255,23
retail_frame=664 player_updates=1 camera_updates=1 camera=2540,3157,1328,0,0,0 player=2540,3177,1328,0,64,254,23
retail_frame=668 player_updates=1 camera_updates=1 camera=2519,3157,1328,0,0,0 player=2519,3177,1328,0,64,254,23
retail_frame=672 player_updates=1 camera_updates=0 camera=2519,3157,1328,0,0,0 player=2498,3177,1328,0,64,253,23
retail_frame=676 player_updates=0 camera_updates=1 camera=2498,3156,1328,0,0,0 player=2498,3177,1328,0,64,253,23
retail_frame=680 player_updates=1 camera_updates=1 camera=2477,3155,1328,0,0,0 player=2477,3177,1328,0,64,253,23
retail_frame=684 player_updates=1 camera_updates=1 camera=2456,3155,1328,0,0,0 player=2456,3177,1328,0,64,252,23
retail_frame=688 player_updates=1 camera_updates=1 camera=2435,3154,1328,0,0,0 player=2435,3177,1328,0,64,252,23
retail_frame=692 player_updates=1 camera_updates=1 camera=2414,3154,1328,0,0,0 player=2414,3177,1328,0,64,252,23
retail_frame=696 player_updates=1 camera_updates=1 camera=2393,3154,1328,0,0,0 player=2393,3177,1328,0,64,252,23
retail_frame=700 player_updates=1 camera_updates=1 camera=2372,3153,1328,0,0,0 player=2372,3177,1328,0,64,253,23
retail_frame=704 player_updates=1 camera_updates=1 camera=2351,3153,1328,0,0,0 player=2351,3177,1328,0,64,253,23
retail_frame=708 player_updates=1 camera_updates=1 camera=2330,3153,1328,0,0,0 player=2330,3177,1328,0,64,254,23
retail_frame=712 player_updates=1 camera_updates=0 camera=2330,3153,1328,0,0,0 player=2309,3177,1328,0,64,254,23
retail_frame=716 player_updates=0 camera_updates=1 camera=2309,3153,1328,0,0,0 player=2309,3177,1328,0,64,254,23
retail_frame=720 player_updates=1 camera_updates=1 camera=2288,3153,1328,0,0,0 player=2288,3177,1328,0,64,255,23
retail_frame=724 player_updates=1 camera_updates=1 camera=2267,3154,1328,0,0,0 player=2267,3177,1328,0,64,0,23
retail_frame=728 player_updates=1 camera_updates=1 camera=2246,3154,1328,0,0,0 player=2246,3177,1328,0,64,1,23
retail_frame=732 player_updates=1 camera_updates=1 camera=2225,3154,1328,0,0,0 player=2225,3177,1328,0,64,2,23
retail_frame=736 player_updates=1 camera_updates=1 camera=2204,3155,1328,0,0,0 player=2204,3177,1328,0,64,2,23
retail_frame=740 player_updates=1 camera_updates=1 camera=2183,3155,1328,0,0,0 player=2183,3177,1328,0,64,3,23
retail_frame=744 player_updates=1 camera_updates=1 camera=2162,3156,1328,0,0,0 player=2162,3177,1328,0,64,3,23
retail_frame=748 player_updates=1 camera_updates=0 camera=2141,3157,1328,0,0,0 player=2141,3177,1328,0,64,4,23
retail_frame=752 player_updates=0 camera_updates=1 camera=2141,3157,1328,0,0,0 player=2141,3177,1328,0,64,4,23
retail_frame=756 player_updates=1 camera_updates=1 camera=2120,3157,1328,0,0,0 player=2120,3177,1328,0,64,4,23
retail_frame=760 player_updates=1 camera_updates=1 camera=2099,3158,1328,0,0,0 player=2099,3177,1328,0,64,4,23
retail_frame=764 player_updates=1 camera_updates=1 camera=2078,3158,1328,0,0,0 player=2078,3177,1328,0,64,4,23
retail_frame=768 player_updates=1 camera_updates=1 camera=2057,3158,1328,0,0,0 player=2057,3177,1328,0,64,3,23
retail_frame=772 player_updates=1 camera_updates=1 camera=2036,3159,1328,0,0,0 player=2036,3177,1328,0,64,3,23
retail_frame=776 player_updates=1 camera_updates=1 camera=2015,3159,1328,0,0,0 player=2015,3177,1328,0,64,2,23
retail_frame=780 player_updates=1 camera_updates=1 camera=1994,3159,1328,0,0,0 player=1994,3177,1328,0,64,2,23
retail_frame=784 player_updates=1 camera_updates=1 camera=1973,3159,1328,0,0,0 player=1973,3177,1328,0,64,1,23
retail_frame=788 player_updates=0 camera_updates=0 camera=1973,3159,1328,0,0,0 player=1973,3177,1328,0,64,1,23
retail_frame=792 player_updates=1 camera_updates=1 camera=1952,3159,1328,0,0,0 player=1952,3177,1328,0,64,0,23
retail_frame=796 player_updates=1 camera_updates=1 camera=1931,3158,1328,0,0,0 player=1931,3177,1328,0,64,255,23
retail_frame=800 player_updates=1 camera_updates=1 camera=1910,3158,1328,0,0,0 player=1910,3177,1328,0,64,254,23
retail_frame=804 player_updates=1 camera_updates=1 camera=1889,3158,1328,0,0,0 player=1889,3177,1328,0,64,254,23
retail_frame=808 player_updates=1 camera_updates=1 camera=1868,3157,1328,0,0,0 player=1868,3177,1328,0,64,253,23
retail_frame=812 player_updates=1 camera_updates=1 camera=1847,3157,1328,0,0,0 player=1847,3177,1328,0,64,253,23
retail_frame=816 player_updates=1 camera_updates=1 camera=1826,3156,1328,0,0,0 player=1826,3177,1328,0,64,252,23
retail_frame=820 player_updates=1 camera_updates=1 camera=1805,3155,1328,0,0,0 player=1805,3177,1328,0,64,252,23
retail_frame=824 player_updates=0 camera_updates=0 camera=1805,3155,1328,0,0,0 player=1805,3177,1328,0,64,252,23
retail_frame=828 player_updates=1 camera_updates=1 camera=1784,3155,1328,0,0,0 player=1784,3177,1328,0,64,252,23
retail_frame=832 player_updates=1 camera_updates=1 camera=1763,3154,1328,0,0,0 player=1763,3177,1328,0,64,252,23
retail_frame=836 player_updates=1 camera_updates=1 camera=1742,3154,1328,0,0,0 player=1742,3177,1328,0,64,253,23
retail_frame=840 player_updates=1 camera_updates=1 camera=1721,3154,1328,0,0,0 player=1721,3177,1328,0,64,253,23
retail_frame=844 player_updates=1 camera_updates=1 camera=1700,3153,1328,0,0,0 player=1700,3177,1328,0,64,254,23
retail_frame=848 player_updates=1 camera_updates=1 camera=1679,3153,1328,0,0,0 player=1679,3177,1328,0,64,254,23
retail_frame=852 player_updates=1 camera_updates=1 camera=1658,3153,1328,0,0,0 player=1658,3177,1328,0,64,255,23
retail_frame=856 player_updates=1 camera_updates=1 camera=1637,3153,1328,0,0,0 player=1637,3177,1328,0,64,0,23
retail_frame=860 player_updates=1 camera_updates=1 camera=1616,3153,1328,0,0,0 player=1616,3177,1328,0,64,1,23
retail_frame=864 player_updates=1 camera_updates=0 camera=1616,3153,1328,0,0,0 player=1595,3177,1328,0,64,2,23
retail_frame=868 player_updates=0 camera_updates=1 camera=1595,3154,1328,0,0,0 player=1595,3177,1328,0,64,2,23
retail_frame=872 player_updates=1 camera_updates=1 camera=1574,3154,1328,0,0,0 player=1574,3177,1328,0,64,2,23
retail_frame=876 player_updates=1 camera_updates=1 camera=1553,3154,1328,0,0,0 player=1553,3177,1328,0,64,3,23
retail_frame=880 player_updates=1 camera_updates=1 camera=1532,3155,1328,0,0,0 player=1532,3177,1328,0,64,3,23
retail_frame=884 player_updates=1 camera_updates=1 camera=1511,3155,1328,0,0,0 player=1511,3177,1328,0,64,4,23
retail_frame=888 player_updates=1 camera_updates=1 camera=1490,3156,1328,0,0,0 player=1490,3177,1328,0,64,4,23
retail_frame=892 player_updates=1 camera_updates=1 camera=1469,3157,1328,0,0,0 player=1469,3177,1328,0,64,4,23
retail_frame=896 player_updates=1 camera_updates=0 camera=1469,3157,1328,0,0,0 player=1448,3177,1328,0,64,4,23
retail_frame=900 player_updates=0 camera_updates=1 camera=1448,3157,1328,0,0,0 player=1448,3177,1328,0,64,4,23
retail_frame=904 player_updates=1 camera_updates=1 camera=1427,3158,1328,0,0,0 player=1427,3177,1328,0,64,3,23
retail_frame=908 player_updates=1 camera_updates=1 camera=1406,3158,1328,0,0,0 player=1406,3177,1328,0,64,3,23
retail_frame=912 player_updates=1 camera_updates=1 camera=1385,3158,1328,0,0,0 player=1385,3177,1328,0,64,2,23
retail_frame=916 player_updates=1 camera_updates=1 camera=1364,3159,1328,0,0,0 player=1364,3177,1328,0,64,2,23
retail_frame=920 player_updates=1 camera_updates=1 camera=1343,3159,1328,0,0,0 player=1343,3177,1328,0,64,1,23
retail_frame=924 player_updates=1 camera_updates=1 camera=1322,3159,1328,0,0,0 player=1322,3177,1328,0,64,0,23
retail_frame=928 player_updates=1 camera_updates=1 camera=1301,3159,1328,0,0,0 player=1301,3177,1328,0,64,255,23
retail_frame=932 player_updates=0 camera_updates=0 camera=1301,3159,1328,0,0,0 player=1301,3177,1328,0,64,254,23
retail_frame=936 player_updates=1 camera_updates=1 camera=1280,3159,1328,0,0,0 player=1280,3177,1328,0,64,254,23
retail_frame=940 player_updates=1 camera_updates=1 camera=1259,3158,1328,0,0,0 player=1259,3177,1328,0,64,254,23
retail_frame=944 player_updates=1 camera_updates=1 camera=1238,3158,1328,0,0,0 player=1238,3177,1328,0,64,253,23
retail_frame=948 player_updates=1 camera_updates=1 camera=1217,3158,1328,0,0,0 player=1217,3177,1328,0,64,253,23
retail_frame=952 player_updates=1 camera_updates=1 camera=1196,3157,1328,0,0,0 player=1196,3177,1328,0,64,252,23
retail_frame=956 player_updates=1 camera_updates=1 camera=1175,3157,1328,0,0,0 player=1175,3177,1328,0,64,252,23
retail_frame=960 player_updates=1 camera_updates=1 camera=1154,3156,1328,0,0,0 player=1154,3177,1328,0,64,252,23
retail_frame=964 player_updates=1 camera_updates=1 camera=1133,3155,1328,0,0,0 player=1133,3177,1328,0,64,252,23
retail_frame=968 player_updates=1 camera_updates=0 camera=1133,3155,1328,0,0,0 player=1112,3177,1328,0,64,253,23
retail_frame=972 player_updates=0 camera_updates=1 camera=1112,3155,1328,0,0,0 player=1112,3177,1328,0,64,253,23
retail_frame=976 player_updates=1 camera_updates=1 camera=1091,3154,1328,0,0,0 player=1091,3177,1328,0,64,253,23
retail_frame=980 player_updates=1 camera_updates=1 camera=1070,3154,1328,0,0,0 player=1070,3177,1328,0,64,254,23
retail_frame=984 player_updates=1 camera_updates=1 camera=1049,3154,1328,0,0,0 player=1049,3177,1328,0,64,254,23
retail_frame=988 player_updates=1 camera_updates=1 camera=1028,3153,1328,0,0,0 player=1028,3177,1328,0,64,255,23
retail_frame=992 player_updates=1 camera_updates=1 camera=1007,3153,1328,0,0,0 player=1007,3177,1328,0,64,0,23
retail_frame=996 player_updates=1 camera_updates=1 camera=986,3153,1328,0,0,0 player=986,3177,1328,0,64,1,23
retail_frame=1000 player_updates=1 camera_updates=1 camera=965,3153,1328,0,0,0 player=965,3177,1328,0,64,2,23
retail_frame=1004 player_updates=1 camera_updates=0 camera=965,3153,1328,0,0,0 player=944,3177,1328,0,64,2,23
retail_frame=1008 player_updates=0 camera_updates=1 camera=944,3153,1328,0,0,0 player=944,3177,1328,0,64,2,23
retail_frame=1012 player_updates=1 camera_updates=1 camera=923,3154,1328,0,0,0 player=923,3177,1328,0,64,3,23
retail_frame=1016 player_updates=1 camera_updates=1 camera=902,3154,1328,0,0,0 player=902,3177,1328,0,64,3,23
retail_frame=1020 player_updates=1 camera_updates=1 camera=881,3154,1328,0,0,0 player=881,3177,1328,0,64,4,23
retail_frame=1024 player_updates=1 camera_updates=1 camera=860,3155,1328,0,0,0 player=860,3177,1328,0,64,4,23
retail_frame=1028 player_updates=1 camera_updates=1 camera=839,3155,1328,0,0,0 player=839,3177,1328,0,64,4,23
retail_frame=1032 player_updates=1 camera_updates=1 camera=818,3156,1328,0,0,0 player=818,3177,1328,0,64,4,23
retail_frame=1036 player_updates=1 camera_updates=1 camera=797,3157,1328,0,0,0 player=797,3177,1328,0,64,3,23
retail_frame=1040 player_updates=0 camera_updates=0 camera=797,3157,1328,0,0,0 player=797,3177,1328,0,64,3,23
retail_frame=1044 player_updates=1 camera_updates=1 camera=776,3157,1328,0,0,0 player=776,3177,1328,0,64,3,23
retail_frame=1048 player_updates=1 camera_updates=1 camera=755,3158,1328,0,0,0 player=755,3177,1328,0,64,2,23
retail_frame=1052 player_updates=1 camera_updates=1 camera=734,3158,1328,0,0,0 player=734,3177,1328,0,64,2,23
retail_frame=1056 player_updates=1 camera_updates=1 camera=713,3158,1328,0,0,0 player=713,3177,1328,0,64,1,23
retail_frame=1060 player_updates=1 camera_updates=1 camera=692,3159,1328,0,0,0 player=692,3177,1328,0,64,0,23
retail_frame=1064 player_updates=1 camera_updates=1 camera=671,3159,1328,0,0,0 player=671,3177,1328,0,64,255,23
retail_frame=1068 player_updates=1 camera_updates=1 camera=650,3159,1328,0,0,0 player=650,3177,1328,0,64,254,23
retail_frame=1072 player_updates=1 camera_updates=0 camera=650,3159,1328,0,0,0 player=629,3177,1328,0,64,254,23
retail_frame=1076 player_updates=0 camera_updates=1 camera=629,3159,1328,0,0,0 player=629,3177,1328,0,64,254,23
retail_frame=1080 player_updates=1 camera_updates=1 camera=608,3159,1328,0,0,0 player=608,3177,1328,0,64,253,23
retail_frame=1084 player_updates=1 camera_updates=1 camera=587,3158,1328,0,0,0 player=587,3177,1328,0,64,253,23
retail_frame=1088 player_updates=1 camera_updates=1 camera=566,3158,1328,0,0,0 player=566,3177,1328,0,64,252,23
retail_frame=1092 player_updates=1 camera_updates=1 camera=545,3158,1328,0,0,0 player=545,3177,1328,0,64,252,23
retail_frame=1096 player_updates=1 camera_updates=1 camera=524,3157,1328,0,0,0 player=524,3177,1328,0,64,252,23
retail_frame=1100 player_updates=1 camera_updates=1 camera=503,3157,1328,0,0,0 player=503,3177,1328,0,64,252,23
retail_frame=1104 player_updates=1 camera_updates=1 camera=482,3156,1328,0,0,0 player=482,3177,1328,0,64,253,23
retail_frame=1108 player_updates=1 camera_updates=1 camera=461,3155,1328,0,0,0 player=461,3177,1328,0,64,253,23
retail_frame=1112 player_updates=0 camera_updates=0 camera=461,3155,1328,0,0,0 player=461,3177,1328,0,64,253,23
retail_frame=1116 player_updates=1 camera_updates=1 camera=440,3155,1328,0,0,0 player=440,3177,1328,0,64,254,23
retail_frame=1120 player_updates=1 camera_updates=1 camera=419,3154,1328,0,0,0 player=419,3177,1328,0,64,254,23
retail_frame=1124 player_updates=1 camera_updates=1 camera=398,3154,1328,0,0,0 player=398,3177,1328,0,64,255,23
retail_frame=1128 player_updates=1 camera_updates=1 camera=377,3154,1328,0,0,0 player=377,3177,1328,0,64,0,23
retail_frame=1132 player_updates=1 camera_updates=1 camera=356,3153,1328,0,0,0 player=356,3177,1328,0,64,1,23
retail_frame=1136 player_updates=1 camera_updates=1 camera=335,3153,1328,0,0,0 player=335,3177,1328,0,64,2,23
retail_frame=1140 player_updates=1 camera_updates=1 camera=314,3153,1328,0,0,0 player=314,3177,1328,0,64,2,23
retail_frame=1144 player_updates=1 camera_updates=1 camera=293,3153,1328,0,0,0 player=293,3177,1328,0,64,3,23
retail_frame=1148 player_updates=1 camera_updates=1 camera=272,3153,1328,0,0,0 player=272,3177,1328,0,64,3,23
retail_frame=1152 player_updates=1 camera_updates=0 camera=251,3154,1328,0,0,0 player=251,3177,1328,0,64,4,23
retail_frame=1156 player_updates=0 camera_updates=1 camera=251,3154,1328,0,0,0 player=251,3177,1328,0,64,4,23
retail_frame=1160 player_updates=1 camera_updates=1 camera=230,3154,1328,0,0,0 player=230,3177,1328,0,64,4,23
retail_frame=1164 player_updates=1 camera_updates=1 camera=209,3154,1328,0,0,0 player=209,3177,1328,0,64,4,23
retail_frame=1168 player_updates=1 camera_updates=1 camera=188,3155,1328,0,0,0 player=188,3177,1328,0,64,4,23
retail_frame=1172 player_updates=1 camera_updates=1 camera=167,3155,1328,0,0,0 player=167,3177,1328,0,64,3,23
retail_frame=1176 player_updates=1 camera_updates=1 camera=146,3156,1328,0,0,0 player=146,3177,1328,0,64,3,23
retail_frame=1180 player_updates=1 camera_updates=0 camera=146,3156,1328,0,0,0 player=125,3177,1328,0,64,2,23
retail_frame=1184 player_updates=0 camera_updates=1 camera=125,3157,1328,0,0,0 player=125,3177,1328,0,64,2,23
retail_frame=1188 player_updates=1 camera_updates=1 camera=104,3157,1328,0,0,0 player=104,3177,1328,0,64,2,23
retail_frame=1192 player_updates=1 camera_updates=1 camera=83,3158,1328,0,0,0 player=83,3177,1328,0,64,1,23
retail_frame=1196 player_updates=1 camera_updates=1 camera=62,3158,1328,0,0,0 player=62,3177,1328,0,64,0,23
retail_frame=1200 player_updates=1 camera_updates=1 camera=41,3158,1328,0,0,0 player=41,3177,1328,0,64,255,23
retail_frame=1204 player_updates=0 camera_updates=0 camera=41,3158,1328,0,0,0 player=41,3177,1328,0,64,255,23
retail_frame=1208 player_updates=1 camera_updates=1 camera=20,3159,1328,0,0,0 player=20,3177,1328,0,64,254,23
retail_frame=1212 player_updates=1 camera_updates=1 camera=-1,3159,1328,0,0,0 player=-1,3177,1328,0,64,254,23
retail_frame=1216 player_updates=1 camera_updates=1 camera=-22,3159,1328,0,0,0 player=-22,3177,1328,0,64,253,23
retail_frame=1220 player_updates=1 camera_updates=1 camera=-43,3159,1328,0,0,0 player=-43,3177,1328,0,64,253,23
retail_frame=1224 player_updates=0 camera_updates=0 camera=-43,3159,1328,0,0,0 player=-43,3177,1328,0,64,252,23
retail_frame=1228 player_updates=1 camera_updates=1 camera=-64,3159,1328,0,0,0 player=-64,3177,1328,0,64,252,23
retail_frame=1232 player_updates=1 camera_updates=1 camera=-85,3158,1328,0,0,0 player=-85,3177,1328,0,64,252,23
retail_frame=1236 player_updates=1 camera_updates=1 camera=-106,3158,1328,0,0,0 player=-106,3177,1328,0,64,252,23
retail_frame=1240 player_updates=1 camera_updates=1 camera=-127,3158,1328,0,0,0 player=-127,3177,1328,0,64,252,23
retail_frame=1244 player_updates=1 camera_updates=0 camera=-127,3158,1328,0,0,0 player=-148,3177,1328,0,64,253,23
retail_frame=1248 player_updates=0 camera_updates=1 camera=-148,3157,1328,0,0,0 player=-148,3177,1328,0,64,253,23
retail_frame=1252 player_updates=1 camera_updates=1 camera=-169,3157,1328,0,0,0 player=-169,3177,1328,0,64,253,23
retail_frame=1256 player_updates=1 camera_updates=1 camera=-190,3156,1328,0,0,0 player=-190,3177,1328,0,64,254,23
retail_frame=1260 player_updates=1 camera_updates=1 camera=-211,3155,1328,0,0,0 player=-211,3177,1328,0,64,254,23
retail_frame=1264 player_updates=1 camera_updates=1 camera=-232,3155,1328,0,0,0 player=-232,3177,1328,0,64,255,23
retail_frame=1268 player_updates=0 camera_updates=0 camera=-232,3155,1328,0,0,0 player=-232,3177,1328,0,64,255,23
retail_frame=1272 player_updates=1 camera_updates=1 camera=-253,3154,1328,0,0,0 player=-253,3177,1328,0,64,0,23
retail_frame=1276 player_updates=1 camera_updates=1 camera=-274,3154,1328,0,0,0 player=-274,3177,1328,0,64,1,23
retail_frame=1280 player_updates=1 camera_updates=1 camera=-295,3154,1328,0,0,0 player=-295,3177,1328,0,64,2,23
retail_frame=1284 player_updates=1 camera_updates=1 camera=-316,3153,1328,0,0,0 player=-316,3177,1328,0,64,2,23
retail_frame=1288 player_updates=1 camera_updates=1 camera=-337,3153,1328,0,0,0 player=-337,3177,1328,0,64,3,23
retail_frame=1292 player_updates=0 camera_updates=0 camera=-337,3153,1328,0,0,0 player=-337,3177,1328,0,64,3,23
retail_frame=1296 player_updates=1 camera_updates=1 camera=-358,3153,1328,0,0,0 player=-358,3177,1328,0,64,3,23
retail_frame=1300 player_updates=1 camera_updates=1 camera=-379,3153,1328,0,0,0 player=-379,3177,1328,0,64,4,23
retail_frame=1304 player_updates=1 camera_updates=1 camera=-400,3153,1328,0,0,0 player=-400,3177,1328,0,64,4,23
retail_frame=1308 player_updates=1 camera_updates=1 camera=-421,3154,1328,0,0,0 player=-421,3177,1328,0,64,4,23
retail_frame=1312 player_updates=0 camera_updates=0 camera=-421,3154,1328,0,0,0 player=-421,3177,1328,0,64,4,23
retail_frame=1316 player_updates=1 camera_updates=1 camera=-442,3154,1328,0,0,0 player=-442,3177,1328,0,64,4,23
retail_frame=1320 player_updates=1 camera_updates=1 camera=-463,3154,1328,0,0,0 player=-463,3177,1328,0,64,3,23
retail_frame=1324 player_updates=1 camera_updates=1 camera=-484,3155,1328,0,0,0 player=-484,3177,1328,0,64,3,23
retail_frame=1328 player_updates=0 camera_updates=0 camera=-484,3155,1328,0,0,0 player=-484,3177,1328,0,64,3,23
retail_frame=1332 player_updates=1 camera_updates=1 camera=-505,3155,1328,0,0,0 player=-505,3177,1328,0,64,2,23
retail_frame=1336 player_updates=1 camera_updates=1 camera=-526,3156,1328,0,0,0 player=-526,3177,1328,0,64,2,23
retail_frame=1340 player_updates=1 camera_updates=1 camera=-547,3157,1328,0,0,0 player=-547,3177,1328,0,64,1,23
retail_frame=1344 player_updates=1 camera_updates=1 camera=-568,3157,1328,0,0,0 player=-568,3177,1328,0,64,0,23
retail_frame=1348 player_updates=0 camera_updates=0 camera=-568,3157,1328,0,0,0 player=-568,3177,1328,0,64,0,23
retail_frame=1352 player_updates=1 camera_updates=1 camera=-589,3158,1328,0,0,0 player=-589,3177,1328,0,64,255,23
retail_frame=1356 player_updates=1 camera_updates=1 camera=-610,3158,1328,0,0,0 player=-610,3177,1328,0,64,254,23
retail_frame=1360 player_updates=1 camera_updates=1 camera=-631,3158,1328,0,0,0 player=-631,3177,1328,0,64,254,23
retail_frame=1364 player_updates=1 camera_updates=1 camera=-652,3159,1328,0,0,0 player=-652,3177,1328,0,64,253,23
retail_frame=1368 player_updates=1 camera_updates=1 camera=-673,3159,1328,0,0,0 player=-673,3177,1328,0,64,253,23
retail_frame=1372 player_updates=1 camera_updates=0 camera=-673,3159,1328,0,0,0 player=-694,3177,1328,0,64,252,23
retail_frame=1376 player_updates=0 camera_updates=1 camera=-694,3159,1328,0,0,0 player=-694,3177,1328,0,64,252,23
retail_frame=1380 player_updates=1 camera_updates=1 camera=-715,3159,1328,0,0,0 player=-715,3177,1328,0,64,252,23
retail_frame=1384 player_updates=1 camera_updates=1 camera=-736,3159,1328,0,0,0 player=-736,3177,1328,0,64,252,23
retail_frame=1388 player_updates=1 camera_updates=1 camera=-757,3158,1328,0,0,0 player=-757,3177,1328,0,64,252,23
retail_frame=1392 player_updates=1 camera_updates=1 camera=-778,3158,1328,0,0,0 player=-778,3177,1328,0,64,253,23
retail_frame=1396 player_updates=1 camera_updates=1 camera=-799,3158,1328,0,0,0 player=-799,3177,1328,0,64,253,23
retail_frame=1400 player_updates=1 camera_updates=0 camera=-799,3158,1328,0,0,0 player=-820,3177,1328,0,64,254,23
retail_frame=1404 player_updates=0 camera_updates=1 camera=-820,3157,1328,0,0,0 player=-820,3177,1328,0,64,254,23
retail_frame=1408 player_updates=1 camera_updates=1 camera=-841,3157,1328,0,0,0 player=-841,3177,1328,0,64,254,23
retail_frame=1412 player_updates=1 camera_updates=1 camera=-862,3156,1328,0,0,0 player=-862,3177,1328,0,64,255,23
retail_frame=1416 player_updates=1 camera_updates=1 camera=-883,3155,1328,0,0,0 player=-883,3177,1328,0,64,0,23
retail_frame=1420 player_updates=1 camera_updates=1 camera=-904,3155,1328,0,0,0 player=-904,3177,1328,0,64,1,23
retail_frame=1424 player_updates=1 camera_updates=1 camera=-925,3154,1328,0,0,0 player=-925,3177,1328,0,64,2,23
retail_frame=1428 player_updates=1 camera_updates=1 camera=-946,3154,1328,0,0,0 player=-946,3177,1328,0,64,2,23
retail_frame=1432 player_updates=1 camera_updates=1 camera=-967,3154,1328,0,0,0 player=-967,3177,1328,0,64,3,23
retail_frame=1436 player_updates=0 camera_updates=0 camera=-967,3154,1328,0,0,0 player=-967,3177,1328,0,64,3,23
retail_frame=1440 player_updates=1 camera_updates=1 camera=-988,3153,1328,0,0,0 player=-988,3177,1328,0,64,3,23
retail_frame=1444 player_updates=1 camera_updates=1 camera=-1009,3153,1328,0,0,0 player=-1009,3177,1328,0,64,4,23
retail_frame=1448 player_updates=1 camera_updates=1 camera=-1030,3153,1328,0,0,0 player=-1030,3177,1328,0,64,4,23
retail_frame=1452 player_updates=1 camera_updates=1 camera=-1051,3153,1328,0,0,0 player=-1051,3177,1328,0,64,4,23
retail_frame=1456 player_updates=1 camera_updates=1 camera=-1072,3153,1328,0,0,0 player=-1072,3177,1328,0,64,4,23
retail_frame=1460 player_updates=1 camera_updates=1 camera=-1093,3154,1328,0,0,0 player=-1093,3177,1328,0,64,3,23
retail_frame=1464 player_updates=1 camera_updates=1 camera=-1114,3154,1328,0,0,0 player=-1114,3177,1328,0,64,3,23
retail_frame=1468 player_updates=1 camera_updates=1 camera=-1135,3154,1328,0,0,0 player=-1135,3177,1328,0,64,2,23
retail_frame=1472 player_updates=1 camera_updates=1 camera=-1156,3155,1328,0,0,0 player=-1156,3177,1328,0,64,2,23
retail_frame=1476 player_updates=0 camera_updates=0 camera=-1156,3155,1328,0,0,0 player=-1156,3177,1328,0,64,2,23
retail_frame=1480 player_updates=1 camera_updates=1 camera=-1177,3155,1328,0,0,0 player=-1177,3177,1328,0,64,1,23
retail_frame=1484 player_updates=1 camera_updates=1 camera=-1198,3156,1328,0,0,0 player=-1198,3177,1328,0,64,0,23
retail_frame=1488 player_updates=1 camera_updates=1 camera=-1219,3157,1328,0,0,0 player=-1219,3177,1328,0,64,255,23
retail_frame=1492 player_updates=1 camera_updates=1 camera=-1240,3157,1328,0,0,0 player=-1240,3177,1328,0,64,254,23
retail_frame=1496 player_updates=1 camera_updates=1 camera=-1261,3158,1328,0,0,0 player=-1261,3177,1328,0,64,254,23
retail_frame=1500 player_updates=1 camera_updates=1 camera=-1282,3158,1328,0,0,0 player=-1282,3177,1328,0,64,253,23
retail_frame=1504 player_updates=1 camera_updates=1 camera=-1303,3158,1328,0,0,0 player=-1303,3177,1328,0,64,253,23
retail_frame=1508 player_updates=0 camera_updates=0 camera=-1303,3158,1328,0,0,0 player=-1303,3177,1328,0,64,253,23
retail_frame=1512 player_updates=1 camera_updates=1 camera=-1324,3159,1328,0,0,0 player=-1324,3177,1328,0,64,252,23
retail_frame=1516 player_updates=1 camera_updates=1 camera=-1345,3159,1328,0,0,0 player=-1345,3177,1328,0,64,252,23
retail_frame=1520 player_updates=1 camera_updates=1 camera=-1366,3159,1328,0,0,0 player=-1366,3177,1328,0,64,252,23
retail_frame=1524 player_updates=1 camera_updates=1 camera=-1387,3159,1328,0,0,0 player=-1387,3177,1328,0,64,252,23
retail_frame=1528 player_updates=1 camera_updates=1 camera=-1408,3159,1328,0,0,0 player=-1408,3177,1328,0,64,253,23
retail_frame=1532 player_updates=1 camera_updates=1 camera=-1429,3158,1328,0,0,0 player=-1429,3177,1328,0,64,253,23
retail_frame=1536 player_updates=1 camera_updates=1 camera=-1450,3158,1328,0,0,0 player=-1450,3177,1328,0,64,254,23
retail_frame=1540 player_updates=1 camera_updates=1 camera=-1471,3158,1328,0,0,0 player=-1471,3177,1328,0,64,254,23
retail_frame=1544 player_updates=0 camera_updates=0 camera=-1471,3158,1328,0,0,0 player=-1471,3177,1328,0,64,254,23
retail_frame=1548 player_updates=1 camera_updates=1 camera=-1492,3157,1328,0,0,0 player=-1492,3177,1328,0,64,255,23
retail_frame=1552 player_updates=1 camera_updates=1 camera=-1513,3157,1328,0,0,0 player=-1513,3177,1328,0,64,0,23
retail_frame=1556 player_updates=1 camera_updates=1 camera=-1534,3156,1328,0,0,0 player=-1534,3177,1328,0,64,1,23
retail_frame=1560 player_updates=1 camera_updates=1 camera=-1555,3155,1328,0,0,0 player=-1555,3177,1328,0,64,2,23
retail_frame=1564 player_updates=1 camera_updates=1 camera=-1576,3155,1328,0,0,0 player=-1576,3177,1328,0,64,2,23
retail_frame=1568 player_updates=1 camera_updates=1 camera=-1597,3154,1328,0,0,0 player=-1597,3177,1328,0,64,3,23
retail_frame=1572 player_updates=1 camera_updates=1 camera=-1618,3154,1328,0,0,0 player=-1618,3177,1328,0,64,3,23
retail_frame=1576 player_updates=1 camera_updates=1 camera=-1639,3154,1328,0,0,0 player=-1639,3177,1328,0,64,4,23
retail_frame=1580 player_updates=1 camera_updates=1 camera=-1660,3153,1328,0,0,0 player=-1660,3177,1328,0,64,4,23
retail_frame=1584 player_updates=1 camera_updates=1 camera=-1681,3153,1328,0,0,0 player=-1681,3177,1328,0,64,4,23
retail_frame=1588 player_updates=1 camera_updates=1 camera=-1702,3153,1328,0,0,0 player=-1702,3177,1328,0,64,4,23
retail_frame=1592 player_updates=0 camera_updates=0 camera=-1702,3153,1328,0,0,0 player=-1702,3177,1328,0,64,4,23
retail_frame=1596 player_updates=1 camera_updates=1 camera=-1723,3153,1328,0,0,0 player=-1723,3177,1328,0,64,3,23
retail_frame=1600 player_updates=1 camera_updates=1 camera=-1744,3153,1328,0,0,0 player=-1744,3177,1328,0,64,3,23
retail_frame=1604 player_updates=1 camera_updates=1 camera=-1765,3154,1328,0,0,0 player=-1765,3177,1328,0,64,2,23
retail_frame=1608 player_updates=1 camera_updates=1 camera=-1786,3154,1328,0,0,0 player=-1786,3177,1328,0,64,2,23
retail_frame=1612 player_updates=1 camera_updates=1 camera=-1807,3154,1328,0,0,0 player=-1807,3177,1328,0,64,1,23
retail_frame=1616 player_updates=1 camera_updates=1 camera=-1828,3155,1328,0,0,0 player=-1828,3177,1328,0,64,0,23
retail_frame=1620 player_updates=1 camera_updates=1 camera=-1849,3155,1328,0,0,0 player=-1849,3177,1328,0,64,255,23
retail_frame=1624 player_updates=1 camera_updates=1 camera=-1870,3156,1328,0,0,0 player=-1870,3177,1328,0,64,254,23
retail_frame=1628 player_updates=1 camera_updates=1 camera=-1891,3157,1328,0,0,0 player=-1891,3177,1328,0,64,254,23
retail_frame=1632 player_updates=1 camera_updates=0 camera=-1912,3157,1328,0,0,0 player=-1912,3177,1328,0,64,253,23
retail_frame=1636 player_updates=0 camera_updates=1 camera=-1912,3157,1328,0,0,0 player=-1912,3177,1328,0,64,253,23
retail_frame=1640 player_updates=1 camera_updates=1 camera=-1933,3158,1328,0,0,0 player=-1933,3177,1328,0,64,253,23
retail_frame=1644 player_updates=1 camera_updates=1 camera=-1954,3158,1328,0,0,0 player=-1954,3177,1328,0,64,252,23
retail_frame=1648 player_updates=1 camera_updates=1 camera=-1975,3158,1328,0,0,0 player=-1975,3177,1328,0,64,252,23
retail_frame=1652 player_updates=1 camera_updates=1 camera=-1996,3159,1328,0,0,0 player=-1996,3177,1328,0,64,252,23
retail_frame=1656 player_updates=1 camera_updates=1 camera=-2017,3159,1328,0,0,0 player=-2017,3177,1328,0,64,252,23
retail_frame=1660 player_updates=1 camera_updates=1 camera=-2038,3159,1328,0,0,0 player=-2038,3177,1328,0,64,253,23
retail_frame=1664 player_updates=1 camera_updates=1 camera=-2059,3159,1328,0,0,0 player=-2059,3177,1328,0,64,253,23
retail_frame=1668 player_updates=1 camera_updates=1 camera=-2080,3159,1328,0,0,0 player=-2080,3177,1328,0,64,254,23
retail_frame=1672 player_updates=1 camera_updates=1 camera=-2101,3158,1328,0,0,0 player=-2101,3177,1328,0,64,254,23
retail_frame=1676 player_updates=1 camera_updates=1 camera=-2122,3158,1328,0,0,0 player=-2122,3177,1328,0,64,255,23
retail_frame=1680 player_updates=0 camera_updates=0 camera=-2122,3158,1328,0,0,0 player=-2122,3177,1328,0,64,255,23
retail_frame=1684 player_updates=1 camera_updates=1 camera=-2143,3158,1328,0,0,0 player=-2143,3177,1328,0,64,0,23
retail_frame=1688 player_updates=1 camera_updates=1 camera=-2164,3157,1328,0,0,0 player=-2164,3177,1328,0,64,1,23
retail_frame=1692 player_updates=1 camera_updates=1 camera=-2185,3157,1328,0,0,0 player=-2185,3177,1328,0,64,2,23
retail_frame=1696 player_updates=1 camera_updates=1 camera=-2206,3156,1328,0,0,0 player=-2206,3177,1328,0,64,2,23
retail_frame=1700 player_updates=1 camera_updates=1 camera=-2227,3155,1328,0,0,0 player=-2227,3177,1328,0,64,3,23
retail_frame=1704 player_updates=0 camera_updates=0 camera=-2227,3155,1328,0,0,0 player=-2227,3177,1328,0,64,3,23
retail_frame=1708 player_updates=1 camera_updates=1 camera=-2248,3155,1328,0,0,0 player=-2248,3177,1328,0,64,3,23
retail_frame=1712 player_updates=1 camera_updates=1 camera=-2269,3154,1328,0,0,0 player=-2269,3177,1328,0,64,4,23
retail_frame=1716 player_updates=1 camera_updates=1 camera=-2290,3154,1328,0,0,0 player=-2290,3177,1328,0,64,4,23
retail_frame=1720 player_updates=1 camera_updates=1 camera=-2311,3154,1328,0,0,0 player=-2311,3177,1328,0,64,4,23
retail_frame=1724 player_updates=1 camera_updates=1 camera=-2332,3153,1328,0,0,0 player=-2332,3177,1328,0,64,4,23
retail_frame=1728 player_updates=1 camera_updates=1 camera=-2353,3153,1328,0,0,0 player=-2353,3177,1328,0,64,3,23
retail_frame=1732 player_updates=0 camera_updates=0 camera=-2353,3153,1328,0,0,0 player=-2353,3177,1328,0,64,3,23
retail_frame=1736 player_updates=1 camera_updates=1 camera=-2374,3153,1328,0,0,0 player=-2374,3177,1328,0,64,3,23
retail_frame=1740 player_updates=1 camera_updates=1 camera=-2395,3153,1328,0,0,0 player=-2395,3177,1328,0,64,2,23
retail_frame=1744 player_updates=1 camera_updates=1 camera=-2416,3153,1328,0,0,0 player=-2416,3177,1328,0,64,2,23
retail_frame=1748 player_updates=1 camera_updates=1 camera=-2437,3154,1328,0,0,0 player=-2437,3177,1328,0,64,1,23
retail_frame=1752 player_updates=1 camera_updates=1 camera=-2458,3154,1328,0,0,0 player=-2458,3177,1328,0,64,0,23
retail_frame=1756 player_updates=0 camera_updates=0 camera=-2458,3154,1328,0,0,0 player=-2458,3177,1328,0,64,0,23
retail_frame=1760 player_updates=1 camera_updates=1 camera=-2479,3154,1328,0,0,0 player=-2479,3177,1328,0,64,255,23
retail_frame=1764 player_updates=1 camera_updates=1 camera=-2500,3155,1328,0,0,0 player=-2500,3177,1328,0,64,254,23
retail_frame=1768 player_updates=1 camera_updates=1 camera=-2521,3155,1328,32,0,0 player=-2521,3177,1328,0,64,224,23
retail_frame=1772 player_updates=0 camera_updates=0 camera=-2521,3155,1328,32,0,0 player=-2521,3177,1328,0,64,224,23
retail_frame=1776 player_updates=1 camera_updates=1 camera=-2542,3156,1328,192,0,0 player=-2542,3177,1328,0,64,226,23
retail_frame=1780 player_updates=1 camera_updates=1 camera=-2563,3157,1328,96,0,0 player=-2563,3177,1328,0,64,229,23
retail_frame=1784 player_updates=1 camera_updates=1 camera=-2584,3157,1328,128,0,0 player=-2584,3177,1328,0,64,231,23
retail_frame=1788 player_updates=1 camera_updates=1 camera=-2605,3158,1328,160,0,0 player=-2605,3177,1328,0,64,233,23
retail_frame=1792 player_updates=0 camera_updates=0 camera=-2605,3158,1328,160,0,0 player=-2605,3177,1328,0,64,233,23
retail_frame=1796 player_updates=1 camera_updates=1 camera=-2626,3158,1328,64,0,0 player=-2626,3177,1328,0,64,235,23
retail_frame=1800 player_updates=1 camera_updates=1 camera=-2647,3158,1328,224,0,0 player=-2647,3177,1328,0,64,237,23
retail_frame=1804 player_updates=1 camera_updates=1 camera=-2668,3159,1328,0,0,0 player=-2668,3177,1328,0,64,239,23
retail_frame=1808 player_updates=1 camera_updates=1 camera=-2689,3159,1328,0,0,0 player=-2689,3177,1328,0,64,240,23
retail_frame=1812 player_updates=1 camera_updates=1 camera=-2710,3159,1328,0,0,0 player=-2710,3177,1328,0,64,242,23
retail_frame=1816 player_updates=1 camera_updates=0 camera=-2710,3159,1328,0,0,0 player=-2731,3177,1328,0,64,243,23
retail_frame=1820 player_updates=0 camera_updates=1 camera=-2731,3159,1328,0,0,0 player=-2731,3177,1328,0,64,243,23
retail_frame=1824 player_updates=1 camera_updates=1 camera=-2752,3159,1328,0,0,0 player=-2752,3177,1328,0,64,245,23
retail_frame=1828 player_updates=1 camera_updates=1 camera=-2773,3158,1328,0,0,0 player=-2773,3177,1328,0,64,247,23
retail_frame=1832 player_updates=1 camera_updates=1 camera=-2794,3158,1328,0,0,0 player=-2794,3177,1328,0,64,249,23
retail_frame=1836 player_updates=1 camera_updates=1 camera=-2815,3158,1328,0,0,0 player=-2815,3177,1328,0,64,251,23
retail_frame=1840 player_updates=1 camera_updates=1 camera=-2836,3157,1328,0,0,0 player=-2836,3177,1328,0,64,252,23
retail_frame=1844 player_updates=1 camera_updates=0 camera=-2836,3157,1328,0,0,0 player=-2857,3177,1328,0,64,254,23
retail_frame=1848 player_updates=0 camera_updates=1 camera=-2857,3157,1328,0,0,0 player=-2857,3177,1328,0,64,254,23
retail_frame=1852 player_updates=1 camera_updates=1 camera=-2878,3156,1328,0,0,0 player=-2878,3177,1328,0,64,255,23
retail_frame=1856 player_updates=1 camera_updates=1 camera=-2899,3155,1328,0,0,0 player=-2899,3177,1328,0,64,1,23
retail_frame=1860 player_updates=1 camera_updates=1 camera=-2920,3155,1328,0,0,0 player=-2920,3177,1328,0,64,2,23
retail_frame=1864 player_updates=1 camera_updates=1 camera=-2941,3154,1328,0,0,0 player=-2941,3177,1328,0,64,3,23
retail_frame=1868 player_updates=1 camera_updates=1 camera=-2962,3154,1328,0,0,0 player=-2962,3177,1328,0,64,4,23
retail_frame=1872 player_updates=1 camera_updates=1 camera=-2983,3154,1328,0,0,0 player=-2983,3177,1328,0,64,3,23
retail_frame=1876 player_updates=1 camera_updates=0 camera=-2983,3154,1328,0,0,0 player=-3004,3177,1328,0,64,3,23
retail_frame=1880 player_updates=0 camera_updates=1 camera=-3004,3153,1328,0,0,0 player=-3004,3177,1328,0,64,3,23
retail_frame=1884 player_updates=1 camera_updates=1 camera=-3025,3153,1328,0,0,0 player=-3025,3177,1328,0,64,2,23
retail_frame=1888 player_updates=1 camera_updates=1 camera=-3046,3153,1328,0,0,0 player=-3046,3177,1328,0,64,2,23
retail_frame=1892 player_updates=1 camera_updates=1 camera=-3067,3153,1328,0,0,0 player=-3067,3177,1328,0,64,1,23
retail_frame=1896 player_updates=1 camera_updates=1 camera=-3088,3153,1328,0,0,0 player=-3088,3177,1328,0,64,0,23
retail_frame=1900 player_updates=1 camera_updates=1 camera=-3109,3154,1328,0,0,0 player=-3109,3177,1328,0,64,255,23
retail_frame=1904 player_updates=1 camera_updates=1 camera=-3130,3154,1328,0,0,0 player=-3130,3177,1328,0,64,254,23
retail_frame=1908 player_updates=1 camera_updates=1 camera=-3151,3154,1328,0,0,0 player=-3151,3177,1328,0,64,254,23
retail_frame=1912 player_updates=1 camera_updates=1 camera=-3172,3155,1328,0,0,0 player=-3172,3177,1328,0,64,253,23
retail_frame=1916 player_updates=1 camera_updates=1 camera=-3193,3155,1328,0,0,0 player=-3193,3177,1328,0,64,253,23
retail_frame=1920 player_updates=0 camera_updates=0 camera=-3193,3155,1328,0,0,0 player=-3193,3177,1328,0,64,253,23
retail_frame=1924 player_updates=1 camera_updates=1 camera=-3214,3156,1328,0,0,0 player=-3214,3177,1328,0,64,252,23
retail_frame=1928 player_updates=1 camera_updates=1 camera=-3235,3157,1328,0,0,0 player=-3235,3177,1328,0,64,252,23
retail_frame=1932 player_updates=1 camera_updates=1 camera=-3256,3157,1328,0,0,0 player=-3256,3177,1328,0,64,252,23
retail_frame=1936 player_updates=1 camera_updates=1 camera=-3277,3158,1328,0,0,0 player=-3277,3177,1328,0,64,252,23
retail_frame=1940 player_updates=1 camera_updates=1 camera=-3298,3158,1328,0,0,0 player=-3298,3177,1328,0,64,253,23
retail_frame=1944 player_updates=1 camera_updates=1 camera=-3319,3158,1328,0,0,0 player=-3319,3177,1328,0,64,253,23
retail_frame=1948 player_updates=1 camera_updates=1 camera=-3340,3159,1328,0,0,0 player=-3340,3177,1328,0,64,254,23
retail_frame=1952 player_updates=1 camera_updates=1 camera=-3361,3159,1328,0,0,0 player=-3361,3177,1328,0,64,254,23
retail_frame=1956 player_updates=1 camera_updates=1 camera=-3382,3159,1328,0,0,0 player=-3382,3177,1328,0,64,255,23
retail_frame=1960 player_updates=0 camera_updates=0 camera=-3382,3159,1328,0,0,0 player=-3382,3177,1328,0,64,255,23
retail_frame=1964 player_updates=1 camera_updates=1 camera=-3403,3159,1328,0,0,0 player=-3403,3177,1328,0,64,0,23
retail_frame=1968 player_updates=1 camera_updates=1 camera=-3424,3159,1328,0,0,0 player=-3424,3177,1328,0,64,1,23
retail_frame=1972 player_updates=1 camera_updates=1 camera=-3445,3158,1328,0,0,0 player=-3445,3177,1328,0,64,2,23
retail_frame=1976 player_updates=1 camera_updates=1 camera=-3466,3158,1328,0,0,0 player=-3466,3177,1328,0,64,2,23
retail_frame=1980 player_updates=1 camera_updates=1 camera=-3487,3158,1328,0,0,0 player=-3487,3177,1328,0,64,3,23
retail_frame=1984 player_updates=1 camera_updates=1 camera=-3508,3157,1328,0,0,0 player=-3508,3177,1328,0,64,3,23
retail_frame=1988 player_updates=1 camera_updates=1 camera=-3529,3157,1328,0,0,0 player=-3529,3177,1328,0,64,4,23
retail_frame=1992 player_updates=1 camera_updates=1 camera=-3550,3156,1328,0,0,0 player=-3550,3177,1328,0,64,4,23
retail_frame=1996 player_updates=1 camera_updates=1 camera=-3571,3155,1328,0,0,0 player=-3571,3177,1328,0,64,4,23
retail_frame=2000 player_updates=0 camera_updates=0 camera=-3571,3155,1328,0,0,0 player=-3571,3177,1328,0,64,4,23
retail_frame=2004 player_updates=1 camera_updates=1 camera=-3592,3155,1328,0,0,0 player=-3592,3177,1328,0,64,4,23
retail_frame=2008 player_updates=1 camera_updates=1 camera=-3613,3154,1328,0,0,0 player=-3613,3177,1328,0,64,3,23
retail_frame=2012 player_updates=1 camera_updates=1 camera=-3634,3154,1328,0,0,0 player=-3634,3177,1328,0,64,3,23
retail_frame=2016 player_updates=1 camera_updates=1 camera=-3655,3154,1328,0,0,0 player=-3655,3177,1328,0,64,2,23
