# Semantic Wolf blockade actions recovered from the campaign oracle.
# Raw source SHA-256: 64c0baa60bb28017ff0c34a3566b0f338df2a478f24fc04c60c9604fe1d0369e
# raw_sample_start_elapsed=135728
# presentation_start_retail_frame=60
# flight_start_retail_frame=408
# end_retail_frame=952
# departure_retail_frame=956
# initial_pose=10137,0,8181,21,76,0,0
retail_frame=408 action=FinalRivalAction::BeginApproach
retail_frame=408 action=FinalRivalAction::AdvanceSteered(RivalApproachSteering::EntryClimb)
retail_frame=412 action=FinalRivalAction::AdvanceSteered(RivalApproachSteering::EntryClimb)
retail_frame=412 action=FinalRivalAction::AdvanceSteered(RivalApproachSteering::EntryClimb)
retail_frame=416 action=FinalRivalAction::AdvanceSteered(RivalApproachSteering::EntryClimb)
retail_frame=420 action=FinalRivalAction::AdvanceSteered(RivalApproachSteering::EntryClimb)
retail_frame=424 action=FinalRivalAction::AdvanceSteered(RivalApproachSteering::EntryClimb)
retail_frame=428 action=FinalRivalAction::AdvanceSteered(RivalApproachSteering::EntryClimb)
retail_frame=428 action=FinalRivalAction::AdvanceSteered(RivalApproachSteering::EntryClimb)
retail_frame=432 action=FinalRivalAction::AdvanceSteered(RivalApproachSteering::EntryClimb)
retail_frame=436 action=FinalRivalAction::AdvanceSteered(RivalApproachSteering::EntryClimb)
retail_frame=440 action=FinalRivalAction::AdvanceSteered(RivalApproachSteering::EntryClimb)
retail_frame=440 action=FinalRivalAction::AdvanceSteered(RivalApproachSteering::EntryClimb)
retail_frame=444 action=FinalRivalAction::AdvanceSteered(RivalApproachSteering::EntryClimb)
retail_frame=448 action=FinalRivalAction::AdvanceSteered(RivalApproachSteering::EntryClimb)
retail_frame=452 action=FinalRivalAction::AdvanceSteered(RivalApproachSteering::EntryClimb)
retail_frame=452 action=FinalRivalAction::AdvanceSteered(RivalApproachSteering::EntryDive)
retail_frame=456 action=FinalRivalAction::AdvanceSteered(RivalApproachSteering::EntryDive)
retail_frame=460 action=FinalRivalAction::AdvanceSteered(RivalApproachSteering::EntryDive)
retail_frame=464 action=FinalRivalAction::AdvanceSteered(RivalApproachSteering::EntryDive)
retail_frame=464 action=FinalRivalAction::AdvanceSteered(RivalApproachSteering::EntryDive)
retail_frame=468 action=FinalRivalAction::AdvanceSteered(RivalApproachSteering::EntryDive)
retail_frame=472 action=FinalRivalAction::AdvanceSteered(RivalApproachSteering::EntryDive)
retail_frame=476 action=FinalRivalAction::AdvanceSteered(RivalApproachSteering::EntryDive)
retail_frame=480 action=FinalRivalAction::AdvanceSteered(RivalApproachSteering::EntryDive)
retail_frame=480 action=FinalRivalAction::AdvanceSteered(RivalApproachSteering::EntryDive)
retail_frame=484 action=FinalRivalAction::AdvanceSteered(RivalApproachSteering::EntryDive)
retail_frame=488 action=FinalRivalAction::AdvanceSteered(RivalApproachSteering::EntryDive)
retail_frame=492 action=FinalRivalAction::AdvanceSteered(RivalApproachSteering::EntryDive)
retail_frame=492 action=FinalRivalAction::AdvanceSteered(RivalApproachSteering::EntryDive)
retail_frame=496 action=FinalRivalAction::AdvanceSteered(RivalApproachSteering::EntryDive)
retail_frame=500 action=FinalRivalAction::AdvanceSteered(RivalApproachSteering::EntryDive)
retail_frame=504 action=FinalRivalAction::AdvanceSteered(RivalApproachSteering::EntryDive)
retail_frame=508 action=FinalRivalAction::AdvanceSteered(RivalApproachSteering::EntryDive)
retail_frame=508 action=FinalRivalAction::AdvanceSteered(RivalApproachSteering::EntryDive)
retail_frame=512 action=FinalRivalAction::AdvanceSteered(RivalApproachSteering::EntryDive)
retail_frame=516 action=FinalRivalAction::AdvanceSteered(RivalApproachSteering::EntryDive)
retail_frame=520 action=FinalRivalAction::AdvanceSteered(RivalApproachSteering::EntryDive)
retail_frame=524 action=FinalRivalAction::AdvanceSteered(RivalApproachSteering::EntryDive)
retail_frame=528 action=FinalRivalAction::AdvanceSteered(RivalApproachSteering::EntryDive)
retail_frame=532 action=FinalRivalAction::AdvanceSteered(RivalApproachSteering::EntryDive)
retail_frame=536 action=FinalRivalAction::AdvanceSteered(RivalApproachSteering::EntryDive)
retail_frame=540 action=FinalRivalAction::AdvanceSteered(RivalApproachSteering::EntryDive)
retail_frame=544 action=FinalRivalAction::AdvanceSteered(RivalApproachSteering::EntryDive)
retail_frame=544 action=FinalRivalAction::AdvanceSteered(RivalApproachSteering::EntryDive)
retail_frame=548 action=FinalRivalAction::AdvanceSteered(RivalApproachSteering::EntryDive)
retail_frame=552 action=FinalRivalAction::AdvanceSteered(RivalApproachSteering::EntryDive)
retail_frame=556 action=FinalRivalAction::AdvanceSteered(RivalApproachSteering::EntryDive)
retail_frame=560 action=FinalRivalAction::AdvanceSteered(RivalApproachSteering::EntryDive)
retail_frame=564 action=FinalRivalAction::AdvanceSteered(RivalApproachSteering::EntryDive)
retail_frame=568 action=FinalRivalAction::AdvanceSteered(RivalApproachSteering::EntryDive)
retail_frame=572 action=FinalRivalAction::AdvanceSteered(RivalApproachSteering::EntryDive)
retail_frame=576 action=FinalRivalAction::AdvanceSteered(RivalApproachSteering::EntryDive)
retail_frame=580 action=FinalRivalAction::AdvanceSteered(RivalApproachSteering::EntryDive)
retail_frame=584 action=FinalRivalAction::AdvanceSteered(RivalApproachSteering::EntryDive)
retail_frame=588 action=FinalRivalAction::AdvanceSteered(RivalApproachSteering::EntryDive)
retail_frame=592 action=FinalRivalAction::AdvanceSteered(RivalApproachSteering::EntryDive)
retail_frame=592 action=FinalRivalAction::AdvanceSteered(RivalApproachSteering::EntryDive)
retail_frame=596 action=FinalRivalAction::AdvanceSteered(RivalApproachSteering::EntryDive)
retail_frame=600 action=FinalRivalAction::AdvanceSteered(RivalApproachSteering::EntryDive)
retail_frame=604 action=FinalRivalAction::BeginCombatManeuver
retail_frame=604 action=FinalRivalAction::ChaseRollToLevel
retail_frame=604 action=FinalRivalAction::Advance
retail_frame=604 action=FinalRivalAction::MaintainCombatAltitude
retail_frame=608 action=FinalRivalAction::MaintainCombatAltitude
retail_frame=608 action=FinalRivalAction::ChaseRollToLevel
retail_frame=608 action=FinalRivalAction::MaintainCombatAltitude
retail_frame=608 action=FinalRivalAction::Advance
retail_frame=608 action=FinalRivalAction::MaintainCombatAltitude
retail_frame=612 action=FinalRivalAction::MaintainCombatAltitude
retail_frame=612 action=FinalRivalAction::ChaseRollToLevel
retail_frame=612 action=FinalRivalAction::MaintainCombatAltitude
retail_frame=612 action=FinalRivalAction::Advance
retail_frame=612 action=FinalRivalAction::MaintainCombatAltitude
retail_frame=616 action=FinalRivalAction::MaintainCombatAltitude
retail_frame=616 action=FinalRivalAction::ChaseRollToLevel
retail_frame=616 action=FinalRivalAction::MaintainCombatAltitude
retail_frame=616 action=FinalRivalAction::Advance
retail_frame=616 action=FinalRivalAction::MaintainCombatAltitude
retail_frame=620 action=FinalRivalAction::MaintainCombatAltitude
retail_frame=620 action=FinalRivalAction::ChaseRollToLevel
retail_frame=620 action=FinalRivalAction::MaintainCombatAltitude
retail_frame=620 action=FinalRivalAction::Advance
retail_frame=620 action=FinalRivalAction::MaintainCombatAltitude
retail_frame=624 action=FinalRivalAction::MaintainCombatAltitude
retail_frame=624 action=FinalRivalAction::ChaseRollToLevel
retail_frame=624 action=FinalRivalAction::MaintainCombatAltitude
retail_frame=624 action=FinalRivalAction::Advance
retail_frame=624 action=FinalRivalAction::MaintainCombatAltitude
retail_frame=628 action=FinalRivalAction::MaintainCombatAltitude
retail_frame=628 action=FinalRivalAction::ChaseRollToLevel
retail_frame=628 action=FinalRivalAction::MaintainCombatAltitude
retail_frame=628 action=FinalRivalAction::Advance
retail_frame=628 action=FinalRivalAction::MaintainCombatAltitude
retail_frame=632 action=FinalRivalAction::MaintainCombatAltitude
retail_frame=632 action=FinalRivalAction::ChaseRollToLevel
retail_frame=632 action=FinalRivalAction::MaintainCombatAltitude
retail_frame=632 action=FinalRivalAction::Advance
retail_frame=632 action=FinalRivalAction::MaintainCombatAltitude
retail_frame=636 action=FinalRivalAction::MaintainCombatAltitude
retail_frame=636 action=FinalRivalAction::ChaseRollToLevel
retail_frame=636 action=FinalRivalAction::MaintainCombatAltitude
retail_frame=636 action=FinalRivalAction::Advance
retail_frame=636 action=FinalRivalAction::MaintainCombatAltitude
retail_frame=640 action=FinalRivalAction::MaintainCombatAltitude
retail_frame=640 action=FinalRivalAction::ChaseRollToLevel
retail_frame=640 action=FinalRivalAction::MaintainCombatAltitude
retail_frame=640 action=FinalRivalAction::Advance
retail_frame=640 action=FinalRivalAction::MaintainCombatAltitude
retail_frame=644 action=FinalRivalAction::MaintainCombatAltitude
retail_frame=644 action=FinalRivalAction::ChaseRollToLevel
retail_frame=644 action=FinalRivalAction::MaintainCombatAltitude
retail_frame=644 action=FinalRivalAction::Advance
retail_frame=644 action=FinalRivalAction::MaintainCombatAltitude
retail_frame=648 action=FinalRivalAction::MaintainCombatAltitude
retail_frame=648 action=FinalRivalAction::ChaseRollToLevel
retail_frame=648 action=FinalRivalAction::MaintainCombatAltitude
retail_frame=648 action=FinalRivalAction::Advance
retail_frame=648 action=FinalRivalAction::MaintainCombatAltitude
retail_frame=652 action=FinalRivalAction::MaintainCombatAltitude
retail_frame=652 action=FinalRivalAction::ChaseRollToLevel
retail_frame=652 action=FinalRivalAction::MaintainCombatAltitude
retail_frame=652 action=FinalRivalAction::Advance
retail_frame=652 action=FinalRivalAction::MaintainCombatAltitude
retail_frame=656 action=FinalRivalAction::MaintainCombatAltitude
retail_frame=656 action=FinalRivalAction::ChaseRollToLevel
retail_frame=656 action=FinalRivalAction::MaintainCombatAltitude
retail_frame=656 action=FinalRivalAction::Advance
retail_frame=656 action=FinalRivalAction::MaintainCombatAltitude
retail_frame=656 action=FinalRivalAction::ChaseRollToLevel
retail_frame=656 action=FinalRivalAction::MaintainCombatAltitude
retail_frame=656 action=FinalRivalAction::Advance
retail_frame=660 action=FinalRivalAction::MaintainCombatAltitude
retail_frame=660 action=FinalRivalAction::ChaseRollToLevel
retail_frame=660 action=FinalRivalAction::MaintainCombatAltitude
retail_frame=660 action=FinalRivalAction::Advance
retail_frame=660 action=FinalRivalAction::MaintainCombatAltitude
retail_frame=664 action=FinalRivalAction::MaintainCombatAltitude
retail_frame=664 action=FinalRivalAction::ChaseRollToLevel
retail_frame=664 action=FinalRivalAction::MaintainCombatAltitude
retail_frame=664 action=FinalRivalAction::Advance
retail_frame=664 action=FinalRivalAction::MaintainCombatAltitude
retail_frame=668 action=FinalRivalAction::MaintainCombatAltitude
retail_frame=668 action=FinalRivalAction::ChaseRollToLevel
retail_frame=668 action=FinalRivalAction::MaintainCombatAltitude
retail_frame=668 action=FinalRivalAction::Advance
retail_frame=668 action=FinalRivalAction::MaintainCombatAltitude
retail_frame=672 action=FinalRivalAction::MaintainCombatAltitude
retail_frame=672 action=FinalRivalAction::ChaseRollToLevel
retail_frame=672 action=FinalRivalAction::MaintainCombatAltitude
retail_frame=672 action=FinalRivalAction::Advance
retail_frame=672 action=FinalRivalAction::MaintainCombatAltitude
retail_frame=676 action=FinalRivalAction::MaintainCombatAltitude
retail_frame=676 action=FinalRivalAction::ChaseRollToLevel
retail_frame=676 action=FinalRivalAction::MaintainCombatAltitude
retail_frame=676 action=FinalRivalAction::Advance
retail_frame=676 action=FinalRivalAction::MaintainCombatAltitude
retail_frame=680 action=FinalRivalAction::MaintainCombatAltitude
retail_frame=680 action=FinalRivalAction::ChaseRollToLevel
retail_frame=680 action=FinalRivalAction::MaintainCombatAltitude
retail_frame=680 action=FinalRivalAction::Advance
retail_frame=680 action=FinalRivalAction::MaintainCombatAltitude
retail_frame=684 action=FinalRivalAction::MaintainCombatAltitude
retail_frame=684 action=FinalRivalAction::ChaseRollToLevel
retail_frame=684 action=FinalRivalAction::MaintainCombatAltitude
retail_frame=684 action=FinalRivalAction::Advance
retail_frame=684 action=FinalRivalAction::MaintainCombatAltitude
retail_frame=688 action=FinalRivalAction::MaintainCombatAltitude
retail_frame=688 action=FinalRivalAction::ChaseRollToLevel
retail_frame=688 action=FinalRivalAction::MaintainCombatAltitude
retail_frame=688 action=FinalRivalAction::Advance
retail_frame=688 action=FinalRivalAction::MaintainCombatAltitude
retail_frame=692 action=FinalRivalAction::MaintainCombatAltitude
retail_frame=692 action=FinalRivalAction::ChaseRollToLevel
retail_frame=692 action=FinalRivalAction::MaintainCombatAltitude
retail_frame=692 action=FinalRivalAction::BeginAttack
retail_frame=692 action=FinalRivalAction::FacePlayerYawAndLevelPitch(PlayerTargetTiming::Midpoint)
retail_frame=692 action=FinalRivalAction::MaintainCombatAltitude
retail_frame=692 action=FinalRivalAction::Advance
retail_frame=692 action=FinalRivalAction::MaintainCombatAltitude
retail_frame=696 action=FinalRivalAction::MaintainCombatAltitude
retail_frame=696 action=FinalRivalAction::FacePlayerYawAndLevelPitch(PlayerTargetTiming::Previous)
retail_frame=696 action=FinalRivalAction::MaintainCombatAltitude
retail_frame=696 action=FinalRivalAction::Advance
retail_frame=696 action=FinalRivalAction::MaintainCombatAltitude
retail_frame=700 action=FinalRivalAction::MaintainCombatAltitude
retail_frame=700 action=FinalRivalAction::FacePlayerYawAndLevelPitch(PlayerTargetTiming::Previous)
retail_frame=700 action=FinalRivalAction::MaintainCombatAltitude
retail_frame=700 action=FinalRivalAction::Advance
retail_frame=700 action=FinalRivalAction::MaintainCombatAltitude
retail_frame=700 action=FinalRivalAction::FacePlayerYawAndLevelPitch(PlayerTargetTiming::Current)
retail_frame=700 action=FinalRivalAction::MaintainCombatAltitude
retail_frame=700 action=FinalRivalAction::Advance
retail_frame=704 action=FinalRivalAction::MaintainCombatAltitude
retail_frame=704 action=FinalRivalAction::FacePlayerYawAndLevelPitch(PlayerTargetTiming::Current)
retail_frame=704 action=FinalRivalAction::MaintainCombatAltitude
retail_frame=704 action=FinalRivalAction::Advance
retail_frame=704 action=FinalRivalAction::MaintainCombatAltitude
retail_frame=708 action=FinalRivalAction::MaintainCombatAltitude
retail_frame=708 action=FinalRivalAction::FacePlayerYawAndLevelPitch(PlayerTargetTiming::Current)
retail_frame=708 action=FinalRivalAction::MaintainCombatAltitude
retail_frame=708 action=FinalRivalAction::Advance
retail_frame=708 action=FinalRivalAction::MaintainCombatAltitude
retail_frame=712 action=FinalRivalAction::MaintainCombatAltitude
retail_frame=712 action=FinalRivalAction::FacePlayerYawAndLevelPitch(PlayerTargetTiming::Midpoint)
retail_frame=712 action=FinalRivalAction::MaintainCombatAltitude
retail_frame=712 action=FinalRivalAction::Advance
retail_frame=712 action=FinalRivalAction::MaintainCombatAltitude
retail_frame=716 action=FinalRivalAction::MaintainCombatAltitude
retail_frame=716 action=FinalRivalAction::FacePlayerYawAndLevelPitch(PlayerTargetTiming::Previous)
retail_frame=716 action=FinalRivalAction::MaintainCombatAltitude
retail_frame=716 action=FinalRivalAction::Advance
retail_frame=716 action=FinalRivalAction::MaintainCombatAltitude
retail_frame=720 action=FinalRivalAction::MaintainCombatAltitude
retail_frame=720 action=FinalRivalAction::FacePlayerYawAndLevelPitch(PlayerTargetTiming::Previous)
retail_frame=720 action=FinalRivalAction::MaintainCombatAltitude
retail_frame=720 action=FinalRivalAction::Advance
retail_frame=720 action=FinalRivalAction::MaintainCombatAltitude
retail_frame=720 action=FinalRivalAction::FacePlayerYawAndLevelPitch(PlayerTargetTiming::Current)
retail_frame=720 action=FinalRivalAction::MaintainCombatAltitude
retail_frame=720 action=FinalRivalAction::Advance
retail_frame=720 action=FinalRivalAction::MaintainCombatAltitude
retail_frame=724 action=FinalRivalAction::MaintainCombatAltitude
retail_frame=724 action=FinalRivalAction::FacePlayerYawAndLevelPitch(PlayerTargetTiming::Current)
retail_frame=724 action=FinalRivalAction::MaintainCombatAltitude
retail_frame=724 action=FinalRivalAction::Advance
retail_frame=724 action=FinalRivalAction::MaintainCombatAltitude
retail_frame=728 action=FinalRivalAction::MaintainCombatAltitude
retail_frame=728 action=FinalRivalAction::FacePlayerYawAndLevelPitch(PlayerTargetTiming::Current)
retail_frame=728 action=FinalRivalAction::MaintainCombatAltitude
retail_frame=728 action=FinalRivalAction::Advance
retail_frame=728 action=FinalRivalAction::MaintainCombatAltitude
retail_frame=732 action=FinalRivalAction::MaintainCombatAltitude
retail_frame=732 action=FinalRivalAction::FacePlayerYawAndLevelPitch(PlayerTargetTiming::Midpoint)
retail_frame=732 action=FinalRivalAction::MaintainCombatAltitude
retail_frame=732 action=FinalRivalAction::Advance
retail_frame=732 action=FinalRivalAction::MaintainCombatAltitude
retail_frame=736 action=FinalRivalAction::MaintainCombatAltitude
retail_frame=736 action=FinalRivalAction::FacePlayerYawAndLevelPitch(PlayerTargetTiming::Previous)
retail_frame=736 action=FinalRivalAction::MaintainCombatAltitude
retail_frame=736 action=FinalRivalAction::Advance
retail_frame=736 action=FinalRivalAction::MaintainCombatAltitude
retail_frame=740 action=FinalRivalAction::MaintainCombatAltitude
retail_frame=740 action=FinalRivalAction::FacePlayerYawAndLevelPitch(PlayerTargetTiming::Previous)
retail_frame=740 action=FinalRivalAction::MaintainCombatAltitude
retail_frame=740 action=FinalRivalAction::Advance
retail_frame=740 action=FinalRivalAction::MaintainCombatAltitude
retail_frame=740 action=FinalRivalAction::FacePlayerYawAndLevelPitch(PlayerTargetTiming::Current)
retail_frame=740 action=FinalRivalAction::MaintainCombatAltitude
retail_frame=740 action=FinalRivalAction::Advance
retail_frame=740 action=FinalRivalAction::MaintainCombatAltitude
retail_frame=744 action=FinalRivalAction::MaintainCombatAltitude
retail_frame=744 action=FinalRivalAction::FacePlayerYawAndLevelPitch(PlayerTargetTiming::Current)
retail_frame=744 action=FinalRivalAction::MaintainCombatAltitude
retail_frame=744 action=FinalRivalAction::Advance
retail_frame=744 action=FinalRivalAction::MaintainCombatAltitude
retail_frame=748 action=FinalRivalAction::MaintainCombatAltitude
retail_frame=748 action=FinalRivalAction::FacePlayerYawAndLevelPitch(PlayerTargetTiming::Current)
retail_frame=748 action=FinalRivalAction::MaintainCombatAltitude
retail_frame=748 action=FinalRivalAction::Advance
retail_frame=748 action=FinalRivalAction::MaintainCombatAltitude
retail_frame=752 action=FinalRivalAction::MaintainCombatAltitude
retail_frame=752 action=FinalRivalAction::FacePlayerYawAndLevelPitch(PlayerTargetTiming::Midpoint)
retail_frame=752 action=FinalRivalAction::MaintainCombatAltitude
retail_frame=752 action=FinalRivalAction::Advance
retail_frame=752 action=FinalRivalAction::MaintainCombatAltitude
retail_frame=756 action=FinalRivalAction::MaintainCombatAltitude
retail_frame=756 action=FinalRivalAction::FacePlayerYawAndLevelPitch(PlayerTargetTiming::Previous)
retail_frame=756 action=FinalRivalAction::MaintainCombatAltitude
retail_frame=756 action=FinalRivalAction::Advance
retail_frame=756 action=FinalRivalAction::MaintainCombatAltitude
retail_frame=760 action=FinalRivalAction::MaintainCombatAltitude
retail_frame=760 action=FinalRivalAction::FacePlayerYawAndLevelPitch(PlayerTargetTiming::Previous)
retail_frame=760 action=FinalRivalAction::MaintainCombatAltitude
retail_frame=760 action=FinalRivalAction::Advance
retail_frame=760 action=FinalRivalAction::MaintainCombatAltitude
retail_frame=764 action=FinalRivalAction::MaintainCombatAltitude
retail_frame=764 action=FinalRivalAction::FacePlayerSmooth(PlayerTargetTiming::Previous)
retail_frame=764 action=FinalRivalAction::MaintainCombatAltitude
retail_frame=764 action=FinalRivalAction::Advance
retail_frame=764 action=FinalRivalAction::FacePlayerSmooth(PlayerTargetTiming::Current)
retail_frame=768 action=FinalRivalAction::Advance
retail_frame=768 action=FinalRivalAction::FacePlayerSmooth(PlayerTargetTiming::Current)
retail_frame=768 action=FinalRivalAction::Advance
retail_frame=772 action=FinalRivalAction::FacePlayerSmooth(PlayerTargetTiming::Current)
retail_frame=772 action=FinalRivalAction::Advance
retail_frame=776 action=FinalRivalAction::FacePlayerSmooth(PlayerTargetTiming::Current)
retail_frame=776 action=FinalRivalAction::Advance
retail_frame=780 action=FinalRivalAction::FacePlayerSmooth(PlayerTargetTiming::Midpoint)
retail_frame=780 action=FinalRivalAction::Advance
retail_frame=784 action=FinalRivalAction::FacePlayerSmooth(PlayerTargetTiming::Previous)
retail_frame=784 action=FinalRivalAction::Advance
retail_frame=788 action=FinalRivalAction::FacePlayerSmooth(PlayerTargetTiming::Previous)
retail_frame=788 action=FinalRivalAction::Advance
retail_frame=792 action=FinalRivalAction::FacePlayerSmooth(PlayerTargetTiming::Previous)
retail_frame=792 action=FinalRivalAction::Advance
retail_frame=796 action=FinalRivalAction::FacePlayerSmooth(PlayerTargetTiming::Previous)
retail_frame=796 action=FinalRivalAction::Advance
retail_frame=800 action=FinalRivalAction::FacePlayerSmooth(PlayerTargetTiming::Previous)
retail_frame=800 action=FinalRivalAction::Advance
retail_frame=804 action=FinalRivalAction::FacePlayerSmooth(PlayerTargetTiming::Previous)
retail_frame=804 action=FinalRivalAction::Advance
retail_frame=808 action=FinalRivalAction::FacePlayerSmooth(PlayerTargetTiming::Previous)
retail_frame=808 action=FinalRivalAction::Advance
retail_frame=808 action=FinalRivalAction::FacePlayerSmooth(PlayerTargetTiming::Current)
retail_frame=808 action=FinalRivalAction::Advance
retail_frame=816 action=FinalRivalAction::FacePlayerSmooth(PlayerTargetTiming::Previous)
retail_frame=816 action=FinalRivalAction::Advance
retail_frame=816 action=FinalRivalAction::FacePlayerSmooth(PlayerTargetTiming::Current)
retail_frame=816 action=FinalRivalAction::Advance
retail_frame=824 action=FinalRivalAction::FacePlayerSmooth(PlayerTargetTiming::Previous)
retail_frame=824 action=FinalRivalAction::Advance
retail_frame=828 action=FinalRivalAction::FacePlayerSmooth(PlayerTargetTiming::Previous)
retail_frame=828 action=FinalRivalAction::Advance
retail_frame=832 action=FinalRivalAction::FacePlayerSmooth(PlayerTargetTiming::Current)
retail_frame=832 action=FinalRivalAction::Advance
retail_frame=836 action=FinalRivalAction::FacePlayerSmooth(PlayerTargetTiming::Current)
retail_frame=836 action=FinalRivalAction::Advance
retail_frame=840 action=FinalRivalAction::FacePlayerSmooth(PlayerTargetTiming::Current)
retail_frame=840 action=FinalRivalAction::Advance
retail_frame=844 action=FinalRivalAction::FacePlayerSmooth(PlayerTargetTiming::Current)
retail_frame=844 action=FinalRivalAction::Advance
retail_frame=848 action=FinalRivalAction::FacePlayerSmooth(PlayerTargetTiming::Current)
retail_frame=848 action=FinalRivalAction::Advance
retail_frame=852 action=FinalRivalAction::FacePlayerSmooth(PlayerTargetTiming::Current)
retail_frame=852 action=FinalRivalAction::Advance
retail_frame=856 action=FinalRivalAction::FacePlayerSmooth(PlayerTargetTiming::Current)
retail_frame=860 action=FinalRivalAction::Advance
retail_frame=864 action=FinalRivalAction::FacePlayerSmooth(PlayerTargetTiming::Previous)
retail_frame=864 action=FinalRivalAction::Advance
retail_frame=868 action=FinalRivalAction::FacePlayerSmooth(PlayerTargetTiming::Previous)
retail_frame=868 action=FinalRivalAction::Advance
retail_frame=872 action=FinalRivalAction::BeginDeparture
retail_frame=872 action=FinalRivalAction::LaunchDeparture
retail_frame=876 action=FinalRivalAction::AdvanceSteered(RivalApproachSteering::SecondClimb)
retail_frame=880 action=FinalRivalAction::AdvanceSteered(RivalApproachSteering::SecondClimb)
retail_frame=884 action=FinalRivalAction::AdvanceSteered(RivalApproachSteering::SecondClimb)
retail_frame=888 action=FinalRivalAction::AdvanceSteered(RivalApproachSteering::SecondClimb)
retail_frame=892 action=FinalRivalAction::AdvanceSteered(RivalApproachSteering::SecondClimb)
retail_frame=896 action=FinalRivalAction::AdvanceSteered(RivalApproachSteering::SecondClimb)
retail_frame=900 action=FinalRivalAction::AdvanceSteered(RivalApproachSteering::SecondClimb)
retail_frame=904 action=FinalRivalAction::AdvanceSteered(RivalApproachSteering::SecondClimb)
retail_frame=908 action=FinalRivalAction::AdvanceSteered(RivalApproachSteering::SecondClimb)
retail_frame=912 action=FinalRivalAction::AdvanceSteered(RivalApproachSteering::SecondClimb)
retail_frame=916 action=FinalRivalAction::AdvanceSteered(RivalApproachSteering::SecondClimb)
retail_frame=920 action=FinalRivalAction::AdvanceSteered(RivalApproachSteering::SecondClimb)
retail_frame=924 action=FinalRivalAction::AdvanceSteered(RivalApproachSteering::SecondDive)
retail_frame=928 action=FinalRivalAction::AdvanceSteered(RivalApproachSteering::SecondDive)
retail_frame=932 action=FinalRivalAction::AdvanceSteered(RivalApproachSteering::SecondDive)
retail_frame=936 action=FinalRivalAction::AdvanceSteered(RivalApproachSteering::SecondDive)
retail_frame=940 action=FinalRivalAction::AdvanceSteered(RivalApproachSteering::SecondDive)
retail_frame=940 action=FinalRivalAction::AdvanceSteered(RivalApproachSteering::SecondDive)
retail_frame=944 action=FinalRivalAction::AdvanceSteered(RivalApproachSteering::SecondDive)
retail_frame=948 action=FinalRivalAction::AdvanceSteered(RivalApproachSteering::SecondDive)
retail_frame=952 action=FinalRivalAction::AdvanceSteered(RivalApproachSteering::SecondDive)
