# Compact oracle evidence for the Wolf blockade sortie hostile projectiles.
# Raw source SHA-256: 228ee4e077820e0eebd4ba60f4348e817e96e34868b8e7cc319a56a5bbfc9853
# Source path addresses and opaque actor storage were reduced to gameplay operations.
elapsed=136513 source=04B9 action=set-cruise-speed pose=1733,-3312,5989,22,112,0,30 target=-1327,0,-1283,0,96,252,23
elapsed=136513 source=04B9 action=contract pose=1733,-3312,5989,22,112,0,63 target=-1327,0,-1283,0,96,252,23
elapsed=136513 source=04B9 action=contract pose=1687,-3263,5880,22,112,0,63 target=-1327,0,-1283,0,96,252,23
elapsed=136513 source=04B9 action=contract pose=1641,-3214,5771,22,112,0,63 target=-1327,0,-1283,0,96,252,23
elapsed=136513 source=04B9 action=face-immediate pose=1595,-3165,5662,22,112,0,63 target=-1327,0,-1283,0,96,252,23
elapsed=136513 source=04B9 action=advance-homing pose=1595,-3165,5662,22,112,0,63 target=-1327,0,-1283,0,96,252,23
elapsed=136517 source=04B9 action=contract pose=1519,-3041,5470,22,112,0,63 target=-1341,0,-1297,0,96,252,23
elapsed=136517 source=04B9 action=contract pose=1473,-2993,5361,22,112,0,63 target=-1341,0,-1297,0,96,252,23
elapsed=136517 source=04B9 action=contract pose=1427,-2945,5252,22,112,0,63 target=-1341,0,-1297,0,96,252,23
elapsed=136517 source=04B9 action=face-immediate pose=1381,-2897,5143,22,112,0,63 target=-1341,0,-1297,0,96,252,23
elapsed=136517 source=04B9 action=advance-homing pose=1381,-2897,5143,22,112,0,63 target=-1341,0,-1297,0,96,252,23
elapsed=136521 source=04B9 action=contract pose=1305,-2773,4951,22,112,0,63 target=-1355,0,-1311,0,96,253,23
elapsed=136521 source=04B9 action=contract pose=1258,-2725,4842,22,112,0,63 target=-1355,0,-1311,0,96,253,23
elapsed=136521 source=04B9 action=contract pose=1211,-2678,4733,22,112,0,63 target=-1355,0,-1311,0,96,253,23
elapsed=136521 source=04B9 action=face-immediate pose=1164,-2630,4624,22,112,0,63 target=-1355,0,-1311,0,96,253,23
elapsed=136521 source=04B9 action=advance-homing pose=1164,-2630,4624,22,112,0,63 target=-1355,0,-1311,0,96,253,23
elapsed=136524 source=04B9 action=contract pose=1088,-2506,4432,22,112,0,63 target=-1369,0,-1325,0,96,253,23
elapsed=136524 source=04B9 action=contract pose=1041,-2459,4323,22,112,0,63 target=-1369,0,-1325,0,96,253,23
elapsed=136524 source=04B9 action=contract pose=994,-2412,4214,22,112,0,63 target=-1369,0,-1325,0,96,253,23
elapsed=136525 source=04B9 action=face-immediate pose=947,-2365,4105,22,112,0,63 target=-1369,0,-1325,0,96,253,23
elapsed=136525 source=04B9 action=advance-homing pose=947,-2365,4105,22,112,0,63 target=-1369,0,-1325,0,96,253,23
elapsed=136528 source=04B9 action=contract pose=871,-2241,3913,22,112,0,63 target=-1383,0,-1339,0,96,254,23
elapsed=136528 source=04B9 action=contract pose=824,-2195,3804,22,112,0,63 target=-1383,0,-1339,0,96,254,23
elapsed=136528 source=04B9 action=contract pose=777,-2149,3695,22,112,0,63 target=-1383,0,-1339,0,96,254,23
elapsed=136528 source=04B9 action=face-immediate pose=730,-2103,3585,22,112,0,63 target=-1383,0,-1339,0,96,254,23
elapsed=136528 source=04B9 action=advance-homing pose=730,-2103,3585,21,112,0,63 target=-1383,0,-1339,0,96,254,23
elapsed=136532 source=04B9 action=contract pose=654,-1983,3393,21,112,0,63 target=-1397,0,-1353,0,96,254,23
elapsed=136532 source=04B9 action=contract pose=606,-1938,3283,21,112,0,63 target=-1397,0,-1353,0,96,254,23
elapsed=136532 source=04B9 action=contract pose=558,-1893,3173,21,112,0,63 target=-1397,0,-1353,0,96,254,23
elapsed=136532 source=04B9 action=face-immediate pose=510,-1848,3063,21,112,0,63 target=-1397,0,-1353,0,96,254,23
elapsed=136532 source=04B9 action=advance-homing pose=510,-1848,3063,21,112,0,63 target=-1397,0,-1353,0,96,254,23
elapsed=136536 source=04B9 action=contract pose=434,-1728,2871,21,112,0,63 target=-1411,0,-1367,0,96,255,23
elapsed=136536 source=04B9 action=contract pose=386,-1684,2761,21,112,0,63 target=-1411,0,-1367,0,96,255,23
elapsed=136536 source=04B9 action=contract pose=338,-1640,2651,21,112,0,63 target=-1411,0,-1367,0,96,255,23
elapsed=136536 source=04B9 action=face-immediate pose=290,-1596,2541,21,112,0,63 target=-1411,0,-1367,0,96,255,23
elapsed=136536 source=04B9 action=advance-homing pose=290,-1596,2541,20,112,0,63 target=-1411,0,-1367,0,96,255,23
elapsed=136540 source=04B9 action=contract pose=210,-1480,2345,20,112,0,63 target=-1425,0,-1381,0,96,0,23
elapsed=136540 source=04B9 action=contract pose=161,-1437,2235,20,112,0,63 target=-1425,0,-1381,0,96,0,23
elapsed=136540 source=04B9 action=contract pose=112,-1394,2125,20,112,0,63 target=-1425,0,-1381,0,96,0,23
elapsed=136540 source=04B9 action=face-immediate pose=63,-1351,2015,20,112,0,63 target=-1425,0,-1381,0,96,0,23
elapsed=136540 source=04B9 action=advance-homing pose=63,-1351,2015,20,112,0,63 target=-1425,0,-1381,0,96,0,23
elapsed=136544 source=072F action=set-cruise-speed pose=1037,-2252,4257,20,112,0,30 target=-1439,0,-1395,0,96,1,23
elapsed=136544 source=072F action=contract pose=1037,-2252,4257,20,112,0,63 target=-1439,0,-1395,0,96,1,23
elapsed=136544 source=072F action=contract pose=988,-2209,4147,20,112,0,63 target=-1439,0,-1395,0,96,1,23
elapsed=136544 source=072F action=contract pose=939,-2166,4037,20,112,0,63 target=-1439,0,-1395,0,96,1,23
elapsed=136544 source=072F action=face-immediate pose=890,-2123,3927,20,112,0,63 target=-1439,0,-1395,0,96,1,23
elapsed=136545 source=072F action=advance-homing pose=890,-2123,3927,20,112,0,63 target=-1439,0,-1395,0,96,1,23
elapsed=136545 source=04B9 action=contract pose=-17,-1235,1819,20,112,0,63 target=-1439,0,-1395,0,96,1,23
elapsed=136545 source=04B9 action=contract pose=-66,-1193,1709,20,112,0,63 target=-1439,0,-1395,0,96,1,23
elapsed=136545 source=04B9 action=contract pose=-115,-1151,1599,20,112,0,63 target=-1439,0,-1395,0,96,1,23
elapsed=136545 source=04B9 action=face-immediate pose=-164,-1109,1489,20,112,0,63 target=-1439,0,-1395,0,96,1,23
elapsed=136545 source=04B9 action=advance-homing pose=-164,-1109,1489,19,112,0,63 target=-1439,0,-1395,0,96,1,23
elapsed=136549 source=072F action=contract pose=810,-2007,3731,20,112,0,63 target=-1453,0,-1409,0,96,2,23
elapsed=136549 source=072F action=contract pose=761,-1965,3621,20,112,0,63 target=-1453,0,-1409,0,96,2,23
elapsed=136549 source=072F action=contract pose=712,-1923,3511,20,112,0,63 target=-1453,0,-1409,0,96,2,23
elapsed=136549 source=072F action=face-immediate pose=663,-1881,3401,20,112,0,63 target=-1453,0,-1409,0,96,2,23
elapsed=136549 source=072F action=advance-homing pose=663,-1881,3401,20,112,0,63 target=-1453,0,-1409,0,96,2,23
elapsed=136549 source=04B9 action=contract pose=-244,-997,1289,19,112,0,63 target=-1453,0,-1409,0,96,2,23
elapsed=136549 source=04B9 action=contract pose=-294,-957,1179,19,112,0,63 target=-1453,0,-1409,0,96,2,23
elapsed=136549 source=04B9 action=contract pose=-344,-917,1068,19,112,0,63 target=-1453,0,-1409,0,96,2,23
elapsed=136549 source=04B9 action=face-immediate pose=-394,-877,958,19,112,0,63 target=-1453,0,-1409,0,96,2,23
elapsed=136549 source=04B9 action=advance-homing pose=-394,-877,958,19,111,0,63 target=-1453,0,-1409,0,96,2,23
elapsed=136553 source=072F action=contract pose=583,-1765,3205,20,112,0,63 target=-1467,0,-1423,0,96,2,23
elapsed=136553 source=072F action=contract pose=534,-1724,3095,20,112,0,63 target=-1467,0,-1423,0,96,2,23
elapsed=136553 source=072F action=contract pose=485,-1683,2985,20,112,0,63 target=-1467,0,-1423,0,96,2,23
elapsed=136553 source=072F action=face-immediate pose=436,-1642,2875,20,112,0,63 target=-1467,0,-1423,0,96,2,23
elapsed=136553 source=072F action=advance-homing pose=436,-1642,2875,19,112,0,63 target=-1467,0,-1423,0,96,2,23
elapsed=136553 source=04B9 action=contract pose=-482,-765,758,19,111,0,63 target=-1467,0,-1423,0,96,2,23
elapsed=136553 source=04B9 action=contract pose=-532,-727,647,19,111,0,63 target=-1467,0,-1423,0,96,2,23
elapsed=136553 source=04B9 action=contract pose=-582,-689,536,19,111,0,63 target=-1467,0,-1423,0,96,2,23
elapsed=136553 source=04B9 action=face-immediate pose=-632,-651,425,19,111,0,63 target=-1467,0,-1423,0,96,2,23
elapsed=136553 source=04B9 action=advance-homing pose=-632,-651,425,18,111,0,63 target=-1467,0,-1423,0,96,2,23
elapsed=136557 source=072F action=contract pose=356,-1530,2675,19,112,0,63 target=-1481,0,-1437,0,96,3,23
elapsed=136557 source=072F action=contract pose=306,-1490,2564,19,112,0,63 target=-1481,0,-1437,0,96,3,23
elapsed=136557 source=072F action=contract pose=256,-1450,2453,19,112,0,63 target=-1481,0,-1437,0,96,3,23
elapsed=136557 source=072F action=face-immediate pose=206,-1410,2343,19,112,0,63 target=-1481,0,-1437,0,96,3,23
elapsed=136557 source=072F action=advance-homing pose=206,-1410,2343,19,111,0,63 target=-1481,0,-1437,0,96,3,23
elapsed=136557 source=04B9 action=contract pose=-720,-547,225,18,111,0,63 target=-1481,0,-1437,0,96,3,23
elapsed=136557 source=04B9 action=contract pose=-771,-511,114,18,111,0,63 target=-1481,0,-1437,0,96,3,23
elapsed=136557 source=04B9 action=contract pose=-822,-475,3,18,111,0,63 target=-1481,0,-1437,0,96,3,23
elapsed=136557 source=04B9 action=face-immediate pose=-873,-439,-108,18,111,0,63 target=-1481,0,-1437,0,96,3,23
elapsed=136558 source=04B9 action=advance-homing pose=-873,-439,-108,17,111,0,63 target=-1481,0,-1437,0,96,3,23
elapsed=136561 source=072F action=contract pose=118,-1298,2143,19,111,0,63 target=-1495,0,-1451,0,96,3,23
elapsed=136561 source=072F action=contract pose=68,-1259,2032,19,111,0,63 target=-1495,0,-1451,0,96,3,23
elapsed=136561 source=072F action=contract pose=18,-1220,1921,19,111,0,63 target=-1495,0,-1451,0,96,3,23
elapsed=136561 source=072F action=face-immediate pose=-32,-1181,1810,19,111,0,63 target=-1495,0,-1451,0,96,3,23
elapsed=136561 source=072F action=advance-homing pose=-32,-1181,1810,18,111,0,63 target=-1495,0,-1451,0,96,3,23
elapsed=136562 source=04B9 action=contract pose=-961,-339,-312,17,111,0,63 target=-1495,0,-1451,0,96,3,23
elapsed=136562 source=04B9 action=contract pose=-1014,-306,-424,17,111,0,63 target=-1495,0,-1451,0,96,3,23
elapsed=136562 source=04B9 action=contract pose=-1067,-273,-536,17,111,0,63 target=-1495,0,-1451,0,96,3,23
elapsed=136562 source=04B9 action=face-immediate pose=-1119,-240,-648,17,111,0,63 target=-1495,0,-1451,0,96,3,23
elapsed=136562 source=04B9 action=advance-homing pose=-1119,-240,-648,15,111,0,63 target=-1495,0,-1451,0,96,3,23
elapsed=136566 source=072F action=contract pose=-120,-1077,1610,18,111,0,63 target=-1509,0,-1465,0,96,4,23
elapsed=136566 source=072F action=contract pose=-170,-1039,1499,18,111,0,63 target=-1509,0,-1465,0,96,4,23
elapsed=136566 source=072F action=contract pose=-220,-1001,1388,18,111,0,63 target=-1509,0,-1465,0,96,4,23
elapsed=136566 source=072F action=face-immediate pose=-270,-963,1277,18,111,0,63 target=-1509,0,-1465,0,96,4,23
elapsed=136566 source=072F action=advance-homing pose=-270,-963,1277,18,111,0,63 target=-1509,0,-1465,0,96,4,23
elapsed=136566 source=04B9 action=face-immediate pose=-1211,-152,-856,15,111,0,63 target=-1509,0,-1465,0,96,4,23
elapsed=136566 source=04B9 action=set-cruise-speed pose=-1211,-152,-856,13,110,0,63 target=-1509,0,-1465,0,96,4,23
elapsed=136566 source=04B9 action=advance-aim pose=-1211,-152,-856,13,110,0,63 target=-1509,0,-1465,0,96,4,23
elapsed=136570 source=072F action=contract pose=-358,-859,1077,18,111,0,63 target=-1523,0,-1479,0,96,4,23
elapsed=136570 source=072F action=contract pose=-409,-822,966,18,111,0,63 target=-1523,0,-1479,0,96,4,23
elapsed=136570 source=072F action=contract pose=-460,-785,855,18,111,0,63 target=-1523,0,-1479,0,96,4,23
elapsed=136570 source=072F action=face-immediate pose=-511,-748,744,18,111,0,63 target=-1523,0,-1479,0,96,4,23
elapsed=136570 source=072F action=advance-homing pose=-511,-748,744,17,111,0,63 target=-1523,0,-1479,0,96,4,23
elapsed=136570 source=04B9 action=advance-aim pose=-1307,-76,-1064,13,110,0,63 target=-1523,0,-1479,0,96,4,23
elapsed=136570 source=04B9 action=face-smooth pose=-1403,0,-1272,13,110,0,63 target=-1523,0,-1479,0,96,4,23
elapsed=136574 source=072F action=contract pose=-599,-648,540,17,111,0,63 target=-1537,0,-1493,0,96,4,23
elapsed=136574 source=072F action=contract pose=-651,-613,429,17,111,0,63 target=-1537,0,-1493,0,96,4,23
elapsed=136574 source=072F action=contract pose=-703,-578,318,17,111,0,63 target=-1537,0,-1493,0,96,4,23
elapsed=136574 source=072F action=face-immediate pose=-755,-543,207,17,111,0,63 target=-1537,0,-1493,0,96,4,23
elapsed=136574 source=072F action=advance-homing pose=-755,-543,207,16,111,0,63 target=-1537,0,-1493,0,96,4,23
elapsed=136575 source=04B9 action=advance-aim pose=-1403,0,-1272,10,109,0,63 target=-1537,0,-1493,0,96,4,23
elapsed=136579 source=076E action=set-cruise-speed pose=293,-1304,2473,16,111,0,30 target=-1551,0,-1507,0,96,4,23
elapsed=136579 source=076E action=contract pose=293,-1304,2473,16,111,0,63 target=-1551,0,-1507,0,96,4,23
elapsed=136579 source=076E action=contract pose=241,-1268,2362,16,111,0,63 target=-1551,0,-1507,0,96,4,23
elapsed=136579 source=076E action=contract pose=189,-1232,2251,16,111,0,63 target=-1551,0,-1507,0,96,4,23
elapsed=136579 source=076E action=face-immediate pose=137,-1196,2140,16,111,0,63 target=-1551,0,-1507,0,96,4,23
elapsed=136579 source=076E action=advance-homing pose=137,-1196,2140,17,111,0,63 target=-1551,0,-1507,0,96,4,23
elapsed=136579 source=072F action=contract pose=-843,-451,-1,16,111,0,63 target=-1551,0,-1507,0,96,4,23
elapsed=136579 source=072F action=contract pose=-896,-418,-113,16,111,0,63 target=-1551,0,-1507,0,96,4,23
elapsed=136579 source=072F action=contract pose=-949,-385,-225,16,111,0,63 target=-1551,0,-1507,0,96,4,23
elapsed=136580 source=072F action=face-immediate pose=-1002,-352,-337,16,111,0,63 target=-1551,0,-1507,0,96,4,23
elapsed=136580 source=072F action=advance-homing pose=-1002,-352,-337,15,111,0,63 target=-1551,0,-1507,0,96,4,23
elapsed=136580 source=04B9 action=advance-aim pose=-1507,56,-1480,10,109,0,63 target=-1551,0,-1507,0,96,4,23
elapsed=136584 source=076E action=contract pose=49,-1096,1936,17,111,0,63 target=-1565,0,-1521,0,96,3,23
elapsed=136584 source=076E action=contract pose=-3,-1061,1825,17,111,0,63 target=-1565,0,-1521,0,96,3,23
elapsed=136584 source=076E action=contract pose=-55,-1026,1714,17,111,0,63 target=-1565,0,-1521,0,96,3,23
elapsed=136584 source=076E action=face-immediate pose=-107,-991,1603,17,111,0,63 target=-1565,0,-1521,0,96,3,23
elapsed=136584 source=076E action=advance-homing pose=-107,-991,1603,16,111,0,63 target=-1565,0,-1521,0,96,3,23
elapsed=136584 source=072F action=contract pose=-1094,-264,-545,15,111,0,63 target=-1565,0,-1521,0,96,3,23
elapsed=136584 source=072F action=contract pose=-1148,-234,-657,15,111,0,63 target=-1565,0,-1521,0,96,3,23
elapsed=136584 source=072F action=contract pose=-1202,-204,-769,15,111,0,63 target=-1565,0,-1521,0,96,3,23
elapsed=136584 source=072F action=face-immediate pose=-1256,-174,-881,15,111,0,63 target=-1565,0,-1521,0,96,3,23
elapsed=136584 source=072F action=advance-homing pose=-1256,-174,-881,14,110,0,63 target=-1565,0,-1521,0,96,3,23
elapsed=136584 source=04B9 action=advance-cruise pose=-1611,112,-1688,10,109,0,63 target=-1565,0,-1521,0,96,3,23
elapsed=136588 source=076E action=contract pose=-195,-899,1395,16,111,0,63 target=-1579,0,-1535,0,96,3,23
elapsed=136588 source=076E action=contract pose=-248,-866,1284,16,111,0,63 target=-1579,0,-1535,0,96,3,23
elapsed=136588 source=076E action=contract pose=-301,-833,1173,16,111,0,63 target=-1579,0,-1535,0,96,3,23
elapsed=136588 source=076E action=face-immediate pose=-354,-799,1062,16,111,0,63 target=-1579,0,-1535,0,96,3,23
elapsed=136588 source=076E action=advance-homing pose=-354,-799,1062,15,111,0,63 target=-1579,0,-1535,0,96,3,23
elapsed=136589 source=072F action=face-immediate pose=-1352,-94,-1089,14,110,0,63 target=-1579,0,-1535,0,96,3,23
elapsed=136589 source=072F action=set-cruise-speed pose=-1352,-94,-1089,11,109,0,63 target=-1579,0,-1535,0,96,3,23
elapsed=136589 source=072F action=advance-aim pose=-1352,-94,-1089,11,109,0,63 target=-1579,0,-1535,0,96,3,23
elapsed=136589 source=072F action=face-smooth pose=-1456,-30,-1297,11,109,0,63 target=-1579,0,-1535,0,96,3,23
elapsed=136589 source=04B9 action=advance-cruise pose=-1715,168,-1896,10,109,0,63 target=-1579,0,-1535,0,96,3,23
elapsed=136593 source=076E action=contract pose=-446,-711,854,15,111,0,63 target=-1593,0,-1549,0,96,2,23
elapsed=136593 source=076E action=contract pose=-499,-679,743,15,111,0,63 target=-1593,0,-1549,0,96,2,23
elapsed=136593 source=076E action=contract pose=-552,-647,632,15,111,0,63 target=-1593,0,-1549,0,96,2,23
elapsed=136593 source=076E action=face-immediate pose=-605,-615,521,15,111,0,63 target=-1593,0,-1549,0,96,2,23
elapsed=136593 source=076E action=advance-homing pose=-605,-615,521,15,110,0,63 target=-1593,0,-1549,0,96,2,23
elapsed=136593 source=072F action=advance-aim pose=-1456,-30,-1297,10,109,0,63 target=-1593,0,-1549,0,96,2,23
elapsed=136593 source=04B9 action=advance-cruise pose=-1819,224,-2104,10,109,0,63 target=-1593,0,-1549,0,96,2,23
elapsed=136597 source=076E action=contract pose=-697,-527,317,15,110,0,63 target=-1607,0,-1563,0,96,2,23
elapsed=136597 source=076E action=contract pose=-751,-496,206,15,110,0,63 target=-1607,0,-1563,0,96,2,23
elapsed=136597 source=076E action=contract pose=-805,-465,94,15,110,0,63 target=-1607,0,-1563,0,96,2,23
elapsed=136597 source=076E action=face-immediate pose=-859,-434,-17,15,110,0,63 target=-1607,0,-1563,0,96,2,23
elapsed=136597 source=076E action=advance-homing pose=-859,-434,-17,14,110,0,63 target=-1607,0,-1563,0,96,2,23
elapsed=136597 source=072F action=advance-aim pose=-1560,26,-1505,10,109,0,63 target=-1607,0,-1563,0,96,2,23
elapsed=136597 source=04B9 action=advance-cruise pose=-1923,280,-2312,10,109,0,63 target=-1607,0,-1563,0,96,2,23
elapsed=136601 source=076E action=contract pose=-955,-354,-225,14,110,0,63 target=-1621,0,-1577,0,96,1,23
elapsed=136601 source=076E action=contract pose=-1010,-325,-337,14,110,0,63 target=-1621,0,-1577,0,96,1,23
elapsed=136602 source=076E action=contract pose=-1065,-296,-448,14,110,0,63 target=-1621,0,-1577,0,96,1,23
elapsed=136602 source=076E action=face-immediate pose=-1120,-267,-560,14,110,0,63 target=-1621,0,-1577,0,96,1,23
elapsed=136602 source=076E action=advance-homing pose=-1120,-267,-560,13,110,0,63 target=-1621,0,-1577,0,96,1,23
elapsed=136602 source=072F action=advance-cruise pose=-1664,82,-1713,10,109,0,63 target=-1621,0,-1577,0,96,1,23
elapsed=136602 source=04B9 action=advance-cruise pose=-2027,336,-2520,10,109,0,63 target=-1621,0,-1577,0,96,1,23
elapsed=136606 source=076E action=face-immediate pose=-1216,-191,-768,13,110,0,63 target=-1635,0,-1591,0,96,0,23
elapsed=136606 source=076E action=set-cruise-speed pose=-1216,-191,-768,12,109,0,63 target=-1635,0,-1591,0,96,0,23
elapsed=136606 source=076E action=advance-aim pose=-1216,-191,-768,12,109,0,63 target=-1635,0,-1591,0,96,0,23
elapsed=136606 source=076E action=face-smooth pose=-1320,-123,-972,12,109,0,63 target=-1635,0,-1591,0,96,0,23
elapsed=136606 source=072F action=advance-cruise pose=-1768,138,-1921,10,109,0,63 target=-1635,0,-1591,0,96,0,23
elapsed=136606 source=04B9 action=advance-cruise pose=-2131,392,-2728,10,109,0,63 target=-1635,0,-1591,0,96,0,23
elapsed=136610 source=076E action=advance-aim pose=-1320,-123,-972,11,109,0,63 target=-1649,0,-1605,0,96,255,23
elapsed=136610 source=072F action=advance-cruise pose=-1872,194,-2129,10,109,0,63 target=-1649,0,-1605,0,96,255,23
elapsed=136610 source=04B9 action=advance-cruise pose=-2235,448,-2936,10,109,0,63 target=-1649,0,-1605,0,96,255,23
elapsed=136614 source=076E action=advance-aim pose=-1424,-59,-1180,11,109,0,63 target=-1663,0,-1619,0,96,254,23
elapsed=136614 source=076E action=face-smooth pose=-1528,5,-1388,11,109,0,63 target=-1663,0,-1619,0,96,254,23
elapsed=136614 source=072F action=advance-cruise pose=-1976,250,-2337,10,109,0,63 target=-1663,0,-1619,0,96,254,23
elapsed=136614 source=04B9 action=advance-cruise pose=-2339,504,-3144,10,109,0,63 target=-1663,0,-1619,0,96,254,23
elapsed=136618 source=076E action=advance-aim pose=-1528,5,-1388,8,108,0,63 target=-1677,0,-1633,0,96,254,23
elapsed=136618 source=072F action=advance-cruise pose=-2080,306,-2545,10,109,0,63 target=-1677,0,-1633,0,96,254,23
elapsed=136618 source=04B9 action=advance-cruise pose=-2443,560,-3352,10,109,0,63 target=-1677,0,-1633,0,96,254,23
elapsed=136622 source=076E action=advance-aim pose=-1640,49,-1600,8,108,0,63 target=-1691,0,-1647,0,96,253,23
elapsed=136622 source=072F action=advance-cruise pose=-2184,362,-2753,10,109,0,63 target=-1691,0,-1647,0,96,253,23
elapsed=136622 source=04B9 action=advance-cruise pose=-2547,616,-3560,10,109,0,63 target=-1691,0,-1647,0,96,253,23
elapsed=136626 source=076E action=advance-cruise pose=-1752,93,-1812,8,108,0,63 target=-1705,0,-1661,0,96,253,23
elapsed=136626 source=072F action=advance-cruise pose=-2288,418,-2961,10,109,0,63 target=-1705,0,-1661,0,96,253,23
elapsed=136626 source=04B9 action=advance-cruise pose=-2651,672,-3768,10,109,0,63 target=-1705,0,-1661,0,96,253,23
elapsed=136630 source=076E action=advance-cruise pose=-1864,137,-2024,8,108,0,63 target=-1719,0,-1675,0,96,252,23
elapsed=136630 source=072F action=advance-cruise pose=-2392,474,-3169,10,109,0,63 target=-1719,0,-1675,0,96,252,23
elapsed=136630 source=04B9 action=advance-cruise pose=-2755,728,-3976,10,109,0,63 target=-1719,0,-1675,0,96,252,23
elapsed=136634 source=076E action=advance-cruise pose=-1976,181,-2236,8,108,0,63 target=-1733,0,-1689,0,96,252,23
elapsed=136634 source=072F action=advance-cruise pose=-2496,530,-3377,10,109,0,63 target=-1733,0,-1689,0,96,252,23
elapsed=136634 source=04B9 action=advance-cruise pose=-2859,784,-4184,10,109,0,63 target=-1733,0,-1689,0,96,252,23
elapsed=136638 source=076E action=advance-cruise pose=-2088,225,-2448,8,108,0,63 target=-1747,0,-1703,0,96,252,23
elapsed=136638 source=072F action=advance-cruise pose=-2600,586,-3585,10,109,0,63 target=-1747,0,-1703,0,96,252,23
elapsed=136638 source=04B9 action=advance-cruise pose=-2963,840,-4392,10,109,0,63 target=-1747,0,-1703,0,96,252,23
elapsed=136642 source=076E action=advance-cruise pose=-2200,269,-2660,8,108,0,63 target=-1761,0,-1717,0,96,252,23
elapsed=136642 source=072F action=advance-cruise pose=-2704,642,-3793,10,109,0,63 target=-1761,0,-1717,0,96,252,23
elapsed=136642 source=04B9 action=advance-cruise pose=-3067,896,-4600,10,109,0,63 target=-1761,0,-1717,0,96,252,23
elapsed=136646 source=076E action=advance-cruise pose=-2312,313,-2872,8,108,0,63 target=-1775,0,-1731,0,96,253,23
elapsed=136646 source=072F action=advance-cruise pose=-2808,698,-4001,10,109,0,63 target=-1775,0,-1731,0,96,253,23
elapsed=136650 source=076E action=advance-cruise pose=-2424,357,-3084,8,108,0,63 target=-1789,0,-1745,0,96,253,23
elapsed=136650 source=072F action=advance-cruise pose=-2912,754,-4209,10,109,0,63 target=-1789,0,-1745,0,96,253,23
elapsed=136653 source=076E action=advance-cruise pose=-2536,401,-3296,8,108,0,63 target=-1803,0,-1759,0,96,254,23
elapsed=136653 source=072F action=advance-cruise pose=-3016,810,-4417,10,109,0,63 target=-1803,0,-1759,0,96,254,23
elapsed=136657 source=076E action=advance-cruise pose=-2648,445,-3508,8,108,0,63 target=-1817,0,-1773,0,96,254,23
elapsed=136657 source=072F action=advance-cruise pose=-3120,866,-4625,10,109,0,63 target=-1817,0,-1773,0,96,254,23
elapsed=136661 source=076E action=advance-cruise pose=-2760,489,-3720,8,108,0,63 target=-1831,0,-1787,0,96,255,23
elapsed=136664 source=076E action=advance-cruise pose=-2872,533,-3932,8,108,0,63 target=-1845,0,-1801,0,96,0,23
elapsed=136668 source=076E action=advance-cruise pose=-2984,577,-4144,8,108,0,63 target=-1859,0,-1815,0,96,1,23
elapsed=136672 source=076E action=advance-cruise pose=-3096,621,-4356,8,108,0,63 target=-1873,0,-1829,0,96,2,23
elapsed=136675 source=076E action=advance-cruise pose=-3208,665,-4568,8,108,0,63 target=-1887,0,-1843,0,96,2,23
elapsed=136679 source=076E action=advance-cruise pose=-3320,709,-4780,8,108,0,63 target=-1901,0,-1857,0,96,3,23
