# Compact Mesen oracle evidence for the Wolf blockade duel.
# Raw source SHA-256: aa08aa6c14fc12849e535c9f28606f8cd3a8abb5f7625d76d2bebce1e42990d2
# return_retail_frame=954
# map_ready_retail_frame=956
retail_frame=0 camera=0,0,0,0,0,0 player=3121,0,192,0,189,3,23 wingmate=12337,0,-448,0,189,0,23 rival=- projectiles=-
retail_frame=4 camera=0,0,0,0,0,0 player=3121,0,192,0,189,3,23 wingmate=12337,0,-448,0,189,0,23 rival=- projectiles=-
retail_frame=8 camera=0,0,0,0,0,0 player=3121,0,192,0,189,3,23 wingmate=12337,0,-448,0,189,0,23 rival=- projectiles=-
retail_frame=12 camera=0,0,0,0,0,0 player=3121,0,192,0,189,3,23 wingmate=12337,0,-448,0,189,0,23 rival=- projectiles=-
retail_frame=16 camera=0,0,0,0,0,0 player=3121,0,192,0,189,3,23 wingmate=12337,0,-448,0,189,0,23 rival=- projectiles=-
retail_frame=20 camera=0,0,0,0,0,0 player=3121,0,192,0,189,3,23 wingmate=12337,0,-448,0,189,0,23 rival=- projectiles=-
retail_frame=24 camera=0,0,0,0,0,0 player=3121,0,192,0,189,3,23 wingmate=12337,0,-448,0,189,0,23 rival=- projectiles=-
retail_frame=28 camera=0,0,0,0,0,0 player=3121,0,192,0,189,3,23 wingmate=12337,0,-448,0,189,0,23 rival=- projectiles=-
retail_frame=32 camera=0,0,0,0,0,0 player=3121,0,192,0,189,3,23 wingmate=12337,0,-448,0,189,0,23 rival=- projectiles=-
retail_frame=36 camera=0,0,0,0,0,0 player=3121,0,192,0,189,3,23 wingmate=12337,0,-448,0,189,0,23 rival=- projectiles=-
retail_frame=40 camera=0,0,0,0,0,0 player=3121,0,192,0,189,3,23 wingmate=12337,0,-448,0,189,0,23 rival=- projectiles=-
retail_frame=44 camera=0,0,0,0,0,0 player=141,0,185,0,96,0,0 wingmate=134,0,179,0,0,0,0 rival=- projectiles=-
retail_frame=48 camera=0,0,0,0,0,0 player=141,0,185,0,96,0,0 wingmate=134,0,179,0,0,0,0 rival=- projectiles=-
retail_frame=52 camera=0,0,0,0,0,0 player=141,0,185,0,96,0,0 wingmate=134,0,179,0,0,0,0 rival=- projectiles=-
retail_frame=56 camera=0,0,0,0,0,0 player=141,0,185,0,96,0,0 wingmate=134,0,179,0,0,0,0 rival=- projectiles=-
retail_frame=60 camera=0,0,0,0,0,0 player=141,0,185,0,96,0,0 wingmate=134,0,179,0,0,0,0 rival=0,0,0,0,0,0,0 projectiles=-
retail_frame=64 camera=0,0,0,0,0,0 player=141,0,185,0,96,0,0 wingmate=134,0,179,0,0,0,0 rival=0,0,0,0,0,0,0 projectiles=-
retail_frame=68 camera=0,0,0,0,0,0 player=141,0,185,0,96,0,0 wingmate=134,0,179,0,0,0,0 rival=0,0,0,0,0,0,0 projectiles=-
retail_frame=72 camera=-32673,-32734,-32583,144,36,0 player=141,0,185,0,96,0,0 wingmate=134,0,179,0,0,0,0 rival=0,0,0,0,0,0,0 projectiles=-
retail_frame=76 camera=-32696,-32717,-32583,144,36,0 player=141,0,185,0,96,0,0 wingmate=134,0,179,0,0,0,0 rival=0,0,0,0,0,0,0 projectiles=-
retail_frame=80 camera=-32719,-32700,-32583,144,36,0 player=141,0,185,0,96,0,0 wingmate=134,0,179,0,0,0,0 rival=0,0,0,0,0,0,0 projectiles=-
retail_frame=84 camera=-32765,-32666,-32583,144,36,0 player=141,0,185,0,96,0,0 wingmate=134,0,179,0,0,0,0 rival=0,0,0,0,0,0,0 projectiles=-
retail_frame=88 camera=32748,-32649,-32583,144,36,0 player=141,0,185,0,96,0,0 wingmate=134,0,179,0,0,0,0 rival=0,0,0,0,0,0,0 projectiles=-
retail_frame=92 camera=32725,-32632,-32583,144,36,0 player=141,0,185,0,96,0,0 wingmate=134,0,179,0,0,0,0 rival=0,0,0,0,0,0,0 projectiles=-
retail_frame=96 camera=32679,-32598,-32583,144,36,0 player=141,0,185,0,96,0,0 wingmate=134,0,179,0,0,0,0 rival=0,0,0,0,0,0,0 projectiles=-
retail_frame=100 camera=32656,-32581,-32583,144,36,0 player=141,0,185,0,96,0,0 wingmate=134,0,179,0,0,0,0 rival=0,0,0,0,0,0,0 projectiles=-
retail_frame=104 camera=32633,-32564,-32583,144,36,0 player=141,0,185,0,96,0,0 wingmate=134,0,179,0,0,0,0 rival=0,0,0,0,0,0,0 projectiles=-
retail_frame=108 camera=32587,-32530,-32583,144,36,0 player=141,0,185,0,96,0,0 wingmate=134,0,179,0,0,0,0 rival=0,0,0,0,0,0,0 projectiles=-
retail_frame=112 camera=32564,-32513,-32583,144,36,0 player=141,0,185,0,96,0,0 wingmate=134,0,179,0,0,0,0 rival=0,0,0,0,0,0,0 projectiles=-
retail_frame=116 camera=32541,-32496,-32583,144,36,0 player=141,0,185,0,96,0,0 wingmate=134,0,179,0,0,0,0 rival=0,0,0,0,0,0,0 projectiles=-
retail_frame=120 camera=32495,-32462,-32583,144,36,0 player=141,0,185,0,96,0,0 wingmate=134,0,179,0,0,0,0 rival=0,0,0,0,0,0,0 projectiles=-
retail_frame=124 camera=32472,-32445,-32583,144,36,0 player=141,0,185,0,96,0,0 wingmate=134,0,179,0,0,0,0 rival=0,0,0,0,0,0,0 projectiles=-
retail_frame=128 camera=32426,-32411,-32583,144,36,0 player=141,0,185,0,96,0,0 wingmate=134,0,179,0,0,0,0 rival=0,0,0,0,0,0,0 projectiles=-
retail_frame=132 camera=32403,-32394,-32583,144,36,0 player=141,0,185,0,96,0,0 wingmate=134,0,179,0,0,0,0 rival=0,0,0,0,0,0,0 projectiles=-
retail_frame=136 camera=32380,-32377,-32583,144,36,0 player=141,0,185,0,96,0,0 wingmate=134,0,179,0,0,0,0 rival=0,0,0,0,0,0,0 projectiles=-
retail_frame=140 camera=32334,-32343,-32583,144,160,0 player=141,0,185,0,96,0,0 wingmate=134,0,179,0,0,0,0 rival=0,0,0,0,0,0,0 projectiles=-
retail_frame=144 camera=32311,-32326,-32583,144,36,0 player=141,0,185,0,96,0,0 wingmate=134,0,179,0,0,0,0 rival=0,0,0,0,0,0,0 projectiles=-
retail_frame=148 camera=32288,-32309,-32583,144,36,0 player=141,0,185,0,96,0,0 wingmate=134,0,179,0,0,0,0 rival=0,0,0,0,0,0,0 projectiles=-
retail_frame=152 camera=32242,-32275,-32583,144,36,0 player=141,0,185,0,96,0,0 wingmate=134,0,179,0,0,0,0 rival=0,0,0,0,0,0,0 projectiles=-
retail_frame=156 camera=32219,-32258,-32583,144,36,0 player=141,0,185,0,96,0,0 wingmate=134,0,179,0,0,0,0 rival=0,0,0,0,0,0,0 projectiles=-
retail_frame=160 camera=32196,-32241,-32583,144,36,0 player=141,0,185,0,96,0,0 wingmate=134,0,179,0,0,0,0 rival=0,0,0,0,0,0,0 projectiles=-
retail_frame=164 camera=32150,-32207,-32583,144,36,0 player=141,0,185,0,96,0,0 wingmate=134,0,179,0,0,0,0 rival=0,0,0,0,0,0,0 projectiles=-
retail_frame=168 camera=32127,-32190,-32583,144,36,0 player=141,0,185,0,96,0,0 wingmate=134,0,179,0,0,0,0 rival=0,0,0,0,0,0,0 projectiles=-
retail_frame=172 camera=32104,-32173,-32583,144,36,0 player=141,0,185,0,96,0,0 wingmate=134,0,179,0,0,0,0 rival=0,0,0,0,0,0,0 projectiles=-
retail_frame=176 camera=32058,-32139,-32583,144,36,0 player=141,0,185,0,96,0,0 wingmate=134,0,179,0,0,0,0 rival=0,0,0,0,0,0,0 projectiles=-
retail_frame=180 camera=32035,-32122,-32583,128,6,0 player=141,0,185,0,96,0,0 wingmate=134,0,179,0,0,0,0 rival=0,0,0,0,0,0,0 projectiles=-
retail_frame=184 camera=32012,-32105,-32583,128,6,0 player=141,0,185,0,96,0,0 wingmate=134,0,179,0,0,0,0 rival=0,0,0,0,0,0,0 projectiles=-
retail_frame=188 camera=31966,-32071,-32583,120,242,0 player=141,0,185,0,96,0,0 wingmate=134,0,179,0,0,0,0 rival=0,0,0,0,0,0,0 projectiles=-
retail_frame=192 camera=31943,-32054,-32583,120,212,0 player=141,0,185,0,96,0,0 wingmate=134,0,179,0,0,0,0 rival=0,0,0,0,0,0,0 projectiles=-
retail_frame=196 camera=31920,-32037,-32583,120,212,0 player=141,0,185,0,96,0,0 wingmate=134,0,179,0,0,0,0 rival=0,0,0,0,0,0,0 projectiles=-
retail_frame=200 camera=31874,-32003,-32583,104,182,0 player=141,0,185,0,96,0,0 wingmate=134,0,179,0,0,0,0 rival=0,0,0,0,0,0,0 projectiles=-
retail_frame=204 camera=31851,-31986,-32583,104,162,0 player=141,0,185,0,96,0,0 wingmate=134,0,179,0,0,0,0 rival=0,0,0,0,0,0,0 projectiles=-
retail_frame=208 camera=31828,-31969,-32583,88,132,0 player=141,0,185,0,96,0,0 wingmate=134,0,179,0,0,0,0 rival=0,0,0,0,0,0,0 projectiles=-
retail_frame=212 camera=31782,-31935,-32583,80,82,0 player=141,0,185,0,96,0,0 wingmate=134,0,179,0,0,0,0 rival=0,0,0,0,0,0,0 projectiles=-
retail_frame=216 camera=31759,-31918,-32583,64,62,0 player=141,0,185,0,96,0,0 wingmate=134,0,179,0,0,0,0 rival=0,0,0,0,0,0,0 projectiles=-
retail_frame=220 camera=31736,-31901,-32583,56,12,0 player=141,0,185,0,96,0,0 wingmate=134,0,179,0,0,0,0 rival=0,0,0,0,0,0,0 projectiles=-
retail_frame=224 camera=31690,-31867,-32583,32,188,0 player=141,0,185,0,96,0,0 wingmate=134,0,179,0,0,0,0 rival=0,0,0,0,0,0,0 projectiles=-
retail_frame=228 camera=31667,-31850,-32583,8,118,0 player=141,0,185,0,96,0,0 wingmate=134,0,179,0,0,0,0 rival=0,0,0,0,0,0,0 projectiles=-
retail_frame=232 camera=31644,-31833,-32583,248,38,0 player=141,0,185,0,96,0,0 wingmate=134,0,179,0,0,0,0 rival=0,0,0,0,0,0,0 projectiles=-
retail_frame=236 camera=31598,-31799,-32583,192,114,0 player=141,0,185,0,96,0,0 wingmate=134,0,179,0,0,0,0 rival=0,0,0,0,0,0,0 projectiles=-
retail_frame=240 camera=31575,-31782,-32583,168,14,0 player=141,0,185,0,96,0,0 wingmate=134,0,179,0,0,0,0 rival=0,0,0,0,0,0,0 projectiles=-
retail_frame=244 camera=31552,-31765,-32583,120,130,0 player=141,0,185,0,96,0,0 wingmate=134,0,179,0,0,0,0 rival=0,0,0,0,0,0,0 projectiles=-
retail_frame=248 camera=31506,-31731,-32583,16,36,0 player=141,0,185,0,96,0,0 wingmate=134,0,179,0,0,0,0 rival=0,0,0,0,0,0,0 projectiles=-
retail_frame=252 camera=31483,-31714,-32583,216,82,0 player=141,0,185,0,96,0,0 wingmate=134,0,179,0,0,0,0 rival=0,0,0,0,0,0,0 projectiles=-
retail_frame=256 camera=31460,-31697,-32583,136,78,0 player=141,0,185,0,96,0,0 wingmate=134,0,179,0,0,0,0 rival=0,0,0,0,0,0,0 projectiles=-
retail_frame=260 camera=31414,-31663,-32583,176,216,0 player=141,0,185,0,96,0,0 wingmate=134,0,179,0,0,0,0 rival=0,0,0,0,0,0,0 projectiles=-
retail_frame=264 camera=31391,-31646,-32583,64,92,0 player=141,0,185,0,96,0,0 wingmate=134,0,179,0,0,0,0 rival=0,0,0,0,0,0,0 projectiles=-
retail_frame=268 camera=31368,-31629,-32583,192,194,0 player=141,0,185,0,96,0,0 wingmate=134,0,179,0,0,0,0 rival=0,0,0,0,0,0,0 projectiles=-
retail_frame=272 camera=31322,-31595,-32583,192,242,0 player=141,0,185,0,96,0,0 wingmate=134,0,179,0,0,0,0 rival=0,0,0,0,0,0,0 projectiles=-
retail_frame=276 camera=31299,-31578,-32583,128,228,0 player=141,0,185,0,96,0,0 wingmate=134,0,179,0,0,0,0 rival=0,0,0,0,0,0,0 projectiles=-
retail_frame=280 camera=31276,-31561,-32583,24,214,0 player=141,0,185,0,96,0,0 wingmate=134,0,179,0,0,0,0 rival=0,0,0,0,0,0,0 projectiles=-
retail_frame=284 camera=31230,-31527,-32583,224,36,0 player=141,0,185,0,96,0,0 wingmate=134,0,179,0,0,0,0 rival=0,0,0,0,0,0,0 projectiles=-
retail_frame=288 camera=31207,-31510,-32583,32,148,0 player=141,0,185,0,96,0,0 wingmate=134,0,179,0,0,0,0 rival=0,0,0,0,0,0,0 projectiles=-
retail_frame=292 camera=31184,-31493,-32583,0,250,0 player=141,0,185,0,96,0,0 wingmate=134,0,179,0,0,0,0 rival=0,0,0,0,0,0,0 projectiles=-
retail_frame=296 camera=31138,-31459,-32583,112,8,0 player=141,0,185,0,96,0,0 wingmate=134,0,179,0,0,0,0 rival=0,0,0,0,0,0,0 projectiles=-
retail_frame=300 camera=31115,-31442,-32583,224,246,0 player=141,0,185,0,96,0,0 wingmate=134,0,179,0,0,0,0 rival=0,0,0,0,0,0,0 projectiles=-
retail_frame=304 camera=31092,-31425,-32583,232,108,0 player=141,0,185,0,96,0,0 wingmate=134,0,179,0,0,0,0 rival=0,0,0,0,0,0,0 projectiles=-
retail_frame=308 camera=31046,-31391,-32583,168,194,0 player=141,0,185,0,96,0,0 wingmate=134,0,179,0,0,0,0 rival=0,0,0,0,0,0,0 projectiles=-
retail_frame=312 camera=31023,-31374,-32583,48,132,0 player=141,0,185,0,96,0,0 wingmate=134,0,179,0,0,0,0 rival=0,0,0,0,0,0,0 projectiles=-
retail_frame=316 camera=31000,-31357,-32583,128,0,0 player=141,0,185,0,96,0,0 wingmate=134,0,179,0,0,0,0 rival=0,0,0,0,0,0,0 projectiles=-
retail_frame=320 camera=30954,-31323,-32583,152,92,0 player=141,0,185,0,96,0,0 wingmate=134,0,179,0,0,0,0 rival=0,0,0,0,0,0,0 projectiles=-
retail_frame=324 camera=30931,-31306,-32583,40,60,0 player=141,0,185,0,96,0,0 wingmate=134,0,179,0,0,0,0 rival=0,0,0,0,0,0,0 projectiles=-
retail_frame=328 camera=30908,-31289,-32583,8,108,0 player=141,0,185,0,96,0,0 wingmate=134,0,179,0,0,0,0 rival=0,0,0,0,0,0,0 projectiles=-
retail_frame=332 camera=30862,-31255,-32583,160,178,0 player=141,0,185,0,96,0,0 wingmate=134,0,179,0,0,0,0 rival=0,0,0,0,0,0,0 projectiles=-
retail_frame=336 camera=30839,-31238,-32583,160,168,0 player=141,0,185,0,96,0,0 wingmate=134,0,179,0,0,0,0 rival=0,0,0,0,0,0,0 projectiles=-
retail_frame=340 camera=30816,-31221,-32583,8,186,0 player=141,0,185,0,96,0,0 wingmate=134,0,179,0,0,0,0 rival=0,0,0,0,0,0,0 projectiles=-
retail_frame=344 camera=30770,-31187,-32583,104,124,0 player=141,0,185,0,96,0,0 wingmate=134,0,179,0,0,0,0 rival=0,0,0,0,0,0,0 projectiles=-
retail_frame=348 camera=30747,-31170,-32583,56,140,0 player=141,0,185,0,96,0,0 wingmate=134,0,179,0,0,0,0 rival=0,0,0,0,0,0,0 projectiles=-
retail_frame=352 camera=30724,-31153,-32583,16,206,0 player=141,0,185,0,96,0,0 wingmate=134,0,179,0,0,0,0 rival=0,0,0,0,0,0,0 projectiles=-
retail_frame=356 camera=30678,-31119,-32583,240,212,0 player=141,0,185,0,96,0,0 wingmate=134,0,179,0,0,0,0 rival=0,0,0,0,0,0,0 projectiles=-
retail_frame=360 camera=30655,-31102,-32583,216,112,0 player=141,0,185,0,96,0,0 wingmate=134,0,179,0,0,0,0 rival=0,0,0,0,0,0,0 projectiles=-
retail_frame=364 camera=30632,-31085,-32583,200,42,0 player=141,0,185,0,96,0,0 wingmate=134,0,179,0,0,0,0 rival=0,0,0,0,0,0,0 projectiles=-
retail_frame=368 camera=30586,-31051,-32583,176,168,0 player=141,0,185,0,96,0,0 wingmate=134,0,179,0,0,0,0 rival=0,0,0,0,0,0,0 projectiles=-
retail_frame=372 camera=30563,-31034,-32583,168,118,0 player=141,0,185,0,96,0,0 wingmate=134,0,179,0,0,0,0 rival=0,0,0,0,0,0,0 projectiles=-
retail_frame=376 camera=30540,-31017,-32583,168,68,0 player=141,0,185,0,96,0,0 wingmate=134,0,179,0,0,0,0 rival=0,0,0,0,0,0,0 projectiles=-
retail_frame=380 camera=30494,-30983,-32583,152,244,0 player=141,0,185,0,96,0,0 wingmate=134,0,179,0,0,0,0 rival=0,0,0,0,0,0,0 projectiles=-
retail_frame=384 camera=30471,-30966,-32583,136,224,0 player=141,0,185,0,96,0,0 wingmate=134,0,179,0,0,0,0 rival=0,0,0,0,0,0,0 projectiles=-
retail_frame=388 camera=30448,-30949,-32583,136,194,0 player=141,0,185,0,96,0,0 wingmate=134,0,179,0,0,0,0 rival=0,0,0,0,0,0,0 projectiles=-
retail_frame=392 camera=30402,-30915,-32583,128,144,0 player=141,0,185,0,96,0,0 wingmate=134,0,179,0,0,0,0 rival=0,0,0,0,0,0,0 projectiles=-
retail_frame=396 camera=30379,-30898,-32583,112,124,0 player=141,0,185,0,96,0,0 wingmate=134,0,179,0,0,0,0 rival=0,0,0,0,0,0,0 projectiles=-
retail_frame=400 camera=30356,-30881,-32583,128,94,0 player=141,0,185,0,96,1,2 wingmate=-6387,0,-6343,0,96,1,2 rival=0,0,0,0,0,0,0 projectiles=-
retail_frame=404 camera=30333,-30864,-32583,0,0,0 player=137,0,181,0,96,2,6 wingmate=-6388,0,-6344,0,96,2,6 rival=0,0,0,0,0,0,0 projectiles=-
retail_frame=408 camera=198,-19,242,0,0,0 player=137,0,181,0,96,2,6 wingmate=-6391,0,-6347,0,96,2,6 rival=10137,0,8181,23,78,5,1 projectiles=-
retail_frame=412 camera=169,-18,213,0,0,0 player=128,0,172,0,96,3,9 wingmate=-6400,0,-6356,0,96,3,9 rival=10133,8,8181,26,82,12,3 projectiles=-
retail_frame=416 camera=153,-16,197,0,0,0 player=123,0,167,0,96,4,10 wingmate=-6405,0,-6361,0,96,4,10 rival=10125,16,8181,27,84,15,4 projectiles=-
retail_frame=420 camera=137,-14,181,0,0,0 player=117,0,161,0,96,4,11 wingmate=-6411,0,-6367,0,96,4,11 rival=10113,28,8177,28,86,18,5 projectiles=-
retail_frame=424 camera=135,-13,179,0,0,0 player=110,0,154,0,96,4,12 wingmate=-6418,0,-6374,0,96,0,12 rival=10101,40,8169,29,88,20,6 projectiles=-
retail_frame=428 camera=107,-11,151,0,0,0 player=94,0,138,0,96,3,14 wingmate=-6434,0,-6390,0,96,0,14 rival=10073,76,8149,31,92,24,8 projectiles=-
retail_frame=432 camera=97,-10,141,0,0,0 player=85,0,129,0,96,3,15 wingmate=-6443,0,-6399,0,96,0,15 rival=10057,100,8137,32,94,26,9 projectiles=-
retail_frame=436 camera=86,-9,130,0,0,0 player=75,0,119,0,96,2,16 wingmate=-6453,0,-6409,0,96,0,16 rival=10041,128,8121,33,96,27,10 projectiles=-
retail_frame=440 camera=63,-8,107,0,0,0 player=54,0,98,0,96,1,18 wingmate=-6474,0,-6430,0,96,0,18 rival=10009,196,8081,35,100,29,12 projectiles=-
retail_frame=444 camera=50,-8,94,0,0,0 player=42,0,86,0,96,0,19 wingmate=-6486,0,-6442,0,96,0,19 rival=9993,232,8057,36,102,30,13 projectiles=-
retail_frame=448 camera=37,-8,81,0,0,0 player=30,0,74,0,96,255,20 wingmate=-6498,0,-6454,0,96,0,20 rival=9977,272,8033,37,104,31,14 projectiles=-
retail_frame=452 camera=8,-7,52,0,0,0 player=3,0,47,0,96,254,22 wingmate=-6525,0,-6481,0,96,0,22 rival=9937,356,7969,29,104,23,16 projectiles=-
retail_frame=456 camera=-7,-6,37,0,0,0 player=-11,0,33,0,96,253,23 wingmate=-6539,0,-6495,0,96,0,23 rival=9909,388,7925,21,102,16,17 projectiles=-
retail_frame=460 camera=-22,-5,22,0,0,0 player=-25,0,19,0,96,253,23 wingmate=-6553,0,-6509,0,96,0,23 rival=9869,408,7877,14,100,9,18 projectiles=-
retail_frame=464 camera=-39,-4,5,0,0,0 player=-53,0,-9,0,96,252,23 wingmate=-6581,0,-6537,0,96,0,23 rival=9777,420,7781,2,96,254,20 projectiles=-
retail_frame=468 camera=-44,-4,0,0,0,0 player=-67,0,-23,0,96,252,23 wingmate=-6595,0,-6551,0,96,0,23 rival=9721,416,7733,253,94,250,21 projectiles=-
retail_frame=472 camera=-49,-4,-5,0,0,0 player=-81,0,-37,0,96,252,23 wingmate=-6609,0,-6565,0,96,0,23 rival=9661,404,7685,249,92,246,22 projectiles=-
retail_frame=476 camera=-58,-3,-14,0,0,0 player=-109,0,-65,0,96,253,23 wingmate=-68,-3,-24,0,0,0,23 rival=9593,384,7637,245,90,243,23 projectiles=-
retail_frame=480 camera=-63,-3,-19,0,0,0 player=-123,0,-79,0,96,254,23 wingmate=-6651,0,-6607,0,96,0,23 rival=9449,320,7549,239,86,237,25 projectiles=-
retail_frame=484 camera=-68,-3,-24,0,0,0 player=-137,0,-93,0,96,254,23 wingmate=-6665,0,-6621,0,96,0,23 rival=9373,276,7513,237,84,235,26 projectiles=-
retail_frame=488 camera=-70,-2,-26,0,0,0 player=-151,0,-107,0,96,255,23 wingmate=-6679,0,-6635,0,96,0,23 rival=9293,224,7477,235,82,233,27 projectiles=-
retail_frame=492 camera=-82,0,-38,200,0,0 player=-179,0,-135,0,96,1,23 wingmate=-6707,0,-6663,0,96,0,23 rival=9133,104,7417,231,78,230,29 projectiles=-
retail_frame=496 camera=-96,1,-52,148,0,0 player=-193,0,-149,0,96,2,23 wingmate=-6721,0,-6677,0,96,0,23 rival=9045,36,7393,230,76,229,30 projectiles=-
retail_frame=500 camera=-110,2,-66,250,0,0 player=-207,0,-163,0,96,2,23 wingmate=-6735,0,-6691,0,96,0,23 rival=8957,-36,7373,229,74,228,31 projectiles=-
retail_frame=504 camera=-138,4,-94,70,0,0 player=-235,0,-191,0,96,3,23 wingmate=-221,0,-177,4,0,0,23 rival=8865,-116,7357,228,72,227,32 projectiles=-
retail_frame=508 camera=-152,5,-108,83,0,0 player=-249,0,-205,0,96,4,23 wingmate=-6777,0,-6733,0,96,0,23 rival=8673,-288,7337,226,68,225,34 projectiles=-
retail_frame=512 camera=-166,6,-122,89,0,0 player=-263,0,-219,0,96,4,23 wingmate=-6791,0,-6747,0,96,0,23 rival=8577,-380,7337,225,66,224,35 projectiles=-
retail_frame=516 camera=-180,7,-136,92,0,0 player=-277,0,-233,0,96,4,23 wingmate=-6805,0,-6761,0,96,0,23 rival=8481,-480,7337,224,64,223,36 projectiles=-
retail_frame=520 camera=-194,8,-150,94,0,0 player=-291,0,-247,0,96,4,23 wingmate=-6819,0,-6775,0,96,0,23 rival=8385,-584,7337,223,62,222,37 projectiles=-
retail_frame=524 camera=-208,9,-164,95,0,0 player=-305,0,-261,0,96,3,23 wingmate=-6833,0,-6789,0,96,0,23 rival=8289,-692,7341,222,60,221,38 projectiles=-
retail_frame=528 camera=-222,10,-178,96,0,0 player=-319,0,-275,0,96,3,23 wingmate=-6847,0,-6803,0,96,0,23 rival=8193,-808,7353,221,58,220,39 projectiles=-
retail_frame=532 camera=-236,11,-192,96,0,0 player=-333,0,-289,0,96,2,23 wingmate=-6861,0,-6817,0,96,0,23 rival=8101,-928,7369,220,56,219,40 projectiles=-
retail_frame=536 camera=-250,12,-206,96,0,0 player=-361,0,-317,0,96,1,23 wingmate=-6875,0,-6831,0,96,1,23 rival=8009,-1056,7389,219,54,218,41 projectiles=-
retail_frame=540 camera=-280,14,-232,96,136,0 player=-375,0,-331,0,96,0,23 wingmate=-361,0,-317,4,1,0,23 rival=7921,-1188,7413,218,52,217,42 projectiles=-
retail_frame=544 camera=-296,15,-243,96,204,0 player=-389,0,-345,0,96,255,23 wingmate=-6917,0,-6873,0,96,0,23 rival=7749,-1468,7473,216,48,216,44 projectiles=-
retail_frame=548 camera=-313,16,-255,84,230,0 player=-403,0,-359,0,96,254,23 wingmate=-6931,0,-6887,0,96,0,23 rival=7665,-1612,7509,216,46,216,45 projectiles=-
retail_frame=552 camera=-328,17,-268,90,51,0 player=-417,0,-373,0,96,254,23 wingmate=-6945,0,-6901,0,96,0,23 rival=7581,-1760,7553,216,44,216,46 projectiles=-
retail_frame=556 camera=-344,18,-280,93,122,0 player=-431,0,-387,0,96,253,23 wingmate=-6959,0,-6915,0,96,0,23 rival=7497,-1912,7601,216,42,216,47 projectiles=-
retail_frame=560 camera=-361,19,-292,83,149,0 player=-445,0,-401,0,96,253,23 wingmate=-6973,0,-6929,0,96,0,23 rival=7413,-2068,7657,216,40,216,48 projectiles=-
retail_frame=564 camera=-377,20,-305,78,203,0 player=-459,0,-415,0,96,252,23 wingmate=-6987,0,-6943,0,96,0,23 rival=7329,-2228,7717,216,38,216,49 projectiles=-
retail_frame=568 camera=-394,20,-317,75,222,0 player=-473,0,-429,0,96,252,23 wingmate=-7001,0,-6957,0,96,0,23 rival=7249,-2392,7781,216,36,216,50 projectiles=-
retail_frame=572 camera=-411,20,-329,74,223,0 player=-487,0,-443,0,96,252,23 wingmate=-7015,0,-6971,0,96,0,23 rival=7169,-2556,7853,216,34,216,51 projectiles=-
retail_frame=576 camera=-427,20,-342,85,8,0 player=-501,0,-457,0,96,252,23 wingmate=-7029,0,-6985,0,96,0,23 rival=7093,-2724,7929,216,32,216,52 projectiles=-
retail_frame=580 camera=-443,20,-354,79,52,0 player=-515,0,-471,0,96,253,23 wingmate=-7043,0,-6999,0,96,0,23 rival=7017,-2896,8009,216,30,216,53 projectiles=-
retail_frame=584 camera=-460,20,-366,87,66,0 player=-543,0,-499,0,96,254,23 wingmate=-7057,0,-7013,0,96,254,23 rival=6945,-3072,8097,216,28,216,54 projectiles=-
retail_frame=588 camera=-493,20,-393,93,185,0 player=-557,0,-513,0,96,254,23 wingmate=-543,0,-499,0,110,0,23 rival=6877,-3252,8189,216,26,216,55 projectiles=-
retail_frame=592 camera=-510,20,-405,94,205,0 player=-571,0,-527,0,96,255,23 wingmate=-7099,0,-7055,0,96,0,23 rival=6753,-3616,8389,216,22,216,57 projectiles=-
retail_frame=596 camera=-526,20,-418,95,239,0 player=-585,0,-541,0,96,0,23 wingmate=-7113,0,-7069,0,96,0,23 rival=6697,-3804,8497,216,20,216,58 projectiles=-
retail_frame=600 camera=-543,20,-431,96,16,0 player=-599,0,-555,0,96,1,23 wingmate=-7127,0,-7083,0,96,0,23 rival=6645,-3996,8609,216,18,216,59 projectiles=-
retail_frame=604 camera=-560,20,-444,104,40,0 player=-613,0,-569,0,96,2,23 wingmate=-7141,0,-7097,0,96,0,23 rival=6589,-4000,8733,216,18,221,64 projectiles=-
retail_frame=608 camera=-577,20,-457,108,52,0 player=-627,0,-583,0,96,2,23 wingmate=-7155,0,-7111,0,96,0,23 rival=6529,-4000,8865,216,18,225,69 projectiles=-
retail_frame=612 camera=-594,20,-470,122,66,0 player=-641,0,-597,0,96,3,23 wingmate=-7169,0,-7125,0,96,0,23 rival=6469,-4000,8997,216,18,228,70 projectiles=-
retail_frame=616 camera=-611,20,-483,129,89,0 player=-655,0,-611,0,96,3,23 wingmate=-7183,0,-7139,0,96,0,23 rival=6409,-4000,9129,216,18,231,70 projectiles=-
retail_frame=620 camera=-627,20,-496,132,141,0 player=-669,0,-625,0,96,4,23 wingmate=-7197,0,-7153,0,96,0,23 rival=6349,-4000,9261,216,18,234,70 projectiles=-
retail_frame=624 camera=-644,20,-510,142,183,0 player=-683,0,-639,0,96,4,23 wingmate=-7211,0,-7167,0,96,0,23 rival=6289,-4000,9393,216,18,236,70 projectiles=-
retail_frame=628 camera=-661,20,-523,147,196,0 player=-697,0,-653,0,96,4,23 wingmate=-7225,0,-7181,0,96,0,23 rival=6229,-4000,9525,216,18,238,70 projectiles=-
retail_frame=632 camera=-678,20,-536,161,218,0 player=-711,0,-667,0,96,4,23 wingmate=-7239,0,-7195,0,96,0,23 rival=6169,-4000,9657,216,18,240,70 projectiles=-
retail_frame=636 camera=-695,20,-550,168,245,0 player=-725,0,-681,0,96,3,23 wingmate=-7253,0,-7209,0,96,0,23 rival=6109,-4000,9789,216,18,242,70 projectiles=-
retail_frame=640 camera=-711,20,-563,172,51,0 player=-739,0,-695,0,96,3,23 wingmate=-7267,0,-7223,0,96,0,23 rival=6049,-4000,9921,216,18,243,70 projectiles=-
retail_frame=644 camera=-728,20,-577,182,90,0 player=-753,0,-709,0,96,2,23 wingmate=-7281,0,-7237,0,96,2,23 rival=5989,-4000,10053,216,18,244,70 projectiles=-
retail_frame=648 camera=-762,20,-605,195,125,0 player=-781,0,-737,0,96,1,23 wingmate=-767,0,-723,0,126,0,23 rival=5929,-4000,10185,216,18,245,70 projectiles=-
retail_frame=652 camera=-779,20,-619,230,188,0 player=-795,0,-751,0,96,0,23 wingmate=-7323,0,-7279,0,96,0,23 rival=5869,-4000,10317,216,18,246,70 projectiles=-
retail_frame=656 camera=-795,20,-632,239,230,0 player=-809,0,-765,0,96,255,23 wingmate=-7337,0,-7293,0,96,0,23 rival=5749,-4228,10581,216,18,248,70 projectiles=-
retail_frame=660 camera=-811,20,-647,255,67,0 player=-823,0,-779,0,96,254,23 wingmate=-7351,0,-7307,0,96,0,23 rival=5689,-4000,10713,216,18,249,70 projectiles=-
retail_frame=664 camera=-828,20,-661,15,122,0 player=-837,0,-793,0,96,254,23 wingmate=-7365,0,-7321,0,96,0,23 rival=5629,-4000,10845,216,18,250,70 projectiles=-
retail_frame=668 camera=-845,20,-675,31,149,0 player=-851,0,-807,0,96,253,23 wingmate=-7379,0,-7335,0,96,0,23 rival=5569,-4000,10977,216,18,251,70 projectiles=-
retail_frame=672 camera=-862,20,-689,51,171,0 player=-865,0,-821,0,96,253,23 wingmate=-7393,0,-7349,0,96,0,23 rival=5509,-4000,11109,216,18,252,70 projectiles=-
retail_frame=676 camera=-879,20,-703,69,214,0 player=-879,0,-835,0,96,252,23 wingmate=-7407,0,-7363,0,96,0,23 rival=5449,-4000,11241,216,18,253,70 projectiles=-
retail_frame=680 camera=-895,20,-718,86,51,0 player=-893,0,-849,0,96,252,23 wingmate=-7421,0,-7377,0,96,0,23 rival=5389,-4000,11373,216,18,254,70 projectiles=-
retail_frame=684 camera=-912,20,-732,87,106,0 player=-907,0,-863,0,96,252,23 wingmate=-7435,0,-7391,0,96,0,23 rival=5329,-4000,11505,216,18,255,70 projectiles=-
retail_frame=688 camera=-929,20,-747,68,133,0 player=-921,0,-877,0,96,252,23 wingmate=-7449,0,-7405,0,96,0,23 rival=5269,-4000,11637,216,18,0,70 projectiles=-
retail_frame=692 camera=-946,20,-762,70,155,0 player=-949,0,-905,0,96,253,23 wingmate=-867,-4,-823,0,96,253,23 rival=5121,-4000,11729,221,41,0,70 projectiles=-
retail_frame=696 camera=-979,20,-791,34,207,0 player=-963,0,-919,0,96,254,23 wingmate=-7491,0,-7447,0,96,0,23 rival=4929,-4000,11753,225,58,0,70 projectiles=-
retail_frame=700 camera=-996,20,-806,33,232,0 player=-977,0,-933,0,96,254,23 wingmate=-7505,0,-7461,0,96,0,23 rival=4521,-4156,11637,231,81,0,70 projectiles=-
retail_frame=704 camera=-1013,20,-821,13,4,0 player=-991,0,-947,0,96,255,23 wingmate=-7519,0,-7475,0,96,0,23 rival=4329,-4000,11509,234,88,0,70 projectiles=-
retail_frame=708 camera=-1030,20,-836,14,2,0 player=-1005,0,-961,0,96,0,23 wingmate=-7533,0,-7489,0,96,0,23 rival=4153,-4000,11349,236,94,0,70 projectiles=-
retail_frame=712 camera=-1047,20,-851,3,17,0 player=-1033,0,-989,0,96,2,23 wingmate=-7547,0,-7503,0,96,2,23 rival=3993,-4000,11169,238,98,0,70 projectiles=-
retail_frame=716 camera=-1080,20,-881,251,49,0 player=-1047,0,-1003,0,96,2,23 wingmate=-7575,0,-7531,0,96,0,23 rival=3841,-4000,10973,240,101,0,70 projectiles=-
retail_frame=720 camera=-1097,20,-897,242,57,0 player=-1061,0,-1017,0,96,3,23 wingmate=-7589,0,-7545,0,96,0,23 rival=3573,-4000,10545,243,106,0,70 projectiles=-
retail_frame=724 camera=-1114,20,-912,245,61,0 player=-1075,0,-1031,0,96,3,23 wingmate=-7603,0,-7559,0,96,0,23 rival=3449,-4000,10321,244,107,0,70 projectiles=-
retail_frame=728 camera=-1130,20,-926,239,103,0 player=-1089,0,-1045,0,96,4,23 wingmate=-7617,0,-7573,0,96,0,23 rival=3329,-4000,10089,245,108,0,70 projectiles=-
retail_frame=732 camera=-1163,20,-958,236,108,0 player=-1117,0,-1073,0,96,4,23 wingmate=-1103,0,-1059,0,150,0,23 rival=3213,-4000,9857,246,109,0,70 projectiles=-
retail_frame=736 camera=-1179,20,-973,221,175,0 player=-1131,0,-1087,0,96,4,23 wingmate=-7659,0,-7615,0,96,0,23 rival=3105,-4000,9621,247,110,0,70 projectiles=-
retail_frame=740 camera=-1196,20,-989,226,176,0 player=-1145,0,-1101,0,96,3,23 wingmate=-7673,0,-7629,0,96,0,23 rival=2901,-4000,9133,249,112,0,70 projectiles=-
retail_frame=744 camera=-1213,20,-1005,217,152,0 player=-1159,0,-1115,0,96,3,23 wingmate=-7687,0,-7643,0,96,0,23 rival=2809,-4000,8885,250,113,0,70 projectiles=-
retail_frame=748 camera=-1229,20,-1020,224,172,0 player=-1173,0,-1129,0,96,2,23 wingmate=-7701,0,-7657,0,96,0,23 rival=2717,-4000,8633,251,113,0,70 projectiles=-
retail_frame=752 camera=-1119,2,-1075,0,0,0 player=-1201,0,-1157,0,96,1,23 wingmate=-1187,0,-1143,0,156,0,23 rival=2625,-4000,8381,252,113,0,70 projectiles=-
retail_frame=756 camera=-1277,20,-1067,231,234,0 player=-1215,0,-1171,0,96,0,23 wingmate=-7743,0,-7699,0,96,0,23 rival=2533,-4000,8129,253,113,0,70 projectiles=-
retail_frame=760 camera=-1294,20,-1083,232,237,0 player=-1229,0,-1185,0,96,255,23 wingmate=-7757,0,-7713,0,96,0,23 rival=2441,-4000,7877,254,113,0,70 projectiles=-
retail_frame=764 camera=-1310,20,-1100,164,254,0 player=-1243,0,-1199,0,96,254,23 wingmate=-7771,0,-7727,0,96,0,23 rival=2349,-3976,7625,8,113,0,70 projectiles=-
retail_frame=768 camera=-1326,20,-1116,138,143,0 player=-1257,0,-1213,0,96,254,23 wingmate=-7785,0,-7741,0,96,0,23 rival=2169,-3852,7133,11,113,0,70 projectiles=-
retail_frame=772 camera=-1342,20,-1132,109,47,0 player=-1271,0,-1227,0,96,253,23 wingmate=-7799,0,-7755,0,96,0,23 rival=2081,-3764,6897,14,113,0,70 projectiles=-
retail_frame=776 camera=-1359,20,-1148,58,183,0 player=-1285,0,-1241,0,96,253,23 wingmate=-7813,0,-7769,0,96,0,23 rival=1997,-3660,6665,16,113,0,70 projectiles=-
retail_frame=780 camera=-1375,20,-1165,245,227,0 player=-1313,0,-1269,0,96,252,23 wingmate=-7827,0,-7783,0,96,252,23 rival=1913,-3552,6433,17,113,0,70 projectiles=-
retail_frame=784 camera=-1406,20,-1196,109,132,0 player=-1327,0,-1283,0,96,252,23 wingmate=-1313,0,-1269,0,165,0,23 rival=1821,-3436,6209,18,112,0,70 projectiles=-
retail_frame=788 camera=-1406,20,-1196,109,132,0 player=-1341,0,-1297,0,96,252,23 wingmate=-7855,0,-7811,0,96,252,23 rival=1733,-3312,5989,19,112,0,70 projectiles=04B9,1519,-3041,5470,22,112,0,63
retail_frame=792 camera=-1437,20,-1229,76,65,0 player=-1355,0,-1311,0,96,253,23 wingmate=-1341,0,-1297,0,167,0,23 rival=1645,-3184,5769,20,112,0,70 projectiles=04B9,1305,-2773,4951,22,112,0,63
retail_frame=796 camera=-1453,20,-1246,50,24,0 player=-1369,0,-1325,0,96,253,23 wingmate=-7897,0,-7853,0,96,0,23 rival=1557,-3052,5553,21,112,0,70 projectiles=04B9,1088,-2506,4432,22,112,0,63
retail_frame=800 camera=-1469,20,-1263,29,180,0 player=-1383,0,-1339,0,96,254,23 wingmate=-7911,0,-7867,0,96,0,23 rival=1473,-2912,5341,22,112,0,70 projectiles=04B9,871,-2241,3913,22,112,0,63
retail_frame=804 camera=-1484,20,-1279,11,18,0 player=-1397,0,-1353,0,96,254,23 wingmate=-7925,0,-7881,0,96,0,23 rival=1389,-2772,5129,22,112,0,70 projectiles=04B9,654,-1983,3393,21,112,0,63
retail_frame=808 camera=-1500,20,-1295,242,49,0 player=-1411,0,-1367,0,96,255,23 wingmate=-7939,0,-7895,0,96,0,23 rival=1213,-2508,4697,21,112,0,70 projectiles=04B9,434,-1728,2871,21,112,0,63
retail_frame=812 camera=-1516,20,-1312,229,48,0 player=-1425,0,-1381,0,96,0,23 wingmate=-7953,0,-7909,0,96,0,23 rival=1213,-2508,4697,21,112,0,70 projectiles=04B9,210,-1480,2345,20,112,0,63
retail_frame=816 camera=-1530,20,-1328,215,40,0 player=-1439,0,-1395,0,96,1,23 wingmate=-7967,0,-7923,0,96,0,23 rival=1037,-2252,4257,20,112,0,70 projectiles=04B9,-17,-1235,1819,20,112,0,63
retail_frame=820 camera=-1545,20,-1345,200,252,0 player=-1453,0,-1409,0,96,2,23 wingmate=-1439,0,-1395,0,174,0,23 rival=1037,-2252,4257,20,112,0,70 projectiles=072F,810,-2007,3731,20,112,0,63;04B9,-244,-997,1289,19,112,0,63
retail_frame=824 camera=-1385,-3,-1341,0,0,0 player=-1467,0,-1423,0,96,2,23 wingmate=-1385,-3,-1341,0,96,2,23 rival=949,-2124,4037,20,112,0,70 projectiles=072F,583,-1765,3205,20,112,0,63;04B9,-482,-765,758,19,111,0,63
retail_frame=828 camera=-1561,20,-1362,192,190,0 player=-1467,0,-1423,0,96,2,23 wingmate=-7995,0,-7951,0,96,0,23 rival=861,-2000,3817,19,112,0,70 projectiles=072F,356,-1530,2675,19,112,0,63;04B9,-720,-547,225,18,111,0,63
retail_frame=832 camera=-1576,20,-1378,180,103,0 player=-1481,0,-1437,0,96,3,23 wingmate=-8009,0,-7965,0,96,0,23 rival=769,-1876,3597,19,111,0,70 projectiles=072F,118,-1298,2143,19,111,0,63;04B9,-961,-339,-312,17,111,0,63
retail_frame=836 camera=-1591,20,-1395,166,251,0 player=-1495,0,-1451,0,96,3,23 wingmate=-8023,0,-7979,0,96,0,23 rival=677,-1752,3377,19,111,0,70 projectiles=072F,-120,-1077,1610,18,111,0,63;04B9,-1211,-152,-856,15,111,0,63
retail_frame=840 camera=-1606,20,-1412,159,133,0 player=-1509,0,-1465,0,96,4,23 wingmate=-50,38,-105,0,96,0,23 rival=581,-1636,3153,18,111,0,70 projectiles=072F,-358,-859,1077,18,111,0,63;04B9,-1307,-76,-1064,13,110,0,63
retail_frame=844 camera=-1621,20,-1429,156,2,0 player=-1523,0,-1479,0,96,4,23 wingmate=-54,29,-107,0,96,0,23 rival=485,-1520,2929,18,111,0,70 projectiles=072F,-599,-648,540,17,111,0,63;04B9,-1403,0,-1272,10,109,0,63
retail_frame=848 camera=-1636,20,-1446,154,129,0 player=-1537,0,-1493,0,96,4,23 wingmate=-54,29,-107,0,96,0,23 rival=389,-1412,2701,17,111,0,70 projectiles=072F,-843,-451,-1,16,111,0,63;04B9,-1507,56,-1480,10,109,0,63
retail_frame=852 camera=-1651,20,-1463,145,240,0 player=-1551,0,-1507,0,96,4,23 wingmate=-8079,0,-8035,0,96,0,23 rival=293,-1304,2473,17,111,0,70 projectiles=076E,49,-1096,1936,17,111,0,63;072F,-949,-385,-225,16,111,0,63;04B9,-1507,56,-1480,10,109,0,63
retail_frame=856 camera=-1666,20,-1479,141,72,0 player=-1565,0,-1521,0,96,3,23 wingmate=-8093,0,-8049,0,96,0,23 rival=293,-1304,2473,16,111,0,70 projectiles=076E,49,-1096,1936,17,111,0,63;072F,-1094,-264,-545,15,111,0,63;04B9,-1611,112,-1688,10,109,0,63
retail_frame=860 camera=-1680,20,-1496,127,180,0 player=-1579,0,-1535,0,96,3,23 wingmate=-8107,0,-8063,0,96,0,23 rival=197,-1200,2245,16,111,0,70 projectiles=076E,-195,-899,1395,16,111,0,63;072F,-1352,-94,-1089,14,110,0,63;04B9,-1715,168,-1896,10,109,0,63
retail_frame=864 camera=-1680,20,-1496,127,180,0 player=-1593,0,-1549,0,96,2,23 wingmate=-54,29,-107,0,96,2,23 rival=101,-1096,2017,16,111,0,70 projectiles=076E,-446,-711,854,15,111,0,63;072F,-1456,-30,-1297,10,109,0,63;04B9,-1819,224,-2104,10,109,0,63
retail_frame=868 camera=-1695,20,-1513,120,10,0 player=-1607,0,-1563,0,96,2,23 wingmate=-1525,2,-1481,0,96,2,23 rival=5,-1000,1785,15,111,0,70 projectiles=076E,-697,-527,317,15,110,0,63;072F,-1560,26,-1505,10,109,0,63;04B9,-1923,280,-2312,10,109,0,63
retail_frame=872 camera=-1710,20,-1530,116,85,0 player=-1607,0,-1563,0,96,2,23 wingmate=-54,29,-107,0,96,0,23 rival=-135,-860,1457,15,111,0,100 projectiles=076E,-955,-354,-225,14,110,0,63;072F,-1664,82,-1713,10,109,0,63;04B9,-2027,336,-2520,10,109,0,63
retail_frame=876 camera=-1724,20,-1547,114,162,0 player=-1621,0,-1577,0,96,1,23 wingmate=-8149,0,-8105,0,96,0,23 rival=-291,-692,1145,18,109,251,100 projectiles=076E,-1216,-191,-768,13,110,0,63;072F,-1768,138,-1921,10,109,0,63;04B9,-2131,392,-2728,10,109,0,63
retail_frame=880 camera=-1739,20,-1563,105,233,0 player=-1635,0,-1591,0,96,0,23 wingmate=-53,32,-106,0,96,0,23 rival=-459,-508,849,20,107,247,100 projectiles=076E,-1320,-123,-972,11,109,0,63;072F,-1872,194,-2129,10,109,0,63;04B9,-2235,448,-2936,10,109,0,63
retail_frame=884 camera=-1753,20,-1580,101,44,0 player=-1649,0,-1605,0,96,255,23 wingmate=-53,32,-106,0,96,0,23 rival=-631,-308,569,22,105,244,100 projectiles=076E,-1424,-59,-1180,11,109,0,63;072F,-1976,250,-2337,10,109,0,63;04B9,-2339,504,-3144,10,109,0,63
retail_frame=888 camera=-1767,20,-1597,99,110,0 player=-1663,0,-1619,0,96,254,23 wingmate=-56,23,-107,0,96,0,23 rival=-815,-92,309,24,103,241,100 projectiles=076E,-1528,5,-1388,8,108,0,63;072F,-2080,306,-2545,10,109,0,63;04B9,-2443,560,-3352,10,109,0,63
retail_frame=892 camera=-1781,20,-1614,90,175,0 player=-1677,0,-1633,0,96,254,23 wingmate=-56,23,-107,0,96,0,23 rival=-1003,140,61,26,101,238,100 projectiles=076E,-1640,49,-1600,8,108,0,63;072F,-2184,362,-2753,10,109,0,63;04B9,-2547,616,-3560,10,109,0,63
retail_frame=896 camera=-1795,20,-1631,85,231,0 player=-1691,0,-1647,0,96,253,23 wingmate=-56,23,-107,0,96,0,23 rival=-1203,380,-171,27,99,236,100 projectiles=076E,-1752,93,-1812,8,108,0,63;072F,-2288,418,-2961,10,109,0,63;04B9,-2651,672,-3768,10,109,0,63
retail_frame=900 camera=-1810,20,-1647,83,35,0 player=-1705,0,-1661,0,96,253,23 wingmate=-8233,0,-8189,0,96,0,23 rival=-1407,628,-387,28,97,234,100 projectiles=076E,-1864,137,-2024,8,108,0,63;072F,-2392,474,-3169,10,109,0,63;04B9,-2755,728,-3976,10,109,0,63
retail_frame=904 camera=-1823,20,-1663,82,97,0 player=-1719,0,-1675,0,96,252,23 wingmate=-8247,0,-8203,0,96,0,23 rival=-1619,884,-587,29,95,232,100 projectiles=076E,-1976,181,-2236,8,108,0,63;072F,-2496,530,-3377,10,109,0,63;04B9,-2859,784,-4184,10,109,0,63
retail_frame=908 camera=-1837,20,-1680,81,144,0 player=-1733,0,-1689,0,96,252,23 wingmate=-8261,0,-8217,0,96,0,23 rival=-1839,1148,-775,30,93,230,100 projectiles=076E,-2088,225,-2448,8,108,0,63;072F,-2600,586,-3585,10,109,0,63;04B9,-2963,840,-4392,10,109,0,63
retail_frame=912 camera=-1851,20,-1697,73,192,0 player=-1747,0,-1703,0,96,252,23 wingmate=-8275,0,-8231,0,96,0,23 rival=-2059,1416,-943,31,91,229,100 projectiles=076E,-2200,269,-2660,8,108,0,63;072F,-2704,642,-3793,10,109,0,63;04B9,-3067,896,-4600,10,109,0,63
retail_frame=916 camera=-1865,20,-1714,69,232,0 player=-1761,0,-1717,0,96,252,23 wingmate=-8289,0,-8245,0,96,0,23 rival=-2279,1692,-1099,32,89,228,100 projectiles=076E,-2312,313,-2872,8,108,0,63;072F,-2808,698,-4001,10,109,0,63;04B9,-3171,952,-4808,10,109,0,63
retail_frame=920 camera=-1879,20,-1731,67,28,0 player=-1775,0,-1731,0,96,253,23 wingmate=-8303,0,-8259,0,96,0,23 rival=-2503,1976,-1239,33,87,227,100 projectiles=076E,-2424,357,-3084,8,108,0,63;072F,-2912,754,-4209,10,109,0,63;04B9,-3171,952,-4808,10,109,0,63
retail_frame=924 camera=-1892,20,-1747,66,70,0 player=-1789,0,-1745,0,96,253,23 wingmate=-8317,0,-8273,0,96,0,23 rival=-2763,2192,-1423,24,89,235,100 projectiles=076E,-2536,401,-3296,8,108,0,63;072F,-3016,810,-4417,10,109,0,63
retail_frame=928 camera=-1906,20,-1764,65,115,0 player=-1803,0,-1759,0,96,254,23 wingmate=-8331,0,-8287,0,96,254,23 rival=-3047,2340,-1639,16,91,242,100 projectiles=076E,-2648,445,-3508,8,108,0,63;072F,-3120,866,-4625,10,109,0,63
retail_frame=932 camera=-1749,-4,-1705,0,0,0 player=-1831,0,-1787,0,96,255,23 wingmate=-1749,-4,-1705,0,96,255,23 rival=-3335,2424,-1883,9,93,248,100 projectiles=076E,-2760,489,-3720,8,108,0,63;072F,-3224,922,-4833,10,109,0,63
retail_frame=936 camera=-1946,20,-1815,51,234,0 player=-1845,0,-1801,0,96,0,23 wingmate=-8373,0,-8329,0,96,0,23 rival=-3611,2452,-2143,3,95,254,100 projectiles=076E,-2872,533,-3932,8,108,0,63
retail_frame=940 camera=-1959,20,-1831,50,13,0 player=-1859,0,-1815,0,96,1,23 wingmate=-8387,0,-8343,0,96,0,23 rival=-4119,2380,-2711,250,99,7,100 projectiles=076E,-2984,577,-4144,8,108,0,63
retail_frame=944 camera=-1972,20,-1848,49,46,0 player=-1873,0,-1829,0,96,2,23 wingmate=-8401,0,-8357,0,96,0,23 rival=-4347,2288,-3007,246,101,11,100 projectiles=076E,-3096,621,-4356,8,108,0,63
retail_frame=948 camera=-1985,20,-1865,48,87,0 player=-1887,0,-1843,0,96,2,23 wingmate=-8415,0,-8371,0,96,0,23 rival=-4559,2168,-3307,243,103,14,100 projectiles=076E,-3320,709,-4780,8,108,0,63
retail_frame=952 camera=-1998,20,-1882,48,123,0 player=-1901,0,-1857,0,96,3,23 wingmate=-8429,0,-8385,0,96,0,23 rival=-4747,2020,-3607,240,105,17,100 projectiles=076E,-3432,753,-4992,8,108,0,63
